[0.052s] Invoking command in '/home/suxin/English_Path/test111/autonomous_navigation_environment_ego/build/local_pcl_map_provider': CMAKE_PREFIX_PATH=/opt/ros/foxy /usr/bin/cmake /home/suxin/English_Path/test111/autonomous_navigation_environment_ego/src/ego_planner_ros2/src/uav_simulator/local_pcl_map_provider -DAMENT_CMAKE_SYMLINK_INSTALL=1 -DCMAKE_INSTALL_PREFIX=/home/suxin/English_Path/test111/autonomous_navigation_environment_ego/install/local_pcl_map_provider
[0.286s] -- The C compiler identification is GNU 9.4.0
[0.286s] -- The CXX compiler identification is GNU 9.4.0
[0.286s] -- Check for working C compiler: /usr/bin/cc
[0.286s] -- Check for working C compiler: /usr/bin/cc -- works
[0.286s] -- Detecting C compiler ABI info
[0.333s] -- Detecting C compiler ABI info - done
[0.345s] -- Detecting C compile features
[0.346s] -- Detecting C compile features - done
[0.352s] -- Check for working CXX compiler: /usr/bin/c++
[0.440s] -- Check for working CXX compiler: /usr/bin/c++ -- works
[0.441s] -- Detecting CXX compiler ABI info
[0.520s] -- Detecting CXX compiler ABI info - done
[0.534s] -- Detecting CXX compile features
[0.535s] -- Detecting CXX compile features - done
[0.537s] -- Found ament_cmake: 0.9.12 (/opt/ros/foxy/share/ament_cmake/cmake)
[0.560s] -- Found PythonInterp: /usr/bin/python3 (found suitable version "3.8.10", minimum required is "3") 
[0.560s] -- Using PYTHON_EXECUTABLE: /usr/bin/python3
[0.724s] -- Override CMake install command with custom implementation using symlinks instead of copying resources
[0.743s] -- Found rclcpp: 2.4.3 (/opt/ros/foxy/share/rclcpp/cmake)
[0.782s] -- Using all available rosidl_typesupport_c: rosidl_typesupport_fastrtps_c;rosidl_typesupport_introspection_c
[0.788s] -- Found rosidl_adapter: 1.3.1 (/opt/ros/foxy/share/rosidl_adapter/cmake)
[0.861s] -- Found OpenSSL: /usr/lib/x86_64-linux-gnu/libcrypto.so (found version "1.1.1f")  
[0.893s] -- Found FastRTPS: /opt/ros/foxy/include  
[0.974s] -- Using all available rosidl_typesupport_cpp: rosidl_typesupport_fastrtps_cpp;rosidl_typesupport_introspection_cpp
[1.038s] -- Found rmw_implementation_cmake: 1.0.4 (/opt/ros/foxy/share/rmw_implementation_cmake/cmake)
[1.039s] -- Using RMW implementation 'rmw_fastrtps_cpp' as default
[1.040s] -- Looking for pthread.h
[1.105s] -- Looking for pthread.h - found
[1.105s] -- Performing Test CMAKE_HAVE_LIBC_PTHREAD
[1.179s] -- Performing Test CMAKE_HAVE_LIBC_PTHREAD - Failed
[1.179s] -- Looking for pthread_create in pthreads
[1.233s] -- Looking for pthread_create in pthreads - not found
[1.234s] -- Looking for pthread_create in pthread
[1.299s] -- Looking for pthread_create in pthread - found
[1.299s] -- Found Threads: TRUE  
[1.438s] -- Found sensor_msgs: 2.0.5 (/opt/ros/foxy/share/sensor_msgs/cmake)
[1.585s] -- Checking for module 'eigen3'
[1.595s] --   Found eigen3, version 3.3.7
[1.623s] -- Found Eigen: /usr/include/eigen3 (Required is at least version "3.1") 
[1.623s] -- Eigen found (include: /usr/include/eigen3, version: 3.3.7)
[1.664s] -- Found Boost: /usr/include (found suitable version "1.71.0", minimum required is "1.55.0") found components: system filesystem date_time iostreams regex 
[1.680s] -- Checking for module 'flann'
[1.694s] --   Found flann, version 1.9.1
[1.729s] -- Found FLANN: /usr/lib/x86_64-linux-gnu/libflann_cpp.so  
[1.797s] -- The imported target "vtkParseOGLExt" references the file
[1.798s]    "/usr/bin/vtkParseOGLExt-7.1"
[1.798s] but this file does not exist.  Possible reasons include:
[1.798s] * The file was deleted, renamed, or moved to another location.
[1.798s] * An install or uninstall procedure did not complete successfully.
[1.798s] * The installation package was faulty and contained
[1.798s]    "/usr/lib/cmake/vtk-7.1/VTKTargets.cmake"
[1.798s] but not all the files it references.
[1.798s] 
[1.799s] -- The imported target "vtkRenderingPythonTkWidgets" references the file
[1.799s]    "/usr/lib/x86_64-linux-gnu/libvtkRenderingPythonTkWidgets.so"
[1.799s] but this file does not exist.  Possible reasons include:
[1.799s] * The file was deleted, renamed, or moved to another location.
[1.799s] * An install or uninstall procedure did not complete successfully.
[1.799s] * The installation package was faulty and contained
[1.799s]    "/usr/lib/cmake/vtk-7.1/VTKTargets.cmake"
[1.799s] but not all the files it references.
[1.799s] 
[1.799s] -- The imported target "vtk" references the file
[1.799s]    "/usr/bin/vtk"
[1.799s] but this file does not exist.  Possible reasons include:
[1.800s] * The file was deleted, renamed, or moved to another location.
[1.800s] * An install or uninstall procedure did not complete successfully.
[1.800s] * The installation package was faulty and contained
[1.800s]    "/usr/lib/cmake/vtk-7.1/VTKTargets.cmake"
[1.800s] but not all the files it references.
[1.800s] 
[1.800s] -- The imported target "pvtk" references the file
[1.800s]    "/usr/bin/pvtk"
[1.800s] but this file does not exist.  Possible reasons include:
[1.800s] * The file was deleted, renamed, or moved to another location.
[1.800s] * An install or uninstall procedure did not complete successfully.
[1.800s] * The installation package was faulty and contained
[1.800s]    "/usr/lib/cmake/vtk-7.1/VTKTargets.cmake"
[1.800s] but not all the files it references.
[1.800s] 
[1.820s] -- Checking for module 'libusb-1.0'
[1.832s] --   Found libusb-1.0, version 1.0.23
[1.870s] -- Found USB_10: /usr/lib/x86_64-linux-gnu/libusb-1.0.so  
[1.925s] -- Found OpenNI: /usr/lib/libOpenNI.so  
[1.925s] -- OpenNI found (include: /usr/include/ni, lib: /usr/lib/libOpenNI.so)
[1.981s] -- Found OpenNI2: /usr/lib/libOpenNI2.so  
[1.982s] -- OpenNI2 found (include: /usr/include/openni2, lib: /usr/lib/libOpenNI2.so)
[1.982s] ** WARNING ** io features related to pcap will be disabled
[1.982s] ** WARNING ** io features related to png will be disabled
[1.996s] -- Found libusb-1.0: /usr/include  
[1.996s] ** WARNING ** io features related to libusb-1.0 will be disabled
[2.002s] -- OpenNI found (include: /usr/include/ni, lib: /usr/lib/libOpenNI.so)
[2.009s] -- OpenNI2 found (include: /usr/include/openni2, lib: /usr/lib/libOpenNI2.so)
[2.052s] -- Found Qhull: optimized;/usr/lib/x86_64-linux-gnu/libqhull.so;debug;/usr/lib/x86_64-linux-gnu/libqhull.so  
[2.052s] -- QHULL found (include: /usr/include, lib: optimized;/usr/lib/x86_64-linux-gnu/libqhull.so;debug;/usr/lib/x86_64-linux-gnu/libqhull.so)
[2.052s] -- OpenNI found (include: /usr/include/ni, lib: /usr/lib/libOpenNI.so)
[2.061s] -- looking for PCL_COMMON
[2.062s] -- Found PCL_COMMON: /usr/lib/x86_64-linux-gnu/libpcl_common.so  
[2.063s] -- looking for PCL_KDTREE
[2.064s] -- Found PCL_KDTREE: /usr/lib/x86_64-linux-gnu/libpcl_kdtree.so  
[2.064s] -- looking for PCL_OCTREE
[2.065s] -- Found PCL_OCTREE: /usr/lib/x86_64-linux-gnu/libpcl_octree.so  
[2.066s] -- looking for PCL_SEARCH
[2.066s] -- Found PCL_SEARCH: /usr/lib/x86_64-linux-gnu/libpcl_search.so  
[2.067s] -- looking for PCL_SAMPLE_CONSENSUS
[2.068s] -- Found PCL_SAMPLE_CONSENSUS: /usr/lib/x86_64-linux-gnu/libpcl_sample_consensus.so  
[2.068s] -- looking for PCL_FILTERS
[2.069s] -- Found PCL_FILTERS: /usr/lib/x86_64-linux-gnu/libpcl_filters.so  
[2.069s] -- looking for PCL_2D
[2.070s] -- Found PCL_2D: /usr/include/pcl-1.10  
[2.070s] -- looking for PCL_GEOMETRY
[2.070s] -- Found PCL_GEOMETRY: /usr/include/pcl-1.10  
[2.070s] -- looking for PCL_IO
[2.071s] -- Found PCL_IO: /usr/lib/x86_64-linux-gnu/libpcl_io.so  
[2.072s] -- looking for PCL_FEATURES
[2.073s] -- Found PCL_FEATURES: /usr/lib/x86_64-linux-gnu/libpcl_features.so  
[2.073s] -- looking for PCL_ML
[2.074s] -- Found PCL_ML: /usr/lib/x86_64-linux-gnu/libpcl_ml.so  
[2.074s] -- looking for PCL_SEGMENTATION
[2.075s] -- Found PCL_SEGMENTATION: /usr/lib/x86_64-linux-gnu/libpcl_segmentation.so  
[2.076s] -- looking for PCL_VISUALIZATION
[2.076s] -- Found PCL_VISUALIZATION: /usr/lib/x86_64-linux-gnu/libpcl_visualization.so  
[2.077s] -- looking for PCL_SURFACE
[2.077s] -- Found PCL_SURFACE: /usr/lib/x86_64-linux-gnu/libpcl_surface.so  
[2.078s] -- looking for PCL_REGISTRATION
[2.079s] -- Found PCL_REGISTRATION: /usr/lib/x86_64-linux-gnu/libpcl_registration.so  
[2.079s] -- looking for PCL_KEYPOINTS
[2.080s] -- Found PCL_KEYPOINTS: /usr/lib/x86_64-linux-gnu/libpcl_keypoints.so  
[2.080s] -- looking for PCL_TRACKING
[2.081s] -- Found PCL_TRACKING: /usr/lib/x86_64-linux-gnu/libpcl_tracking.so  
[2.081s] -- looking for PCL_RECOGNITION
[2.082s] -- Found PCL_RECOGNITION: /usr/lib/x86_64-linux-gnu/libpcl_recognition.so  
[2.083s] -- looking for PCL_STEREO
[2.084s] -- Found PCL_STEREO: /usr/lib/x86_64-linux-gnu/libpcl_stereo.so  
[2.084s] -- looking for PCL_APPS
[2.085s] -- Found PCL_APPS: /usr/lib/x86_64-linux-gnu/libpcl_apps.so  
[2.086s] -- looking for PCL_IN_HAND_SCANNER
[2.086s] -- Found PCL_IN_HAND_SCANNER: /usr/include/pcl-1.10  
[2.086s] -- looking for PCL_POINT_CLOUD_EDITOR
[2.087s] -- Found PCL_POINT_CLOUD_EDITOR: /usr/include/pcl-1.10  
[2.087s] -- looking for PCL_OUTOFCORE
[2.088s] -- Found PCL_OUTOFCORE: /usr/lib/x86_64-linux-gnu/libpcl_outofcore.so  
[2.088s] -- looking for PCL_PEOPLE
[2.089s] -- Found PCL_PEOPLE: /usr/lib/x86_64-linux-gnu/libpcl_people.so  
[2.090s] -- Found PCL: pcl_common;pcl_kdtree;pcl_octree;pcl_search;pcl_sample_consensus;pcl_filters;pcl_io;pcl_features;pcl_ml;pcl_segmentation;pcl_visualization;pcl_surface;pcl_registration;pcl_keypoints;pcl_tracking;pcl_recognition;pcl_stereo;pcl_apps;pcl_outofcore;pcl_people;/usr/lib/x86_64-linux-gnu/libboost_system.so;/usr/lib/x86_64-linux-gnu/libboost_filesystem.so;/usr/lib/x86_64-linux-gnu/libboost_date_time.so;/usr/lib/x86_64-linux-gnu/libboost_iostreams.so;/usr/lib/x86_64-linux-gnu/libboost_regex.so;optimized;/usr/lib/x86_64-linux-gnu/libqhull.so;debug;/usr/lib/x86_64-linux-gnu/libqhull.so;/usr/lib/libOpenNI.so;/usr/lib/libOpenNI2.so;vtkChartsCore;vtkCommonColor;vtkCommonCore;vtksys;vtkCommonDataModel;vtkCommonMath;vtkCommonMisc;vtkCommonSystem;vtkCommonTransforms;vtkCommonExecutionModel;vtkFiltersGeneral;vtkCommonComputationalGeometry;vtkFiltersCore;vtkInfovisCore;vtkFiltersExtraction;vtkFiltersStatistics;vtkImagingFourier;vtkImagingCore;vtkalglib;vtkRenderingContext2D;vtkRenderingCore;vtkFiltersGeometry;vtkFiltersSources;vtkRenderingFreeType;/usr/lib/x86_64-linux-gnu/libfreetype.so;/usr/lib/x86_64-linux-gnu/libz.so;vtkFiltersModeling;vtkImagingSources;vtkInteractionStyle;vtkInteractionWidgets;vtkFiltersHybrid;vtkImagingColor;vtkImagingGeneral;vtkImagingHybrid;vtkIOImage;vtkDICOMParser;vtkmetaio;/usr/lib/x86_64-linux-gnu/libjpeg.so;/usr/lib/x86_64-linux-gnu/libpng.so;/usr/lib/x86_64-linux-gnu/libtiff.so;vtkRenderingAnnotation;vtkRenderingVolume;vtkIOXML;vtkIOCore;vtkIOXMLParser;/usr/lib/x86_64-linux-gnu/libexpat.so;vtkIOGeometry;vtkIOLegacy;vtkIOPLY;vtkRenderingLOD;vtkViewsContext2D;vtkViewsCore;vtkRenderingContextOpenGL2;vtkRenderingOpenGL2;FLANN::FLANN  
[2.091s] -- Found nav_msgs: 2.0.5 (/opt/ros/foxy/share/nav_msgs/cmake)
[2.185s] -- Found ament_lint_auto: 0.9.8 (/opt/ros/foxy/share/ament_lint_auto/cmake)
[2.250s] -- Added test 'copyright' to check source files copyright and LICENSE
[2.251s] -- Added test 'cppcheck' to perform static code analysis on C / C++ code
[2.252s] -- Configured cppcheck include dirs: /home/suxin/English_Path/test111/autonomous_navigation_environment_ego/src/ego_planner_ros2/src/uav_simulator/local_pcl_map_provider/include
[2.252s] -- Configured cppcheck exclude dirs and/or files: 
[2.253s] -- Added test 'cpplint' to check C / C++ code against the Google style
[2.253s] -- Configured cpplint exclude dirs and/or files: 
[2.254s] -- Added test 'flake8' to check Python code syntax and style conventions
[2.254s] -- Added test 'lint_cmake' to check CMake code style
[2.255s] -- Added test 'pep257' to check Python code against some of the style conventions in PEP 257
[2.256s] -- Added test 'uncrustify' to check C / C++ code style
[2.256s] -- Configured uncrustify additional arguments: 
[2.256s] -- Added test 'xmllint' to check XML markup files
[2.260s] -- Configuring done
[2.301s] -- Generating done
[2.303s] -- Build files have been written to: /home/suxin/English_Path/test111/autonomous_navigation_environment_ego/build/local_pcl_map_provider
[2.353s] Invoked command in '/home/suxin/English_Path/test111/autonomous_navigation_environment_ego/build/local_pcl_map_provider' returned '0': CMAKE_PREFIX_PATH=/opt/ros/foxy /usr/bin/cmake /home/suxin/English_Path/test111/autonomous_navigation_environment_ego/src/ego_planner_ros2/src/uav_simulator/local_pcl_map_provider -DAMENT_CMAKE_SYMLINK_INSTALL=1 -DCMAKE_INSTALL_PREFIX=/home/suxin/English_Path/test111/autonomous_navigation_environment_ego/install/local_pcl_map_provider
[2.359s] Invoking command in '/home/suxin/English_Path/test111/autonomous_navigation_environment_ego/build/local_pcl_map_provider': CMAKE_PREFIX_PATH=/opt/ros/foxy /usr/bin/cmake --build /home/suxin/English_Path/test111/autonomous_navigation_environment_ego/build/local_pcl_map_provider -- -j20 -l20
[2.425s] [35m[1mScanning dependencies of target local_pcl_map_provider[0m
[2.522s] [ 50%] [32mBuilding CXX object CMakeFiles/local_pcl_map_provider.dir/src/local_pcl_map_provider.cpp.o[0m
[33.577s] [100%] [32m[1mLinking CXX executable local_pcl_map_provider[0m
[34.491s] [100%] Built target local_pcl_map_provider
[34.527s] Invoked command in '/home/suxin/English_Path/test111/autonomous_navigation_environment_ego/build/local_pcl_map_provider' returned '0': CMAKE_PREFIX_PATH=/opt/ros/foxy /usr/bin/cmake --build /home/suxin/English_Path/test111/autonomous_navigation_environment_ego/build/local_pcl_map_provider -- -j20 -l20
[34.550s] Invoking command in '/home/suxin/English_Path/test111/autonomous_navigation_environment_ego/build/local_pcl_map_provider': CMAKE_PREFIX_PATH=/opt/ros/foxy /usr/bin/cmake --install /home/suxin/English_Path/test111/autonomous_navigation_environment_ego/build/local_pcl_map_provider
[36.371s] -- Install configuration: "Release"
[36.372s] -- Execute custom install script
[36.374s] -- Symlinking: /home/suxin/English_Path/test111/autonomous_navigation_environment_ego/install/local_pcl_map_provider/lib/local_pcl_map_provider/local_pcl_map_provider
[36.374s] -- Symlinking: /home/suxin/English_Path/test111/autonomous_navigation_environment_ego/install/local_pcl_map_provider/share/local_pcl_map_provider/launch/local_pcl_map_provider.launch.py
[36.374s] -- Symlinking: /home/suxin/English_Path/test111/autonomous_navigation_environment_ego/install/local_pcl_map_provider/share/local_pcl_map_provider//config/local_pcl_map_provider.yaml
[36.375s] -- Symlinking: /home/suxin/English_Path/test111/autonomous_navigation_environment_ego/install/local_pcl_map_provider/share/ament_index/resource_index/package_run_dependencies/local_pcl_map_provider
[36.376s] -- Symlinking: /home/suxin/English_Path/test111/autonomous_navigation_environment_ego/install/local_pcl_map_provider/share/ament_index/resource_index/parent_prefix_path/local_pcl_map_provider
[36.376s] -- Symlinking: /home/suxin/English_Path/test111/autonomous_navigation_environment_ego/install/local_pcl_map_provider/share/local_pcl_map_provider/environment/ament_prefix_path.sh
[36.376s] -- Symlinking: /home/suxin/English_Path/test111/autonomous_navigation_environment_ego/install/local_pcl_map_provider/share/local_pcl_map_provider/environment/ament_prefix_path.dsv
[36.376s] -- Symlinking: /home/suxin/English_Path/test111/autonomous_navigation_environment_ego/install/local_pcl_map_provider/share/local_pcl_map_provider/environment/path.sh
[36.376s] -- Symlinking: /home/suxin/English_Path/test111/autonomous_navigation_environment_ego/install/local_pcl_map_provider/share/local_pcl_map_provider/environment/path.dsv
[36.377s] -- Symlinking: /home/suxin/English_Path/test111/autonomous_navigation_environment_ego/install/local_pcl_map_provider/share/local_pcl_map_provider/local_setup.bash
[36.377s] -- Symlinking: /home/suxin/English_Path/test111/autonomous_navigation_environment_ego/install/local_pcl_map_provider/share/local_pcl_map_provider/local_setup.sh
[36.377s] -- Symlinking: /home/suxin/English_Path/test111/autonomous_navigation_environment_ego/install/local_pcl_map_provider/share/local_pcl_map_provider/local_setup.zsh
[36.377s] -- Symlinking: /home/suxin/English_Path/test111/autonomous_navigation_environment_ego/install/local_pcl_map_provider/share/local_pcl_map_provider/local_setup.dsv
[36.377s] -- Symlinking: /home/suxin/English_Path/test111/autonomous_navigation_environment_ego/install/local_pcl_map_provider/share/local_pcl_map_provider/package.dsv
[36.377s] -- Symlinking: /home/suxin/English_Path/test111/autonomous_navigation_environment_ego/install/local_pcl_map_provider/share/ament_index/resource_index/packages/local_pcl_map_provider
[36.377s] -- Symlinking: /home/suxin/English_Path/test111/autonomous_navigation_environment_ego/install/local_pcl_map_provider/share/local_pcl_map_provider/cmake/local_pcl_map_providerConfig.cmake
[36.377s] -- Symlinking: /home/suxin/English_Path/test111/autonomous_navigation_environment_ego/install/local_pcl_map_provider/share/local_pcl_map_provider/cmake/local_pcl_map_providerConfig-version.cmake
[36.377s] -- Symlinking: /home/suxin/English_Path/test111/autonomous_navigation_environment_ego/install/local_pcl_map_provider/share/local_pcl_map_provider/package.xml
[36.382s] Invoked command in '/home/suxin/English_Path/test111/autonomous_navigation_environment_ego/build/local_pcl_map_provider' returned '0': CMAKE_PREFIX_PATH=/opt/ros/foxy /usr/bin/cmake --install /home/suxin/English_Path/test111/autonomous_navigation_environment_ego/build/local_pcl_map_provider
