[100%] Built target odom_visualization
-- Install configuration: "Release"
-- Execute custom install script
-- Up-to-date symlink: /home/suxin/English_Path/test111/autonomous_navigation_environment_ego/install/odom_visualization/lib/odom_visualization/odom_visualization
-- Up-to-date symlink: /home/suxin/English_Path/test111/autonomous_navigation_environment_ego/install/odom_visualization/share/odom_visualization//meshes/hummingbird.mesh
-- Up-to-date symlink: /home/suxin/English_Path/test111/autonomous_navigation_environment_ego/install/odom_visualization/share/ament_index/resource_index/package_run_dependencies/odom_visualization
-- Up-to-date symlink: /home/suxin/English_Path/test111/autonomous_navigation_environment_ego/install/odom_visualization/share/ament_index/resource_index/parent_prefix_path/odom_visualization
-- Up-to-date symlink: /home/suxin/English_Path/test111/autonomous_navigation_environment_ego/install/odom_visualization/share/odom_visualization/environment/ament_prefix_path.sh
-- Up-to-date symlink: /home/suxin/English_Path/test111/autonomous_navigation_environment_ego/install/odom_visualization/share/odom_visualization/environment/ament_prefix_path.dsv
-- Up-to-date symlink: /home/suxin/English_Path/test111/autonomous_navigation_environment_ego/install/odom_visualization/share/odom_visualization/environment/path.sh
-- Up-to-date symlink: /home/suxin/English_Path/test111/autonomous_navigation_environment_ego/install/odom_visualization/share/odom_visualization/environment/path.dsv
-- Up-to-date symlink: /home/suxin/English_Path/test111/autonomous_navigation_environment_ego/install/odom_visualization/share/odom_visualization/local_setup.bash
-- Up-to-date symlink: /home/suxin/English_Path/test111/autonomous_navigation_environment_ego/install/odom_visualization/share/odom_visualization/local_setup.sh
-- Up-to-date symlink: /home/suxin/English_Path/test111/autonomous_navigation_environment_ego/install/odom_visualization/share/odom_visualization/local_setup.zsh
-- Up-to-date symlink: /home/suxin/English_Path/test111/autonomous_navigation_environment_ego/install/odom_visualization/share/odom_visualization/local_setup.dsv
-- Symlinking: /home/suxin/English_Path/test111/autonomous_navigation_environment_ego/install/odom_visualization/share/odom_visualization/package.dsv
-- Up-to-date symlink: /home/suxin/English_Path/test111/autonomous_navigation_environment_ego/install/odom_visualization/share/ament_index/resource_index/packages/odom_visualization
-- Up-to-date symlink: /home/suxin/English_Path/test111/autonomous_navigation_environment_ego/install/odom_visualization/share/odom_visualization/cmake/odom_visualizationConfig.cmake
-- Up-to-date symlink: /home/suxin/English_Path/test111/autonomous_navigation_environment_ego/install/odom_visualization/share/odom_visualization/cmake/odom_visualizationConfig-version.cmake
-- Up-to-date symlink: /home/suxin/English_Path/test111/autonomous_navigation_environment_ego/install/odom_visualization/share/odom_visualization/package.xml
