[0.067s] Invoking command in '/home/suxin/English_Path/test111/autonomous_navigation_environment_ego/build/odom_visualization': AMENT_PREFIX_PATH=/home/suxin/English_Path/test111/autonomous_navigation_environment_ego/install/quadrotor_msgs:${AMENT_PREFIX_PATH} CMAKE_PREFIX_PATH=/home/suxin/English_Path/test111/autonomous_navigation_environment_ego/install/quadrotor_msgs:/opt/ros/foxy LD_LIBRARY_PATH=/home/suxin/English_Path/test111/autonomous_navigation_environment_ego/install/quadrotor_msgs/lib:${LD_LIBRARY_PATH} PYTHONPATH=/home/suxin/English_Path/test111/autonomous_navigation_environment_ego/install/quadrotor_msgs/lib/python3.8/site-packages:${PYTHONPATH} /usr/bin/cmake --build /home/suxin/English_Path/test111/autonomous_navigation_environment_ego/build/odom_visualization -- -j20 -l20
[0.106s] [100%] Built target odom_visualization
[0.114s] Invoked command in '/home/suxin/English_Path/test111/autonomous_navigation_environment_ego/build/odom_visualization' returned '0': AMENT_PREFIX_PATH=/home/suxin/English_Path/test111/autonomous_navigation_environment_ego/install/quadrotor_msgs:${AMENT_PREFIX_PATH} CMAKE_PREFIX_PATH=/home/suxin/English_Path/test111/autonomous_navigation_environment_ego/install/quadrotor_msgs:/opt/ros/foxy LD_LIBRARY_PATH=/home/suxin/English_Path/test111/autonomous_navigation_environment_ego/install/quadrotor_msgs/lib:${LD_LIBRARY_PATH} PYTHONPATH=/home/suxin/English_Path/test111/autonomous_navigation_environment_ego/install/quadrotor_msgs/lib/python3.8/site-packages:${PYTHONPATH} /usr/bin/cmake --build /home/suxin/English_Path/test111/autonomous_navigation_environment_ego/build/odom_visualization -- -j20 -l20
[0.135s] Invoking command in '/home/suxin/English_Path/test111/autonomous_navigation_environment_ego/build/odom_visualization': AMENT_PREFIX_PATH=/home/suxin/English_Path/test111/autonomous_navigation_environment_ego/install/quadrotor_msgs:${AMENT_PREFIX_PATH} CMAKE_PREFIX_PATH=/home/suxin/English_Path/test111/autonomous_navigation_environment_ego/install/quadrotor_msgs:/opt/ros/foxy LD_LIBRARY_PATH=/home/suxin/English_Path/test111/autonomous_navigation_environment_ego/install/quadrotor_msgs/lib:${LD_LIBRARY_PATH} PYTHONPATH=/home/suxin/English_Path/test111/autonomous_navigation_environment_ego/install/quadrotor_msgs/lib/python3.8/site-packages:${PYTHONPATH} /usr/bin/cmake --install /home/suxin/English_Path/test111/autonomous_navigation_environment_ego/build/odom_visualization
[0.140s] -- Install configuration: "Release"
[0.141s] -- Execute custom install script
[0.141s] -- Up-to-date symlink: /home/suxin/English_Path/test111/autonomous_navigation_environment_ego/install/odom_visualization/lib/odom_visualization/odom_visualization
[0.141s] -- Up-to-date symlink: /home/suxin/English_Path/test111/autonomous_navigation_environment_ego/install/odom_visualization/share/odom_visualization//meshes/hummingbird.mesh
[0.143s] -- Up-to-date symlink: /home/suxin/English_Path/test111/autonomous_navigation_environment_ego/install/odom_visualization/share/ament_index/resource_index/package_run_dependencies/odom_visualization
[0.144s] -- Up-to-date symlink: /home/suxin/English_Path/test111/autonomous_navigation_environment_ego/install/odom_visualization/share/ament_index/resource_index/parent_prefix_path/odom_visualization
[0.144s] -- Up-to-date symlink: /home/suxin/English_Path/test111/autonomous_navigation_environment_ego/install/odom_visualization/share/odom_visualization/environment/ament_prefix_path.sh
[0.146s] -- Up-to-date symlink: /home/suxin/English_Path/test111/autonomous_navigation_environment_ego/install/odom_visualization/share/odom_visualization/environment/ament_prefix_path.dsv
[0.149s] -- Up-to-date symlink: /home/suxin/English_Path/test111/autonomous_navigation_environment_ego/install/odom_visualization/share/odom_visualization/environment/path.sh
[0.149s] -- Up-to-date symlink: /home/suxin/English_Path/test111/autonomous_navigation_environment_ego/install/odom_visualization/share/odom_visualization/environment/path.dsv
[0.150s] -- Up-to-date symlink: /home/suxin/English_Path/test111/autonomous_navigation_environment_ego/install/odom_visualization/share/odom_visualization/local_setup.bash
[0.150s] -- Up-to-date symlink: /home/suxin/English_Path/test111/autonomous_navigation_environment_ego/install/odom_visualization/share/odom_visualization/local_setup.sh
[0.151s] -- Up-to-date symlink: /home/suxin/English_Path/test111/autonomous_navigation_environment_ego/install/odom_visualization/share/odom_visualization/local_setup.zsh
[0.151s] -- Up-to-date symlink: /home/suxin/English_Path/test111/autonomous_navigation_environment_ego/install/odom_visualization/share/odom_visualization/local_setup.dsv
[0.151s] -- Symlinking: /home/suxin/English_Path/test111/autonomous_navigation_environment_ego/install/odom_visualization/share/odom_visualization/package.dsv
[0.157s] -- Up-to-date symlink: /home/suxin/English_Path/test111/autonomous_navigation_environment_ego/install/odom_visualization/share/ament_index/resource_index/packages/odom_visualization
[0.159s] -- Up-to-date symlink: /home/suxin/English_Path/test111/autonomous_navigation_environment_ego/install/odom_visualization/share/odom_visualization/cmake/odom_visualizationConfig.cmake
[0.159s] -- Up-to-date symlink: /home/suxin/English_Path/test111/autonomous_navigation_environment_ego/install/odom_visualization/share/odom_visualization/cmake/odom_visualizationConfig-version.cmake
[0.159s] -- Up-to-date symlink: /home/suxin/English_Path/test111/autonomous_navigation_environment_ego/install/odom_visualization/share/odom_visualization/package.xml
[0.166s] Invoked command in '/home/suxin/English_Path/test111/autonomous_navigation_environment_ego/build/odom_visualization' returned '0': AMENT_PREFIX_PATH=/home/suxin/English_Path/test111/autonomous_navigation_environment_ego/install/quadrotor_msgs:${AMENT_PREFIX_PATH} CMAKE_PREFIX_PATH=/home/suxin/English_Path/test111/autonomous_navigation_environment_ego/install/quadrotor_msgs:/opt/ros/foxy LD_LIBRARY_PATH=/home/suxin/English_Path/test111/autonomous_navigation_environment_ego/install/quadrotor_msgs/lib:${LD_LIBRARY_PATH} PYTHONPATH=/home/suxin/English_Path/test111/autonomous_navigation_environment_ego/install/quadrotor_msgs/lib/python3.8/site-packages:${PYTHONPATH} /usr/bin/cmake --install /home/suxin/English_Path/test111/autonomous_navigation_environment_ego/build/odom_visualization
