[0.050s] Invoking command in '/home/suxin/English_Path/test111/autonomous_navigation_environment_ego/build/plan_env': CMAKE_PREFIX_PATH=/opt/ros/foxy /usr/bin/cmake /home/suxin/English_Path/test111/autonomous_navigation_environment_ego/src/ego_planner_ros2/src/planner/plan_env -DAMENT_CMAKE_SYMLINK_INSTALL=1 -DCMAKE_INSTALL_PREFIX=/home/suxin/English_Path/test111/autonomous_navigation_environment_ego/install/plan_env
[0.291s] -- The C compiler identification is GNU 9.4.0
[0.292s] -- The CXX compiler identification is GNU 9.4.0
[0.292s] -- Check for working C compiler: /usr/bin/cc
[0.292s] -- Check for working C compiler: /usr/bin/cc -- works
[0.293s] -- Detecting C compiler ABI info
[0.330s] -- Detecting C compiler ABI info - done
[0.343s] -- Detecting C compile features
[0.344s] -- Detecting C compile features - done
[0.346s] -- Check for working CXX compiler: /usr/bin/c++
[0.438s] -- Check for working CXX compiler: /usr/bin/c++ -- works
[0.440s] -- Detecting CXX compiler ABI info
[0.522s] -- Detecting CXX compiler ABI info - done
[0.534s] -- Detecting CXX compile features
[0.535s] -- Detecting CXX compile features - done
[0.550s] -- Found OpenCV: /usr (found version "4.2.0") 
[0.551s] -- Found ament_cmake: 0.9.12 (/opt/ros/foxy/share/ament_cmake/cmake)
[0.576s] -- Found PythonInterp: /usr/bin/python3 (found suitable version "3.8.10", minimum required is "3") 
[0.576s] -- Using PYTHON_EXECUTABLE: /usr/bin/python3
[0.740s] -- Override CMake install command with custom implementation using symlinks instead of copying resources
[0.776s] -- Found rclcpp: 2.4.3 (/opt/ros/foxy/share/rclcpp/cmake)
[0.820s] -- Using all available rosidl_typesupport_c: rosidl_typesupport_fastrtps_c;rosidl_typesupport_introspection_c
[0.825s] -- Found rosidl_adapter: 1.3.1 (/opt/ros/foxy/share/rosidl_adapter/cmake)
[0.899s] -- Found OpenSSL: /usr/lib/x86_64-linux-gnu/libcrypto.so (found version "1.1.1f")  
[0.929s] -- Found FastRTPS: /opt/ros/foxy/include  
[1.002s] -- Using all available rosidl_typesupport_cpp: rosidl_typesupport_fastrtps_cpp;rosidl_typesupport_introspection_cpp
[1.063s] -- Found rmw_implementation_cmake: 1.0.4 (/opt/ros/foxy/share/rmw_implementation_cmake/cmake)
[1.064s] -- Using RMW implementation 'rmw_fastrtps_cpp' as default
[1.065s] -- Looking for pthread.h
[1.133s] -- Looking for pthread.h - found
[1.133s] -- Performing Test CMAKE_HAVE_LIBC_PTHREAD
[1.210s] -- Performing Test CMAKE_HAVE_LIBC_PTHREAD - Failed
[1.210s] -- Looking for pthread_create in pthreads
[1.269s] -- Looking for pthread_create in pthreads - not found
[1.269s] -- Looking for pthread_create in pthread
[1.333s] -- Looking for pthread_create in pthread - found
[1.334s] -- Found Threads: TRUE  
[1.504s] -- Found visualization_msgs: 2.0.5 (/opt/ros/foxy/share/visualization_msgs/cmake)
[1.640s] -- Found cv_bridge: 3.0.7 (/opt/ros/foxy/share/cv_bridge/cmake)
[1.720s] -- Found message_filters: 3.2.7 (/opt/ros/foxy/share/message_filters/cmake)
[1.723s] -- Found nav_msgs: 2.0.5 (/opt/ros/foxy/share/nav_msgs/cmake)
[1.811s] -- Checking for module 'eigen3'
[1.825s] --   Found eigen3, version 3.3.7
[1.859s] -- Found Eigen: /usr/include/eigen3 (Required is at least version "3.1") 
[1.859s] -- Eigen found (include: /usr/include/eigen3, version: 3.3.7)
[1.905s] -- Found Boost: /usr/include (found suitable version "1.71.0", minimum required is "1.55.0") found components: system filesystem date_time iostreams regex 
[1.921s] -- Checking for module 'flann'
[1.938s] --   Found flann, version 1.9.1
[1.977s] -- Found FLANN: /usr/lib/x86_64-linux-gnu/libflann_cpp.so  
[2.045s] -- The imported target "vtkParseOGLExt" references the file
[2.045s]    "/usr/bin/vtkParseOGLExt-7.1"
[2.045s] but this file does not exist.  Possible reasons include:
[2.045s] * The file was deleted, renamed, or moved to another location.
[2.045s] * An install or uninstall procedure did not complete successfully.
[2.045s] * The installation package was faulty and contained
[2.045s]    "/usr/lib/cmake/vtk-7.1/VTKTargets.cmake"
[2.045s] but not all the files it references.
[2.045s] 
[2.056s] -- The imported target "vtkRenderingPythonTkWidgets" references the file
[2.056s]    "/usr/lib/x86_64-linux-gnu/libvtkRenderingPythonTkWidgets.so"
[2.056s] but this file does not exist.  Possible reasons include:
[2.056s] * The file was deleted, renamed, or moved to another location.
[2.057s] * An install or uninstall procedure did not complete successfully.
[2.057s] * The installation package was faulty and contained
[2.057s]    "/usr/lib/cmake/vtk-7.1/VTKTargets.cmake"
[2.057s] but not all the files it references.
[2.057s] 
[2.058s] -- The imported target "vtk" references the file
[2.058s]    "/usr/bin/vtk"
[2.058s] but this file does not exist.  Possible reasons include:
[2.058s] * The file was deleted, renamed, or moved to another location.
[2.058s] * An install or uninstall procedure did not complete successfully.
[2.058s] * The installation package was faulty and contained
[2.058s]    "/usr/lib/cmake/vtk-7.1/VTKTargets.cmake"
[2.058s] but not all the files it references.
[2.058s] 
[2.058s] -- The imported target "pvtk" references the file
[2.058s]    "/usr/bin/pvtk"
[2.058s] but this file does not exist.  Possible reasons include:
[2.058s] * The file was deleted, renamed, or moved to another location.
[2.058s] * An install or uninstall procedure did not complete successfully.
[2.058s] * The installation package was faulty and contained
[2.058s]    "/usr/lib/cmake/vtk-7.1/VTKTargets.cmake"
[2.058s] but not all the files it references.
[2.058s] 
[2.069s] -- Checking for module 'libusb-1.0'
[2.085s] --   Found libusb-1.0, version 1.0.23
[2.128s] -- Found USB_10: /usr/lib/x86_64-linux-gnu/libusb-1.0.so  
[2.192s] -- Found OpenNI: /usr/lib/libOpenNI.so  
[2.192s] -- OpenNI found (include: /usr/include/ni, lib: /usr/lib/libOpenNI.so)
[2.246s] -- Found OpenNI2: /usr/lib/libOpenNI2.so  
[2.246s] -- OpenNI2 found (include: /usr/include/openni2, lib: /usr/lib/libOpenNI2.so)
[2.247s] ** WARNING ** io features related to pcap will be disabled
[2.247s] ** WARNING ** io features related to png will be disabled
[2.259s] -- Found libusb-1.0: /usr/include  
[2.259s] ** WARNING ** io features related to libusb-1.0 will be disabled
[2.265s] -- OpenNI found (include: /usr/include/ni, lib: /usr/lib/libOpenNI.so)
[2.270s] -- OpenNI2 found (include: /usr/include/openni2, lib: /usr/lib/libOpenNI2.so)
[2.299s] -- Found Qhull: optimized;/usr/lib/x86_64-linux-gnu/libqhull.so;debug;/usr/lib/x86_64-linux-gnu/libqhull.so  
[2.299s] -- QHULL found (include: /usr/include, lib: optimized;/usr/lib/x86_64-linux-gnu/libqhull.so;debug;/usr/lib/x86_64-linux-gnu/libqhull.so)
[2.306s] -- OpenNI found (include: /usr/include/ni, lib: /usr/lib/libOpenNI.so)
[2.328s] -- looking for PCL_COMMON
[2.329s] -- Found PCL_COMMON: /usr/lib/x86_64-linux-gnu/libpcl_common.so  
[2.329s] -- looking for PCL_KDTREE
[2.329s] -- Found PCL_KDTREE: /usr/lib/x86_64-linux-gnu/libpcl_kdtree.so  
[2.329s] -- looking for PCL_OCTREE
[2.329s] -- Found PCL_OCTREE: /usr/lib/x86_64-linux-gnu/libpcl_octree.so  
[2.329s] -- looking for PCL_SEARCH
[2.333s] -- Found PCL_SEARCH: /usr/lib/x86_64-linux-gnu/libpcl_search.so  
[2.333s] -- looking for PCL_SAMPLE_CONSENSUS
[2.333s] -- Found PCL_SAMPLE_CONSENSUS: /usr/lib/x86_64-linux-gnu/libpcl_sample_consensus.so  
[2.333s] -- looking for PCL_FILTERS
[2.334s] -- Found PCL_FILTERS: /usr/lib/x86_64-linux-gnu/libpcl_filters.so  
[2.334s] -- looking for PCL_2D
[2.334s] -- Found PCL_2D: /usr/include/pcl-1.10  
[2.334s] -- looking for PCL_GEOMETRY
[2.334s] -- Found PCL_GEOMETRY: /usr/include/pcl-1.10  
[2.334s] -- looking for PCL_IO
[2.335s] -- Found PCL_IO: /usr/lib/x86_64-linux-gnu/libpcl_io.so  
[2.336s] -- looking for PCL_FEATURES
[2.337s] -- Found PCL_FEATURES: /usr/lib/x86_64-linux-gnu/libpcl_features.so  
[2.338s] -- looking for PCL_ML
[2.340s] -- Found PCL_ML: /usr/lib/x86_64-linux-gnu/libpcl_ml.so  
[2.340s] -- looking for PCL_SEGMENTATION
[2.342s] -- Found PCL_SEGMENTATION: /usr/lib/x86_64-linux-gnu/libpcl_segmentation.so  
[2.343s] -- looking for PCL_VISUALIZATION
[2.347s] -- Found PCL_VISUALIZATION: /usr/lib/x86_64-linux-gnu/libpcl_visualization.so  
[2.347s] -- looking for PCL_SURFACE
[2.347s] -- Found PCL_SURFACE: /usr/lib/x86_64-linux-gnu/libpcl_surface.so  
[2.347s] -- looking for PCL_REGISTRATION
[2.349s] -- Found PCL_REGISTRATION: /usr/lib/x86_64-linux-gnu/libpcl_registration.so  
[2.349s] -- looking for PCL_KEYPOINTS
[2.350s] -- Found PCL_KEYPOINTS: /usr/lib/x86_64-linux-gnu/libpcl_keypoints.so  
[2.350s] -- looking for PCL_TRACKING
[2.352s] -- Found PCL_TRACKING: /usr/lib/x86_64-linux-gnu/libpcl_tracking.so  
[2.352s] -- looking for PCL_RECOGNITION
[2.357s] -- Found PCL_RECOGNITION: /usr/lib/x86_64-linux-gnu/libpcl_recognition.so  
[2.357s] -- looking for PCL_STEREO
[2.357s] -- Found PCL_STEREO: /usr/lib/x86_64-linux-gnu/libpcl_stereo.so  
[2.357s] -- looking for PCL_APPS
[2.357s] -- Found PCL_APPS: /usr/lib/x86_64-linux-gnu/libpcl_apps.so  
[2.358s] -- looking for PCL_IN_HAND_SCANNER
[2.359s] -- Found PCL_IN_HAND_SCANNER: /usr/include/pcl-1.10  
[2.359s] -- looking for PCL_POINT_CLOUD_EDITOR
[2.360s] -- Found PCL_POINT_CLOUD_EDITOR: /usr/include/pcl-1.10  
[2.360s] -- looking for PCL_OUTOFCORE
[2.361s] -- Found PCL_OUTOFCORE: /usr/lib/x86_64-linux-gnu/libpcl_outofcore.so  
[2.361s] -- looking for PCL_PEOPLE
[2.363s] -- Found PCL_PEOPLE: /usr/lib/x86_64-linux-gnu/libpcl_people.so  
[2.368s] -- Found PCL: pcl_common;pcl_kdtree;pcl_octree;pcl_search;pcl_sample_consensus;pcl_filters;pcl_io;pcl_features;pcl_ml;pcl_segmentation;pcl_visualization;pcl_surface;pcl_registration;pcl_keypoints;pcl_tracking;pcl_recognition;pcl_stereo;pcl_apps;pcl_outofcore;pcl_people;/usr/lib/x86_64-linux-gnu/libboost_system.so;/usr/lib/x86_64-linux-gnu/libboost_filesystem.so;/usr/lib/x86_64-linux-gnu/libboost_date_time.so;/usr/lib/x86_64-linux-gnu/libboost_iostreams.so;/usr/lib/x86_64-linux-gnu/libboost_regex.so;optimized;/usr/lib/x86_64-linux-gnu/libqhull.so;debug;/usr/lib/x86_64-linux-gnu/libqhull.so;/usr/lib/libOpenNI.so;/usr/lib/libOpenNI2.so;vtkChartsCore;vtkCommonColor;vtkCommonCore;vtksys;vtkCommonDataModel;vtkCommonMath;vtkCommonMisc;vtkCommonSystem;vtkCommonTransforms;vtkCommonExecutionModel;vtkFiltersGeneral;vtkCommonComputationalGeometry;vtkFiltersCore;vtkInfovisCore;vtkFiltersExtraction;vtkFiltersStatistics;vtkImagingFourier;vtkImagingCore;vtkalglib;vtkRenderingContext2D;vtkRenderingCore;vtkFiltersGeometry;vtkFiltersSources;vtkRenderingFreeType;/usr/lib/x86_64-linux-gnu/libfreetype.so;/usr/lib/x86_64-linux-gnu/libz.so;vtkFiltersModeling;vtkImagingSources;vtkInteractionStyle;vtkInteractionWidgets;vtkFiltersHybrid;vtkImagingColor;vtkImagingGeneral;vtkImagingHybrid;vtkIOImage;vtkDICOMParser;vtkmetaio;/usr/lib/x86_64-linux-gnu/libjpeg.so;/usr/lib/x86_64-linux-gnu/libpng.so;/usr/lib/x86_64-linux-gnu/libtiff.so;vtkRenderingAnnotation;vtkRenderingVolume;vtkIOXML;vtkIOCore;vtkIOXMLParser;/usr/lib/x86_64-linux-gnu/libexpat.so;vtkIOGeometry;vtkIOLegacy;vtkIOPLY;vtkRenderingLOD;vtkViewsContext2D;vtkViewsCore;vtkRenderingContextOpenGL2;vtkRenderingOpenGL2;FLANN::FLANN (Required is at least version "1.7") 
[2.384s] -- Found ament_lint_auto: 0.9.8 (/opt/ros/foxy/share/ament_lint_auto/cmake)
[2.469s] -- Added test 'copyright' to check source files copyright and LICENSE
[2.469s] -- Added test 'cppcheck' to perform static code analysis on C / C++ code
[2.471s] -- Configured cppcheck include dirs: /home/suxin/English_Path/test111/autonomous_navigation_environment_ego/src/ego_planner_ros2/src/planner/plan_env/include
[2.471s] -- Configured cppcheck exclude dirs and/or files: 
[2.474s] -- Added test 'cpplint' to check C / C++ code against the Google style
[2.474s] -- Configured cpplint exclude dirs and/or files: 
[2.475s] -- Added test 'lint_cmake' to check CMake code style
[2.476s] -- Added test 'uncrustify' to check C / C++ code style
[2.476s] -- Configured uncrustify additional arguments: 
[2.476s] -- Added test 'xmllint' to check XML markup files
[2.480s] -- Configuring done
[2.561s] -- Generating done
[2.563s] -- Build files have been written to: /home/suxin/English_Path/test111/autonomous_navigation_environment_ego/build/plan_env
[2.586s] Invoked command in '/home/suxin/English_Path/test111/autonomous_navigation_environment_ego/build/plan_env' returned '0': CMAKE_PREFIX_PATH=/opt/ros/foxy /usr/bin/cmake /home/suxin/English_Path/test111/autonomous_navigation_environment_ego/src/ego_planner_ros2/src/planner/plan_env -DAMENT_CMAKE_SYMLINK_INSTALL=1 -DCMAKE_INSTALL_PREFIX=/home/suxin/English_Path/test111/autonomous_navigation_environment_ego/install/plan_env
[2.587s] Invoking command in '/home/suxin/English_Path/test111/autonomous_navigation_environment_ego/build/plan_env': CMAKE_PREFIX_PATH=/opt/ros/foxy /usr/bin/cmake --build /home/suxin/English_Path/test111/autonomous_navigation_environment_ego/build/plan_env -- -j20 -l20
[3.376s] [35m[1mScanning dependencies of target obj_generator[0m
[3.376s] [35m[1mScanning dependencies of target plan_env[0m
[3.376s] [ 16%] [32mBuilding CXX object CMakeFiles/obj_generator.dir/src/obj_generator.cpp.o[0m
[3.376s] [ 33%] [32mBuilding CXX object CMakeFiles/plan_env.dir/src/grid_map.cpp.o[0m
[3.377s] [ 50%] [32mBuilding CXX object CMakeFiles/plan_env.dir/src/raycast.cpp.o[0m
[3.377s] [ 66%] [32mBuilding CXX object CMakeFiles/plan_env.dir/src/obj_predictor.cpp.o[0m
[7.704s] [01m[K/home/suxin/English_Path/test111/autonomous_navigation_environment_ego/src/ego_planner_ros2/src/planner/plan_env/src/obj_predictor.cpp:[m[K In member function ‘[01m[Kvoid fast_planner::ObjHistory::poseCallback(geometry_msgs::msg::PoseStamped_<std::allocator<void> >::SharedPtr)[m[K’:
[7.704s] [01m[K/home/suxin/English_Path/test111/autonomous_navigation_environment_ego/src/ego_planner_ros2/src/planner/plan_env/src/obj_predictor.cpp:57:23:[m[K [01;35m[Kwarning: [m[Kcomparison of integer expressions of different signedness: ‘[01m[Kstd::__cxx11::list<Eigen::Matrix<double, 4, 1> >::size_type[m[K’ {aka ‘[01m[Klong unsigned int[m[K’} and ‘[01m[Kint[m[K’ [[01;35m[K-Wsign-compare[m[K]
[7.704s]    57 |   if ([01;35m[Khistory_.size() > queue_size_[m[K) history_.pop_front();
[7.704s]       |       [01;35m[K~~~~~~~~~~~~~~~~^~~~~~~~~~~~~[m[K
[12.341s] [01m[K/home/suxin/English_Path/test111/autonomous_navigation_environment_ego/src/ego_planner_ros2/src/planner/plan_env/src/grid_map.cpp:[m[K In member function ‘[01m[Kvoid GridMap::initMap(std::shared_ptr<rclcpp::Node>&)[m[K’:
[12.343s] [01m[K/home/suxin/English_Path/test111/autonomous_navigation_environment_ego/src/ego_planner_ros2/src/planner/plan_env/src/grid_map.cpp:124:23:[m[K [01;35m[Kwarning: [m[Kcomparison of integer expressions of different signedness: ‘[01m[Kint[m[K’ and ‘[01m[Kstd::vector<boost::shared_ptr<pcl::PointCloud<pcl::PointXYZ> > >::size_type[m[K’ {aka ‘[01m[Klong unsigned int[m[K’} [[01;35m[K-Wsign-compare[m[K]
[12.343s]   124 |     for (int i = 0; [01;35m[Ki < pointCloudVector.size()[m[K; i++)
[12.343s]       |                     [01;35m[K~~^~~~~~~~~~~~~~~~~~~~~~~~~[m[K
[13.258s] [01m[K/home/suxin/English_Path/test111/autonomous_navigation_environment_ego/src/ego_planner_ros2/src/planner/plan_env/src/grid_map.cpp:[m[K In member function ‘[01m[Kvoid GridMap::cloudCallback_lidar(sensor_msgs::msg::PointCloud2_<std::allocator<void> >::SharedPtr)[m[K’:
[13.258s] [01m[K/home/suxin/English_Path/test111/autonomous_navigation_environment_ego/src/ego_planner_ros2/src/planner/plan_env/src/grid_map.cpp:864:16:[m[K [01;35m[Kwarning: [m[Kcomparison of integer expressions of different signedness: ‘[01m[Kint[m[K’ and ‘[01m[Kstd::vector<boost::shared_ptr<pcl::PointCloud<pcl::PointXYZ> > >::size_type[m[K’ {aka ‘[01m[Klong unsigned int[m[K’} [[01;35m[K-Wsign-compare[m[K]
[13.258s]   864 |   for(int i=0;[01;35m[Ki<pointCloudVector.size()[m[K;i++)
[13.258s]       |               [01;35m[K~^~~~~~~~~~~~~~~~~~~~~~~~[m[K
[13.259s] [01m[K/home/suxin/English_Path/test111/autonomous_navigation_environment_ego/src/ego_planner_ros2/src/planner/plan_env/src/grid_map.cpp:[m[K In member function ‘[01m[Kvoid GridMap::cloudCallback(sensor_msgs::msg::PointCloud2_<std::allocator<void> >::SharedPtr)[m[K’:
[13.260s] [01m[K/home/suxin/English_Path/test111/autonomous_navigation_environment_ego/src/ego_planner_ros2/src/planner/plan_env/src/grid_map.cpp:927:16:[m[K [01;35m[Kwarning: [m[Kcomparison of integer expressions of different signedness: ‘[01m[Kint[m[K’ and ‘[01m[Kstd::vector<boost::shared_ptr<pcl::PointCloud<pcl::PointXYZ> > >::size_type[m[K’ {aka ‘[01m[Klong unsigned int[m[K’} [[01;35m[K-Wsign-compare[m[K]
[13.260s]   927 |   for(int i=0;[01;35m[Ki<pointCloudVector.size()[m[K;i++)
[13.260s]       |               [01;35m[K~^~~~~~~~~~~~~~~~~~~~~~~~[m[K
[39.866s] [ 83%] [32m[1mLinking CXX executable obj_generator[0m
[40.102s] [ 83%] Built target obj_generator
[67.500s] [100%] [32m[1mLinking CXX shared library libplan_env.so[0m
[68.428s] [100%] Built target plan_env
[68.455s] Invoked command in '/home/suxin/English_Path/test111/autonomous_navigation_environment_ego/build/plan_env' returned '0': CMAKE_PREFIX_PATH=/opt/ros/foxy /usr/bin/cmake --build /home/suxin/English_Path/test111/autonomous_navigation_environment_ego/build/plan_env -- -j20 -l20
[68.472s] Invoking command in '/home/suxin/English_Path/test111/autonomous_navigation_environment_ego/build/plan_env': CMAKE_PREFIX_PATH=/opt/ros/foxy /usr/bin/cmake --install /home/suxin/English_Path/test111/autonomous_navigation_environment_ego/build/plan_env
[68.476s] -- Install configuration: "Release"
[68.477s] -- Execute custom install script
[68.477s] -- Symlinking: /home/suxin/English_Path/test111/autonomous_navigation_environment_ego/install/plan_env/lib/plan_env/libplan_env.so
[68.482s] -- Symlinking: /home/suxin/English_Path/test111/autonomous_navigation_environment_ego/install/plan_env/lib/plan_env/obj_generator
[68.487s] -- Symlinking: /home/suxin/English_Path/test111/autonomous_navigation_environment_ego/install/plan_env/share/ament_index/resource_index/package_run_dependencies/plan_env
[68.492s] -- Symlinking: /home/suxin/English_Path/test111/autonomous_navigation_environment_ego/install/plan_env/share/ament_index/resource_index/parent_prefix_path/plan_env
[68.496s] -- Symlinking: /home/suxin/English_Path/test111/autonomous_navigation_environment_ego/install/plan_env/share/plan_env/environment/ament_prefix_path.sh
[68.501s] -- Symlinking: /home/suxin/English_Path/test111/autonomous_navigation_environment_ego/install/plan_env/share/plan_env/environment/ament_prefix_path.dsv
[68.506s] -- Symlinking: /home/suxin/English_Path/test111/autonomous_navigation_environment_ego/install/plan_env/share/plan_env/environment/path.sh
[68.510s] -- Symlinking: /home/suxin/English_Path/test111/autonomous_navigation_environment_ego/install/plan_env/share/plan_env/environment/path.dsv
[68.515s] -- Symlinking: /home/suxin/English_Path/test111/autonomous_navigation_environment_ego/install/plan_env/share/plan_env/local_setup.bash
[68.520s] -- Symlinking: /home/suxin/English_Path/test111/autonomous_navigation_environment_ego/install/plan_env/share/plan_env/local_setup.sh
[68.524s] -- Symlinking: /home/suxin/English_Path/test111/autonomous_navigation_environment_ego/install/plan_env/share/plan_env/local_setup.zsh
[68.529s] -- Symlinking: /home/suxin/English_Path/test111/autonomous_navigation_environment_ego/install/plan_env/share/plan_env/local_setup.dsv
[68.534s] -- Symlinking: /home/suxin/English_Path/test111/autonomous_navigation_environment_ego/install/plan_env/share/plan_env/package.dsv
[68.539s] -- Symlinking: /home/suxin/English_Path/test111/autonomous_navigation_environment_ego/install/plan_env/share/ament_index/resource_index/packages/plan_env
[68.543s] -- Symlinking: /home/suxin/English_Path/test111/autonomous_navigation_environment_ego/install/plan_env/share/plan_env/cmake/plan_envConfig.cmake
[68.548s] -- Symlinking: /home/suxin/English_Path/test111/autonomous_navigation_environment_ego/install/plan_env/share/plan_env/cmake/plan_envConfig-version.cmake
[68.552s] -- Symlinking: /home/suxin/English_Path/test111/autonomous_navigation_environment_ego/install/plan_env/share/plan_env/package.xml
[68.558s] Invoked command in '/home/suxin/English_Path/test111/autonomous_navigation_environment_ego/build/plan_env' returned '0': CMAKE_PREFIX_PATH=/opt/ros/foxy /usr/bin/cmake --install /home/suxin/English_Path/test111/autonomous_navigation_environment_ego/build/plan_env
