[0.015s] Invoking command in '/home/suxin/English_Path/test111/autonomous_navigation_environment_ego/build/ego_planner': AMENT_PREFIX_PATH=/home/suxin/English_Path/test111/autonomous_navigation_environment_ego/install/traj_utils_so:/home/suxin/English_Path/test111/autonomous_navigation_environment_ego/install/traj_utils:/home/suxin/English_Path/test111/autonomous_navigation_environment_ego/install/quadrotor_msgs:/home/suxin/English_Path/test111/autonomous_navigation_environment_ego/install/plan_env:/home/suxin/English_Path/test111/autonomous_navigation_environment_ego/install/bspline_opt:${AMENT_PREFIX_PATH} CMAKE_PREFIX_PATH=/home/suxin/English_Path/test111/autonomous_navigation_environment_ego/install/traj_utils_so:/home/suxin/English_Path/test111/autonomous_navigation_environment_ego/install/traj_utils:/home/suxin/English_Path/test111/autonomous_navigation_environment_ego/install/quadrotor_msgs:/home/suxin/English_Path/test111/autonomous_navigation_environment_ego/install/plan_env:/opt/ros/foxy:/home/suxin/English_Path/test111/autonomous_navigation_environment_ego/install/path_searching:/home/suxin/English_Path/test111/autonomous_navigation_environment_ego/install/bspline_opt LD_LIBRARY_PATH=/home/suxin/English_Path/test111/autonomous_navigation_environment_ego/install/traj_utils/lib:/home/suxin/English_Path/test111/autonomous_navigation_environment_ego/install/quadrotor_msgs/lib:${LD_LIBRARY_PATH} PKG_CONFIG_PATH=/home/suxin/English_Path/test111/autonomous_navigation_environment_ego/install/path_searching/lib/x86_64-linux-gnu/pkgconfig:/home/suxin/English_Path/test111/autonomous_navigation_environment_ego/install/path_searching/lib/pkgconfig PYTHONPATH=/home/suxin/English_Path/test111/autonomous_navigation_environment_ego/install/traj_utils/lib/python3.8/site-packages:/home/suxin/English_Path/test111/autonomous_navigation_environment_ego/install/quadrotor_msgs/lib/python3.8/site-packages:${PYTHONPATH} ROS_PACKAGE_PATH=/home/suxin/English_Path/test111/autonomous_navigation_environment_ego/install/path_searching/share /usr/bin/cmake /home/suxin/English_Path/test111/autonomous_navigation_environment_ego/src/ego_planner_ros2/src/planner/plan_manage -DAMENT_CMAKE_SYMLINK_INSTALL=1 -DCMAKE_INSTALL_PREFIX=/home/suxin/English_Path/test111/autonomous_navigation_environment_ego/install/ego_planner
[0.046s] -- The C compiler identification is GNU 9.4.0
[0.078s] -- The CXX compiler identification is GNU 9.4.0
[0.081s] -- Check for working C compiler: /usr/bin/cc
[0.123s] -- Check for working C compiler: /usr/bin/cc -- works
[0.124s] -- Detecting C compiler ABI info
[0.166s] -- Detecting C compiler ABI info - done
[0.177s] -- Detecting C compile features
[0.177s] -- Detecting C compile features - done
[0.179s] -- Check for working CXX compiler: /usr/bin/c++
[0.228s] -- Check for working CXX compiler: /usr/bin/c++ -- works
[0.229s] -- Detecting CXX compiler ABI info
[0.280s] -- Detecting CXX compiler ABI info - done
[0.290s] -- Detecting CXX compile features
[0.291s] -- Detecting CXX compile features - done
[0.293s] -- Found ament_cmake: 0.9.12 (/opt/ros/foxy/share/ament_cmake/cmake)
[0.311s] -- Found PythonInterp: /usr/bin/python3 (found suitable version "3.8.10", minimum required is "3") 
[0.311s] -- Using PYTHON_EXECUTABLE: /usr/bin/python3
[0.400s] -- Override CMake install command with custom implementation using symlinks instead of copying resources
[0.424s] -- Found rclcpp: 2.4.3 (/opt/ros/foxy/share/rclcpp/cmake)
[0.469s] -- Using all available rosidl_typesupport_c: rosidl_typesupport_fastrtps_c;rosidl_typesupport_introspection_c
[0.476s] -- Found rosidl_adapter: 1.3.1 (/opt/ros/foxy/share/rosidl_adapter/cmake)
[0.537s] -- Found OpenSSL: /usr/lib/x86_64-linux-gnu/libcrypto.so (found version "1.1.1f")  
[0.567s] -- Found FastRTPS: /opt/ros/foxy/include  
[0.640s] -- Using all available rosidl_typesupport_cpp: rosidl_typesupport_fastrtps_cpp;rosidl_typesupport_introspection_cpp
[0.700s] -- Found rmw_implementation_cmake: 1.0.4 (/opt/ros/foxy/share/rmw_implementation_cmake/cmake)
[0.701s] -- Using RMW implementation 'rmw_fastrtps_cpp' as default
[0.702s] -- Looking for pthread.h
[0.754s] -- Looking for pthread.h - found
[0.754s] -- Performing Test CMAKE_HAVE_LIBC_PTHREAD
[0.808s] -- Performing Test CMAKE_HAVE_LIBC_PTHREAD - Failed
[0.808s] -- Looking for pthread_create in pthreads
[0.849s] -- Looking for pthread_create in pthreads - not found
[0.849s] -- Looking for pthread_create in pthread
[0.901s] -- Looking for pthread_create in pthread - found
[0.902s] -- Found Threads: TRUE  
[1.071s] -- Found geometry_msgs: 2.0.5 (/opt/ros/foxy/share/geometry_msgs/cmake)
[1.109s] -- Found quadrotor_msgs: 0.0.0 (/home/suxin/English_Path/test111/autonomous_navigation_environment_ego/install/quadrotor_msgs/share/quadrotor_msgs/cmake)
[1.176s] -- Found traj_utils: 0.0.0 (/home/suxin/English_Path/test111/autonomous_navigation_environment_ego/install/traj_utils/share/traj_utils/cmake)
[1.248s] -- Found cv_bridge: 3.0.7 (/opt/ros/foxy/share/cv_bridge/cmake)
[1.363s] -- Found nav_msgs: 2.0.5 (/opt/ros/foxy/share/nav_msgs/cmake)
[1.457s] -- Checking for module 'eigen3'
[1.470s] --   Found eigen3, version 3.3.7
[1.497s] -- Found Eigen: /usr/include/eigen3 (Required is at least version "3.1") 
[1.497s] -- Eigen found (include: /usr/include/eigen3, version: 3.3.7)
[1.557s] -- Found Boost: /usr/include (found suitable version "1.71.0", minimum required is "1.55.0") found components: system filesystem date_time iostreams regex 
[1.575s] -- Checking for module 'flann'
[1.591s] --   Found flann, version 1.9.1
[1.625s] -- Found FLANN: /usr/lib/x86_64-linux-gnu/libflann_cpp.so  
[1.687s] -- The imported target "vtkParseOGLExt" references the file
[1.687s]    "/usr/bin/vtkParseOGLExt-7.1"
[1.687s] but this file does not exist.  Possible reasons include:
[1.687s] * The file was deleted, renamed, or moved to another location.
[1.687s] * An install or uninstall procedure did not complete successfully.
[1.687s] * The installation package was faulty and contained
[1.687s]    "/usr/lib/cmake/vtk-7.1/VTKTargets.cmake"
[1.687s] but not all the files it references.
[1.687s] 
[1.688s] -- The imported target "vtkRenderingPythonTkWidgets" references the file
[1.688s]    "/usr/lib/x86_64-linux-gnu/libvtkRenderingPythonTkWidgets.so"
[1.688s] but this file does not exist.  Possible reasons include:
[1.688s] * The file was deleted, renamed, or moved to another location.
[1.688s] * An install or uninstall procedure did not complete successfully.
[1.688s] * The installation package was faulty and contained
[1.688s]    "/usr/lib/cmake/vtk-7.1/VTKTargets.cmake"
[1.688s] but not all the files it references.
[1.688s] 
[1.688s] -- The imported target "vtk" references the file
[1.689s]    "/usr/bin/vtk"
[1.689s] but this file does not exist.  Possible reasons include:
[1.689s] * The file was deleted, renamed, or moved to another location.
[1.689s] * An install or uninstall procedure did not complete successfully.
[1.689s] * The installation package was faulty and contained
[1.689s]    "/usr/lib/cmake/vtk-7.1/VTKTargets.cmake"
[1.689s] but not all the files it references.
[1.689s] 
[1.689s] -- The imported target "pvtk" references the file
[1.689s]    "/usr/bin/pvtk"
[1.689s] but this file does not exist.  Possible reasons include:
[1.689s] * The file was deleted, renamed, or moved to another location.
[1.689s] * An install or uninstall procedure did not complete successfully.
[1.690s] * The installation package was faulty and contained
[1.690s]    "/usr/lib/cmake/vtk-7.1/VTKTargets.cmake"
[1.690s] but not all the files it references.
[1.690s] 
[1.708s] -- Checking for module 'libusb-1.0'
[1.722s] --   Found libusb-1.0, version 1.0.23
[1.754s] -- Found USB_10: /usr/lib/x86_64-linux-gnu/libusb-1.0.so  
[1.799s] -- Found OpenNI: /usr/lib/libOpenNI.so  
[1.800s] -- OpenNI found (include: /usr/include/ni, lib: /usr/lib/libOpenNI.so)
[1.855s] -- Found OpenNI2: /usr/lib/libOpenNI2.so  
[1.855s] -- OpenNI2 found (include: /usr/include/openni2, lib: /usr/lib/libOpenNI2.so)
[1.855s] ** WARNING ** io features related to pcap will be disabled
[1.855s] ** WARNING ** io features related to png will be disabled
[1.870s] -- Found libusb-1.0: /usr/include  
[1.870s] ** WARNING ** io features related to libusb-1.0 will be disabled
[1.876s] -- OpenNI found (include: /usr/include/ni, lib: /usr/lib/libOpenNI.so)
[1.883s] -- OpenNI2 found (include: /usr/include/openni2, lib: /usr/lib/libOpenNI2.so)
[1.914s] -- Found Qhull: optimized;/usr/lib/x86_64-linux-gnu/libqhull.so;debug;/usr/lib/x86_64-linux-gnu/libqhull.so  
[1.914s] -- QHULL found (include: /usr/include, lib: optimized;/usr/lib/x86_64-linux-gnu/libqhull.so;debug;/usr/lib/x86_64-linux-gnu/libqhull.so)
[1.920s] -- OpenNI found (include: /usr/include/ni, lib: /usr/lib/libOpenNI.so)
[1.933s] -- looking for PCL_COMMON
[1.934s] -- Found PCL_COMMON: /usr/lib/x86_64-linux-gnu/libpcl_common.so  
[1.934s] -- looking for PCL_KDTREE
[1.936s] -- Found PCL_KDTREE: /usr/lib/x86_64-linux-gnu/libpcl_kdtree.so  
[1.936s] -- looking for PCL_OCTREE
[1.937s] -- Found PCL_OCTREE: /usr/lib/x86_64-linux-gnu/libpcl_octree.so  
[1.937s] -- looking for PCL_SEARCH
[1.938s] -- Found PCL_SEARCH: /usr/lib/x86_64-linux-gnu/libpcl_search.so  
[1.938s] -- looking for PCL_SAMPLE_CONSENSUS
[1.940s] -- Found PCL_SAMPLE_CONSENSUS: /usr/lib/x86_64-linux-gnu/libpcl_sample_consensus.so  
[1.940s] -- looking for PCL_FILTERS
[1.941s] -- Found PCL_FILTERS: /usr/lib/x86_64-linux-gnu/libpcl_filters.so  
[1.941s] -- looking for PCL_2D
[1.941s] -- Found PCL_2D: /usr/include/pcl-1.10  
[1.942s] -- looking for PCL_GEOMETRY
[1.942s] -- Found PCL_GEOMETRY: /usr/include/pcl-1.10  
[1.942s] -- looking for PCL_IO
[1.943s] -- Found PCL_IO: /usr/lib/x86_64-linux-gnu/libpcl_io.so  
[1.944s] -- looking for PCL_FEATURES
[1.945s] -- Found PCL_FEATURES: /usr/lib/x86_64-linux-gnu/libpcl_features.so  
[1.945s] -- looking for PCL_ML
[1.946s] -- Found PCL_ML: /usr/lib/x86_64-linux-gnu/libpcl_ml.so  
[1.946s] -- looking for PCL_SEGMENTATION
[1.947s] -- Found PCL_SEGMENTATION: /usr/lib/x86_64-linux-gnu/libpcl_segmentation.so  
[1.948s] -- looking for PCL_VISUALIZATION
[1.949s] -- Found PCL_VISUALIZATION: /usr/lib/x86_64-linux-gnu/libpcl_visualization.so  
[1.949s] -- looking for PCL_SURFACE
[1.951s] -- Found PCL_SURFACE: /usr/lib/x86_64-linux-gnu/libpcl_surface.so  
[1.951s] -- looking for PCL_REGISTRATION
[1.952s] -- Found PCL_REGISTRATION: /usr/lib/x86_64-linux-gnu/libpcl_registration.so  
[1.952s] -- looking for PCL_KEYPOINTS
[1.953s] -- Found PCL_KEYPOINTS: /usr/lib/x86_64-linux-gnu/libpcl_keypoints.so  
[1.954s] -- looking for PCL_TRACKING
[1.955s] -- Found PCL_TRACKING: /usr/lib/x86_64-linux-gnu/libpcl_tracking.so  
[1.955s] -- looking for PCL_RECOGNITION
[1.956s] -- Found PCL_RECOGNITION: /usr/lib/x86_64-linux-gnu/libpcl_recognition.so  
[1.957s] -- looking for PCL_STEREO
[1.958s] -- Found PCL_STEREO: /usr/lib/x86_64-linux-gnu/libpcl_stereo.so  
[1.958s] -- looking for PCL_APPS
[1.959s] -- Found PCL_APPS: /usr/lib/x86_64-linux-gnu/libpcl_apps.so  
[1.960s] -- looking for PCL_IN_HAND_SCANNER
[1.960s] -- Found PCL_IN_HAND_SCANNER: /usr/include/pcl-1.10  
[1.960s] -- looking for PCL_POINT_CLOUD_EDITOR
[1.961s] -- Found PCL_POINT_CLOUD_EDITOR: /usr/include/pcl-1.10  
[1.961s] -- looking for PCL_OUTOFCORE
[1.962s] -- Found PCL_OUTOFCORE: /usr/lib/x86_64-linux-gnu/libpcl_outofcore.so  
[1.963s] -- looking for PCL_PEOPLE
[1.964s] -- Found PCL_PEOPLE: /usr/lib/x86_64-linux-gnu/libpcl_people.so  
[1.965s] -- Found PCL: pcl_common;pcl_kdtree;pcl_octree;pcl_search;pcl_sample_consensus;pcl_filters;pcl_io;pcl_features;pcl_ml;pcl_segmentation;pcl_visualization;pcl_surface;pcl_registration;pcl_keypoints;pcl_tracking;pcl_recognition;pcl_stereo;pcl_apps;pcl_outofcore;pcl_people;/usr/lib/x86_64-linux-gnu/libboost_system.so;/usr/lib/x86_64-linux-gnu/libboost_filesystem.so;/usr/lib/x86_64-linux-gnu/libboost_date_time.so;/usr/lib/x86_64-linux-gnu/libboost_iostreams.so;/usr/lib/x86_64-linux-gnu/libboost_regex.so;optimized;/usr/lib/x86_64-linux-gnu/libqhull.so;debug;/usr/lib/x86_64-linux-gnu/libqhull.so;/usr/lib/libOpenNI.so;/usr/lib/libOpenNI2.so;vtkChartsCore;vtkCommonColor;vtkCommonCore;vtksys;vtkCommonDataModel;vtkCommonMath;vtkCommonMisc;vtkCommonSystem;vtkCommonTransforms;vtkCommonExecutionModel;vtkFiltersGeneral;vtkCommonComputationalGeometry;vtkFiltersCore;vtkInfovisCore;vtkFiltersExtraction;vtkFiltersStatistics;vtkImagingFourier;vtkImagingCore;vtkalglib;vtkRenderingContext2D;vtkRenderingCore;vtkFiltersGeometry;vtkFiltersSources;vtkRenderingFreeType;/usr/lib/x86_64-linux-gnu/libfreetype.so;/usr/lib/x86_64-linux-gnu/libz.so;vtkFiltersModeling;vtkImagingSources;vtkInteractionStyle;vtkInteractionWidgets;vtkFiltersHybrid;vtkImagingColor;vtkImagingGeneral;vtkImagingHybrid;vtkIOImage;vtkDICOMParser;vtkmetaio;/usr/lib/x86_64-linux-gnu/libjpeg.so;/usr/lib/x86_64-linux-gnu/libpng.so;/usr/lib/x86_64-linux-gnu/libtiff.so;vtkRenderingAnnotation;vtkRenderingVolume;vtkIOXML;vtkIOCore;vtkIOXMLParser;/usr/lib/x86_64-linux-gnu/libexpat.so;vtkIOGeometry;vtkIOLegacy;vtkIOPLY;vtkRenderingLOD;vtkViewsContext2D;vtkViewsCore;vtkRenderingContextOpenGL2;vtkRenderingOpenGL2;FLANN::FLANN (Required is at least version "1.7") 
[1.987s] -- Found ament_lint_auto: 0.9.8 (/opt/ros/foxy/share/ament_lint_auto/cmake)
[2.053s] -- Added test 'copyright' to check source files copyright and LICENSE
[2.055s] -- Added test 'cppcheck' to perform static code analysis on C / C++ code
[2.057s] -- Configured cppcheck include dirs: /home/suxin/English_Path/test111/autonomous_navigation_environment_ego/src/ego_planner_ros2/src/planner/plan_manage/include
[2.057s] -- Configured cppcheck exclude dirs and/or files: 
[2.058s] -- Added test 'cpplint' to check C / C++ code against the Google style
[2.058s] -- Configured cpplint exclude dirs and/or files: 
[2.059s] -- Added test 'flake8' to check Python code syntax and style conventions
[2.060s] -- Added test 'lint_cmake' to check CMake code style
[2.060s] -- Added test 'pep257' to check Python code against some of the style conventions in PEP 257
[2.062s] -- Added test 'uncrustify' to check C / C++ code style
[2.062s] -- Configured uncrustify additional arguments: 
[2.062s] -- Added test 'xmllint' to check XML markup files
[2.066s] -- Configuring done
[2.125s] -- Generating done
[2.127s] -- Build files have been written to: /home/suxin/English_Path/test111/autonomous_navigation_environment_ego/build/ego_planner
[2.140s] Invoked command in '/home/suxin/English_Path/test111/autonomous_navigation_environment_ego/build/ego_planner' returned '0': AMENT_PREFIX_PATH=/home/suxin/English_Path/test111/autonomous_navigation_environment_ego/install/traj_utils_so:/home/suxin/English_Path/test111/autonomous_navigation_environment_ego/install/traj_utils:/home/suxin/English_Path/test111/autonomous_navigation_environment_ego/install/quadrotor_msgs:/home/suxin/English_Path/test111/autonomous_navigation_environment_ego/install/plan_env:/home/suxin/English_Path/test111/autonomous_navigation_environment_ego/install/bspline_opt:${AMENT_PREFIX_PATH} CMAKE_PREFIX_PATH=/home/suxin/English_Path/test111/autonomous_navigation_environment_ego/install/traj_utils_so:/home/suxin/English_Path/test111/autonomous_navigation_environment_ego/install/traj_utils:/home/suxin/English_Path/test111/autonomous_navigation_environment_ego/install/quadrotor_msgs:/home/suxin/English_Path/test111/autonomous_navigation_environment_ego/install/plan_env:/opt/ros/foxy:/home/suxin/English_Path/test111/autonomous_navigation_environment_ego/install/path_searching:/home/suxin/English_Path/test111/autonomous_navigation_environment_ego/install/bspline_opt LD_LIBRARY_PATH=/home/suxin/English_Path/test111/autonomous_navigation_environment_ego/install/traj_utils/lib:/home/suxin/English_Path/test111/autonomous_navigation_environment_ego/install/quadrotor_msgs/lib:${LD_LIBRARY_PATH} PKG_CONFIG_PATH=/home/suxin/English_Path/test111/autonomous_navigation_environment_ego/install/path_searching/lib/x86_64-linux-gnu/pkgconfig:/home/suxin/English_Path/test111/autonomous_navigation_environment_ego/install/path_searching/lib/pkgconfig PYTHONPATH=/home/suxin/English_Path/test111/autonomous_navigation_environment_ego/install/traj_utils/lib/python3.8/site-packages:/home/suxin/English_Path/test111/autonomous_navigation_environment_ego/install/quadrotor_msgs/lib/python3.8/site-packages:${PYTHONPATH} ROS_PACKAGE_PATH=/home/suxin/English_Path/test111/autonomous_navigation_environment_ego/install/path_searching/share /usr/bin/cmake /home/suxin/English_Path/test111/autonomous_navigation_environment_ego/src/ego_planner_ros2/src/planner/plan_manage -DAMENT_CMAKE_SYMLINK_INSTALL=1 -DCMAKE_INSTALL_PREFIX=/home/suxin/English_Path/test111/autonomous_navigation_environment_ego/install/ego_planner
[2.143s] Invoking command in '/home/suxin/English_Path/test111/autonomous_navigation_environment_ego/build/ego_planner': AMENT_PREFIX_PATH=/home/suxin/English_Path/test111/autonomous_navigation_environment_ego/install/traj_utils_so:/home/suxin/English_Path/test111/autonomous_navigation_environment_ego/install/traj_utils:/home/suxin/English_Path/test111/autonomous_navigation_environment_ego/install/quadrotor_msgs:/home/suxin/English_Path/test111/autonomous_navigation_environment_ego/install/plan_env:/home/suxin/English_Path/test111/autonomous_navigation_environment_ego/install/bspline_opt:${AMENT_PREFIX_PATH} CMAKE_PREFIX_PATH=/home/suxin/English_Path/test111/autonomous_navigation_environment_ego/install/traj_utils_so:/home/suxin/English_Path/test111/autonomous_navigation_environment_ego/install/traj_utils:/home/suxin/English_Path/test111/autonomous_navigation_environment_ego/install/quadrotor_msgs:/home/suxin/English_Path/test111/autonomous_navigation_environment_ego/install/plan_env:/opt/ros/foxy:/home/suxin/English_Path/test111/autonomous_navigation_environment_ego/install/path_searching:/home/suxin/English_Path/test111/autonomous_navigation_environment_ego/install/bspline_opt LD_LIBRARY_PATH=/home/suxin/English_Path/test111/autonomous_navigation_environment_ego/install/traj_utils/lib:/home/suxin/English_Path/test111/autonomous_navigation_environment_ego/install/quadrotor_msgs/lib:${LD_LIBRARY_PATH} PKG_CONFIG_PATH=/home/suxin/English_Path/test111/autonomous_navigation_environment_ego/install/path_searching/lib/x86_64-linux-gnu/pkgconfig:/home/suxin/English_Path/test111/autonomous_navigation_environment_ego/install/path_searching/lib/pkgconfig PYTHONPATH=/home/suxin/English_Path/test111/autonomous_navigation_environment_ego/install/traj_utils/lib/python3.8/site-packages:/home/suxin/English_Path/test111/autonomous_navigation_environment_ego/install/quadrotor_msgs/lib/python3.8/site-packages:${PYTHONPATH} ROS_PACKAGE_PATH=/home/suxin/English_Path/test111/autonomous_navigation_environment_ego/install/path_searching/share /usr/bin/cmake --build /home/suxin/English_Path/test111/autonomous_navigation_environment_ego/build/ego_planner -- -j20 -l20
[2.173s] [35m[1mScanning dependencies of target traj_server[0m
[2.177s] [35m[1mScanning dependencies of target ego_planner_node[0m
[2.228s] [ 16%] [32mBuilding CXX object CMakeFiles/traj_server.dir/src/traj_server.cpp.o[0m
[2.370s] [ 66%] [32mBuilding CXX object CMakeFiles/ego_planner_node.dir/src/ego_planner_node.cpp.o[0m
[2.370s] [ 66%] [32mBuilding CXX object CMakeFiles/ego_planner_node.dir/src/planner_manager.cpp.o[0m
[2.370s] [ 66%] [32mBuilding CXX object CMakeFiles/ego_planner_node.dir/src/ego_replan_fsm.cpp.o[0m
[3.734s] [01m[K/home/suxin/English_Path/test111/autonomous_navigation_environment_ego/src/ego_planner_ros2/src/planner/plan_manage/src/traj_server.cpp:29:60:[m[K [01;35m[Kwarning: [m[K‘[01m[Ktraj_utils::msg::Bspline_<std::allocator<void> >::ConstPtr[m[K’ is deprecated [[01;35m[K-Wdeprecated-declarations[m[K]
[3.734s]    29 | void bsplineCallback(traj_utils::msg::Bspline::ConstPtr msg[01;35m[K)[m[K
[3.734s]       |                                                            [01;35m[K^[m[K
[3.734s] In file included from [01m[K/home/suxin/English_Path/test111/autonomous_navigation_environment_ego/install/traj_utils/include/traj_utils/msg/bspline.hpp:7[m[K,
[3.734s]                  from [01m[K/home/suxin/English_Path/test111/autonomous_navigation_environment_ego/src/ego_planner_ros2/src/planner/plan_manage/src/traj_server.cpp:4[m[K:
[3.734s] [01m[K/home/suxin/English_Path/test111/autonomous_navigation_environment_ego/install/traj_utils/include/traj_utils/msg/detail/bspline__struct.hpp:180:5:[m[K [01;36m[Knote: [m[Kdeclared here
[3.734s]   180 |     [01;36m[KConstPtr[m[K;
[3.734s]       |     [01;36m[K^~~~~~~~[m[K
[10.768s] [ 83%] [32m[1mLinking CXX executable traj_server[0m
[11.782s] [ 83%] Built target traj_server
[45.825s] [100%] [32m[1mLinking CXX executable ego_planner_node[0m
[46.792s] [100%] Built target ego_planner_node
[46.800s] Invoked command in '/home/suxin/English_Path/test111/autonomous_navigation_environment_ego/build/ego_planner' returned '0': AMENT_PREFIX_PATH=/home/suxin/English_Path/test111/autonomous_navigation_environment_ego/install/traj_utils_so:/home/suxin/English_Path/test111/autonomous_navigation_environment_ego/install/traj_utils:/home/suxin/English_Path/test111/autonomous_navigation_environment_ego/install/quadrotor_msgs:/home/suxin/English_Path/test111/autonomous_navigation_environment_ego/install/plan_env:/home/suxin/English_Path/test111/autonomous_navigation_environment_ego/install/bspline_opt:${AMENT_PREFIX_PATH} CMAKE_PREFIX_PATH=/home/suxin/English_Path/test111/autonomous_navigation_environment_ego/install/traj_utils_so:/home/suxin/English_Path/test111/autonomous_navigation_environment_ego/install/traj_utils:/home/suxin/English_Path/test111/autonomous_navigation_environment_ego/install/quadrotor_msgs:/home/suxin/English_Path/test111/autonomous_navigation_environment_ego/install/plan_env:/opt/ros/foxy:/home/suxin/English_Path/test111/autonomous_navigation_environment_ego/install/path_searching:/home/suxin/English_Path/test111/autonomous_navigation_environment_ego/install/bspline_opt LD_LIBRARY_PATH=/home/suxin/English_Path/test111/autonomous_navigation_environment_ego/install/traj_utils/lib:/home/suxin/English_Path/test111/autonomous_navigation_environment_ego/install/quadrotor_msgs/lib:${LD_LIBRARY_PATH} PKG_CONFIG_PATH=/home/suxin/English_Path/test111/autonomous_navigation_environment_ego/install/path_searching/lib/x86_64-linux-gnu/pkgconfig:/home/suxin/English_Path/test111/autonomous_navigation_environment_ego/install/path_searching/lib/pkgconfig PYTHONPATH=/home/suxin/English_Path/test111/autonomous_navigation_environment_ego/install/traj_utils/lib/python3.8/site-packages:/home/suxin/English_Path/test111/autonomous_navigation_environment_ego/install/quadrotor_msgs/lib/python3.8/site-packages:${PYTHONPATH} ROS_PACKAGE_PATH=/home/suxin/English_Path/test111/autonomous_navigation_environment_ego/install/path_searching/share /usr/bin/cmake --build /home/suxin/English_Path/test111/autonomous_navigation_environment_ego/build/ego_planner -- -j20 -l20
[46.818s] Invoking command in '/home/suxin/English_Path/test111/autonomous_navigation_environment_ego/build/ego_planner': AMENT_PREFIX_PATH=/home/suxin/English_Path/test111/autonomous_navigation_environment_ego/install/traj_utils_so:/home/suxin/English_Path/test111/autonomous_navigation_environment_ego/install/traj_utils:/home/suxin/English_Path/test111/autonomous_navigation_environment_ego/install/quadrotor_msgs:/home/suxin/English_Path/test111/autonomous_navigation_environment_ego/install/plan_env:/home/suxin/English_Path/test111/autonomous_navigation_environment_ego/install/bspline_opt:${AMENT_PREFIX_PATH} CMAKE_PREFIX_PATH=/home/suxin/English_Path/test111/autonomous_navigation_environment_ego/install/traj_utils_so:/home/suxin/English_Path/test111/autonomous_navigation_environment_ego/install/traj_utils:/home/suxin/English_Path/test111/autonomous_navigation_environment_ego/install/quadrotor_msgs:/home/suxin/English_Path/test111/autonomous_navigation_environment_ego/install/plan_env:/opt/ros/foxy:/home/suxin/English_Path/test111/autonomous_navigation_environment_ego/install/path_searching:/home/suxin/English_Path/test111/autonomous_navigation_environment_ego/install/bspline_opt LD_LIBRARY_PATH=/home/suxin/English_Path/test111/autonomous_navigation_environment_ego/install/traj_utils/lib:/home/suxin/English_Path/test111/autonomous_navigation_environment_ego/install/quadrotor_msgs/lib:${LD_LIBRARY_PATH} PKG_CONFIG_PATH=/home/suxin/English_Path/test111/autonomous_navigation_environment_ego/install/path_searching/lib/x86_64-linux-gnu/pkgconfig:/home/suxin/English_Path/test111/autonomous_navigation_environment_ego/install/path_searching/lib/pkgconfig PYTHONPATH=/home/suxin/English_Path/test111/autonomous_navigation_environment_ego/install/traj_utils/lib/python3.8/site-packages:/home/suxin/English_Path/test111/autonomous_navigation_environment_ego/install/quadrotor_msgs/lib/python3.8/site-packages:${PYTHONPATH} ROS_PACKAGE_PATH=/home/suxin/English_Path/test111/autonomous_navigation_environment_ego/install/path_searching/share /usr/bin/cmake --install /home/suxin/English_Path/test111/autonomous_navigation_environment_ego/build/ego_planner
[46.823s] -- Install configuration: "Release"
[46.823s] -- Execute custom install script
[46.823s] -- Symlinking: /home/suxin/English_Path/test111/autonomous_navigation_environment_ego/install/ego_planner/lib/ego_planner/traj_server
[46.828s] -- Symlinking: /home/suxin/English_Path/test111/autonomous_navigation_environment_ego/install/ego_planner/lib/ego_planner/ego_planner_node
[46.834s] -- Symlinking: /home/suxin/English_Path/test111/autonomous_navigation_environment_ego/install/ego_planner/share/ego_planner/launch/advanced_param.launch.py
[46.839s] -- Symlinking: /home/suxin/English_Path/test111/autonomous_navigation_environment_ego/install/ego_planner/share/ego_planner/launch/advanced_param.xml
[46.844s] -- Symlinking: /home/suxin/English_Path/test111/autonomous_navigation_environment_ego/install/ego_planner/share/ego_planner/launch/default.rviz
[46.849s] -- Symlinking: /home/suxin/English_Path/test111/autonomous_navigation_environment_ego/install/ego_planner/share/ego_planner/launch/our_method_data_get.py
[46.854s] -- Symlinking: /home/suxin/English_Path/test111/autonomous_navigation_environment_ego/install/ego_planner/share/ego_planner/launch/run_in_sim.launch
[46.859s] -- Symlinking: /home/suxin/English_Path/test111/autonomous_navigation_environment_ego/install/ego_planner/share/ego_planner/launch/rviz.launch
[46.863s] -- Symlinking: /home/suxin/English_Path/test111/autonomous_navigation_environment_ego/install/ego_planner/share/ego_planner/launch/simple_run.launch
[46.869s] -- Symlinking: /home/suxin/English_Path/test111/autonomous_navigation_environment_ego/install/ego_planner/share/ego_planner/launch/simulator.launch.py
[46.874s] -- Symlinking: /home/suxin/English_Path/test111/autonomous_navigation_environment_ego/install/ego_planner/share/ego_planner/launch/simulator.xml
[46.879s] -- Symlinking: /home/suxin/English_Path/test111/autonomous_navigation_environment_ego/install/ego_planner/share/ego_planner/launch/single_run_in_sim.launch
[46.883s] -- Symlinking: /home/suxin/English_Path/test111/autonomous_navigation_environment_ego/install/ego_planner/share/ego_planner/launch/single_run_in_sim.launch.py
[46.888s] -- Symlinking: /home/suxin/English_Path/test111/autonomous_navigation_environment_ego/install/ego_planner/share/ego_planner/launch/swarm.launch
[46.894s] -- Symlinking: /home/suxin/English_Path/test111/autonomous_navigation_environment_ego/install/ego_planner/share/ego_planner/launch/swarm_large.launch
[46.899s] -- Symlinking: /home/suxin/English_Path/test111/autonomous_navigation_environment_ego/install/ego_planner/share/ego_planner/launch/uav_garage.launch.py
[46.903s] -- Symlinking: /home/suxin/English_Path/test111/autonomous_navigation_environment_ego/install/ego_planner/share/ego_planner/launch/uav_new_garage.launch.py
[46.909s] -- Symlinking: /home/suxin/English_Path/test111/autonomous_navigation_environment_ego/install/ego_planner/share/ego_planner/launch/uav_tunnel.launch.py
[46.914s] -- Symlinking: /home/suxin/English_Path/test111/autonomous_navigation_environment_ego/install/ego_planner/share/ego_planner/launch/uav_tunnel1.launch.py
[46.919s] -- Symlinking: /home/suxin/English_Path/test111/autonomous_navigation_environment_ego/install/ego_planner/share/ego_planner//config/random_forest.yaml
[46.924s] -- Symlinking: /home/suxin/English_Path/test111/autonomous_navigation_environment_ego/install/ego_planner/share/ego_planner//config/ros2_ego_rviz.rviz
[46.929s] -- Symlinking: /home/suxin/English_Path/test111/autonomous_navigation_environment_ego/install/ego_planner/share/ego_planner//config/tare_gazebo_env.rviz
[46.934s] -- Symlinking: /home/suxin/English_Path/test111/autonomous_navigation_environment_ego/install/ego_planner/share/ament_index/resource_index/package_run_dependencies/ego_planner
[46.940s] -- Symlinking: /home/suxin/English_Path/test111/autonomous_navigation_environment_ego/install/ego_planner/share/ament_index/resource_index/parent_prefix_path/ego_planner
[46.945s] -- Symlinking: /home/suxin/English_Path/test111/autonomous_navigation_environment_ego/install/ego_planner/share/ego_planner/environment/ament_prefix_path.sh
[46.950s] -- Symlinking: /home/suxin/English_Path/test111/autonomous_navigation_environment_ego/install/ego_planner/share/ego_planner/environment/ament_prefix_path.dsv
[46.955s] -- Symlinking: /home/suxin/English_Path/test111/autonomous_navigation_environment_ego/install/ego_planner/share/ego_planner/environment/path.sh
[46.960s] -- Symlinking: /home/suxin/English_Path/test111/autonomous_navigation_environment_ego/install/ego_planner/share/ego_planner/environment/path.dsv
[46.965s] -- Symlinking: /home/suxin/English_Path/test111/autonomous_navigation_environment_ego/install/ego_planner/share/ego_planner/local_setup.bash
[46.970s] -- Symlinking: /home/suxin/English_Path/test111/autonomous_navigation_environment_ego/install/ego_planner/share/ego_planner/local_setup.sh
[46.975s] -- Symlinking: /home/suxin/English_Path/test111/autonomous_navigation_environment_ego/install/ego_planner/share/ego_planner/local_setup.zsh
[46.980s] -- Symlinking: /home/suxin/English_Path/test111/autonomous_navigation_environment_ego/install/ego_planner/share/ego_planner/local_setup.dsv
[46.985s] -- Symlinking: /home/suxin/English_Path/test111/autonomous_navigation_environment_ego/install/ego_planner/share/ego_planner/package.dsv
[46.990s] -- Symlinking: /home/suxin/English_Path/test111/autonomous_navigation_environment_ego/install/ego_planner/share/ament_index/resource_index/packages/ego_planner
[46.995s] -- Symlinking: /home/suxin/English_Path/test111/autonomous_navigation_environment_ego/install/ego_planner/share/ego_planner/cmake/ego_plannerConfig.cmake
[47.000s] -- Symlinking: /home/suxin/English_Path/test111/autonomous_navigation_environment_ego/install/ego_planner/share/ego_planner/cmake/ego_plannerConfig-version.cmake
[47.005s] -- Symlinking: /home/suxin/English_Path/test111/autonomous_navigation_environment_ego/install/ego_planner/share/ego_planner/package.xml
[47.012s] Invoked command in '/home/suxin/English_Path/test111/autonomous_navigation_environment_ego/build/ego_planner' returned '0': AMENT_PREFIX_PATH=/home/suxin/English_Path/test111/autonomous_navigation_environment_ego/install/traj_utils_so:/home/suxin/English_Path/test111/autonomous_navigation_environment_ego/install/traj_utils:/home/suxin/English_Path/test111/autonomous_navigation_environment_ego/install/quadrotor_msgs:/home/suxin/English_Path/test111/autonomous_navigation_environment_ego/install/plan_env:/home/suxin/English_Path/test111/autonomous_navigation_environment_ego/install/bspline_opt:${AMENT_PREFIX_PATH} CMAKE_PREFIX_PATH=/home/suxin/English_Path/test111/autonomous_navigation_environment_ego/install/traj_utils_so:/home/suxin/English_Path/test111/autonomous_navigation_environment_ego/install/traj_utils:/home/suxin/English_Path/test111/autonomous_navigation_environment_ego/install/quadrotor_msgs:/home/suxin/English_Path/test111/autonomous_navigation_environment_ego/install/plan_env:/opt/ros/foxy:/home/suxin/English_Path/test111/autonomous_navigation_environment_ego/install/path_searching:/home/suxin/English_Path/test111/autonomous_navigation_environment_ego/install/bspline_opt LD_LIBRARY_PATH=/home/suxin/English_Path/test111/autonomous_navigation_environment_ego/install/traj_utils/lib:/home/suxin/English_Path/test111/autonomous_navigation_environment_ego/install/quadrotor_msgs/lib:${LD_LIBRARY_PATH} PKG_CONFIG_PATH=/home/suxin/English_Path/test111/autonomous_navigation_environment_ego/install/path_searching/lib/x86_64-linux-gnu/pkgconfig:/home/suxin/English_Path/test111/autonomous_navigation_environment_ego/install/path_searching/lib/pkgconfig PYTHONPATH=/home/suxin/English_Path/test111/autonomous_navigation_environment_ego/install/traj_utils/lib/python3.8/site-packages:/home/suxin/English_Path/test111/autonomous_navigation_environment_ego/install/quadrotor_msgs/lib/python3.8/site-packages:${PYTHONPATH} ROS_PACKAGE_PATH=/home/suxin/English_Path/test111/autonomous_navigation_environment_ego/install/path_searching/share /usr/bin/cmake --install /home/suxin/English_Path/test111/autonomous_navigation_environment_ego/build/ego_planner
