[  2%] Built target traj_utils__cpp
[ 12%] Built target traj_utils__rosidl_generator_c
[ 23%] Built target traj_utils__rosidl_typesupport_fastrtps_cpp
[ 34%] Built target traj_utils__rosidl_typesupport_cpp
[ 44%] Built target traj_utils__rosidl_typesupport_c
[ 55%] Built target traj_utils__rosidl_typesupport_introspection_c
[ 65%] Built target traj_utils__rosidl_typesupport_introspection_cpp
[ 76%] Built target traj_utils__rosidl_typesupport_fastrtps_c
[ 76%] Built target traj_utils
[ 78%] Built target traj_utils__py
[ 87%] Built target traj_utils__python
[100%] Built target traj_utils__rosidl_typesupport_introspection_c__pyext
[100%] Built target traj_utils__rosidl_typesupport_c__pyext
[100%] Built target traj_utils__rosidl_typesupport_fastrtps_c__pyext
-- Install configuration: "Release"
-- Execute custom install script
-- Up-to-date symlink: /home/suxin/English_Path/test111/autonomous_navigation_environment_ego/install/traj_utils/share/ament_index/resource_index/rosidl_interfaces/traj_utils
-- Up-to-date symlink: /home/suxin/English_Path/test111/autonomous_navigation_environment_ego/install/traj_utils/include/traj_utils/msg/bspline.h
-- Up-to-date symlink: /home/suxin/English_Path/test111/autonomous_navigation_environment_ego/install/traj_utils/include/traj_utils/msg/data_disp.h
-- Up-to-date symlink: /home/suxin/English_Path/test111/autonomous_navigation_environment_ego/install/traj_utils/include/traj_utils/msg/detail/bspline__functions.h
-- Up-to-date symlink: /home/suxin/English_Path/test111/autonomous_navigation_environment_ego/install/traj_utils/include/traj_utils/msg/detail/bspline__struct.h
-- Up-to-date symlink: /home/suxin/English_Path/test111/autonomous_navigation_environment_ego/install/traj_utils/include/traj_utils/msg/detail/bspline__type_support.h
-- Up-to-date symlink: /home/suxin/English_Path/test111/autonomous_navigation_environment_ego/install/traj_utils/include/traj_utils/msg/detail/data_disp__functions.h
-- Up-to-date symlink: /home/suxin/English_Path/test111/autonomous_navigation_environment_ego/install/traj_utils/include/traj_utils/msg/detail/data_disp__struct.h
-- Up-to-date symlink: /home/suxin/English_Path/test111/autonomous_navigation_environment_ego/install/traj_utils/include/traj_utils/msg/detail/data_disp__type_support.h
-- Up-to-date symlink: /home/suxin/English_Path/test111/autonomous_navigation_environment_ego/install/traj_utils/include/traj_utils/msg/detail/multi_bsplines__functions.h
-- Up-to-date symlink: /home/suxin/English_Path/test111/autonomous_navigation_environment_ego/install/traj_utils/include/traj_utils/msg/detail/multi_bsplines__struct.h
-- Up-to-date symlink: /home/suxin/English_Path/test111/autonomous_navigation_environment_ego/install/traj_utils/include/traj_utils/msg/detail/multi_bsplines__type_support.h
-- Up-to-date symlink: /home/suxin/English_Path/test111/autonomous_navigation_environment_ego/install/traj_utils/include/traj_utils/msg/multi_bsplines.h
-- Up-to-date symlink: /home/suxin/English_Path/test111/autonomous_navigation_environment_ego/install/traj_utils/include/traj_utils/msg/rosidl_generator_c__visibility_control.h
-- Up-to-date symlink: /home/suxin/English_Path/test111/autonomous_navigation_environment_ego/install/traj_utils/share/traj_utils/environment/library_path.sh
-- Up-to-date symlink: /home/suxin/English_Path/test111/autonomous_navigation_environment_ego/install/traj_utils/share/traj_utils/environment/library_path.dsv
-- Up-to-date symlink: /home/suxin/English_Path/test111/autonomous_navigation_environment_ego/install/traj_utils/include/traj_utils/msg/detail/bspline__rosidl_typesupport_fastrtps_c.h
-- Up-to-date symlink: /home/suxin/English_Path/test111/autonomous_navigation_environment_ego/install/traj_utils/include/traj_utils/msg/detail/data_disp__rosidl_typesupport_fastrtps_c.h
-- Up-to-date symlink: /home/suxin/English_Path/test111/autonomous_navigation_environment_ego/install/traj_utils/include/traj_utils/msg/detail/multi_bsplines__rosidl_typesupport_fastrtps_c.h
-- Up-to-date symlink: /home/suxin/English_Path/test111/autonomous_navigation_environment_ego/install/traj_utils/include/traj_utils/msg/rosidl_typesupport_fastrtps_c__visibility_control.h
-- Up-to-date symlink: /home/suxin/English_Path/test111/autonomous_navigation_environment_ego/install/traj_utils/lib/libtraj_utils__rosidl_typesupport_fastrtps_c.so
-- Up-to-date symlink: /home/suxin/English_Path/test111/autonomous_navigation_environment_ego/install/traj_utils/include/traj_utils/msg/detail/bspline__rosidl_typesupport_fastrtps_cpp.hpp
-- Up-to-date symlink: /home/suxin/English_Path/test111/autonomous_navigation_environment_ego/install/traj_utils/include/traj_utils/msg/detail/data_disp__rosidl_typesupport_fastrtps_cpp.hpp
-- Up-to-date symlink: /home/suxin/English_Path/test111/autonomous_navigation_environment_ego/install/traj_utils/include/traj_utils/msg/detail/multi_bsplines__rosidl_typesupport_fastrtps_cpp.hpp
-- Up-to-date symlink: /home/suxin/English_Path/test111/autonomous_navigation_environment_ego/install/traj_utils/include/traj_utils/msg/rosidl_typesupport_fastrtps_cpp__visibility_control.h
-- Up-to-date symlink: /home/suxin/English_Path/test111/autonomous_navigation_environment_ego/install/traj_utils/lib/libtraj_utils__rosidl_typesupport_fastrtps_cpp.so
-- Up-to-date symlink: /home/suxin/English_Path/test111/autonomous_navigation_environment_ego/install/traj_utils/include/traj_utils/msg/detail/bspline__rosidl_typesupport_introspection_c.h
-- Up-to-date symlink: /home/suxin/English_Path/test111/autonomous_navigation_environment_ego/install/traj_utils/include/traj_utils/msg/detail/data_disp__rosidl_typesupport_introspection_c.h
-- Up-to-date symlink: /home/suxin/English_Path/test111/autonomous_navigation_environment_ego/install/traj_utils/include/traj_utils/msg/detail/multi_bsplines__rosidl_typesupport_introspection_c.h
-- Up-to-date symlink: /home/suxin/English_Path/test111/autonomous_navigation_environment_ego/install/traj_utils/include/traj_utils/msg/rosidl_typesupport_introspection_c__visibility_control.h
-- Up-to-date symlink: /home/suxin/English_Path/test111/autonomous_navigation_environment_ego/install/traj_utils/include/traj_utils/msg/bspline.hpp
-- Up-to-date symlink: /home/suxin/English_Path/test111/autonomous_navigation_environment_ego/install/traj_utils/include/traj_utils/msg/data_disp.hpp
-- Up-to-date symlink: /home/suxin/English_Path/test111/autonomous_navigation_environment_ego/install/traj_utils/include/traj_utils/msg/detail/bspline__builder.hpp
-- Up-to-date symlink: /home/suxin/English_Path/test111/autonomous_navigation_environment_ego/install/traj_utils/include/traj_utils/msg/detail/bspline__struct.hpp
-- Up-to-date symlink: /home/suxin/English_Path/test111/autonomous_navigation_environment_ego/install/traj_utils/include/traj_utils/msg/detail/bspline__traits.hpp
-- Up-to-date symlink: /home/suxin/English_Path/test111/autonomous_navigation_environment_ego/install/traj_utils/include/traj_utils/msg/detail/bspline__type_support.hpp
-- Up-to-date symlink: /home/suxin/English_Path/test111/autonomous_navigation_environment_ego/install/traj_utils/include/traj_utils/msg/detail/data_disp__builder.hpp
-- Up-to-date symlink: /home/suxin/English_Path/test111/autonomous_navigation_environment_ego/install/traj_utils/include/traj_utils/msg/detail/data_disp__struct.hpp
-- Up-to-date symlink: /home/suxin/English_Path/test111/autonomous_navigation_environment_ego/install/traj_utils/include/traj_utils/msg/detail/data_disp__traits.hpp
-- Up-to-date symlink: /home/suxin/English_Path/test111/autonomous_navigation_environment_ego/install/traj_utils/include/traj_utils/msg/detail/data_disp__type_support.hpp
-- Up-to-date symlink: /home/suxin/English_Path/test111/autonomous_navigation_environment_ego/install/traj_utils/include/traj_utils/msg/detail/multi_bsplines__builder.hpp
-- Up-to-date symlink: /home/suxin/English_Path/test111/autonomous_navigation_environment_ego/install/traj_utils/include/traj_utils/msg/detail/multi_bsplines__struct.hpp
-- Up-to-date symlink: /home/suxin/English_Path/test111/autonomous_navigation_environment_ego/install/traj_utils/include/traj_utils/msg/detail/multi_bsplines__traits.hpp
-- Up-to-date symlink: /home/suxin/English_Path/test111/autonomous_navigation_environment_ego/install/traj_utils/include/traj_utils/msg/detail/multi_bsplines__type_support.hpp
-- Up-to-date symlink: /home/suxin/English_Path/test111/autonomous_navigation_environment_ego/install/traj_utils/include/traj_utils/msg/multi_bsplines.hpp
-- Up-to-date symlink: /home/suxin/English_Path/test111/autonomous_navigation_environment_ego/install/traj_utils/include/traj_utils/msg/rosidl_generator_cpp__visibility_control.hpp
-- Up-to-date symlink: /home/suxin/English_Path/test111/autonomous_navigation_environment_ego/install/traj_utils/include/traj_utils/msg/detail/bspline__rosidl_typesupport_introspection_cpp.hpp
-- Up-to-date symlink: /home/suxin/English_Path/test111/autonomous_navigation_environment_ego/install/traj_utils/include/traj_utils/msg/detail/data_disp__rosidl_typesupport_introspection_cpp.hpp
-- Up-to-date symlink: /home/suxin/English_Path/test111/autonomous_navigation_environment_ego/install/traj_utils/include/traj_utils/msg/detail/multi_bsplines__rosidl_typesupport_introspection_cpp.hpp
-- Up-to-date symlink: /home/suxin/English_Path/test111/autonomous_navigation_environment_ego/install/traj_utils/share/traj_utils/environment/pythonpath.sh
-- Up-to-date symlink: /home/suxin/English_Path/test111/autonomous_navigation_environment_ego/install/traj_utils/share/traj_utils/environment/pythonpath.dsv
-- Up-to-date symlink: /home/suxin/English_Path/test111/autonomous_navigation_environment_ego/install/traj_utils/lib/python3.8/site-packages/traj_utils/__init__.py
-- Up-to-date symlink: /home/suxin/English_Path/test111/autonomous_navigation_environment_ego/install/traj_utils/lib/python3.8/site-packages/traj_utils/msg/__init__.py
-- Up-to-date symlink: /home/suxin/English_Path/test111/autonomous_navigation_environment_ego/install/traj_utils/lib/python3.8/site-packages/traj_utils/msg/_bspline.py
-- Up-to-date symlink: /home/suxin/English_Path/test111/autonomous_navigation_environment_ego/install/traj_utils/lib/python3.8/site-packages/traj_utils/msg/_data_disp.py
-- Up-to-date symlink: /home/suxin/English_Path/test111/autonomous_navigation_environment_ego/install/traj_utils/lib/python3.8/site-packages/traj_utils/msg/_multi_bsplines.py
-- Up-to-date symlink: /home/suxin/English_Path/test111/autonomous_navigation_environment_ego/install/traj_utils/lib/python3.8/site-packages/traj_utils/traj_utils_s__rosidl_typesupport_fastrtps_c.cpython-38-x86_64-linux-gnu.so
-- Up-to-date symlink: /home/suxin/English_Path/test111/autonomous_navigation_environment_ego/install/traj_utils/lib/python3.8/site-packages/traj_utils/traj_utils_s__rosidl_typesupport_introspection_c.cpython-38-x86_64-linux-gnu.so
-- Up-to-date symlink: /home/suxin/English_Path/test111/autonomous_navigation_environment_ego/install/traj_utils/lib/python3.8/site-packages/traj_utils/traj_utils_s__rosidl_typesupport_c.cpython-38-x86_64-linux-gnu.so
-- Up-to-date symlink: /home/suxin/English_Path/test111/autonomous_navigation_environment_ego/install/traj_utils/lib/libtraj_utils__python.so
-- Up-to-date symlink: /home/suxin/English_Path/test111/autonomous_navigation_environment_ego/install/traj_utils/share/traj_utils/msg/Bspline.idl
-- Up-to-date symlink: /home/suxin/English_Path/test111/autonomous_navigation_environment_ego/install/traj_utils/share/traj_utils/msg/DataDisp.idl
-- Up-to-date symlink: /home/suxin/English_Path/test111/autonomous_navigation_environment_ego/install/traj_utils/share/traj_utils/msg/MultiBsplines.idl
-- Up-to-date symlink: /home/suxin/English_Path/test111/autonomous_navigation_environment_ego/install/traj_utils/share/traj_utils/msg/Bspline.msg
-- Up-to-date symlink: /home/suxin/English_Path/test111/autonomous_navigation_environment_ego/install/traj_utils/share/traj_utils/msg/DataDisp.msg
-- Up-to-date symlink: /home/suxin/English_Path/test111/autonomous_navigation_environment_ego/install/traj_utils/share/traj_utils/msg/MultiBsplines.msg
-- Up-to-date symlink: /home/suxin/English_Path/test111/autonomous_navigation_environment_ego/install/traj_utils/share/ament_index/resource_index/package_run_dependencies/traj_utils
-- Up-to-date symlink: /home/suxin/English_Path/test111/autonomous_navigation_environment_ego/install/traj_utils/share/ament_index/resource_index/parent_prefix_path/traj_utils
-- Up-to-date symlink: /home/suxin/English_Path/test111/autonomous_navigation_environment_ego/install/traj_utils/share/traj_utils/environment/ament_prefix_path.sh
-- Up-to-date symlink: /home/suxin/English_Path/test111/autonomous_navigation_environment_ego/install/traj_utils/share/traj_utils/environment/ament_prefix_path.dsv
-- Up-to-date symlink: /home/suxin/English_Path/test111/autonomous_navigation_environment_ego/install/traj_utils/share/traj_utils/environment/path.sh
-- Up-to-date symlink: /home/suxin/English_Path/test111/autonomous_navigation_environment_ego/install/traj_utils/share/traj_utils/environment/path.dsv
-- Up-to-date symlink: /home/suxin/English_Path/test111/autonomous_navigation_environment_ego/install/traj_utils/share/traj_utils/local_setup.bash
-- Up-to-date symlink: /home/suxin/English_Path/test111/autonomous_navigation_environment_ego/install/traj_utils/share/traj_utils/local_setup.sh
-- Up-to-date symlink: /home/suxin/English_Path/test111/autonomous_navigation_environment_ego/install/traj_utils/share/traj_utils/local_setup.zsh
-- Up-to-date symlink: /home/suxin/English_Path/test111/autonomous_navigation_environment_ego/install/traj_utils/share/traj_utils/local_setup.dsv
-- Symlinking: /home/suxin/English_Path/test111/autonomous_navigation_environment_ego/install/traj_utils/share/traj_utils/package.dsv
-- Up-to-date symlink: /home/suxin/English_Path/test111/autonomous_navigation_environment_ego/install/traj_utils/share/ament_index/resource_index/packages/traj_utils
-- Up-to-date symlink: /home/suxin/English_Path/test111/autonomous_navigation_environment_ego/install/traj_utils/share/traj_utils/cmake/rosidl_cmake-extras.cmake
-- Up-to-date symlink: /home/suxin/English_Path/test111/autonomous_navigation_environment_ego/install/traj_utils/share/traj_utils/cmake/ament_cmake_export_dependencies-extras.cmake
-- Up-to-date symlink: /home/suxin/English_Path/test111/autonomous_navigation_environment_ego/install/traj_utils/share/traj_utils/cmake/ament_cmake_export_libraries-extras.cmake
-- Up-to-date symlink: /home/suxin/English_Path/test111/autonomous_navigation_environment_ego/install/traj_utils/share/traj_utils/cmake/ament_cmake_export_targets-extras.cmake
-- Up-to-date symlink: /home/suxin/English_Path/test111/autonomous_navigation_environment_ego/install/traj_utils/share/traj_utils/cmake/ament_cmake_export_include_directories-extras.cmake
-- Up-to-date symlink: /home/suxin/English_Path/test111/autonomous_navigation_environment_ego/install/traj_utils/share/traj_utils/cmake/rosidl_cmake_export_typesupport_libraries-extras.cmake
-- Up-to-date symlink: /home/suxin/English_Path/test111/autonomous_navigation_environment_ego/install/traj_utils/share/traj_utils/cmake/rosidl_cmake_export_typesupport_targets-extras.cmake
-- Up-to-date symlink: /home/suxin/English_Path/test111/autonomous_navigation_environment_ego/install/traj_utils/share/traj_utils/cmake/traj_utilsConfig.cmake
-- Up-to-date symlink: /home/suxin/English_Path/test111/autonomous_navigation_environment_ego/install/traj_utils/share/traj_utils/cmake/traj_utilsConfig-version.cmake
-- Up-to-date symlink: /home/suxin/English_Path/test111/autonomous_navigation_environment_ego/install/traj_utils/share/traj_utils/package.xml
-- Up-to-date: /home/suxin/English_Path/test111/autonomous_navigation_environment_ego/install/traj_utils/lib/libtraj_utils__rosidl_generator_c.so
-- Up-to-date: /home/suxin/English_Path/test111/autonomous_navigation_environment_ego/install/traj_utils/lib/libtraj_utils__rosidl_typesupport_introspection_c.so
-- Up-to-date: /home/suxin/English_Path/test111/autonomous_navigation_environment_ego/install/traj_utils/lib/libtraj_utils__rosidl_typesupport_c.so
-- Up-to-date: /home/suxin/English_Path/test111/autonomous_navigation_environment_ego/install/traj_utils/lib/libtraj_utils__rosidl_typesupport_introspection_cpp.so
-- Up-to-date: /home/suxin/English_Path/test111/autonomous_navigation_environment_ego/install/traj_utils/lib/libtraj_utils__rosidl_typesupport_cpp.so
-- Up-to-date: /home/suxin/English_Path/test111/autonomous_navigation_environment_ego/install/traj_utils/share/traj_utils/cmake/traj_utils__rosidl_generator_cExport.cmake
-- Up-to-date: /home/suxin/English_Path/test111/autonomous_navigation_environment_ego/install/traj_utils/share/traj_utils/cmake/traj_utils__rosidl_generator_cExport-release.cmake
-- Up-to-date: /home/suxin/English_Path/test111/autonomous_navigation_environment_ego/install/traj_utils/share/traj_utils/cmake/traj_utils__rosidl_typesupport_introspection_cExport.cmake
-- Up-to-date: /home/suxin/English_Path/test111/autonomous_navigation_environment_ego/install/traj_utils/share/traj_utils/cmake/traj_utils__rosidl_typesupport_introspection_cExport-release.cmake
-- Up-to-date: /home/suxin/English_Path/test111/autonomous_navigation_environment_ego/install/traj_utils/share/traj_utils/cmake/traj_utils__rosidl_typesupport_cExport.cmake
-- Up-to-date: /home/suxin/English_Path/test111/autonomous_navigation_environment_ego/install/traj_utils/share/traj_utils/cmake/traj_utils__rosidl_typesupport_cExport-release.cmake
-- Up-to-date: /home/suxin/English_Path/test111/autonomous_navigation_environment_ego/install/traj_utils/share/traj_utils/cmake/traj_utils__rosidl_generator_cppExport.cmake
-- Up-to-date: /home/suxin/English_Path/test111/autonomous_navigation_environment_ego/install/traj_utils/share/traj_utils/cmake/traj_utils__rosidl_typesupport_introspection_cppExport.cmake
-- Up-to-date: /home/suxin/English_Path/test111/autonomous_navigation_environment_ego/install/traj_utils/share/traj_utils/cmake/traj_utils__rosidl_typesupport_introspection_cppExport-release.cmake
-- Up-to-date: /home/suxin/English_Path/test111/autonomous_navigation_environment_ego/install/traj_utils/share/traj_utils/cmake/traj_utils__rosidl_typesupport_cppExport.cmake
-- Up-to-date: /home/suxin/English_Path/test111/autonomous_navigation_environment_ego/install/traj_utils/share/traj_utils/cmake/traj_utils__rosidl_typesupport_cppExport-release.cmake
