[0.053s] Invoking command in '/home/suxin/English_Path/test111/autonomous_navigation_environment_ego/build/traj_utils': CMAKE_PREFIX_PATH=/opt/ros/foxy /usr/bin/cmake --build /home/suxin/English_Path/test111/autonomous_navigation_environment_ego/build/traj_utils -- -j20 -l20
[0.254s] [  2%] Built target traj_utils__cpp
[0.254s] [ 12%] Built target traj_utils__rosidl_generator_c
[0.254s] [ 23%] Built target traj_utils__rosidl_typesupport_fastrtps_cpp
[0.254s] [ 34%] Built target traj_utils__rosidl_typesupport_cpp
[0.254s] [ 44%] Built target traj_utils__rosidl_typesupport_c
[0.254s] [ 55%] Built target traj_utils__rosidl_typesupport_introspection_c
[0.254s] [ 65%] Built target traj_utils__rosidl_typesupport_introspection_cpp
[0.254s] [ 76%] Built target traj_utils__rosidl_typesupport_fastrtps_c
[0.254s] [ 76%] Built target traj_utils
[0.254s] [ 78%] Built target traj_utils__py
[0.254s] [ 87%] Built target traj_utils__python
[0.254s] [100%] Built target traj_utils__rosidl_typesupport_introspection_c__pyext
[0.254s] [100%] Built target traj_utils__rosidl_typesupport_c__pyext
[0.254s] [100%] Built target traj_utils__rosidl_typesupport_fastrtps_c__pyext
[0.262s] Invoked command in '/home/suxin/English_Path/test111/autonomous_navigation_environment_ego/build/traj_utils' returned '0': CMAKE_PREFIX_PATH=/opt/ros/foxy /usr/bin/cmake --build /home/suxin/English_Path/test111/autonomous_navigation_environment_ego/build/traj_utils -- -j20 -l20
[0.349s] Invoking command in '/home/suxin/English_Path/test111/autonomous_navigation_environment_ego/build/traj_utils': CMAKE_PREFIX_PATH=/opt/ros/foxy /usr/bin/cmake --install /home/suxin/English_Path/test111/autonomous_navigation_environment_ego/build/traj_utils
[0.389s] -- Install configuration: "Release"
[0.389s] -- Execute custom install script
[0.389s] -- Up-to-date symlink: /home/suxin/English_Path/test111/autonomous_navigation_environment_ego/install/traj_utils/share/ament_index/resource_index/rosidl_interfaces/traj_utils
[0.389s] -- Up-to-date symlink: /home/suxin/English_Path/test111/autonomous_navigation_environment_ego/install/traj_utils/include/traj_utils/msg/bspline.h
[0.389s] -- Up-to-date symlink: /home/suxin/English_Path/test111/autonomous_navigation_environment_ego/install/traj_utils/include/traj_utils/msg/data_disp.h
[0.389s] -- Up-to-date symlink: /home/suxin/English_Path/test111/autonomous_navigation_environment_ego/install/traj_utils/include/traj_utils/msg/detail/bspline__functions.h
[0.389s] -- Up-to-date symlink: /home/suxin/English_Path/test111/autonomous_navigation_environment_ego/install/traj_utils/include/traj_utils/msg/detail/bspline__struct.h
[0.389s] -- Up-to-date symlink: /home/suxin/English_Path/test111/autonomous_navigation_environment_ego/install/traj_utils/include/traj_utils/msg/detail/bspline__type_support.h
[0.389s] -- Up-to-date symlink: /home/suxin/English_Path/test111/autonomous_navigation_environment_ego/install/traj_utils/include/traj_utils/msg/detail/data_disp__functions.h
[0.389s] -- Up-to-date symlink: /home/suxin/English_Path/test111/autonomous_navigation_environment_ego/install/traj_utils/include/traj_utils/msg/detail/data_disp__struct.h
[0.389s] -- Up-to-date symlink: /home/suxin/English_Path/test111/autonomous_navigation_environment_ego/install/traj_utils/include/traj_utils/msg/detail/data_disp__type_support.h
[0.390s] -- Up-to-date symlink: /home/suxin/English_Path/test111/autonomous_navigation_environment_ego/install/traj_utils/include/traj_utils/msg/detail/multi_bsplines__functions.h
[0.390s] -- Up-to-date symlink: /home/suxin/English_Path/test111/autonomous_navigation_environment_ego/install/traj_utils/include/traj_utils/msg/detail/multi_bsplines__struct.h
[0.390s] -- Up-to-date symlink: /home/suxin/English_Path/test111/autonomous_navigation_environment_ego/install/traj_utils/include/traj_utils/msg/detail/multi_bsplines__type_support.h
[0.390s] -- Up-to-date symlink: /home/suxin/English_Path/test111/autonomous_navigation_environment_ego/install/traj_utils/include/traj_utils/msg/multi_bsplines.h
[0.390s] -- Up-to-date symlink: /home/suxin/English_Path/test111/autonomous_navigation_environment_ego/install/traj_utils/include/traj_utils/msg/rosidl_generator_c__visibility_control.h
[0.390s] -- Up-to-date symlink: /home/suxin/English_Path/test111/autonomous_navigation_environment_ego/install/traj_utils/share/traj_utils/environment/library_path.sh
[0.390s] -- Up-to-date symlink: /home/suxin/English_Path/test111/autonomous_navigation_environment_ego/install/traj_utils/share/traj_utils/environment/library_path.dsv
[0.390s] -- Up-to-date symlink: /home/suxin/English_Path/test111/autonomous_navigation_environment_ego/install/traj_utils/include/traj_utils/msg/detail/bspline__rosidl_typesupport_fastrtps_c.h
[0.390s] -- Up-to-date symlink: /home/suxin/English_Path/test111/autonomous_navigation_environment_ego/install/traj_utils/include/traj_utils/msg/detail/data_disp__rosidl_typesupport_fastrtps_c.h
[0.390s] -- Up-to-date symlink: /home/suxin/English_Path/test111/autonomous_navigation_environment_ego/install/traj_utils/include/traj_utils/msg/detail/multi_bsplines__rosidl_typesupport_fastrtps_c.h
[0.390s] -- Up-to-date symlink: /home/suxin/English_Path/test111/autonomous_navigation_environment_ego/install/traj_utils/include/traj_utils/msg/rosidl_typesupport_fastrtps_c__visibility_control.h
[0.390s] -- Up-to-date symlink: /home/suxin/English_Path/test111/autonomous_navigation_environment_ego/install/traj_utils/lib/libtraj_utils__rosidl_typesupport_fastrtps_c.so
[0.390s] -- Up-to-date symlink: /home/suxin/English_Path/test111/autonomous_navigation_environment_ego/install/traj_utils/include/traj_utils/msg/detail/bspline__rosidl_typesupport_fastrtps_cpp.hpp
[0.390s] -- Up-to-date symlink: /home/suxin/English_Path/test111/autonomous_navigation_environment_ego/install/traj_utils/include/traj_utils/msg/detail/data_disp__rosidl_typesupport_fastrtps_cpp.hpp
[0.391s] -- Up-to-date symlink: /home/suxin/English_Path/test111/autonomous_navigation_environment_ego/install/traj_utils/include/traj_utils/msg/detail/multi_bsplines__rosidl_typesupport_fastrtps_cpp.hpp
[0.391s] -- Up-to-date symlink: /home/suxin/English_Path/test111/autonomous_navigation_environment_ego/install/traj_utils/include/traj_utils/msg/rosidl_typesupport_fastrtps_cpp__visibility_control.h
[0.391s] -- Up-to-date symlink: /home/suxin/English_Path/test111/autonomous_navigation_environment_ego/install/traj_utils/lib/libtraj_utils__rosidl_typesupport_fastrtps_cpp.so
[0.391s] -- Up-to-date symlink: /home/suxin/English_Path/test111/autonomous_navigation_environment_ego/install/traj_utils/include/traj_utils/msg/detail/bspline__rosidl_typesupport_introspection_c.h
[0.391s] -- Up-to-date symlink: /home/suxin/English_Path/test111/autonomous_navigation_environment_ego/install/traj_utils/include/traj_utils/msg/detail/data_disp__rosidl_typesupport_introspection_c.h
[0.391s] -- Up-to-date symlink: /home/suxin/English_Path/test111/autonomous_navigation_environment_ego/install/traj_utils/include/traj_utils/msg/detail/multi_bsplines__rosidl_typesupport_introspection_c.h
[0.391s] -- Up-to-date symlink: /home/suxin/English_Path/test111/autonomous_navigation_environment_ego/install/traj_utils/include/traj_utils/msg/rosidl_typesupport_introspection_c__visibility_control.h
[0.391s] -- Up-to-date symlink: /home/suxin/English_Path/test111/autonomous_navigation_environment_ego/install/traj_utils/include/traj_utils/msg/bspline.hpp
[0.391s] -- Up-to-date symlink: /home/suxin/English_Path/test111/autonomous_navigation_environment_ego/install/traj_utils/include/traj_utils/msg/data_disp.hpp
[0.391s] -- Up-to-date symlink: /home/suxin/English_Path/test111/autonomous_navigation_environment_ego/install/traj_utils/include/traj_utils/msg/detail/bspline__builder.hpp
[0.391s] -- Up-to-date symlink: /home/suxin/English_Path/test111/autonomous_navigation_environment_ego/install/traj_utils/include/traj_utils/msg/detail/bspline__struct.hpp
[0.391s] -- Up-to-date symlink: /home/suxin/English_Path/test111/autonomous_navigation_environment_ego/install/traj_utils/include/traj_utils/msg/detail/bspline__traits.hpp
[0.391s] -- Up-to-date symlink: /home/suxin/English_Path/test111/autonomous_navigation_environment_ego/install/traj_utils/include/traj_utils/msg/detail/bspline__type_support.hpp
[0.392s] -- Up-to-date symlink: /home/suxin/English_Path/test111/autonomous_navigation_environment_ego/install/traj_utils/include/traj_utils/msg/detail/data_disp__builder.hpp
[0.392s] -- Up-to-date symlink: /home/suxin/English_Path/test111/autonomous_navigation_environment_ego/install/traj_utils/include/traj_utils/msg/detail/data_disp__struct.hpp
[0.392s] -- Up-to-date symlink: /home/suxin/English_Path/test111/autonomous_navigation_environment_ego/install/traj_utils/include/traj_utils/msg/detail/data_disp__traits.hpp
[0.392s] -- Up-to-date symlink: /home/suxin/English_Path/test111/autonomous_navigation_environment_ego/install/traj_utils/include/traj_utils/msg/detail/data_disp__type_support.hpp
[0.392s] -- Up-to-date symlink: /home/suxin/English_Path/test111/autonomous_navigation_environment_ego/install/traj_utils/include/traj_utils/msg/detail/multi_bsplines__builder.hpp
[0.392s] -- Up-to-date symlink: /home/suxin/English_Path/test111/autonomous_navigation_environment_ego/install/traj_utils/include/traj_utils/msg/detail/multi_bsplines__struct.hpp
[0.392s] -- Up-to-date symlink: /home/suxin/English_Path/test111/autonomous_navigation_environment_ego/install/traj_utils/include/traj_utils/msg/detail/multi_bsplines__traits.hpp
[0.392s] -- Up-to-date symlink: /home/suxin/English_Path/test111/autonomous_navigation_environment_ego/install/traj_utils/include/traj_utils/msg/detail/multi_bsplines__type_support.hpp
[0.392s] -- Up-to-date symlink: /home/suxin/English_Path/test111/autonomous_navigation_environment_ego/install/traj_utils/include/traj_utils/msg/multi_bsplines.hpp
[0.392s] -- Up-to-date symlink: /home/suxin/English_Path/test111/autonomous_navigation_environment_ego/install/traj_utils/include/traj_utils/msg/rosidl_generator_cpp__visibility_control.hpp
[0.392s] -- Up-to-date symlink: /home/suxin/English_Path/test111/autonomous_navigation_environment_ego/install/traj_utils/include/traj_utils/msg/detail/bspline__rosidl_typesupport_introspection_cpp.hpp
[0.392s] -- Up-to-date symlink: /home/suxin/English_Path/test111/autonomous_navigation_environment_ego/install/traj_utils/include/traj_utils/msg/detail/data_disp__rosidl_typesupport_introspection_cpp.hpp
[0.392s] -- Up-to-date symlink: /home/suxin/English_Path/test111/autonomous_navigation_environment_ego/install/traj_utils/include/traj_utils/msg/detail/multi_bsplines__rosidl_typesupport_introspection_cpp.hpp
[0.392s] -- Up-to-date symlink: /home/suxin/English_Path/test111/autonomous_navigation_environment_ego/install/traj_utils/share/traj_utils/environment/pythonpath.sh
[0.392s] -- Up-to-date symlink: /home/suxin/English_Path/test111/autonomous_navigation_environment_ego/install/traj_utils/share/traj_utils/environment/pythonpath.dsv
[0.392s] -- Up-to-date symlink: /home/suxin/English_Path/test111/autonomous_navigation_environment_ego/install/traj_utils/lib/python3.8/site-packages/traj_utils/__init__.py
[0.394s] -- Up-to-date symlink: /home/suxin/English_Path/test111/autonomous_navigation_environment_ego/install/traj_utils/lib/python3.8/site-packages/traj_utils/msg/__init__.py
[0.394s] -- Up-to-date symlink: /home/suxin/English_Path/test111/autonomous_navigation_environment_ego/install/traj_utils/lib/python3.8/site-packages/traj_utils/msg/_bspline.py
[0.394s] -- Up-to-date symlink: /home/suxin/English_Path/test111/autonomous_navigation_environment_ego/install/traj_utils/lib/python3.8/site-packages/traj_utils/msg/_data_disp.py
[0.394s] -- Up-to-date symlink: /home/suxin/English_Path/test111/autonomous_navigation_environment_ego/install/traj_utils/lib/python3.8/site-packages/traj_utils/msg/_multi_bsplines.py
[0.397s] -- Up-to-date symlink: /home/suxin/English_Path/test111/autonomous_navigation_environment_ego/install/traj_utils/lib/python3.8/site-packages/traj_utils/traj_utils_s__rosidl_typesupport_fastrtps_c.cpython-38-x86_64-linux-gnu.so
[0.397s] -- Up-to-date symlink: /home/suxin/English_Path/test111/autonomous_navigation_environment_ego/install/traj_utils/lib/python3.8/site-packages/traj_utils/traj_utils_s__rosidl_typesupport_introspection_c.cpython-38-x86_64-linux-gnu.so
[0.397s] -- Up-to-date symlink: /home/suxin/English_Path/test111/autonomous_navigation_environment_ego/install/traj_utils/lib/python3.8/site-packages/traj_utils/traj_utils_s__rosidl_typesupport_c.cpython-38-x86_64-linux-gnu.so
[0.397s] -- Up-to-date symlink: /home/suxin/English_Path/test111/autonomous_navigation_environment_ego/install/traj_utils/lib/libtraj_utils__python.so
[0.397s] -- Up-to-date symlink: /home/suxin/English_Path/test111/autonomous_navigation_environment_ego/install/traj_utils/share/traj_utils/msg/Bspline.idl
[0.398s] -- Up-to-date symlink: /home/suxin/English_Path/test111/autonomous_navigation_environment_ego/install/traj_utils/share/traj_utils/msg/DataDisp.idl
[0.399s] -- Up-to-date symlink: /home/suxin/English_Path/test111/autonomous_navigation_environment_ego/install/traj_utils/share/traj_utils/msg/MultiBsplines.idl
[0.399s] -- Up-to-date symlink: /home/suxin/English_Path/test111/autonomous_navigation_environment_ego/install/traj_utils/share/traj_utils/msg/Bspline.msg
[0.399s] -- Up-to-date symlink: /home/suxin/English_Path/test111/autonomous_navigation_environment_ego/install/traj_utils/share/traj_utils/msg/DataDisp.msg
[0.399s] -- Up-to-date symlink: /home/suxin/English_Path/test111/autonomous_navigation_environment_ego/install/traj_utils/share/traj_utils/msg/MultiBsplines.msg
[0.400s] -- Up-to-date symlink: /home/suxin/English_Path/test111/autonomous_navigation_environment_ego/install/traj_utils/share/ament_index/resource_index/package_run_dependencies/traj_utils
[0.400s] -- Up-to-date symlink: /home/suxin/English_Path/test111/autonomous_navigation_environment_ego/install/traj_utils/share/ament_index/resource_index/parent_prefix_path/traj_utils
[0.400s] -- Up-to-date symlink: /home/suxin/English_Path/test111/autonomous_navigation_environment_ego/install/traj_utils/share/traj_utils/environment/ament_prefix_path.sh
[0.400s] -- Up-to-date symlink: /home/suxin/English_Path/test111/autonomous_navigation_environment_ego/install/traj_utils/share/traj_utils/environment/ament_prefix_path.dsv
[0.400s] -- Up-to-date symlink: /home/suxin/English_Path/test111/autonomous_navigation_environment_ego/install/traj_utils/share/traj_utils/environment/path.sh
[0.401s] -- Up-to-date symlink: /home/suxin/English_Path/test111/autonomous_navigation_environment_ego/install/traj_utils/share/traj_utils/environment/path.dsv
[0.401s] -- Up-to-date symlink: /home/suxin/English_Path/test111/autonomous_navigation_environment_ego/install/traj_utils/share/traj_utils/local_setup.bash
[0.401s] -- Up-to-date symlink: /home/suxin/English_Path/test111/autonomous_navigation_environment_ego/install/traj_utils/share/traj_utils/local_setup.sh
[0.401s] -- Up-to-date symlink: /home/suxin/English_Path/test111/autonomous_navigation_environment_ego/install/traj_utils/share/traj_utils/local_setup.zsh
[0.402s] -- Up-to-date symlink: /home/suxin/English_Path/test111/autonomous_navigation_environment_ego/install/traj_utils/share/traj_utils/local_setup.dsv
[0.402s] -- Symlinking: /home/suxin/English_Path/test111/autonomous_navigation_environment_ego/install/traj_utils/share/traj_utils/package.dsv
[0.402s] -- Up-to-date symlink: /home/suxin/English_Path/test111/autonomous_navigation_environment_ego/install/traj_utils/share/ament_index/resource_index/packages/traj_utils
[0.402s] -- Up-to-date symlink: /home/suxin/English_Path/test111/autonomous_navigation_environment_ego/install/traj_utils/share/traj_utils/cmake/rosidl_cmake-extras.cmake
[0.402s] -- Up-to-date symlink: /home/suxin/English_Path/test111/autonomous_navigation_environment_ego/install/traj_utils/share/traj_utils/cmake/ament_cmake_export_dependencies-extras.cmake
[0.403s] -- Up-to-date symlink: /home/suxin/English_Path/test111/autonomous_navigation_environment_ego/install/traj_utils/share/traj_utils/cmake/ament_cmake_export_libraries-extras.cmake
[0.403s] -- Up-to-date symlink: /home/suxin/English_Path/test111/autonomous_navigation_environment_ego/install/traj_utils/share/traj_utils/cmake/ament_cmake_export_targets-extras.cmake
[0.403s] -- Up-to-date symlink: /home/suxin/English_Path/test111/autonomous_navigation_environment_ego/install/traj_utils/share/traj_utils/cmake/ament_cmake_export_include_directories-extras.cmake
[0.403s] -- Up-to-date symlink: /home/suxin/English_Path/test111/autonomous_navigation_environment_ego/install/traj_utils/share/traj_utils/cmake/rosidl_cmake_export_typesupport_libraries-extras.cmake
[0.403s] -- Up-to-date symlink: /home/suxin/English_Path/test111/autonomous_navigation_environment_ego/install/traj_utils/share/traj_utils/cmake/rosidl_cmake_export_typesupport_targets-extras.cmake
[0.403s] -- Up-to-date symlink: /home/suxin/English_Path/test111/autonomous_navigation_environment_ego/install/traj_utils/share/traj_utils/cmake/traj_utilsConfig.cmake
[0.403s] -- Up-to-date symlink: /home/suxin/English_Path/test111/autonomous_navigation_environment_ego/install/traj_utils/share/traj_utils/cmake/traj_utilsConfig-version.cmake
[0.403s] -- Up-to-date symlink: /home/suxin/English_Path/test111/autonomous_navigation_environment_ego/install/traj_utils/share/traj_utils/package.xml
[0.403s] -- Up-to-date: /home/suxin/English_Path/test111/autonomous_navigation_environment_ego/install/traj_utils/lib/libtraj_utils__rosidl_generator_c.so
[0.403s] -- Up-to-date: /home/suxin/English_Path/test111/autonomous_navigation_environment_ego/install/traj_utils/lib/libtraj_utils__rosidl_typesupport_introspection_c.so
[0.403s] -- Up-to-date: /home/suxin/English_Path/test111/autonomous_navigation_environment_ego/install/traj_utils/lib/libtraj_utils__rosidl_typesupport_c.so
[0.403s] -- Up-to-date: /home/suxin/English_Path/test111/autonomous_navigation_environment_ego/install/traj_utils/lib/libtraj_utils__rosidl_typesupport_introspection_cpp.so
[0.403s] -- Up-to-date: /home/suxin/English_Path/test111/autonomous_navigation_environment_ego/install/traj_utils/lib/libtraj_utils__rosidl_typesupport_cpp.so
[0.403s] -- Up-to-date: /home/suxin/English_Path/test111/autonomous_navigation_environment_ego/install/traj_utils/share/traj_utils/cmake/traj_utils__rosidl_generator_cExport.cmake
[0.403s] -- Up-to-date: /home/suxin/English_Path/test111/autonomous_navigation_environment_ego/install/traj_utils/share/traj_utils/cmake/traj_utils__rosidl_generator_cExport-release.cmake
[0.404s] -- Up-to-date: /home/suxin/English_Path/test111/autonomous_navigation_environment_ego/install/traj_utils/share/traj_utils/cmake/traj_utils__rosidl_typesupport_introspection_cExport.cmake
[0.404s] -- Up-to-date: /home/suxin/English_Path/test111/autonomous_navigation_environment_ego/install/traj_utils/share/traj_utils/cmake/traj_utils__rosidl_typesupport_introspection_cExport-release.cmake
[0.404s] -- Up-to-date: /home/suxin/English_Path/test111/autonomous_navigation_environment_ego/install/traj_utils/share/traj_utils/cmake/traj_utils__rosidl_typesupport_cExport.cmake
[0.404s] -- Up-to-date: /home/suxin/English_Path/test111/autonomous_navigation_environment_ego/install/traj_utils/share/traj_utils/cmake/traj_utils__rosidl_typesupport_cExport-release.cmake
[0.404s] -- Up-to-date: /home/suxin/English_Path/test111/autonomous_navigation_environment_ego/install/traj_utils/share/traj_utils/cmake/traj_utils__rosidl_generator_cppExport.cmake
[0.404s] -- Up-to-date: /home/suxin/English_Path/test111/autonomous_navigation_environment_ego/install/traj_utils/share/traj_utils/cmake/traj_utils__rosidl_typesupport_introspection_cppExport.cmake
[0.404s] -- Up-to-date: /home/suxin/English_Path/test111/autonomous_navigation_environment_ego/install/traj_utils/share/traj_utils/cmake/traj_utils__rosidl_typesupport_introspection_cppExport-release.cmake
[0.404s] -- Up-to-date: /home/suxin/English_Path/test111/autonomous_navigation_environment_ego/install/traj_utils/share/traj_utils/cmake/traj_utils__rosidl_typesupport_cppExport.cmake
[0.404s] -- Up-to-date: /home/suxin/English_Path/test111/autonomous_navigation_environment_ego/install/traj_utils/share/traj_utils/cmake/traj_utils__rosidl_typesupport_cppExport-release.cmake
[0.522s] Invoked command in '/home/suxin/English_Path/test111/autonomous_navigation_environment_ego/build/traj_utils' returned '0': CMAKE_PREFIX_PATH=/opt/ros/foxy /usr/bin/cmake --install /home/suxin/English_Path/test111/autonomous_navigation_environment_ego/build/traj_utils
