[100%] Built target visualizationTools
-- Install configuration: "Release"
-- Execute custom install script
-- Up-to-date symlink: /home/suxin/English_Path/test111/autonomous_navigation_environment_ego/install/visualization_tools/lib/visualization_tools/visualizationTools
-- Up-to-date symlink: /home/suxin/English_Path/test111/autonomous_navigation_environment_ego/install/visualization_tools/share/visualization_tools/launch/visualization_tools.launch
-- Up-to-date symlink: /home/suxin/English_Path/test111/autonomous_navigation_environment_ego/install/visualization_tools/share/visualization_tools/launch/visualization_tools.launch.py
-- Up-to-date symlink: /home/suxin/English_Path/test111/autonomous_navigation_environment_ego/install/visualization_tools/share/visualization_tools//config/visualizationTools.yaml
-- Up-to-date symlink: /home/suxin/English_Path/test111/autonomous_navigation_environment_ego/install/visualization_tools/share/ament_index/resource_index/package_run_dependencies/visualization_tools
-- Up-to-date symlink: /home/suxin/English_Path/test111/autonomous_navigation_environment_ego/install/visualization_tools/share/ament_index/resource_index/parent_prefix_path/visualization_tools
-- Up-to-date symlink: /home/suxin/English_Path/test111/autonomous_navigation_environment_ego/install/visualization_tools/share/visualization_tools/environment/ament_prefix_path.sh
-- Up-to-date symlink: /home/suxin/English_Path/test111/autonomous_navigation_environment_ego/install/visualization_tools/share/visualization_tools/environment/ament_prefix_path.dsv
-- Up-to-date symlink: /home/suxin/English_Path/test111/autonomous_navigation_environment_ego/install/visualization_tools/share/visualization_tools/environment/path.sh
-- Up-to-date symlink: /home/suxin/English_Path/test111/autonomous_navigation_environment_ego/install/visualization_tools/share/visualization_tools/environment/path.dsv
-- Up-to-date symlink: /home/suxin/English_Path/test111/autonomous_navigation_environment_ego/install/visualization_tools/share/visualization_tools/local_setup.bash
-- Up-to-date symlink: /home/suxin/English_Path/test111/autonomous_navigation_environment_ego/install/visualization_tools/share/visualization_tools/local_setup.sh
-- Up-to-date symlink: /home/suxin/English_Path/test111/autonomous_navigation_environment_ego/install/visualization_tools/share/visualization_tools/local_setup.zsh
-- Up-to-date symlink: /home/suxin/English_Path/test111/autonomous_navigation_environment_ego/install/visualization_tools/share/visualization_tools/local_setup.dsv
-- Symlinking: /home/suxin/English_Path/test111/autonomous_navigation_environment_ego/install/visualization_tools/share/visualization_tools/package.dsv
-- Up-to-date symlink: /home/suxin/English_Path/test111/autonomous_navigation_environment_ego/install/visualization_tools/share/ament_index/resource_index/packages/visualization_tools
-- Up-to-date symlink: /home/suxin/English_Path/test111/autonomous_navigation_environment_ego/install/visualization_tools/share/visualization_tools/cmake/visualization_toolsConfig.cmake
-- Up-to-date symlink: /home/suxin/English_Path/test111/autonomous_navigation_environment_ego/install/visualization_tools/share/visualization_tools/cmake/visualization_toolsConfig-version.cmake
-- Up-to-date symlink: /home/suxin/English_Path/test111/autonomous_navigation_environment_ego/install/visualization_tools/share/visualization_tools/package.xml
