[0.085s] Invoking command in '/home/suxin/English_Path/test111/autonomous_navigation_environment_ego/build/visualization_tools': CMAKE_PREFIX_PATH=/opt/ros/foxy /usr/bin/cmake --build /home/suxin/English_Path/test111/autonomous_navigation_environment_ego/build/visualization_tools -- -j20 -l20
[0.222s] [100%] Built target visualizationTools
[0.259s] Invoked command in '/home/suxin/English_Path/test111/autonomous_navigation_environment_ego/build/visualization_tools' returned '0': CMAKE_PREFIX_PATH=/opt/ros/foxy /usr/bin/cmake --build /home/suxin/English_Path/test111/autonomous_navigation_environment_ego/build/visualization_tools -- -j20 -l20
[0.424s] Invoking command in '/home/suxin/English_Path/test111/autonomous_navigation_environment_ego/build/visualization_tools': CMAKE_PREFIX_PATH=/opt/ros/foxy /usr/bin/cmake --install /home/suxin/English_Path/test111/autonomous_navigation_environment_ego/build/visualization_tools
[0.446s] -- Install configuration: "Release"
[0.447s] -- Execute custom install script
[0.447s] -- Up-to-date symlink: /home/suxin/English_Path/test111/autonomous_navigation_environment_ego/install/visualization_tools/lib/visualization_tools/visualizationTools
[0.447s] -- Up-to-date symlink: /home/suxin/English_Path/test111/autonomous_navigation_environment_ego/install/visualization_tools/share/visualization_tools/launch/visualization_tools.launch
[0.447s] -- Up-to-date symlink: /home/suxin/English_Path/test111/autonomous_navigation_environment_ego/install/visualization_tools/share/visualization_tools/launch/visualization_tools.launch.py
[0.447s] -- Up-to-date symlink: /home/suxin/English_Path/test111/autonomous_navigation_environment_ego/install/visualization_tools/share/visualization_tools//config/visualizationTools.yaml
[0.447s] -- Up-to-date symlink: /home/suxin/English_Path/test111/autonomous_navigation_environment_ego/install/visualization_tools/share/ament_index/resource_index/package_run_dependencies/visualization_tools
[0.447s] -- Up-to-date symlink: /home/suxin/English_Path/test111/autonomous_navigation_environment_ego/install/visualization_tools/share/ament_index/resource_index/parent_prefix_path/visualization_tools
[0.447s] -- Up-to-date symlink: /home/suxin/English_Path/test111/autonomous_navigation_environment_ego/install/visualization_tools/share/visualization_tools/environment/ament_prefix_path.sh
[0.447s] -- Up-to-date symlink: /home/suxin/English_Path/test111/autonomous_navigation_environment_ego/install/visualization_tools/share/visualization_tools/environment/ament_prefix_path.dsv
[0.447s] -- Up-to-date symlink: /home/suxin/English_Path/test111/autonomous_navigation_environment_ego/install/visualization_tools/share/visualization_tools/environment/path.sh
[0.448s] -- Up-to-date symlink: /home/suxin/English_Path/test111/autonomous_navigation_environment_ego/install/visualization_tools/share/visualization_tools/environment/path.dsv
[0.448s] -- Up-to-date symlink: /home/suxin/English_Path/test111/autonomous_navigation_environment_ego/install/visualization_tools/share/visualization_tools/local_setup.bash
[0.448s] -- Up-to-date symlink: /home/suxin/English_Path/test111/autonomous_navigation_environment_ego/install/visualization_tools/share/visualization_tools/local_setup.sh
[0.448s] -- Up-to-date symlink: /home/suxin/English_Path/test111/autonomous_navigation_environment_ego/install/visualization_tools/share/visualization_tools/local_setup.zsh
[0.448s] -- Up-to-date symlink: /home/suxin/English_Path/test111/autonomous_navigation_environment_ego/install/visualization_tools/share/visualization_tools/local_setup.dsv
[0.448s] -- Symlinking: /home/suxin/English_Path/test111/autonomous_navigation_environment_ego/install/visualization_tools/share/visualization_tools/package.dsv
[0.448s] -- Up-to-date symlink: /home/suxin/English_Path/test111/autonomous_navigation_environment_ego/install/visualization_tools/share/ament_index/resource_index/packages/visualization_tools
[0.448s] -- Up-to-date symlink: /home/suxin/English_Path/test111/autonomous_navigation_environment_ego/install/visualization_tools/share/visualization_tools/cmake/visualization_toolsConfig.cmake
[0.448s] -- Up-to-date symlink: /home/suxin/English_Path/test111/autonomous_navigation_environment_ego/install/visualization_tools/share/visualization_tools/cmake/visualization_toolsConfig-version.cmake
[0.448s] -- Up-to-date symlink: /home/suxin/English_Path/test111/autonomous_navigation_environment_ego/install/visualization_tools/share/visualization_tools/package.xml
[0.504s] Invoked command in '/home/suxin/English_Path/test111/autonomous_navigation_environment_ego/build/visualization_tools' returned '0': CMAKE_PREFIX_PATH=/opt/ros/foxy /usr/bin/cmake --install /home/suxin/English_Path/test111/autonomous_navigation_environment_ego/build/visualization_tools
