-- The C compiler identification is GNU 9.4.0
-- The CXX compiler identification is GNU 9.4.0
-- Check for working C compiler: /usr/bin/cc
-- Check for working C compiler: /usr/bin/cc -- works
-- Detecting C compiler ABI info
-- Detecting C compiler ABI info - done
-- Detecting C compile features
-- Detecting C compile features - done
-- Check for working CXX compiler: /usr/bin/c++
-- Check for working CXX compiler: /usr/bin/c++ -- works
-- Detecting CXX compiler ABI info
-- Detecting CXX compiler ABI info - done
-- Detecting CXX compile features
-- Detecting CXX compile features - done
-- Found ament_cmake: 0.9.12 (/opt/ros/foxy/share/ament_cmake/cmake)
-- Found PythonInterp: /usr/bin/python3 (found suitable version "3.8.10", minimum required is "3") 
-- Using PYTHON_EXECUTABLE: /usr/bin/python3
-- Override CMake install command with custom implementation using symlinks instead of copying resources
-- Found rclcpp: 2.4.3 (/opt/ros/foxy/share/rclcpp/cmake)
-- Using all available rosidl_typesupport_c: rosidl_typesupport_fastrtps_c;rosidl_typesupport_introspection_c
-- Found rosidl_adapter: 1.3.1 (/opt/ros/foxy/share/rosidl_adapter/cmake)
-- Found OpenSSL: /usr/lib/x86_64-linux-gnu/libcrypto.so (found version "1.1.1f")  
-- Found FastRTPS: /opt/ros/foxy/include  
-- Using all available rosidl_typesupport_cpp: rosidl_typesupport_fastrtps_cpp;rosidl_typesupport_introspection_cpp
-- Found rmw_implementation_cmake: 1.0.4 (/opt/ros/foxy/share/rmw_implementation_cmake/cmake)
-- Using RMW implementation 'rmw_fastrtps_cpp' as default
-- Looking for pthread.h
-- Looking for pthread.h - found
-- Performing Test CMAKE_HAVE_LIBC_PTHREAD
-- Performing Test CMAKE_HAVE_LIBC_PTHREAD - Failed
-- Looking for pthread_create in pthreads
-- Looking for pthread_create in pthreads - not found
-- Looking for pthread_create in pthread
-- Looking for pthread_create in pthread - found
-- Found Threads: TRUE  
-- Found sensor_msgs: 2.0.5 (/opt/ros/foxy/share/sensor_msgs/cmake)
-- Checking for module 'eigen3'
--   Found eigen3, version 3.3.7
-- Found Eigen: /usr/include/eigen3 (Required is at least version "3.1") 
-- Eigen found (include: /usr/include/eigen3, version: 3.3.7)
-- Found Boost: /usr/include (found suitable version "1.71.0", minimum required is "1.55.0") found components: system filesystem date_time iostreams regex 
-- Checking for module 'flann'
--   Found flann, version 1.9.1
-- Found FLANN: /usr/lib/x86_64-linux-gnu/libflann_cpp.so  
-- The imported target "vtkParseOGLExt" references the file
   "/usr/bin/vtkParseOGLExt-7.1"
but this file does not exist.  Possible reasons include:
* The file was deleted, renamed, or moved to another location.
* An install or uninstall procedure did not complete successfully.
* The installation package was faulty and contained
   "/usr/lib/cmake/vtk-7.1/VTKTargets.cmake"
but not all the files it references.

-- The imported target "vtkRenderingPythonTkWidgets" references the file
   "/usr/lib/x86_64-linux-gnu/libvtkRenderingPythonTkWidgets.so"
but this file does not exist.  Possible reasons include:
* The file was deleted, renamed, or moved to another location.
* An install or uninstall procedure did not complete successfully.
* The installation package was faulty and contained
   "/usr/lib/cmake/vtk-7.1/VTKTargets.cmake"
but not all the files it references.

-- The imported target "vtk" references the file
   "/usr/bin/vtk"
but this file does not exist.  Possible reasons include:
* The file was deleted, renamed, or moved to another location.
* An install or uninstall procedure did not complete successfully.
* The installation package was faulty and contained
   "/usr/lib/cmake/vtk-7.1/VTKTargets.cmake"
but not all the files it references.

-- The imported target "pvtk" references the file
   "/usr/bin/pvtk"
but this file does not exist.  Possible reasons include:
* The file was deleted, renamed, or moved to another location.
* An install or uninstall procedure did not complete successfully.
* The installation package was faulty and contained
   "/usr/lib/cmake/vtk-7.1/VTKTargets.cmake"
but not all the files it references.

-- Checking for module 'libusb-1.0'
--   Found libusb-1.0, version 1.0.23
-- Found USB_10: /usr/lib/x86_64-linux-gnu/libusb-1.0.so  
-- Found OpenNI: /usr/lib/libOpenNI.so  
-- OpenNI found (include: /usr/include/ni, lib: /usr/lib/libOpenNI.so)
-- Found OpenNI2: /usr/lib/libOpenNI2.so  
-- OpenNI2 found (include: /usr/include/openni2, lib: /usr/lib/libOpenNI2.so)
-- Found libusb-1.0: /usr/include  
-- OpenNI found (include: /usr/include/ni, lib: /usr/lib/libOpenNI.so)
-- OpenNI2 found (include: /usr/include/openni2, lib: /usr/lib/libOpenNI2.so)
** WARNING ** io features related to pcap will be disabled
** WARNING ** io features related to png will be disabled
** WARNING ** io features related to libusb-1.0 will be disabled
-- Found Qhull: optimized;/usr/lib/x86_64-linux-gnu/libqhull.so;debug;/usr/lib/x86_64-linux-gnu/libqhull.so  
-- QHULL found (include: /usr/include, lib: optimized;/usr/lib/x86_64-linux-gnu/libqhull.so;debug;/usr/lib/x86_64-linux-gnu/libqhull.so)
-- OpenNI found (include: /usr/include/ni, lib: /usr/lib/libOpenNI.so)
-- looking for PCL_COMMON
-- Found PCL_COMMON: /usr/lib/x86_64-linux-gnu/libpcl_common.so  
-- looking for PCL_KDTREE
-- Found PCL_KDTREE: /usr/lib/x86_64-linux-gnu/libpcl_kdtree.so  
-- looking for PCL_OCTREE
-- Found PCL_OCTREE: /usr/lib/x86_64-linux-gnu/libpcl_octree.so  
-- looking for PCL_SEARCH
-- Found PCL_SEARCH: /usr/lib/x86_64-linux-gnu/libpcl_search.so  
-- looking for PCL_SAMPLE_CONSENSUS
-- Found PCL_SAMPLE_CONSENSUS: /usr/lib/x86_64-linux-gnu/libpcl_sample_consensus.so  
-- looking for PCL_FILTERS
-- Found PCL_FILTERS: /usr/lib/x86_64-linux-gnu/libpcl_filters.so  
-- looking for PCL_2D
-- Found PCL_2D: /usr/include/pcl-1.10  
-- looking for PCL_GEOMETRY
-- Found PCL_GEOMETRY: /usr/include/pcl-1.10  
-- looking for PCL_IO
-- Found PCL_IO: /usr/lib/x86_64-linux-gnu/libpcl_io.so  
-- looking for PCL_FEATURES
-- Found PCL_FEATURES: /usr/lib/x86_64-linux-gnu/libpcl_features.so  
-- looking for PCL_ML
-- Found PCL_ML: /usr/lib/x86_64-linux-gnu/libpcl_ml.so  
-- looking for PCL_SEGMENTATION
-- Found PCL_SEGMENTATION: /usr/lib/x86_64-linux-gnu/libpcl_segmentation.so  
-- looking for PCL_VISUALIZATION
-- Found PCL_VISUALIZATION: /usr/lib/x86_64-linux-gnu/libpcl_visualization.so  
-- looking for PCL_SURFACE
-- Found PCL_SURFACE: /usr/lib/x86_64-linux-gnu/libpcl_surface.so  
-- looking for PCL_REGISTRATION
-- Found PCL_REGISTRATION: /usr/lib/x86_64-linux-gnu/libpcl_registration.so  
-- looking for PCL_KEYPOINTS
-- Found PCL_KEYPOINTS: /usr/lib/x86_64-linux-gnu/libpcl_keypoints.so  
-- looking for PCL_TRACKING
-- Found PCL_TRACKING: /usr/lib/x86_64-linux-gnu/libpcl_tracking.so  
-- looking for PCL_RECOGNITION
-- Found PCL_RECOGNITION: /usr/lib/x86_64-linux-gnu/libpcl_recognition.so  
-- looking for PCL_STEREO
-- Found PCL_STEREO: /usr/lib/x86_64-linux-gnu/libpcl_stereo.so  
-- looking for PCL_APPS
-- Found PCL_APPS: /usr/lib/x86_64-linux-gnu/libpcl_apps.so  
-- looking for PCL_IN_HAND_SCANNER
-- Found PCL_IN_HAND_SCANNER: /usr/include/pcl-1.10  
-- looking for PCL_POINT_CLOUD_EDITOR
-- Found PCL_POINT_CLOUD_EDITOR: /usr/include/pcl-1.10  
-- looking for PCL_OUTOFCORE
-- Found PCL_OUTOFCORE: /usr/lib/x86_64-linux-gnu/libpcl_outofcore.so  
-- looking for PCL_PEOPLE
-- Found PCL_PEOPLE: /usr/lib/x86_64-linux-gnu/libpcl_people.so  
-- Found PCL: pcl_common;pcl_kdtree;pcl_octree;pcl_search;pcl_sample_consensus;pcl_filters;pcl_io;pcl_features;pcl_ml;pcl_segmentation;pcl_visualization;pcl_surface;pcl_registration;pcl_keypoints;pcl_tracking;pcl_recognition;pcl_stereo;pcl_apps;pcl_outofcore;pcl_people;/usr/lib/x86_64-linux-gnu/libboost_system.so;/usr/lib/x86_64-linux-gnu/libboost_filesystem.so;/usr/lib/x86_64-linux-gnu/libboost_date_time.so;/usr/lib/x86_64-linux-gnu/libboost_iostreams.so;/usr/lib/x86_64-linux-gnu/libboost_regex.so;optimized;/usr/lib/x86_64-linux-gnu/libqhull.so;debug;/usr/lib/x86_64-linux-gnu/libqhull.so;/usr/lib/libOpenNI.so;/usr/lib/libOpenNI2.so;vtkChartsCore;vtkCommonColor;vtkCommonCore;vtksys;vtkCommonDataModel;vtkCommonMath;vtkCommonMisc;vtkCommonSystem;vtkCommonTransforms;vtkCommonExecutionModel;vtkFiltersGeneral;vtkCommonComputationalGeometry;vtkFiltersCore;vtkInfovisCore;vtkFiltersExtraction;vtkFiltersStatistics;vtkImagingFourier;vtkImagingCore;vtkalglib;vtkRenderingContext2D;vtkRenderingCore;vtkFiltersGeometry;vtkFiltersSources;vtkRenderingFreeType;/usr/lib/x86_64-linux-gnu/libfreetype.so;/usr/lib/x86_64-linux-gnu/libz.so;vtkFiltersModeling;vtkImagingSources;vtkInteractionStyle;vtkInteractionWidgets;vtkFiltersHybrid;vtkImagingColor;vtkImagingGeneral;vtkImagingHybrid;vtkIOImage;vtkDICOMParser;vtkmetaio;/usr/lib/x86_64-linux-gnu/libjpeg.so;/usr/lib/x86_64-linux-gnu/libpng.so;/usr/lib/x86_64-linux-gnu/libtiff.so;vtkRenderingAnnotation;vtkRenderingVolume;vtkIOXML;vtkIOCore;vtkIOXMLParser;/usr/lib/x86_64-linux-gnu/libexpat.so;vtkIOGeometry;vtkIOLegacy;vtkIOPLY;vtkRenderingLOD;vtkViewsContext2D;vtkViewsCore;vtkRenderingContextOpenGL2;vtkRenderingOpenGL2;FLANN::FLANN  
-- Found gazebo_msgs: 3.5.3 (/opt/ros/foxy/share/gazebo_msgs/cmake)
-- Found tf2_msgs: 0.13.14 (/opt/ros/foxy/share/tf2_msgs/cmake)
-- Found nav_msgs: 2.0.5 (/opt/ros/foxy/share/nav_msgs/cmake)
-- Found tf2_ros: 0.13.14 (/opt/ros/foxy/share/tf2_ros/cmake)
-- Found OpenCV: /usr (found version "4.2.0") 
-- Found ament_lint_auto: 0.9.8 (/opt/ros/foxy/share/ament_lint_auto/cmake)
-- Added test 'copyright' to check source files copyright and LICENSE
-- Added test 'cppcheck' to perform static code analysis on C / C++ code
-- Configured cppcheck include dirs: /home/suxin/English_Path/test111/autonomous_navigation_environment_ego/src/vehicle_simulator/include
-- Configured cppcheck exclude dirs and/or files: 
-- Added test 'cpplint' to check C / C++ code against the Google style
-- Configured cpplint exclude dirs and/or files: 
-- Added test 'flake8' to check Python code syntax and style conventions
-- Added test 'lint_cmake' to check CMake code style
-- Added test 'pep257' to check Python code against some of the style conventions in PEP 257
-- Added test 'uncrustify' to check C / C++ code style
-- Configured uncrustify additional arguments: 
-- Added test 'xmllint' to check XML markup files
-- Configuring done
-- Generating done
-- Build files have been written to: /home/suxin/English_Path/test111/autonomous_navigation_environment_ego/build/vehicle_simulator
[35m[1mScanning dependencies of target vehicleSimulator[0m
[ 50%] [32mBuilding CXX object CMakeFiles/vehicleSimulator.dir/src/vehicleSimulator.cpp.o[0m
[100%] [32m[1mLinking CXX executable vehicleSimulator[0m
[100%] Built target vehicleSimulator
-- Install configuration: "Release"
-- Execute custom install script
-- Symlinking: /home/suxin/English_Path/test111/autonomous_navigation_environment_ego/install/vehicle_simulator/lib/vehicle_simulator/vehicleSimulator
-- Symlinking: /home/suxin/English_Path/test111/autonomous_navigation_environment_ego/install/vehicle_simulator/share/vehicle_simulator/launch/model_test.launch.py
-- Symlinking: /home/suxin/English_Path/test111/autonomous_navigation_environment_ego/install/vehicle_simulator/share/vehicle_simulator/launch/new_test.launch.py
-- Symlinking: /home/suxin/English_Path/test111/autonomous_navigation_environment_ego/install/vehicle_simulator/share/vehicle_simulator/launch/system_campus.launch
-- Symlinking: /home/suxin/English_Path/test111/autonomous_navigation_environment_ego/install/vehicle_simulator/share/vehicle_simulator/launch/system_forest.launch
-- Symlinking: /home/suxin/English_Path/test111/autonomous_navigation_environment_ego/install/vehicle_simulator/share/vehicle_simulator/launch/system_garage.launch
-- Symlinking: /home/suxin/English_Path/test111/autonomous_navigation_environment_ego/install/vehicle_simulator/share/vehicle_simulator/launch/system_garage.launch.py
-- Symlinking: /home/suxin/English_Path/test111/autonomous_navigation_environment_ego/install/vehicle_simulator/share/vehicle_simulator/launch/system_indoor.launch
-- Symlinking: /home/suxin/English_Path/test111/autonomous_navigation_environment_ego/install/vehicle_simulator/share/vehicle_simulator/launch/system_new_garage.launch.py
-- Symlinking: /home/suxin/English_Path/test111/autonomous_navigation_environment_ego/install/vehicle_simulator/share/vehicle_simulator/launch/system_real_robot.launch
-- Symlinking: /home/suxin/English_Path/test111/autonomous_navigation_environment_ego/install/vehicle_simulator/share/vehicle_simulator/launch/system_tunnel.launch
-- Symlinking: /home/suxin/English_Path/test111/autonomous_navigation_environment_ego/install/vehicle_simulator/share/vehicle_simulator/launch/vehicle_simulator.launch
-- Symlinking: /home/suxin/English_Path/test111/autonomous_navigation_environment_ego/install/vehicle_simulator/share/vehicle_simulator/launch/vehicle_simulator.launch.py
-- Symlinking: /home/suxin/English_Path/test111/autonomous_navigation_environment_ego/install/vehicle_simulator/share/vehicle_simulator/launch/world_test.launch.py
-- Symlinking: /home/suxin/English_Path/test111/autonomous_navigation_environment_ego/install/vehicle_simulator/share/vehicle_simulator//config/tare_gazebo_env.rviz
-- Symlinking: /home/suxin/English_Path/test111/autonomous_navigation_environment_ego/install/vehicle_simulator/share/vehicle_simulator//config/vehicleSimulator.yaml
-- Symlinking: /home/suxin/English_Path/test111/autonomous_navigation_environment_ego/install/vehicle_simulator/share/vehicle_simulator/urdf/camera.urdf.xacro
-- Symlinking: /home/suxin/English_Path/test111/autonomous_navigation_environment_ego/install/vehicle_simulator/share/vehicle_simulator/urdf/lidar.urdf.xacro
-- Symlinking: /home/suxin/English_Path/test111/autonomous_navigation_environment_ego/install/vehicle_simulator/share/vehicle_simulator/urdf/new_robot.urdf
-- Symlinking: /home/suxin/English_Path/test111/autonomous_navigation_environment_ego/install/vehicle_simulator/share/vehicle_simulator/urdf/robot.urdf.xacro
-- Symlinking: /home/suxin/English_Path/test111/autonomous_navigation_environment_ego/install/vehicle_simulator/share/vehicle_simulator/world/campus.world
-- Symlinking: /home/suxin/English_Path/test111/autonomous_navigation_environment_ego/install/vehicle_simulator/share/vehicle_simulator/world/forest.world
-- Symlinking: /home/suxin/English_Path/test111/autonomous_navigation_environment_ego/install/vehicle_simulator/share/vehicle_simulator/world/garage.world
-- Symlinking: /home/suxin/English_Path/test111/autonomous_navigation_environment_ego/install/vehicle_simulator/share/vehicle_simulator/world/indoor.world
-- Symlinking: /home/suxin/English_Path/test111/autonomous_navigation_environment_ego/install/vehicle_simulator/share/vehicle_simulator/world/tunnel.world
-- Symlinking: /home/suxin/English_Path/test111/autonomous_navigation_environment_ego/install/vehicle_simulator/share/ament_index/resource_index/package_run_dependencies/vehicle_simulator
-- Symlinking: /home/suxin/English_Path/test111/autonomous_navigation_environment_ego/install/vehicle_simulator/share/ament_index/resource_index/parent_prefix_path/vehicle_simulator
-- Symlinking: /home/suxin/English_Path/test111/autonomous_navigation_environment_ego/install/vehicle_simulator/share/vehicle_simulator/environment/ament_prefix_path.sh
-- Symlinking: /home/suxin/English_Path/test111/autonomous_navigation_environment_ego/install/vehicle_simulator/share/vehicle_simulator/environment/ament_prefix_path.dsv
-- Symlinking: /home/suxin/English_Path/test111/autonomous_navigation_environment_ego/install/vehicle_simulator/share/vehicle_simulator/environment/path.sh
-- Symlinking: /home/suxin/English_Path/test111/autonomous_navigation_environment_ego/install/vehicle_simulator/share/vehicle_simulator/environment/path.dsv
-- Symlinking: /home/suxin/English_Path/test111/autonomous_navigation_environment_ego/install/vehicle_simulator/share/vehicle_simulator/local_setup.bash
-- Symlinking: /home/suxin/English_Path/test111/autonomous_navigation_environment_ego/install/vehicle_simulator/share/vehicle_simulator/local_setup.sh
-- Symlinking: /home/suxin/English_Path/test111/autonomous_navigation_environment_ego/install/vehicle_simulator/share/vehicle_simulator/local_setup.zsh
-- Symlinking: /home/suxin/English_Path/test111/autonomous_navigation_environment_ego/install/vehicle_simulator/share/vehicle_simulator/local_setup.dsv
-- Symlinking: /home/suxin/English_Path/test111/autonomous_navigation_environment_ego/install/vehicle_simulator/share/vehicle_simulator/package.dsv
-- Symlinking: /home/suxin/English_Path/test111/autonomous_navigation_environment_ego/install/vehicle_simulator/share/ament_index/resource_index/packages/vehicle_simulator
-- Symlinking: /home/suxin/English_Path/test111/autonomous_navigation_environment_ego/install/vehicle_simulator/share/vehicle_simulator/cmake/vehicle_simulatorConfig.cmake
-- Symlinking: /home/suxin/English_Path/test111/autonomous_navigation_environment_ego/install/vehicle_simulator/share/vehicle_simulator/cmake/vehicle_simulatorConfig-version.cmake
-- Symlinking: /home/suxin/English_Path/test111/autonomous_navigation_environment_ego/install/vehicle_simulator/share/vehicle_simulator/package.xml
