[0.065s] Invoking command in '/home/suxin/English_Path/test111/autonomous_navigation_environment_ego/build/local_planner': CMAKE_PREFIX_PATH=/opt/ros/foxy /usr/bin/cmake --build /home/suxin/English_Path/test111/autonomous_navigation_environment_ego/build/local_planner -- -j20 -l20
[0.236s] [ 50%] Built target pathFollower
[0.236s] [100%] Built target localPlanner
[0.258s] Invoked command in '/home/suxin/English_Path/test111/autonomous_navigation_environment_ego/build/local_planner' returned '0': CMAKE_PREFIX_PATH=/opt/ros/foxy /usr/bin/cmake --build /home/suxin/English_Path/test111/autonomous_navigation_environment_ego/build/local_planner -- -j20 -l20
[0.316s] Invoking command in '/home/suxin/English_Path/test111/autonomous_navigation_environment_ego/build/local_planner': CMAKE_PREFIX_PATH=/opt/ros/foxy /usr/bin/cmake --install /home/suxin/English_Path/test111/autonomous_navigation_environment_ego/build/local_planner
[0.362s] -- Install configuration: "Release"
[0.362s] -- Execute custom install script
[0.362s] -- Up-to-date symlink: /home/suxin/English_Path/test111/autonomous_navigation_environment_ego/install/local_planner/lib/local_planner/localPlanner
[0.362s] -- Up-to-date symlink: /home/suxin/English_Path/test111/autonomous_navigation_environment_ego/install/local_planner/lib/local_planner/pathFollower
[0.362s] -- Up-to-date symlink: /home/suxin/English_Path/test111/autonomous_navigation_environment_ego/install/local_planner/share/local_planner/launch/local_planner.launch
[0.362s] -- Up-to-date symlink: /home/suxin/English_Path/test111/autonomous_navigation_environment_ego/install/local_planner/share/local_planner/launch/local_planner.launch.py
[0.362s] -- Up-to-date symlink: /home/suxin/English_Path/test111/autonomous_navigation_environment_ego/install/local_planner/share/local_planner/launch/test.launch.py
[0.362s] -- Up-to-date symlink: /home/suxin/English_Path/test111/autonomous_navigation_environment_ego/install/local_planner/share/local_planner//config/localPlanner.yaml
[0.362s] -- Up-to-date symlink: /home/suxin/English_Path/test111/autonomous_navigation_environment_ego/install/local_planner/share/local_planner//config/pathFollower.yaml
[0.363s] -- Up-to-date symlink: /home/suxin/English_Path/test111/autonomous_navigation_environment_ego/install/local_planner/share/ament_index/resource_index/package_run_dependencies/local_planner
[0.363s] -- Up-to-date symlink: /home/suxin/English_Path/test111/autonomous_navigation_environment_ego/install/local_planner/share/ament_index/resource_index/parent_prefix_path/local_planner
[0.363s] -- Up-to-date symlink: /home/suxin/English_Path/test111/autonomous_navigation_environment_ego/install/local_planner/share/local_planner/environment/ament_prefix_path.sh
[0.363s] -- Up-to-date symlink: /home/suxin/English_Path/test111/autonomous_navigation_environment_ego/install/local_planner/share/local_planner/environment/ament_prefix_path.dsv
[0.363s] -- Up-to-date symlink: /home/suxin/English_Path/test111/autonomous_navigation_environment_ego/install/local_planner/share/local_planner/environment/path.sh
[0.363s] -- Up-to-date symlink: /home/suxin/English_Path/test111/autonomous_navigation_environment_ego/install/local_planner/share/local_planner/environment/path.dsv
[0.363s] -- Up-to-date symlink: /home/suxin/English_Path/test111/autonomous_navigation_environment_ego/install/local_planner/share/local_planner/local_setup.bash
[0.363s] -- Up-to-date symlink: /home/suxin/English_Path/test111/autonomous_navigation_environment_ego/install/local_planner/share/local_planner/local_setup.sh
[0.363s] -- Up-to-date symlink: /home/suxin/English_Path/test111/autonomous_navigation_environment_ego/install/local_planner/share/local_planner/local_setup.zsh
[0.363s] -- Up-to-date symlink: /home/suxin/English_Path/test111/autonomous_navigation_environment_ego/install/local_planner/share/local_planner/local_setup.dsv
[0.363s] -- Symlinking: /home/suxin/English_Path/test111/autonomous_navigation_environment_ego/install/local_planner/share/local_planner/package.dsv
[0.363s] -- Up-to-date symlink: /home/suxin/English_Path/test111/autonomous_navigation_environment_ego/install/local_planner/share/ament_index/resource_index/packages/local_planner
[0.363s] -- Up-to-date symlink: /home/suxin/English_Path/test111/autonomous_navigation_environment_ego/install/local_planner/share/local_planner/cmake/local_plannerConfig.cmake
[0.363s] -- Up-to-date symlink: /home/suxin/English_Path/test111/autonomous_navigation_environment_ego/install/local_planner/share/local_planner/cmake/local_plannerConfig-version.cmake
[0.363s] -- Up-to-date symlink: /home/suxin/English_Path/test111/autonomous_navigation_environment_ego/install/local_planner/share/local_planner/package.xml
[0.425s] Invoked command in '/home/suxin/English_Path/test111/autonomous_navigation_environment_ego/build/local_planner' returned '0': CMAKE_PREFIX_PATH=/opt/ros/foxy /usr/bin/cmake --install /home/suxin/English_Path/test111/autonomous_navigation_environment_ego/build/local_planner
