-- The C compiler identification is GNU 9.4.0
-- The CXX compiler identification is GNU 9.4.0
-- Check for working C compiler: /usr/bin/cc
-- Check for working C compiler: /usr/bin/cc -- works
-- Detecting C compiler ABI info
-- Detecting C compiler ABI info - done
-- Detecting C compile features
-- Detecting C compile features - done
-- Check for working CXX compiler: /usr/bin/c++
-- Check for working CXX compiler: /usr/bin/c++ -- works
-- Detecting CXX compiler ABI info
-- Detecting CXX compiler ABI info - done
-- Detecting CXX compile features
-- Detecting CXX compile features - done
-- Found ament_cmake: 0.9.12 (/opt/ros/foxy/share/ament_cmake/cmake)
-- Found PythonInterp: /usr/bin/python3 (found suitable version "3.8.10", minimum required is "3") 
-- Using PYTHON_EXECUTABLE: /usr/bin/python3
-- Override CMake install command with custom implementation using symlinks instead of copying resources
-- Found rclcpp: 2.4.3 (/opt/ros/foxy/share/rclcpp/cmake)
-- Using all available rosidl_typesupport_c: rosidl_typesupport_fastrtps_c;rosidl_typesupport_introspection_c
-- Found rosidl_adapter: 1.3.1 (/opt/ros/foxy/share/rosidl_adapter/cmake)
-- Found OpenSSL: /usr/lib/x86_64-linux-gnu/libcrypto.so (found version "1.1.1f")  
-- Found FastRTPS: /opt/ros/foxy/include  
-- Using all available rosidl_typesupport_cpp: rosidl_typesupport_fastrtps_cpp;rosidl_typesupport_introspection_cpp
-- Found rmw_implementation_cmake: 1.0.4 (/opt/ros/foxy/share/rmw_implementation_cmake/cmake)
-- Using RMW implementation 'rmw_fastrtps_cpp' as default
-- Looking for pthread.h
-- Looking for pthread.h - found
-- Performing Test CMAKE_HAVE_LIBC_PTHREAD
-- Performing Test CMAKE_HAVE_LIBC_PTHREAD - Failed
-- Looking for pthread_create in pthreads
-- Looking for pthread_create in pthreads - not found
-- Looking for pthread_create in pthread
-- Looking for pthread_create in pthread - found
-- Found Threads: TRUE  
-- Found Armadillo: /usr/lib/libarmadillo.so (found version "9.800.4") 
-- Found ament_lint_auto: 0.9.8 (/opt/ros/foxy/share/ament_lint_auto/cmake)
-- Added test 'copyright' to check source files copyright and LICENSE
-- Added test 'cppcheck' to perform static code analysis on C / C++ code
-- Configured cppcheck include dirs: /home/suxin/English_Path/test111/autonomous_navigation_environment_ego/src/ego_planner_ros2/src/uav_simulator/Utils/pose_utils/include
-- Configured cppcheck exclude dirs and/or files: 
-- Added test 'cpplint' to check C / C++ code against the Google style
-- Configured cpplint exclude dirs and/or files: 
-- Added test 'lint_cmake' to check CMake code style
-- Added test 'uncrustify' to check C / C++ code style
-- Configured uncrustify additional arguments: 
-- Added test 'xmllint' to check XML markup files
-- Configuring done
-- Generating done
-- Build files have been written to: /home/suxin/English_Path/test111/autonomous_navigation_environment_ego/build/pose_utils
[35m[1mScanning dependencies of target pose_utils[0m
[ 50%] [32mBuilding CXX object CMakeFiles/pose_utils.dir/src/pose_utils.cpp.o[0m
[01m[K/home/suxin/English_Path/test111/autonomous_navigation_environment_ego/src/ego_planner_ros2/src/uav_simulator/Utils/pose_utils/src/pose_utils.cpp:[m[K In function ‘[01m[Karma::mat jacobianF(const colvec&, const colvec&, double)[m[K’:
[01m[K/home/suxin/English_Path/test111/autonomous_navigation_environment_ego/src/ego_planner_ros2/src/uav_simulator/Utils/pose_utils/src/pose_utils.cpp:320:10:[m[K [01;35m[Kwarning: [m[Kunused variable ‘[01m[Kx[m[K’ [[01;35m[K-Wunused-variable[m[K]
  320 |   double [01;35m[Kx[m[K  = X(0);
      |          [01;35m[K^[m[K
[01m[K/home/suxin/English_Path/test111/autonomous_navigation_environment_ego/src/ego_planner_ros2/src/uav_simulator/Utils/pose_utils/src/pose_utils.cpp:321:10:[m[K [01;35m[Kwarning: [m[Kunused variable ‘[01m[Ky[m[K’ [[01;35m[K-Wunused-variable[m[K]
  321 |   double [01;35m[Ky[m[K  = X(1);
      |          [01;35m[K^[m[K
[01m[K/home/suxin/English_Path/test111/autonomous_navigation_environment_ego/src/ego_planner_ros2/src/uav_simulator/Utils/pose_utils/src/pose_utils.cpp:322:10:[m[K [01;35m[Kwarning: [m[Kunused variable ‘[01m[Kz[m[K’ [[01;35m[K-Wunused-variable[m[K]
  322 |   double [01;35m[Kz[m[K  = X(2);
      |          [01;35m[K^[m[K
[01m[K/home/suxin/English_Path/test111/autonomous_navigation_environment_ego/src/ego_planner_ros2/src/uav_simulator/Utils/pose_utils/src/pose_utils.cpp:326:10:[m[K [01;35m[Kwarning: [m[Kunused variable ‘[01m[Kvx[m[K’ [[01;35m[K-Wunused-variable[m[K]
  326 |   double [01;35m[Kvx[m[K = X(6);
      |          [01;35m[K^~[m[K
[01m[K/home/suxin/English_Path/test111/autonomous_navigation_environment_ego/src/ego_planner_ros2/src/uav_simulator/Utils/pose_utils/src/pose_utils.cpp:327:10:[m[K [01;35m[Kwarning: [m[Kunused variable ‘[01m[Kvy[m[K’ [[01;35m[K-Wunused-variable[m[K]
  327 |   double [01;35m[Kvy[m[K = X(7);
      |          [01;35m[K^~[m[K
[01m[K/home/suxin/English_Path/test111/autonomous_navigation_environment_ego/src/ego_planner_ros2/src/uav_simulator/Utils/pose_utils/src/pose_utils.cpp:328:10:[m[K [01;35m[Kwarning: [m[Kunused variable ‘[01m[Kvz[m[K’ [[01;35m[K-Wunused-variable[m[K]
  328 |   double [01;35m[Kvz[m[K = X(8);
      |          [01;35m[K^~[m[K
[01m[K/home/suxin/English_Path/test111/autonomous_navigation_environment_ego/src/ego_planner_ros2/src/uav_simulator/Utils/pose_utils/src/pose_utils.cpp:332:10:[m[K [01;35m[Kwarning: [m[Kunused variable ‘[01m[Kwx[m[K’ [[01;35m[K-Wunused-variable[m[K]
  332 |   double [01;35m[Kwx[m[K = U(3);
      |          [01;35m[K^~[m[K
[01m[K/home/suxin/English_Path/test111/autonomous_navigation_environment_ego/src/ego_planner_ros2/src/uav_simulator/Utils/pose_utils/src/pose_utils.cpp:[m[K In function ‘[01m[Karma::mat jacobianU(const colvec&, const colvec&, double)[m[K’:
[01m[K/home/suxin/English_Path/test111/autonomous_navigation_environment_ego/src/ego_planner_ros2/src/uav_simulator/Utils/pose_utils/src/pose_utils.cpp:434:10:[m[K [01;35m[Kwarning: [m[Kunused variable ‘[01m[Kx[m[K’ [[01;35m[K-Wunused-variable[m[K]
  434 |   double [01;35m[Kx[m[K  = X(0);
      |          [01;35m[K^[m[K
[01m[K/home/suxin/English_Path/test111/autonomous_navigation_environment_ego/src/ego_planner_ros2/src/uav_simulator/Utils/pose_utils/src/pose_utils.cpp:435:10:[m[K [01;35m[Kwarning: [m[Kunused variable ‘[01m[Ky[m[K’ [[01;35m[K-Wunused-variable[m[K]
  435 |   double [01;35m[Ky[m[K  = X(1);
      |          [01;35m[K^[m[K
[01m[K/home/suxin/English_Path/test111/autonomous_navigation_environment_ego/src/ego_planner_ros2/src/uav_simulator/Utils/pose_utils/src/pose_utils.cpp:436:10:[m[K [01;35m[Kwarning: [m[Kunused variable ‘[01m[Kz[m[K’ [[01;35m[K-Wunused-variable[m[K]
  436 |   double [01;35m[Kz[m[K  = X(2);
      |          [01;35m[K^[m[K
[01m[K/home/suxin/English_Path/test111/autonomous_navigation_environment_ego/src/ego_planner_ros2/src/uav_simulator/Utils/pose_utils/src/pose_utils.cpp:440:10:[m[K [01;35m[Kwarning: [m[Kunused variable ‘[01m[Kvx[m[K’ [[01;35m[K-Wunused-variable[m[K]
  440 |   double [01;35m[Kvx[m[K = X(6);
      |          [01;35m[K^~[m[K
[01m[K/home/suxin/English_Path/test111/autonomous_navigation_environment_ego/src/ego_planner_ros2/src/uav_simulator/Utils/pose_utils/src/pose_utils.cpp:441:10:[m[K [01;35m[Kwarning: [m[Kunused variable ‘[01m[Kvy[m[K’ [[01;35m[K-Wunused-variable[m[K]
  441 |   double [01;35m[Kvy[m[K = X(7);
      |          [01;35m[K^~[m[K
[01m[K/home/suxin/English_Path/test111/autonomous_navigation_environment_ego/src/ego_planner_ros2/src/uav_simulator/Utils/pose_utils/src/pose_utils.cpp:442:10:[m[K [01;35m[Kwarning: [m[Kunused variable ‘[01m[Kvz[m[K’ [[01;35m[K-Wunused-variable[m[K]
  442 |   double [01;35m[Kvz[m[K = X(8);
      |          [01;35m[K^~[m[K
[01m[K/home/suxin/English_Path/test111/autonomous_navigation_environment_ego/src/ego_planner_ros2/src/uav_simulator/Utils/pose_utils/src/pose_utils.cpp:443:10:[m[K [01;35m[Kwarning: [m[Kunused variable ‘[01m[Kax[m[K’ [[01;35m[K-Wunused-variable[m[K]
  443 |   double [01;35m[Kax[m[K = U(0);
      |          [01;35m[K^~[m[K
[01m[K/home/suxin/English_Path/test111/autonomous_navigation_environment_ego/src/ego_planner_ros2/src/uav_simulator/Utils/pose_utils/src/pose_utils.cpp:444:10:[m[K [01;35m[Kwarning: [m[Kunused variable ‘[01m[Kay[m[K’ [[01;35m[K-Wunused-variable[m[K]
  444 |   double [01;35m[Kay[m[K = U(1);
      |          [01;35m[K^~[m[K
[01m[K/home/suxin/English_Path/test111/autonomous_navigation_environment_ego/src/ego_planner_ros2/src/uav_simulator/Utils/pose_utils/src/pose_utils.cpp:445:10:[m[K [01;35m[Kwarning: [m[Kunused variable ‘[01m[Kaz[m[K’ [[01;35m[K-Wunused-variable[m[K]
  445 |   double [01;35m[Kaz[m[K = U(2);
      |          [01;35m[K^~[m[K
[01m[K/home/suxin/English_Path/test111/autonomous_navigation_environment_ego/src/ego_planner_ros2/src/uav_simulator/Utils/pose_utils/src/pose_utils.cpp:446:10:[m[K [01;35m[Kwarning: [m[Kunused variable ‘[01m[Kwx[m[K’ [[01;35m[K-Wunused-variable[m[K]
  446 |   double [01;35m[Kwx[m[K = U(3);
      |          [01;35m[K^~[m[K
[01m[K/home/suxin/English_Path/test111/autonomous_navigation_environment_ego/src/ego_planner_ros2/src/uav_simulator/Utils/pose_utils/src/pose_utils.cpp:447:10:[m[K [01;35m[Kwarning: [m[Kunused variable ‘[01m[Kwy[m[K’ [[01;35m[K-Wunused-variable[m[K]
  447 |   double [01;35m[Kwy[m[K = U(4);
      |          [01;35m[K^~[m[K
[01m[K/home/suxin/English_Path/test111/autonomous_navigation_environment_ego/src/ego_planner_ros2/src/uav_simulator/Utils/pose_utils/src/pose_utils.cpp:448:10:[m[K [01;35m[Kwarning: [m[Kunused variable ‘[01m[Kwz[m[K’ [[01;35m[K-Wunused-variable[m[K]
  448 |   double [01;35m[Kwz[m[K = U(5);
      |          [01;35m[K^~[m[K
[100%] [32m[1mLinking CXX shared library libpose_utils.so[0m
[100%] Built target pose_utils
-- Install configuration: "Release"
-- Execute custom install script
-- Symlinking: /home/suxin/English_Path/test111/autonomous_navigation_environment_ego/install/pose_utils/lib/pose_utils/libpose_utils.so
-- Symlinking: /home/suxin/English_Path/test111/autonomous_navigation_environment_ego/install/pose_utils/share/ament_index/resource_index/package_run_dependencies/pose_utils
-- Symlinking: /home/suxin/English_Path/test111/autonomous_navigation_environment_ego/install/pose_utils/share/ament_index/resource_index/parent_prefix_path/pose_utils
-- Symlinking: /home/suxin/English_Path/test111/autonomous_navigation_environment_ego/install/pose_utils/share/pose_utils/environment/ament_prefix_path.sh
-- Symlinking: /home/suxin/English_Path/test111/autonomous_navigation_environment_ego/install/pose_utils/share/pose_utils/environment/ament_prefix_path.dsv
-- Symlinking: /home/suxin/English_Path/test111/autonomous_navigation_environment_ego/install/pose_utils/share/pose_utils/environment/path.sh
-- Symlinking: /home/suxin/English_Path/test111/autonomous_navigation_environment_ego/install/pose_utils/share/pose_utils/environment/path.dsv
-- Symlinking: /home/suxin/English_Path/test111/autonomous_navigation_environment_ego/install/pose_utils/share/pose_utils/local_setup.bash
-- Symlinking: /home/suxin/English_Path/test111/autonomous_navigation_environment_ego/install/pose_utils/share/pose_utils/local_setup.sh
-- Symlinking: /home/suxin/English_Path/test111/autonomous_navigation_environment_ego/install/pose_utils/share/pose_utils/local_setup.zsh
-- Symlinking: /home/suxin/English_Path/test111/autonomous_navigation_environment_ego/install/pose_utils/share/pose_utils/local_setup.dsv
-- Symlinking: /home/suxin/English_Path/test111/autonomous_navigation_environment_ego/install/pose_utils/share/pose_utils/package.dsv
-- Symlinking: /home/suxin/English_Path/test111/autonomous_navigation_environment_ego/install/pose_utils/share/ament_index/resource_index/packages/pose_utils
-- Symlinking: /home/suxin/English_Path/test111/autonomous_navigation_environment_ego/install/pose_utils/share/pose_utils/cmake/pose_utilsConfig.cmake
-- Symlinking: /home/suxin/English_Path/test111/autonomous_navigation_environment_ego/install/pose_utils/share/pose_utils/cmake/pose_utilsConfig-version.cmake
-- Symlinking: /home/suxin/English_Path/test111/autonomous_navigation_environment_ego/install/pose_utils/share/pose_utils/package.xml
