[0.058s] Invoking command in '/home/suxin/English_Path/test111/autonomous_navigation_environment_ego/build/terrain_analysis_ext': CMAKE_PREFIX_PATH=/opt/ros/foxy /usr/bin/cmake /home/suxin/English_Path/test111/autonomous_navigation_environment_ego/src/terrain_analysis_ext -DAMENT_CMAKE_SYMLINK_INSTALL=1 -DCMAKE_INSTALL_PREFIX=/home/suxin/English_Path/test111/autonomous_navigation_environment_ego/install/terrain_analysis_ext
[1.921s] -- The C compiler identification is GNU 9.4.0
[1.921s] -- The CXX compiler identification is GNU 9.4.0
[1.921s] -- Check for working C compiler: /usr/bin/cc
[1.921s] -- Check for working C compiler: /usr/bin/cc -- works
[1.921s] -- Detecting C compiler ABI info
[1.921s] -- Detecting C compiler ABI info - done
[1.921s] -- Detecting C compile features
[1.921s] -- Detecting C compile features - done
[1.921s] -- Check for working CXX compiler: /usr/bin/c++
[1.921s] -- Check for working CXX compiler: /usr/bin/c++ -- works
[1.921s] -- Detecting CXX compiler ABI info
[1.921s] -- Detecting CXX compiler ABI info - done
[1.922s] -- Detecting CXX compile features
[1.922s] -- Detecting CXX compile features - done
[1.922s] -- Found ament_cmake: 0.9.12 (/opt/ros/foxy/share/ament_cmake/cmake)
[1.922s] -- Found PythonInterp: /usr/bin/python3 (found suitable version "3.8.10", minimum required is "3") 
[1.922s] -- Using PYTHON_EXECUTABLE: /usr/bin/python3
[1.922s] -- Override CMake install command with custom implementation using symlinks instead of copying resources
[1.922s] -- Found rclcpp: 2.4.3 (/opt/ros/foxy/share/rclcpp/cmake)
[1.922s] -- Using all available rosidl_typesupport_c: rosidl_typesupport_fastrtps_c;rosidl_typesupport_introspection_c
[1.922s] -- Found rosidl_adapter: 1.3.1 (/opt/ros/foxy/share/rosidl_adapter/cmake)
[1.922s] -- Found OpenSSL: /usr/lib/x86_64-linux-gnu/libcrypto.so (found version "1.1.1f")  
[1.922s] -- Found FastRTPS: /opt/ros/foxy/include  
[1.922s] -- Using all available rosidl_typesupport_cpp: rosidl_typesupport_fastrtps_cpp;rosidl_typesupport_introspection_cpp
[1.922s] -- Found rmw_implementation_cmake: 1.0.4 (/opt/ros/foxy/share/rmw_implementation_cmake/cmake)
[1.922s] -- Using RMW implementation 'rmw_fastrtps_cpp' as default
[1.922s] -- Looking for pthread.h
[1.922s] -- Looking for pthread.h - found
[1.922s] -- Performing Test CMAKE_HAVE_LIBC_PTHREAD
[1.922s] -- Performing Test CMAKE_HAVE_LIBC_PTHREAD - Failed
[1.922s] -- Looking for pthread_create in pthreads
[1.922s] -- Looking for pthread_create in pthreads - not found
[1.923s] -- Looking for pthread_create in pthread
[1.923s] -- Looking for pthread_create in pthread - found
[1.923s] -- Found Threads: TRUE  
[1.923s] -- Found sensor_msgs: 2.0.5 (/opt/ros/foxy/share/sensor_msgs/cmake)
[1.923s] -- Checking for module 'eigen3'
[1.923s] --   Found eigen3, version 3.3.7
[1.923s] -- Found Eigen: /usr/include/eigen3 (Required is at least version "3.1") 
[1.923s] -- Eigen found (include: /usr/include/eigen3, version: 3.3.7)
[1.923s] -- Found Boost: /usr/include (found suitable version "1.71.0", minimum required is "1.55.0") found components: system filesystem date_time iostreams regex 
[1.923s] -- Checking for module 'flann'
[1.923s] --   Found flann, version 1.9.1
[1.923s] -- Found FLANN: /usr/lib/x86_64-linux-gnu/libflann_cpp.so  
[1.923s] -- The imported target "vtkParseOGLExt" references the file
[1.923s]    "/usr/bin/vtkParseOGLExt-7.1"
[1.923s] but this file does not exist.  Possible reasons include:
[1.923s] * The file was deleted, renamed, or moved to another location.
[1.923s] * An install or uninstall procedure did not complete successfully.
[1.923s] * The installation package was faulty and contained
[1.923s]    "/usr/lib/cmake/vtk-7.1/VTKTargets.cmake"
[1.923s] but not all the files it references.
[1.923s] 
[1.923s] -- The imported target "vtkRenderingPythonTkWidgets" references the file
[1.924s]    "/usr/lib/x86_64-linux-gnu/libvtkRenderingPythonTkWidgets.so"
[1.924s] but this file does not exist.  Possible reasons include:
[1.924s] * The file was deleted, renamed, or moved to another location.
[1.924s] * An install or uninstall procedure did not complete successfully.
[1.924s] * The installation package was faulty and contained
[1.924s]    "/usr/lib/cmake/vtk-7.1/VTKTargets.cmake"
[1.924s] but not all the files it references.
[1.924s] 
[1.924s] -- The imported target "vtk" references the file
[1.924s]    "/usr/bin/vtk"
[1.924s] but this file does not exist.  Possible reasons include:
[1.924s] * The file was deleted, renamed, or moved to another location.
[1.924s] * An install or uninstall procedure did not complete successfully.
[1.924s] * The installation package was faulty and contained
[1.924s]    "/usr/lib/cmake/vtk-7.1/VTKTargets.cmake"
[1.924s] but not all the files it references.
[1.924s] 
[1.924s] -- The imported target "pvtk" references the file
[1.924s]    "/usr/bin/pvtk"
[1.924s] but this file does not exist.  Possible reasons include:
[1.924s] * The file was deleted, renamed, or moved to another location.
[1.925s] * An install or uninstall procedure did not complete successfully.
[1.925s] * The installation package was faulty and contained
[1.925s]    "/usr/lib/cmake/vtk-7.1/VTKTargets.cmake"
[1.925s] but not all the files it references.
[1.925s] 
[1.925s] -- Checking for module 'libusb-1.0'
[1.925s] --   Found libusb-1.0, version 1.0.23
[1.925s] -- Found USB_10: /usr/lib/x86_64-linux-gnu/libusb-1.0.so  
[1.925s] -- Found OpenNI: /usr/lib/libOpenNI.so  
[1.927s] -- OpenNI found (include: /usr/include/ni, lib: /usr/lib/libOpenNI.so)
[1.958s] -- Found OpenNI2: /usr/lib/libOpenNI2.so  
[1.958s] -- OpenNI2 found (include: /usr/include/openni2, lib: /usr/lib/libOpenNI2.so)
[1.958s] ** WARNING ** io features related to pcap will be disabled
[1.958s] ** WARNING ** io features related to png will be disabled
[1.975s] -- Found libusb-1.0: /usr/include  
[1.975s] ** WARNING ** io features related to libusb-1.0 will be disabled
[1.982s] -- OpenNI found (include: /usr/include/ni, lib: /usr/lib/libOpenNI.so)
[1.989s] -- OpenNI2 found (include: /usr/include/openni2, lib: /usr/lib/libOpenNI2.so)
[2.020s] -- Found Qhull: optimized;/usr/lib/x86_64-linux-gnu/libqhull.so;debug;/usr/lib/x86_64-linux-gnu/libqhull.so  
[2.020s] -- QHULL found (include: /usr/include, lib: optimized;/usr/lib/x86_64-linux-gnu/libqhull.so;debug;/usr/lib/x86_64-linux-gnu/libqhull.so)
[2.037s] -- OpenNI found (include: /usr/include/ni, lib: /usr/lib/libOpenNI.so)
[2.038s] -- looking for PCL_COMMON
[2.038s] -- Found PCL_COMMON: /usr/lib/x86_64-linux-gnu/libpcl_common.so  
[2.039s] -- looking for PCL_KDTREE
[2.040s] -- Found PCL_KDTREE: /usr/lib/x86_64-linux-gnu/libpcl_kdtree.so  
[2.040s] -- looking for PCL_OCTREE
[2.041s] -- Found PCL_OCTREE: /usr/lib/x86_64-linux-gnu/libpcl_octree.so  
[2.042s] -- looking for PCL_SEARCH
[2.043s] -- Found PCL_SEARCH: /usr/lib/x86_64-linux-gnu/libpcl_search.so  
[2.043s] -- looking for PCL_SAMPLE_CONSENSUS
[2.044s] -- Found PCL_SAMPLE_CONSENSUS: /usr/lib/x86_64-linux-gnu/libpcl_sample_consensus.so  
[2.045s] -- looking for PCL_FILTERS
[2.046s] -- Found PCL_FILTERS: /usr/lib/x86_64-linux-gnu/libpcl_filters.so  
[2.046s] -- looking for PCL_2D
[2.046s] -- Found PCL_2D: /usr/include/pcl-1.10  
[2.047s] -- looking for PCL_GEOMETRY
[2.047s] -- Found PCL_GEOMETRY: /usr/include/pcl-1.10  
[2.047s] -- looking for PCL_IO
[2.048s] -- Found PCL_IO: /usr/lib/x86_64-linux-gnu/libpcl_io.so  
[2.049s] -- looking for PCL_FEATURES
[2.050s] -- Found PCL_FEATURES: /usr/lib/x86_64-linux-gnu/libpcl_features.so  
[2.050s] -- looking for PCL_ML
[2.051s] -- Found PCL_ML: /usr/lib/x86_64-linux-gnu/libpcl_ml.so  
[2.052s] -- looking for PCL_SEGMENTATION
[2.053s] -- Found PCL_SEGMENTATION: /usr/lib/x86_64-linux-gnu/libpcl_segmentation.so  
[2.053s] -- looking for PCL_VISUALIZATION
[2.054s] -- Found PCL_VISUALIZATION: /usr/lib/x86_64-linux-gnu/libpcl_visualization.so  
[2.054s] -- looking for PCL_SURFACE
[2.055s] -- Found PCL_SURFACE: /usr/lib/x86_64-linux-gnu/libpcl_surface.so  
[2.056s] -- looking for PCL_REGISTRATION
[2.057s] -- Found PCL_REGISTRATION: /usr/lib/x86_64-linux-gnu/libpcl_registration.so  
[2.057s] -- looking for PCL_KEYPOINTS
[2.058s] -- Found PCL_KEYPOINTS: /usr/lib/x86_64-linux-gnu/libpcl_keypoints.so  
[2.058s] -- looking for PCL_TRACKING
[2.059s] -- Found PCL_TRACKING: /usr/lib/x86_64-linux-gnu/libpcl_tracking.so  
[2.059s] -- looking for PCL_RECOGNITION
[2.060s] -- Found PCL_RECOGNITION: /usr/lib/x86_64-linux-gnu/libpcl_recognition.so  
[2.061s] -- looking for PCL_STEREO
[2.062s] -- Found PCL_STEREO: /usr/lib/x86_64-linux-gnu/libpcl_stereo.so  
[2.062s] -- looking for PCL_APPS
[2.063s] -- Found PCL_APPS: /usr/lib/x86_64-linux-gnu/libpcl_apps.so  
[2.064s] -- looking for PCL_IN_HAND_SCANNER
[2.064s] -- Found PCL_IN_HAND_SCANNER: /usr/include/pcl-1.10  
[2.065s] -- looking for PCL_POINT_CLOUD_EDITOR
[2.065s] -- Found PCL_POINT_CLOUD_EDITOR: /usr/include/pcl-1.10  
[2.065s] -- looking for PCL_OUTOFCORE
[2.066s] -- Found PCL_OUTOFCORE: /usr/lib/x86_64-linux-gnu/libpcl_outofcore.so  
[2.067s] -- looking for PCL_PEOPLE
[2.068s] -- Found PCL_PEOPLE: /usr/lib/x86_64-linux-gnu/libpcl_people.so  
[2.069s] -- Found PCL: pcl_common;pcl_kdtree;pcl_octree;pcl_search;pcl_sample_consensus;pcl_filters;pcl_io;pcl_features;pcl_ml;pcl_segmentation;pcl_visualization;pcl_surface;pcl_registration;pcl_keypoints;pcl_tracking;pcl_recognition;pcl_stereo;pcl_apps;pcl_outofcore;pcl_people;/usr/lib/x86_64-linux-gnu/libboost_system.so;/usr/lib/x86_64-linux-gnu/libboost_filesystem.so;/usr/lib/x86_64-linux-gnu/libboost_date_time.so;/usr/lib/x86_64-linux-gnu/libboost_iostreams.so;/usr/lib/x86_64-linux-gnu/libboost_regex.so;optimized;/usr/lib/x86_64-linux-gnu/libqhull.so;debug;/usr/lib/x86_64-linux-gnu/libqhull.so;/usr/lib/libOpenNI.so;/usr/lib/libOpenNI2.so;vtkChartsCore;vtkCommonColor;vtkCommonCore;vtksys;vtkCommonDataModel;vtkCommonMath;vtkCommonMisc;vtkCommonSystem;vtkCommonTransforms;vtkCommonExecutionModel;vtkFiltersGeneral;vtkCommonComputationalGeometry;vtkFiltersCore;vtkInfovisCore;vtkFiltersExtraction;vtkFiltersStatistics;vtkImagingFourier;vtkImagingCore;vtkalglib;vtkRenderingContext2D;vtkRenderingCore;vtkFiltersGeometry;vtkFiltersSources;vtkRenderingFreeType;/usr/lib/x86_64-linux-gnu/libfreetype.so;/usr/lib/x86_64-linux-gnu/libz.so;vtkFiltersModeling;vtkImagingSources;vtkInteractionStyle;vtkInteractionWidgets;vtkFiltersHybrid;vtkImagingColor;vtkImagingGeneral;vtkImagingHybrid;vtkIOImage;vtkDICOMParser;vtkmetaio;/usr/lib/x86_64-linux-gnu/libjpeg.so;/usr/lib/x86_64-linux-gnu/libpng.so;/usr/lib/x86_64-linux-gnu/libtiff.so;vtkRenderingAnnotation;vtkRenderingVolume;vtkIOXML;vtkIOCore;vtkIOXMLParser;/usr/lib/x86_64-linux-gnu/libexpat.so;vtkIOGeometry;vtkIOLegacy;vtkIOPLY;vtkRenderingLOD;vtkViewsContext2D;vtkViewsCore;vtkRenderingContextOpenGL2;vtkRenderingOpenGL2;FLANN::FLANN  
[2.070s] -- Found nav_msgs: 2.0.5 (/opt/ros/foxy/share/nav_msgs/cmake)
[2.147s] -- Found OpenCV: /usr (found version "4.2.0") 
[2.166s] -- Found ament_lint_auto: 0.9.8 (/opt/ros/foxy/share/ament_lint_auto/cmake)
[2.224s] -- Added test 'copyright' to check source files copyright and LICENSE
[2.224s] -- Added test 'cppcheck' to perform static code analysis on C / C++ code
[2.225s] -- Configured cppcheck include dirs: /home/suxin/English_Path/test111/autonomous_navigation_environment_ego/src/terrain_analysis_ext/include
[2.225s] -- Configured cppcheck exclude dirs and/or files: 
[2.225s] -- Added test 'cpplint' to check C / C++ code against the Google style
[2.225s] -- Configured cpplint exclude dirs and/or files: 
[2.226s] -- Added test 'flake8' to check Python code syntax and style conventions
[2.226s] -- Added test 'lint_cmake' to check CMake code style
[2.226s] -- Added test 'pep257' to check Python code against some of the style conventions in PEP 257
[2.227s] -- Added test 'uncrustify' to check C / C++ code style
[2.227s] -- Configured uncrustify additional arguments: 
[2.227s] -- Added test 'xmllint' to check XML markup files
[2.229s] -- Configuring done
[2.278s] -- Generating done
[2.281s] -- Build files have been written to: /home/suxin/English_Path/test111/autonomous_navigation_environment_ego/build/terrain_analysis_ext
[2.298s] Invoked command in '/home/suxin/English_Path/test111/autonomous_navigation_environment_ego/build/terrain_analysis_ext' returned '0': CMAKE_PREFIX_PATH=/opt/ros/foxy /usr/bin/cmake /home/suxin/English_Path/test111/autonomous_navigation_environment_ego/src/terrain_analysis_ext -DAMENT_CMAKE_SYMLINK_INSTALL=1 -DCMAKE_INSTALL_PREFIX=/home/suxin/English_Path/test111/autonomous_navigation_environment_ego/install/terrain_analysis_ext
[2.303s] Invoking command in '/home/suxin/English_Path/test111/autonomous_navigation_environment_ego/build/terrain_analysis_ext': CMAKE_PREFIX_PATH=/opt/ros/foxy /usr/bin/cmake --build /home/suxin/English_Path/test111/autonomous_navigation_environment_ego/build/terrain_analysis_ext -- -j20 -l20
[2.376s] [35m[1mScanning dependencies of target terrainAnalysisExt[0m
[2.447s] [ 50%] [32mBuilding CXX object CMakeFiles/terrainAnalysisExt.dir/src/terrainAnalysisExt.cpp.o[0m
[45.565s] [100%] [32m[1mLinking CXX executable terrainAnalysisExt[0m
[46.207s] [100%] Built target terrainAnalysisExt
[46.236s] Invoked command in '/home/suxin/English_Path/test111/autonomous_navigation_environment_ego/build/terrain_analysis_ext' returned '0': CMAKE_PREFIX_PATH=/opt/ros/foxy /usr/bin/cmake --build /home/suxin/English_Path/test111/autonomous_navigation_environment_ego/build/terrain_analysis_ext -- -j20 -l20
[46.257s] Invoking command in '/home/suxin/English_Path/test111/autonomous_navigation_environment_ego/build/terrain_analysis_ext': CMAKE_PREFIX_PATH=/opt/ros/foxy /usr/bin/cmake --install /home/suxin/English_Path/test111/autonomous_navigation_environment_ego/build/terrain_analysis_ext
[46.267s] -- Install configuration: "Release"
[46.268s] -- Execute custom install script
[46.268s] -- Symlinking: /home/suxin/English_Path/test111/autonomous_navigation_environment_ego/install/terrain_analysis_ext/lib/terrain_analysis_ext/terrainAnalysisExt
[46.277s] -- Symlinking: /home/suxin/English_Path/test111/autonomous_navigation_environment_ego/install/terrain_analysis_ext/share/terrain_analysis_ext/launch/terrain_analysis_ext.launch
[46.284s] -- Symlinking: /home/suxin/English_Path/test111/autonomous_navigation_environment_ego/install/terrain_analysis_ext/share/terrain_analysis_ext/launch/terrain_analysis_ext.launch.py
[46.292s] -- Symlinking: /home/suxin/English_Path/test111/autonomous_navigation_environment_ego/install/terrain_analysis_ext/share/terrain_analysis_ext//config/terrain_analysis_ext.yaml
[46.299s] -- Symlinking: /home/suxin/English_Path/test111/autonomous_navigation_environment_ego/install/terrain_analysis_ext/share/ament_index/resource_index/package_run_dependencies/terrain_analysis_ext
[46.307s] -- Symlinking: /home/suxin/English_Path/test111/autonomous_navigation_environment_ego/install/terrain_analysis_ext/share/ament_index/resource_index/parent_prefix_path/terrain_analysis_ext
[46.314s] -- Symlinking: /home/suxin/English_Path/test111/autonomous_navigation_environment_ego/install/terrain_analysis_ext/share/terrain_analysis_ext/environment/ament_prefix_path.sh
[46.322s] -- Symlinking: /home/suxin/English_Path/test111/autonomous_navigation_environment_ego/install/terrain_analysis_ext/share/terrain_analysis_ext/environment/ament_prefix_path.dsv
[46.329s] -- Symlinking: /home/suxin/English_Path/test111/autonomous_navigation_environment_ego/install/terrain_analysis_ext/share/terrain_analysis_ext/environment/path.sh
[46.336s] -- Symlinking: /home/suxin/English_Path/test111/autonomous_navigation_environment_ego/install/terrain_analysis_ext/share/terrain_analysis_ext/environment/path.dsv
[46.343s] -- Symlinking: /home/suxin/English_Path/test111/autonomous_navigation_environment_ego/install/terrain_analysis_ext/share/terrain_analysis_ext/local_setup.bash
[46.350s] -- Symlinking: /home/suxin/English_Path/test111/autonomous_navigation_environment_ego/install/terrain_analysis_ext/share/terrain_analysis_ext/local_setup.sh
[46.358s] -- Symlinking: /home/suxin/English_Path/test111/autonomous_navigation_environment_ego/install/terrain_analysis_ext/share/terrain_analysis_ext/local_setup.zsh
[46.365s] -- Symlinking: /home/suxin/English_Path/test111/autonomous_navigation_environment_ego/install/terrain_analysis_ext/share/terrain_analysis_ext/local_setup.dsv
[46.373s] -- Symlinking: /home/suxin/English_Path/test111/autonomous_navigation_environment_ego/install/terrain_analysis_ext/share/terrain_analysis_ext/package.dsv
[46.380s] -- Symlinking: /home/suxin/English_Path/test111/autonomous_navigation_environment_ego/install/terrain_analysis_ext/share/ament_index/resource_index/packages/terrain_analysis_ext
[46.388s] -- Symlinking: /home/suxin/English_Path/test111/autonomous_navigation_environment_ego/install/terrain_analysis_ext/share/terrain_analysis_ext/cmake/terrain_analysis_extConfig.cmake
[46.396s] -- Symlinking: /home/suxin/English_Path/test111/autonomous_navigation_environment_ego/install/terrain_analysis_ext/share/terrain_analysis_ext/cmake/terrain_analysis_extConfig-version.cmake
[46.404s] -- Symlinking: /home/suxin/English_Path/test111/autonomous_navigation_environment_ego/install/terrain_analysis_ext/share/terrain_analysis_ext/package.xml
[46.415s] Invoked command in '/home/suxin/English_Path/test111/autonomous_navigation_environment_ego/build/terrain_analysis_ext' returned '0': CMAKE_PREFIX_PATH=/opt/ros/foxy /usr/bin/cmake --install /home/suxin/English_Path/test111/autonomous_navigation_environment_ego/build/terrain_analysis_ext
