[0.050s] Invoking command in '/home/suxin/English_Path/test111/autonomous_navigation_environment_ego/build/bspline_opt': CMAKE_PREFIX_PATH=/opt/ros/foxy /usr/bin/cmake /home/suxin/English_Path/test111/autonomous_navigation_environment_ego/src/ego_planner_ros2/src/planner/bspline_opt -DAMENT_CMAKE_SYMLINK_INSTALL=1 -DCMAKE_INSTALL_PREFIX=/home/suxin/English_Path/test111/autonomous_navigation_environment_ego/install/bspline_opt
[0.293s] -- The C compiler identification is GNU 9.4.0
[0.293s] -- The CXX compiler identification is GNU 9.4.0
[0.293s] -- Check for working C compiler: /usr/bin/cc
[0.293s] -- Check for working C compiler: /usr/bin/cc -- works
[0.293s] -- Detecting C compiler ABI info
[0.337s] -- Detecting C compiler ABI info - done
[0.349s] -- Detecting C compile features
[0.349s] -- Detecting C compile features - done
[0.351s] -- Check for working CXX compiler: /usr/bin/c++
[0.424s] -- Check for working CXX compiler: /usr/bin/c++ -- works
[0.425s] -- Detecting CXX compiler ABI info
[0.504s] -- Detecting CXX compiler ABI info - done
[0.516s] -- Detecting CXX compile features
[0.516s] -- Detecting CXX compile features - done
[0.519s] -- Found ament_cmake: 0.9.12 (/opt/ros/foxy/share/ament_cmake/cmake)
[0.542s] -- Found PythonInterp: /usr/bin/python3 (found suitable version "3.8.10", minimum required is "3") 
[0.542s] -- Using PYTHON_EXECUTABLE: /usr/bin/python3
[0.738s] -- Override CMake install command with custom implementation using symlinks instead of copying resources
[0.757s] -- Found rclcpp: 2.4.3 (/opt/ros/foxy/share/rclcpp/cmake)
[0.801s] -- Using all available rosidl_typesupport_c: rosidl_typesupport_fastrtps_c;rosidl_typesupport_introspection_c
[0.808s] -- Found rosidl_adapter: 1.3.1 (/opt/ros/foxy/share/rosidl_adapter/cmake)
[0.882s] -- Found OpenSSL: /usr/lib/x86_64-linux-gnu/libcrypto.so (found version "1.1.1f")  
[0.915s] -- Found FastRTPS: /opt/ros/foxy/include  
[0.994s] -- Using all available rosidl_typesupport_cpp: rosidl_typesupport_fastrtps_cpp;rosidl_typesupport_introspection_cpp
[1.055s] -- Found rmw_implementation_cmake: 1.0.4 (/opt/ros/foxy/share/rmw_implementation_cmake/cmake)
[1.056s] -- Using RMW implementation 'rmw_fastrtps_cpp' as default
[1.057s] -- Looking for pthread.h
[1.114s] -- Looking for pthread.h - found
[1.116s] -- Performing Test CMAKE_HAVE_LIBC_PTHREAD
[1.184s] -- Performing Test CMAKE_HAVE_LIBC_PTHREAD - Failed
[1.185s] -- Looking for pthread_create in pthreads
[1.243s] -- Looking for pthread_create in pthreads - not found
[1.243s] -- Looking for pthread_create in pthread
[1.315s] -- Looking for pthread_create in pthread - found
[1.316s] -- Found Threads: TRUE  
[1.448s] -- Found visualization_msgs: 2.0.5 (/opt/ros/foxy/share/visualization_msgs/cmake)
[1.544s] -- Found cv_bridge: 3.0.7 (/opt/ros/foxy/share/cv_bridge/cmake)
[1.669s] -- Checking for module 'eigen3'
[1.682s] --   Found eigen3, version 3.3.7
[1.714s] -- Found Eigen: /usr/include/eigen3 (Required is at least version "3.1") 
[1.714s] -- Eigen found (include: /usr/include/eigen3, version: 3.3.7)
[1.766s] -- Found Boost: /usr/include (found suitable version "1.71.0", minimum required is "1.55.0") found components: system filesystem date_time iostreams regex 
[1.784s] -- Checking for module 'flann'
[1.798s] --   Found flann, version 1.9.1
[1.834s] -- Found FLANN: /usr/lib/x86_64-linux-gnu/libflann_cpp.so  
[1.902s] -- The imported target "vtkParseOGLExt" references the file
[1.902s]    "/usr/bin/vtkParseOGLExt-7.1"
[1.902s] but this file does not exist.  Possible reasons include:
[1.902s] * The file was deleted, renamed, or moved to another location.
[1.902s] * An install or uninstall procedure did not complete successfully.
[1.902s] * The installation package was faulty and contained
[1.902s]    "/usr/lib/cmake/vtk-7.1/VTKTargets.cmake"
[1.902s] but not all the files it references.
[1.903s] 
[1.903s] -- The imported target "vtkRenderingPythonTkWidgets" references the file
[1.903s]    "/usr/lib/x86_64-linux-gnu/libvtkRenderingPythonTkWidgets.so"
[1.903s] but this file does not exist.  Possible reasons include:
[1.903s] * The file was deleted, renamed, or moved to another location.
[1.903s] * An install or uninstall procedure did not complete successfully.
[1.903s] * The installation package was faulty and contained
[1.904s]    "/usr/lib/cmake/vtk-7.1/VTKTargets.cmake"
[1.904s] but not all the files it references.
[1.904s] 
[1.904s] -- The imported target "vtk" references the file
[1.904s]    "/usr/bin/vtk"
[1.904s] but this file does not exist.  Possible reasons include:
[1.904s] * The file was deleted, renamed, or moved to another location.
[1.904s] * An install or uninstall procedure did not complete successfully.
[1.904s] * The installation package was faulty and contained
[1.905s]    "/usr/lib/cmake/vtk-7.1/VTKTargets.cmake"
[1.905s] but not all the files it references.
[1.905s] 
[1.905s] -- The imported target "pvtk" references the file
[1.905s]    "/usr/bin/pvtk"
[1.905s] but this file does not exist.  Possible reasons include:
[1.905s] * The file was deleted, renamed, or moved to another location.
[1.905s] * An install or uninstall procedure did not complete successfully.
[1.905s] * The installation package was faulty and contained
[1.905s]    "/usr/lib/cmake/vtk-7.1/VTKTargets.cmake"
[1.905s] but not all the files it references.
[1.905s] 
[1.926s] -- Checking for module 'libusb-1.0'
[1.941s] --   Found libusb-1.0, version 1.0.23
[1.978s] -- Found USB_10: /usr/lib/x86_64-linux-gnu/libusb-1.0.so  
[2.033s] -- Found OpenNI: /usr/lib/libOpenNI.so  
[2.033s] -- OpenNI found (include: /usr/include/ni, lib: /usr/lib/libOpenNI.so)
[2.098s] -- Found OpenNI2: /usr/lib/libOpenNI2.so  
[2.098s] -- OpenNI2 found (include: /usr/include/openni2, lib: /usr/lib/libOpenNI2.so)
[2.098s] ** WARNING ** io features related to pcap will be disabled
[2.098s] ** WARNING ** io features related to png will be disabled
[2.113s] -- Found libusb-1.0: /usr/include  
[2.113s] ** WARNING ** io features related to libusb-1.0 will be disabled
[2.119s] -- OpenNI found (include: /usr/include/ni, lib: /usr/lib/libOpenNI.so)
[2.126s] -- OpenNI2 found (include: /usr/include/openni2, lib: /usr/lib/libOpenNI2.so)
[2.158s] -- Found Qhull: optimized;/usr/lib/x86_64-linux-gnu/libqhull.so;debug;/usr/lib/x86_64-linux-gnu/libqhull.so  
[2.158s] -- QHULL found (include: /usr/include, lib: optimized;/usr/lib/x86_64-linux-gnu/libqhull.so;debug;/usr/lib/x86_64-linux-gnu/libqhull.so)
[2.173s] -- OpenNI found (include: /usr/include/ni, lib: /usr/lib/libOpenNI.so)
[2.178s] -- looking for PCL_COMMON
[2.188s] -- Found PCL_COMMON: /usr/lib/x86_64-linux-gnu/libpcl_common.so  
[2.194s] -- looking for PCL_KDTREE
[2.195s] -- Found PCL_KDTREE: /usr/lib/x86_64-linux-gnu/libpcl_kdtree.so  
[2.195s] -- looking for PCL_OCTREE
[2.195s] -- Found PCL_OCTREE: /usr/lib/x86_64-linux-gnu/libpcl_octree.so  
[2.195s] -- looking for PCL_SEARCH
[2.195s] -- Found PCL_SEARCH: /usr/lib/x86_64-linux-gnu/libpcl_search.so  
[2.195s] -- looking for PCL_SAMPLE_CONSENSUS
[2.196s] -- Found PCL_SAMPLE_CONSENSUS: /usr/lib/x86_64-linux-gnu/libpcl_sample_consensus.so  
[2.196s] -- looking for PCL_FILTERS
[2.196s] -- Found PCL_FILTERS: /usr/lib/x86_64-linux-gnu/libpcl_filters.so  
[2.196s] -- looking for PCL_2D
[2.196s] -- Found PCL_2D: /usr/include/pcl-1.10  
[2.197s] -- looking for PCL_GEOMETRY
[2.197s] -- Found PCL_GEOMETRY: /usr/include/pcl-1.10  
[2.197s] -- looking for PCL_IO
[2.197s] -- Found PCL_IO: /usr/lib/x86_64-linux-gnu/libpcl_io.so  
[2.197s] -- looking for PCL_FEATURES
[2.198s] -- Found PCL_FEATURES: /usr/lib/x86_64-linux-gnu/libpcl_features.so  
[2.198s] -- looking for PCL_ML
[2.198s] -- Found PCL_ML: /usr/lib/x86_64-linux-gnu/libpcl_ml.so  
[2.198s] -- looking for PCL_SEGMENTATION
[2.198s] -- Found PCL_SEGMENTATION: /usr/lib/x86_64-linux-gnu/libpcl_segmentation.so  
[2.198s] -- looking for PCL_VISUALIZATION
[2.199s] -- Found PCL_VISUALIZATION: /usr/lib/x86_64-linux-gnu/libpcl_visualization.so  
[2.199s] -- looking for PCL_SURFACE
[2.199s] -- Found PCL_SURFACE: /usr/lib/x86_64-linux-gnu/libpcl_surface.so  
[2.199s] -- looking for PCL_REGISTRATION
[2.200s] -- Found PCL_REGISTRATION: /usr/lib/x86_64-linux-gnu/libpcl_registration.so  
[2.201s] -- looking for PCL_KEYPOINTS
[2.202s] -- Found PCL_KEYPOINTS: /usr/lib/x86_64-linux-gnu/libpcl_keypoints.so  
[2.202s] -- looking for PCL_TRACKING
[2.204s] -- Found PCL_TRACKING: /usr/lib/x86_64-linux-gnu/libpcl_tracking.so  
[2.204s] -- looking for PCL_RECOGNITION
[2.205s] -- Found PCL_RECOGNITION: /usr/lib/x86_64-linux-gnu/libpcl_recognition.so  
[2.206s] -- looking for PCL_STEREO
[2.207s] -- Found PCL_STEREO: /usr/lib/x86_64-linux-gnu/libpcl_stereo.so  
[2.208s] -- looking for PCL_APPS
[2.209s] -- Found PCL_APPS: /usr/lib/x86_64-linux-gnu/libpcl_apps.so  
[2.210s] -- looking for PCL_IN_HAND_SCANNER
[2.210s] -- Found PCL_IN_HAND_SCANNER: /usr/include/pcl-1.10  
[2.211s] -- looking for PCL_POINT_CLOUD_EDITOR
[2.211s] -- Found PCL_POINT_CLOUD_EDITOR: /usr/include/pcl-1.10  
[2.211s] -- looking for PCL_OUTOFCORE
[2.213s] -- Found PCL_OUTOFCORE: /usr/lib/x86_64-linux-gnu/libpcl_outofcore.so  
[2.214s] -- looking for PCL_PEOPLE
[2.215s] -- Found PCL_PEOPLE: /usr/lib/x86_64-linux-gnu/libpcl_people.so  
[2.217s] -- Found PCL: pcl_common;pcl_kdtree;pcl_octree;pcl_search;pcl_sample_consensus;pcl_filters;pcl_io;pcl_features;pcl_ml;pcl_segmentation;pcl_visualization;pcl_surface;pcl_registration;pcl_keypoints;pcl_tracking;pcl_recognition;pcl_stereo;pcl_apps;pcl_outofcore;pcl_people;/usr/lib/x86_64-linux-gnu/libboost_system.so;/usr/lib/x86_64-linux-gnu/libboost_filesystem.so;/usr/lib/x86_64-linux-gnu/libboost_date_time.so;/usr/lib/x86_64-linux-gnu/libboost_iostreams.so;/usr/lib/x86_64-linux-gnu/libboost_regex.so;optimized;/usr/lib/x86_64-linux-gnu/libqhull.so;debug;/usr/lib/x86_64-linux-gnu/libqhull.so;/usr/lib/libOpenNI.so;/usr/lib/libOpenNI2.so;vtkChartsCore;vtkCommonColor;vtkCommonCore;vtksys;vtkCommonDataModel;vtkCommonMath;vtkCommonMisc;vtkCommonSystem;vtkCommonTransforms;vtkCommonExecutionModel;vtkFiltersGeneral;vtkCommonComputationalGeometry;vtkFiltersCore;vtkInfovisCore;vtkFiltersExtraction;vtkFiltersStatistics;vtkImagingFourier;vtkImagingCore;vtkalglib;vtkRenderingContext2D;vtkRenderingCore;vtkFiltersGeometry;vtkFiltersSources;vtkRenderingFreeType;/usr/lib/x86_64-linux-gnu/libfreetype.so;/usr/lib/x86_64-linux-gnu/libz.so;vtkFiltersModeling;vtkImagingSources;vtkInteractionStyle;vtkInteractionWidgets;vtkFiltersHybrid;vtkImagingColor;vtkImagingGeneral;vtkImagingHybrid;vtkIOImage;vtkDICOMParser;vtkmetaio;/usr/lib/x86_64-linux-gnu/libjpeg.so;/usr/lib/x86_64-linux-gnu/libpng.so;/usr/lib/x86_64-linux-gnu/libtiff.so;vtkRenderingAnnotation;vtkRenderingVolume;vtkIOXML;vtkIOCore;vtkIOXMLParser;/usr/lib/x86_64-linux-gnu/libexpat.so;vtkIOGeometry;vtkIOLegacy;vtkIOPLY;vtkRenderingLOD;vtkViewsContext2D;vtkViewsCore;vtkRenderingContextOpenGL2;vtkRenderingOpenGL2;FLANN::FLANN (Required is at least version "1.7") 
[2.234s] -- Found ament_lint_auto: 0.9.8 (/opt/ros/foxy/share/ament_lint_auto/cmake)
[2.297s] -- Added test 'copyright' to check source files copyright and LICENSE
[2.298s] -- Added test 'cppcheck' to perform static code analysis on C / C++ code
[2.299s] -- Configured cppcheck include dirs: /home/suxin/English_Path/test111/autonomous_navigation_environment_ego/src/ego_planner_ros2/src/planner/bspline_opt/include
[2.299s] -- Configured cppcheck exclude dirs and/or files: 
[2.300s] -- Added test 'cpplint' to check C / C++ code against the Google style
[2.300s] -- Configured cpplint exclude dirs and/or files: 
[2.300s] -- Added test 'lint_cmake' to check CMake code style
[2.301s] -- Added test 'uncrustify' to check C / C++ code style
[2.301s] -- Configured uncrustify additional arguments: 
[2.301s] -- Added test 'xmllint' to check XML markup files
[2.304s] -- Configuring done
[2.334s] -- Generating done
[2.337s] -- Build files have been written to: /home/suxin/English_Path/test111/autonomous_navigation_environment_ego/build/bspline_opt
[2.376s] Invoked command in '/home/suxin/English_Path/test111/autonomous_navigation_environment_ego/build/bspline_opt' returned '0': CMAKE_PREFIX_PATH=/opt/ros/foxy /usr/bin/cmake /home/suxin/English_Path/test111/autonomous_navigation_environment_ego/src/ego_planner_ros2/src/planner/bspline_opt -DAMENT_CMAKE_SYMLINK_INSTALL=1 -DCMAKE_INSTALL_PREFIX=/home/suxin/English_Path/test111/autonomous_navigation_environment_ego/install/bspline_opt
[2.380s] Invoking command in '/home/suxin/English_Path/test111/autonomous_navigation_environment_ego/build/bspline_opt': CMAKE_PREFIX_PATH=/opt/ros/foxy /usr/bin/cmake --build /home/suxin/English_Path/test111/autonomous_navigation_environment_ego/build/bspline_opt -- -j20 -l20
[2.470s] [35m[1mScanning dependencies of target bspline_opt[0m
[2.632s] [ 25%] [32mBuilding CXX object CMakeFiles/bspline_opt.dir/src/bspline_optimizer.cpp.o[0m
[2.636s] [ 50%] [32mBuilding CXX object CMakeFiles/bspline_opt.dir/src/gradient_descent_optimizer.cpp.o[0m
[2.636s] [ 75%] [32mBuilding CXX object CMakeFiles/bspline_opt.dir/src/uniform_bspline.cpp.o[0m
[53.618s] [100%] [32m[1mLinking CXX shared library libbspline_opt.so[0m
[54.083s] [100%] Built target bspline_opt
[54.111s] Invoked command in '/home/suxin/English_Path/test111/autonomous_navigation_environment_ego/build/bspline_opt' returned '0': CMAKE_PREFIX_PATH=/opt/ros/foxy /usr/bin/cmake --build /home/suxin/English_Path/test111/autonomous_navigation_environment_ego/build/bspline_opt -- -j20 -l20
[54.131s] Invoking command in '/home/suxin/English_Path/test111/autonomous_navigation_environment_ego/build/bspline_opt': CMAKE_PREFIX_PATH=/opt/ros/foxy /usr/bin/cmake --install /home/suxin/English_Path/test111/autonomous_navigation_environment_ego/build/bspline_opt
[54.136s] -- Install configuration: "Release"
[54.136s] -- Execute custom install script
[54.136s] -- Symlinking: /home/suxin/English_Path/test111/autonomous_navigation_environment_ego/install/bspline_opt/lib/bspline_opt/libbspline_opt.so
[54.143s] -- Symlinking: /home/suxin/English_Path/test111/autonomous_navigation_environment_ego/install/bspline_opt/share/ament_index/resource_index/package_run_dependencies/bspline_opt
[54.149s] -- Symlinking: /home/suxin/English_Path/test111/autonomous_navigation_environment_ego/install/bspline_opt/share/ament_index/resource_index/parent_prefix_path/bspline_opt
[54.155s] -- Symlinking: /home/suxin/English_Path/test111/autonomous_navigation_environment_ego/install/bspline_opt/share/bspline_opt/environment/ament_prefix_path.sh
[54.161s] -- Symlinking: /home/suxin/English_Path/test111/autonomous_navigation_environment_ego/install/bspline_opt/share/bspline_opt/environment/ament_prefix_path.dsv
[54.166s] -- Symlinking: /home/suxin/English_Path/test111/autonomous_navigation_environment_ego/install/bspline_opt/share/bspline_opt/environment/path.sh
[54.172s] -- Symlinking: /home/suxin/English_Path/test111/autonomous_navigation_environment_ego/install/bspline_opt/share/bspline_opt/environment/path.dsv
[54.178s] -- Symlinking: /home/suxin/English_Path/test111/autonomous_navigation_environment_ego/install/bspline_opt/share/bspline_opt/local_setup.bash
[54.184s] -- Symlinking: /home/suxin/English_Path/test111/autonomous_navigation_environment_ego/install/bspline_opt/share/bspline_opt/local_setup.sh
[54.190s] -- Symlinking: /home/suxin/English_Path/test111/autonomous_navigation_environment_ego/install/bspline_opt/share/bspline_opt/local_setup.zsh
[54.196s] -- Symlinking: /home/suxin/English_Path/test111/autonomous_navigation_environment_ego/install/bspline_opt/share/bspline_opt/local_setup.dsv
[54.202s] -- Symlinking: /home/suxin/English_Path/test111/autonomous_navigation_environment_ego/install/bspline_opt/share/bspline_opt/package.dsv
[54.208s] -- Symlinking: /home/suxin/English_Path/test111/autonomous_navigation_environment_ego/install/bspline_opt/share/ament_index/resource_index/packages/bspline_opt
[54.214s] -- Symlinking: /home/suxin/English_Path/test111/autonomous_navigation_environment_ego/install/bspline_opt/share/bspline_opt/cmake/bspline_optConfig.cmake
[54.220s] -- Symlinking: /home/suxin/English_Path/test111/autonomous_navigation_environment_ego/install/bspline_opt/share/bspline_opt/cmake/bspline_optConfig-version.cmake
[54.226s] -- Symlinking: /home/suxin/English_Path/test111/autonomous_navigation_environment_ego/install/bspline_opt/share/bspline_opt/package.xml
[54.233s] Invoked command in '/home/suxin/English_Path/test111/autonomous_navigation_environment_ego/build/bspline_opt' returned '0': CMAKE_PREFIX_PATH=/opt/ros/foxy /usr/bin/cmake --install /home/suxin/English_Path/test111/autonomous_navigation_environment_ego/build/bspline_opt
