[ 25%] Built target turtlebot3_drive
[ 50%] Built target obstacle1
[ 75%] Built target obstacles
[100%] Built target obstacle2
-- Install configuration: ""
-- Execute custom install script
-- Up-to-date symlink: /home/suxin/English_Path/test111/autonomous_navigation_environment_ego/install/turtlebot3_gazebo/lib/turtlebot3_gazebo/turtlebot3_drive
-- Up-to-date symlink: /home/suxin/English_Path/test111/autonomous_navigation_environment_ego/install/turtlebot3_gazebo/share/turtlebot3_gazebo//launch/empty_world.launch.py
-- Up-to-date symlink: /home/suxin/English_Path/test111/autonomous_navigation_environment_ego/install/turtlebot3_gazebo/share/turtlebot3_gazebo//launch/robot_state_publisher.launch.py
-- Up-to-date symlink: /home/suxin/English_Path/test111/autonomous_navigation_environment_ego/install/turtlebot3_gazebo/share/turtlebot3_gazebo//launch/turtlebot3_autorace.launch.py
-- Up-to-date symlink: /home/suxin/English_Path/test111/autonomous_navigation_environment_ego/install/turtlebot3_gazebo/share/turtlebot3_gazebo//launch/turtlebot3_dqn_stage1.launch.py
-- Up-to-date symlink: /home/suxin/English_Path/test111/autonomous_navigation_environment_ego/install/turtlebot3_gazebo/share/turtlebot3_gazebo//launch/turtlebot3_dqn_stage2.launch.py
-- Up-to-date symlink: /home/suxin/English_Path/test111/autonomous_navigation_environment_ego/install/turtlebot3_gazebo/share/turtlebot3_gazebo//launch/turtlebot3_dqn_stage3.launch.py
-- Up-to-date symlink: /home/suxin/English_Path/test111/autonomous_navigation_environment_ego/install/turtlebot3_gazebo/share/turtlebot3_gazebo//launch/turtlebot3_dqn_stage4.launch.py
-- Up-to-date symlink: /home/suxin/English_Path/test111/autonomous_navigation_environment_ego/install/turtlebot3_gazebo/share/turtlebot3_gazebo//launch/turtlebot3_house.launch.py
-- Up-to-date symlink: /home/suxin/English_Path/test111/autonomous_navigation_environment_ego/install/turtlebot3_gazebo/share/turtlebot3_gazebo//launch/turtlebot3_world.launch.py
-- Up-to-date symlink: /home/suxin/English_Path/test111/autonomous_navigation_environment_ego/install/turtlebot3_gazebo/share/turtlebot3_gazebo//launch/uav_and_env.launch.py
-- Up-to-date symlink: /home/suxin/English_Path/test111/autonomous_navigation_environment_ego/install/turtlebot3_gazebo/share/turtlebot3_gazebo//launch/uav_and_env_new_garage.launch.py
-- Up-to-date symlink: /home/suxin/English_Path/test111/autonomous_navigation_environment_ego/install/turtlebot3_gazebo/share/turtlebot3_gazebo//launch/uav_and_env_tunnel.launch.py
-- Up-to-date symlink: /home/suxin/English_Path/test111/autonomous_navigation_environment_ego/install/turtlebot3_gazebo/share/turtlebot3_gazebo//launch/uav_model_test.launch.py
-- Up-to-date symlink: /home/suxin/English_Path/test111/autonomous_navigation_environment_ego/install/turtlebot3_gazebo/share/turtlebot3_gazebo//launch/uav_robot_state_publisher.launch.py
-- Up-to-date symlink: /home/suxin/English_Path/test111/autonomous_navigation_environment_ego/install/turtlebot3_gazebo/share/turtlebot3_gazebo//models/Dcamera/meshes/burger_base.dae
-- Up-to-date symlink: /home/suxin/English_Path/test111/autonomous_navigation_environment_ego/install/turtlebot3_gazebo/share/turtlebot3_gazebo//models/Dcamera/meshes/lds.dae
-- Up-to-date symlink: /home/suxin/English_Path/test111/autonomous_navigation_environment_ego/install/turtlebot3_gazebo/share/turtlebot3_gazebo//models/Dcamera/meshes/tire.dae
-- Up-to-date symlink: /home/suxin/English_Path/test111/autonomous_navigation_environment_ego/install/turtlebot3_gazebo/share/turtlebot3_gazebo//models/Dcamera/model-1_4.sdf
-- Up-to-date symlink: /home/suxin/English_Path/test111/autonomous_navigation_environment_ego/install/turtlebot3_gazebo/share/turtlebot3_gazebo//models/Dcamera/model.config
-- Up-to-date symlink: /home/suxin/English_Path/test111/autonomous_navigation_environment_ego/install/turtlebot3_gazebo/share/turtlebot3_gazebo//models/Dcamera/model.sdf
-- Up-to-date symlink: /home/suxin/English_Path/test111/autonomous_navigation_environment_ego/install/turtlebot3_gazebo/share/turtlebot3_gazebo//models/VLP16_lidar/meshes/burger_base.dae
-- Up-to-date symlink: /home/suxin/English_Path/test111/autonomous_navigation_environment_ego/install/turtlebot3_gazebo/share/turtlebot3_gazebo//models/VLP16_lidar/meshes/lds.dae
-- Up-to-date symlink: /home/suxin/English_Path/test111/autonomous_navigation_environment_ego/install/turtlebot3_gazebo/share/turtlebot3_gazebo//models/VLP16_lidar/meshes/tire.dae
-- Up-to-date symlink: /home/suxin/English_Path/test111/autonomous_navigation_environment_ego/install/turtlebot3_gazebo/share/turtlebot3_gazebo//models/VLP16_lidar/model-1_4.sdf
-- Up-to-date symlink: /home/suxin/English_Path/test111/autonomous_navigation_environment_ego/install/turtlebot3_gazebo/share/turtlebot3_gazebo//models/VLP16_lidar/model.config
-- Up-to-date symlink: /home/suxin/English_Path/test111/autonomous_navigation_environment_ego/install/turtlebot3_gazebo/share/turtlebot3_gazebo//models/VLP16_lidar/model.sdf
-- Up-to-date symlink: /home/suxin/English_Path/test111/autonomous_navigation_environment_ego/install/turtlebot3_gazebo/share/turtlebot3_gazebo//models/garage/meshes/blue-concrete-texture-3.jpg
-- Up-to-date symlink: /home/suxin/English_Path/test111/autonomous_navigation_environment_ego/install/turtlebot3_gazebo/share/turtlebot3_gazebo//models/garage/meshes/garage.dae
-- Up-to-date symlink: /home/suxin/English_Path/test111/autonomous_navigation_environment_ego/install/turtlebot3_gazebo/share/turtlebot3_gazebo//models/garage/meshes/imgonline-com-ua-tile-RySXiqZBriXUB4J.jpg
-- Up-to-date symlink: /home/suxin/English_Path/test111/autonomous_navigation_environment_ego/install/turtlebot3_gazebo/share/turtlebot3_gazebo//models/garage/meshes/imgonline-com-ua-tile-pLFAF53NCY1Spr.jpg
-- Up-to-date symlink: /home/suxin/English_Path/test111/autonomous_navigation_environment_ego/install/turtlebot3_gazebo/share/turtlebot3_gazebo//models/garage/meshes/imgonline-com-ua-tile-turvdQ7ZY0r.jpg
-- Up-to-date symlink: /home/suxin/English_Path/test111/autonomous_navigation_environment_ego/install/turtlebot3_gazebo/share/turtlebot3_gazebo//models/garage/model.config
-- Up-to-date symlink: /home/suxin/English_Path/test111/autonomous_navigation_environment_ego/install/turtlebot3_gazebo/share/turtlebot3_gazebo//models/garage/model.sdf
-- Up-to-date symlink: /home/suxin/English_Path/test111/autonomous_navigation_environment_ego/install/turtlebot3_gazebo/share/turtlebot3_gazebo//models/garage/preview/overview.png
-- Up-to-date symlink: /home/suxin/English_Path/test111/autonomous_navigation_environment_ego/install/turtlebot3_gazebo/share/turtlebot3_gazebo//models/garage/preview/pointcloud.ply
-- Up-to-date symlink: /home/suxin/English_Path/test111/autonomous_navigation_environment_ego/install/turtlebot3_gazebo/share/turtlebot3_gazebo//models/ground_plane/model-1_2.sdf
-- Up-to-date symlink: /home/suxin/English_Path/test111/autonomous_navigation_environment_ego/install/turtlebot3_gazebo/share/turtlebot3_gazebo//models/ground_plane/model-1_3.sdf
-- Up-to-date symlink: /home/suxin/English_Path/test111/autonomous_navigation_environment_ego/install/turtlebot3_gazebo/share/turtlebot3_gazebo//models/ground_plane/model-1_4.sdf
-- Up-to-date symlink: /home/suxin/English_Path/test111/autonomous_navigation_environment_ego/install/turtlebot3_gazebo/share/turtlebot3_gazebo//models/ground_plane/model.config
-- Up-to-date symlink: /home/suxin/English_Path/test111/autonomous_navigation_environment_ego/install/turtlebot3_gazebo/share/turtlebot3_gazebo//models/ground_plane/model.sdf
-- Up-to-date symlink: /home/suxin/English_Path/test111/autonomous_navigation_environment_ego/install/turtlebot3_gazebo/share/turtlebot3_gazebo//models/sun/model-1_2.sdf
-- Up-to-date symlink: /home/suxin/English_Path/test111/autonomous_navigation_environment_ego/install/turtlebot3_gazebo/share/turtlebot3_gazebo//models/sun/model-1_3.sdf
-- Up-to-date symlink: /home/suxin/English_Path/test111/autonomous_navigation_environment_ego/install/turtlebot3_gazebo/share/turtlebot3_gazebo//models/sun/model-1_4.sdf
-- Up-to-date symlink: /home/suxin/English_Path/test111/autonomous_navigation_environment_ego/install/turtlebot3_gazebo/share/turtlebot3_gazebo//models/sun/model.config
-- Up-to-date symlink: /home/suxin/English_Path/test111/autonomous_navigation_environment_ego/install/turtlebot3_gazebo/share/turtlebot3_gazebo//models/sun/model.sdf
-- Up-to-date symlink: /home/suxin/English_Path/test111/autonomous_navigation_environment_ego/install/turtlebot3_gazebo/share/turtlebot3_gazebo//models/tunnel/meshes/tunnel.dae
-- Up-to-date symlink: /home/suxin/English_Path/test111/autonomous_navigation_environment_ego/install/turtlebot3_gazebo/share/turtlebot3_gazebo//models/tunnel/meshes/wall_texture.jpg
-- Up-to-date symlink: /home/suxin/English_Path/test111/autonomous_navigation_environment_ego/install/turtlebot3_gazebo/share/turtlebot3_gazebo//models/tunnel/model.config
-- Up-to-date symlink: /home/suxin/English_Path/test111/autonomous_navigation_environment_ego/install/turtlebot3_gazebo/share/turtlebot3_gazebo//models/tunnel/model.sdf
-- Up-to-date symlink: /home/suxin/English_Path/test111/autonomous_navigation_environment_ego/install/turtlebot3_gazebo/share/turtlebot3_gazebo//models/tunnel/preview/overview.png
-- Up-to-date symlink: /home/suxin/English_Path/test111/autonomous_navigation_environment_ego/install/turtlebot3_gazebo/share/turtlebot3_gazebo//models/tunnel/preview/pointcloud.ply
-- Up-to-date symlink: /home/suxin/English_Path/test111/autonomous_navigation_environment_ego/install/turtlebot3_gazebo/share/turtlebot3_gazebo//models/turtlebot3_autorace/course/materials/scripts/course.material
-- Up-to-date symlink: /home/suxin/English_Path/test111/autonomous_navigation_environment_ego/install/turtlebot3_gazebo/share/turtlebot3_gazebo//models/turtlebot3_autorace/course/materials/textures/course.png
-- Up-to-date symlink: /home/suxin/English_Path/test111/autonomous_navigation_environment_ego/install/turtlebot3_gazebo/share/turtlebot3_gazebo//models/turtlebot3_autorace/course/model.config
-- Up-to-date symlink: /home/suxin/English_Path/test111/autonomous_navigation_environment_ego/install/turtlebot3_gazebo/share/turtlebot3_gazebo//models/turtlebot3_autorace/course/model.sdf
-- Up-to-date symlink: /home/suxin/English_Path/test111/autonomous_navigation_environment_ego/install/turtlebot3_gazebo/share/turtlebot3_gazebo//models/turtlebot3_autorace/ground/model.config
-- Up-to-date symlink: /home/suxin/English_Path/test111/autonomous_navigation_environment_ego/install/turtlebot3_gazebo/share/turtlebot3_gazebo//models/turtlebot3_autorace/ground/model.sdf
-- Up-to-date symlink: /home/suxin/English_Path/test111/autonomous_navigation_environment_ego/install/turtlebot3_gazebo/share/turtlebot3_gazebo//models/turtlebot3_autorace/lights/model.config
-- Up-to-date symlink: /home/suxin/English_Path/test111/autonomous_navigation_environment_ego/install/turtlebot3_gazebo/share/turtlebot3_gazebo//models/turtlebot3_autorace/lights/model.sdf
-- Up-to-date symlink: /home/suxin/English_Path/test111/autonomous_navigation_environment_ego/install/turtlebot3_gazebo/share/turtlebot3_gazebo//models/turtlebot3_autorace/model.config
-- Up-to-date symlink: /home/suxin/English_Path/test111/autonomous_navigation_environment_ego/install/turtlebot3_gazebo/share/turtlebot3_gazebo//models/turtlebot3_autorace/traffic_bar_down/materials/scripts/traffic_bar.material
-- Up-to-date symlink: /home/suxin/English_Path/test111/autonomous_navigation_environment_ego/install/turtlebot3_gazebo/share/turtlebot3_gazebo//models/turtlebot3_autorace/traffic_bar_down/materials/textures/traffic_bar.png
-- Up-to-date symlink: /home/suxin/English_Path/test111/autonomous_navigation_environment_ego/install/turtlebot3_gazebo/share/turtlebot3_gazebo//models/turtlebot3_autorace/traffic_bar_down/model.config
-- Up-to-date symlink: /home/suxin/English_Path/test111/autonomous_navigation_environment_ego/install/turtlebot3_gazebo/share/turtlebot3_gazebo//models/turtlebot3_autorace/traffic_bar_down/model.sdf
-- Up-to-date symlink: /home/suxin/English_Path/test111/autonomous_navigation_environment_ego/install/turtlebot3_gazebo/share/turtlebot3_gazebo//models/turtlebot3_autorace/traffic_bar_up/materials/scripts/traffic_bar.material
-- Up-to-date symlink: /home/suxin/English_Path/test111/autonomous_navigation_environment_ego/install/turtlebot3_gazebo/share/turtlebot3_gazebo//models/turtlebot3_autorace/traffic_bar_up/materials/textures/traffic_bar.png
-- Up-to-date symlink: /home/suxin/English_Path/test111/autonomous_navigation_environment_ego/install/turtlebot3_gazebo/share/turtlebot3_gazebo//models/turtlebot3_autorace/traffic_bar_up/model.config
-- Up-to-date symlink: /home/suxin/English_Path/test111/autonomous_navigation_environment_ego/install/turtlebot3_gazebo/share/turtlebot3_gazebo//models/turtlebot3_autorace/traffic_bar_up/model.sdf
-- Up-to-date symlink: /home/suxin/English_Path/test111/autonomous_navigation_environment_ego/install/turtlebot3_gazebo/share/turtlebot3_gazebo//models/turtlebot3_autorace/traffic_light_green/model.config
-- Up-to-date symlink: /home/suxin/English_Path/test111/autonomous_navigation_environment_ego/install/turtlebot3_gazebo/share/turtlebot3_gazebo//models/turtlebot3_autorace/traffic_light_green/model.sdf
-- Up-to-date symlink: /home/suxin/English_Path/test111/autonomous_navigation_environment_ego/install/turtlebot3_gazebo/share/turtlebot3_gazebo//models/turtlebot3_autorace/traffic_light_red/model.config
-- Up-to-date symlink: /home/suxin/English_Path/test111/autonomous_navigation_environment_ego/install/turtlebot3_gazebo/share/turtlebot3_gazebo//models/turtlebot3_autorace/traffic_light_red/model.sdf
-- Up-to-date symlink: /home/suxin/English_Path/test111/autonomous_navigation_environment_ego/install/turtlebot3_gazebo/share/turtlebot3_gazebo//models/turtlebot3_autorace/traffic_light_yellow/model.config
-- Up-to-date symlink: /home/suxin/English_Path/test111/autonomous_navigation_environment_ego/install/turtlebot3_gazebo/share/turtlebot3_gazebo//models/turtlebot3_autorace/traffic_light_yellow/model.sdf
-- Up-to-date symlink: /home/suxin/English_Path/test111/autonomous_navigation_environment_ego/install/turtlebot3_gazebo/share/turtlebot3_gazebo//models/turtlebot3_autorace/traffic_parking/materials/scripts/traffic_parking.material
-- Up-to-date symlink: /home/suxin/English_Path/test111/autonomous_navigation_environment_ego/install/turtlebot3_gazebo/share/turtlebot3_gazebo//models/turtlebot3_autorace/traffic_parking/materials/textures/traffic_parking.png
-- Up-to-date symlink: /home/suxin/English_Path/test111/autonomous_navigation_environment_ego/install/turtlebot3_gazebo/share/turtlebot3_gazebo//models/turtlebot3_autorace/traffic_parking/model.config
-- Up-to-date symlink: /home/suxin/English_Path/test111/autonomous_navigation_environment_ego/install/turtlebot3_gazebo/share/turtlebot3_gazebo//models/turtlebot3_autorace/traffic_parking/model.sdf
-- Up-to-date symlink: /home/suxin/English_Path/test111/autonomous_navigation_environment_ego/install/turtlebot3_gazebo/share/turtlebot3_gazebo//models/turtlebot3_autorace/traffic_stop/materials/scripts/traffic_stop.material
-- Up-to-date symlink: /home/suxin/English_Path/test111/autonomous_navigation_environment_ego/install/turtlebot3_gazebo/share/turtlebot3_gazebo//models/turtlebot3_autorace/traffic_stop/materials/textures/traffic_stop.png
-- Up-to-date symlink: /home/suxin/English_Path/test111/autonomous_navigation_environment_ego/install/turtlebot3_gazebo/share/turtlebot3_gazebo//models/turtlebot3_autorace/traffic_stop/model.config
-- Up-to-date symlink: /home/suxin/English_Path/test111/autonomous_navigation_environment_ego/install/turtlebot3_gazebo/share/turtlebot3_gazebo//models/turtlebot3_autorace/traffic_stop/model.sdf
-- Up-to-date symlink: /home/suxin/English_Path/test111/autonomous_navigation_environment_ego/install/turtlebot3_gazebo/share/turtlebot3_gazebo//models/turtlebot3_autorace/traffic_tunnel/materials/scripts/tunnel.material
-- Up-to-date symlink: /home/suxin/English_Path/test111/autonomous_navigation_environment_ego/install/turtlebot3_gazebo/share/turtlebot3_gazebo//models/turtlebot3_autorace/traffic_tunnel/materials/textures/tunnel.png
-- Up-to-date symlink: /home/suxin/English_Path/test111/autonomous_navigation_environment_ego/install/turtlebot3_gazebo/share/turtlebot3_gazebo//models/turtlebot3_autorace/traffic_tunnel/model.config
-- Up-to-date symlink: /home/suxin/English_Path/test111/autonomous_navigation_environment_ego/install/turtlebot3_gazebo/share/turtlebot3_gazebo//models/turtlebot3_autorace/traffic_tunnel/model.sdf
-- Up-to-date symlink: /home/suxin/English_Path/test111/autonomous_navigation_environment_ego/install/turtlebot3_gazebo/share/turtlebot3_gazebo//models/turtlebot3_autorace/tunnel_obstacles/model.config
-- Up-to-date symlink: /home/suxin/English_Path/test111/autonomous_navigation_environment_ego/install/turtlebot3_gazebo/share/turtlebot3_gazebo//models/turtlebot3_autorace/tunnel_obstacles/model.sdf
-- Up-to-date symlink: /home/suxin/English_Path/test111/autonomous_navigation_environment_ego/install/turtlebot3_gazebo/share/turtlebot3_gazebo//models/turtlebot3_autorace/tunnel_wall/model.config
-- Up-to-date symlink: /home/suxin/English_Path/test111/autonomous_navigation_environment_ego/install/turtlebot3_gazebo/share/turtlebot3_gazebo//models/turtlebot3_autorace/tunnel_wall/model.sdf
-- Up-to-date symlink: /home/suxin/English_Path/test111/autonomous_navigation_environment_ego/install/turtlebot3_gazebo/share/turtlebot3_gazebo//models/turtlebot3_burger/meshes/burger_base.dae
-- Up-to-date symlink: /home/suxin/English_Path/test111/autonomous_navigation_environment_ego/install/turtlebot3_gazebo/share/turtlebot3_gazebo//models/turtlebot3_burger/meshes/lds.dae
-- Up-to-date symlink: /home/suxin/English_Path/test111/autonomous_navigation_environment_ego/install/turtlebot3_gazebo/share/turtlebot3_gazebo//models/turtlebot3_burger/meshes/tire.dae
-- Up-to-date symlink: /home/suxin/English_Path/test111/autonomous_navigation_environment_ego/install/turtlebot3_gazebo/share/turtlebot3_gazebo//models/turtlebot3_burger/model-1_4.sdf
-- Up-to-date symlink: /home/suxin/English_Path/test111/autonomous_navigation_environment_ego/install/turtlebot3_gazebo/share/turtlebot3_gazebo//models/turtlebot3_burger/model.config
-- Up-to-date symlink: /home/suxin/English_Path/test111/autonomous_navigation_environment_ego/install/turtlebot3_gazebo/share/turtlebot3_gazebo//models/turtlebot3_burger/model.sdf
-- Up-to-date symlink: /home/suxin/English_Path/test111/autonomous_navigation_environment_ego/install/turtlebot3_gazebo/share/turtlebot3_gazebo//models/turtlebot3_dqn_world/goal_box/model.config
-- Up-to-date symlink: /home/suxin/English_Path/test111/autonomous_navigation_environment_ego/install/turtlebot3_gazebo/share/turtlebot3_gazebo//models/turtlebot3_dqn_world/goal_box/model.sdf
-- Up-to-date symlink: /home/suxin/English_Path/test111/autonomous_navigation_environment_ego/install/turtlebot3_gazebo/share/turtlebot3_gazebo//models/turtlebot3_dqn_world/inner_walls/model.config
-- Up-to-date symlink: /home/suxin/English_Path/test111/autonomous_navigation_environment_ego/install/turtlebot3_gazebo/share/turtlebot3_gazebo//models/turtlebot3_dqn_world/inner_walls/model.sdf
-- Up-to-date symlink: /home/suxin/English_Path/test111/autonomous_navigation_environment_ego/install/turtlebot3_gazebo/share/turtlebot3_gazebo//models/turtlebot3_dqn_world/model.config
-- Up-to-date symlink: /home/suxin/English_Path/test111/autonomous_navigation_environment_ego/install/turtlebot3_gazebo/share/turtlebot3_gazebo//models/turtlebot3_dqn_world/model.sdf
-- Up-to-date symlink: /home/suxin/English_Path/test111/autonomous_navigation_environment_ego/install/turtlebot3_gazebo/share/turtlebot3_gazebo//models/turtlebot3_dqn_world/obstacle1/model.config
-- Up-to-date symlink: /home/suxin/English_Path/test111/autonomous_navigation_environment_ego/install/turtlebot3_gazebo/share/turtlebot3_gazebo//models/turtlebot3_dqn_world/obstacle1/model.sdf
-- Up-to-date symlink: /home/suxin/English_Path/test111/autonomous_navigation_environment_ego/install/turtlebot3_gazebo/share/turtlebot3_gazebo//models/turtlebot3_dqn_world/obstacle2/model.config
-- Up-to-date symlink: /home/suxin/English_Path/test111/autonomous_navigation_environment_ego/install/turtlebot3_gazebo/share/turtlebot3_gazebo//models/turtlebot3_dqn_world/obstacle2/model.sdf
-- Up-to-date symlink: /home/suxin/English_Path/test111/autonomous_navigation_environment_ego/install/turtlebot3_gazebo/share/turtlebot3_gazebo//models/turtlebot3_dqn_world/obstacle_plugin/CMakeLists.txt
-- Up-to-date symlink: /home/suxin/English_Path/test111/autonomous_navigation_environment_ego/install/turtlebot3_gazebo/share/turtlebot3_gazebo//models/turtlebot3_dqn_world/obstacle_plugin/obstacle1.cc
-- Up-to-date symlink: /home/suxin/English_Path/test111/autonomous_navigation_environment_ego/install/turtlebot3_gazebo/share/turtlebot3_gazebo//models/turtlebot3_dqn_world/obstacle_plugin/obstacle2.cc
-- Up-to-date symlink: /home/suxin/English_Path/test111/autonomous_navigation_environment_ego/install/turtlebot3_gazebo/share/turtlebot3_gazebo//models/turtlebot3_dqn_world/obstacle_plugin/obstacles.cc
-- Up-to-date symlink: /home/suxin/English_Path/test111/autonomous_navigation_environment_ego/install/turtlebot3_gazebo/share/turtlebot3_gazebo//models/turtlebot3_dqn_world/obstacles/model.config
-- Up-to-date symlink: /home/suxin/English_Path/test111/autonomous_navigation_environment_ego/install/turtlebot3_gazebo/share/turtlebot3_gazebo//models/turtlebot3_dqn_world/obstacles/model.sdf
-- Up-to-date symlink: /home/suxin/English_Path/test111/autonomous_navigation_environment_ego/install/turtlebot3_gazebo/share/turtlebot3_gazebo//models/turtlebot3_house/model.config
-- Up-to-date symlink: /home/suxin/English_Path/test111/autonomous_navigation_environment_ego/install/turtlebot3_gazebo/share/turtlebot3_gazebo//models/turtlebot3_house/model.sdf
-- Up-to-date symlink: /home/suxin/English_Path/test111/autonomous_navigation_environment_ego/install/turtlebot3_gazebo/share/turtlebot3_gazebo//models/turtlebot3_waffle/meshes/lds.dae
-- Up-to-date symlink: /home/suxin/English_Path/test111/autonomous_navigation_environment_ego/install/turtlebot3_gazebo/share/turtlebot3_gazebo//models/turtlebot3_waffle/meshes/r200.dae
-- Up-to-date symlink: /home/suxin/English_Path/test111/autonomous_navigation_environment_ego/install/turtlebot3_gazebo/share/turtlebot3_gazebo//models/turtlebot3_waffle/meshes/tire.dae
-- Up-to-date symlink: /home/suxin/English_Path/test111/autonomous_navigation_environment_ego/install/turtlebot3_gazebo/share/turtlebot3_gazebo//models/turtlebot3_waffle/meshes/waffle_base.dae
-- Up-to-date symlink: /home/suxin/English_Path/test111/autonomous_navigation_environment_ego/install/turtlebot3_gazebo/share/turtlebot3_gazebo//models/turtlebot3_waffle/model-1_4.sdf
-- Up-to-date symlink: /home/suxin/English_Path/test111/autonomous_navigation_environment_ego/install/turtlebot3_gazebo/share/turtlebot3_gazebo//models/turtlebot3_waffle/model.config
-- Up-to-date symlink: /home/suxin/English_Path/test111/autonomous_navigation_environment_ego/install/turtlebot3_gazebo/share/turtlebot3_gazebo//models/turtlebot3_waffle/model.sdf
-- Up-to-date symlink: /home/suxin/English_Path/test111/autonomous_navigation_environment_ego/install/turtlebot3_gazebo/share/turtlebot3_gazebo//models/turtlebot3_waffle_pi/meshes/lds.dae
-- Up-to-date symlink: /home/suxin/English_Path/test111/autonomous_navigation_environment_ego/install/turtlebot3_gazebo/share/turtlebot3_gazebo//models/turtlebot3_waffle_pi/meshes/tire.dae
-- Up-to-date symlink: /home/suxin/English_Path/test111/autonomous_navigation_environment_ego/install/turtlebot3_gazebo/share/turtlebot3_gazebo//models/turtlebot3_waffle_pi/meshes/waffle_pi_base.dae
-- Up-to-date symlink: /home/suxin/English_Path/test111/autonomous_navigation_environment_ego/install/turtlebot3_gazebo/share/turtlebot3_gazebo//models/turtlebot3_waffle_pi/model-1_4_.sdf
-- Up-to-date symlink: /home/suxin/English_Path/test111/autonomous_navigation_environment_ego/install/turtlebot3_gazebo/share/turtlebot3_gazebo//models/turtlebot3_waffle_pi/model.config
-- Up-to-date symlink: /home/suxin/English_Path/test111/autonomous_navigation_environment_ego/install/turtlebot3_gazebo/share/turtlebot3_gazebo//models/turtlebot3_waffle_pi/model.sdf
-- Up-to-date symlink: /home/suxin/English_Path/test111/autonomous_navigation_environment_ego/install/turtlebot3_gazebo/share/turtlebot3_gazebo//models/turtlebot3_world/meshes/hexagon.dae
-- Up-to-date symlink: /home/suxin/English_Path/test111/autonomous_navigation_environment_ego/install/turtlebot3_gazebo/share/turtlebot3_gazebo//models/turtlebot3_world/meshes/wall.dae
-- Up-to-date symlink: /home/suxin/English_Path/test111/autonomous_navigation_environment_ego/install/turtlebot3_gazebo/share/turtlebot3_gazebo//models/turtlebot3_world/model-1_4.sdf
-- Up-to-date symlink: /home/suxin/English_Path/test111/autonomous_navigation_environment_ego/install/turtlebot3_gazebo/share/turtlebot3_gazebo//models/turtlebot3_world/model.config
-- Up-to-date symlink: /home/suxin/English_Path/test111/autonomous_navigation_environment_ego/install/turtlebot3_gazebo/share/turtlebot3_gazebo//models/turtlebot3_world/model.sdf
-- Up-to-date symlink: /home/suxin/English_Path/test111/autonomous_navigation_environment_ego/install/turtlebot3_gazebo/share/turtlebot3_gazebo//models/uav_model/meshes/burger_base.dae
-- Up-to-date symlink: /home/suxin/English_Path/test111/autonomous_navigation_environment_ego/install/turtlebot3_gazebo/share/turtlebot3_gazebo//models/uav_model/meshes/lds.dae
-- Up-to-date symlink: /home/suxin/English_Path/test111/autonomous_navigation_environment_ego/install/turtlebot3_gazebo/share/turtlebot3_gazebo//models/uav_model/meshes/tire.dae
-- Up-to-date symlink: /home/suxin/English_Path/test111/autonomous_navigation_environment_ego/install/turtlebot3_gazebo/share/turtlebot3_gazebo//models/uav_model/model-1_4.sdf
-- Up-to-date symlink: /home/suxin/English_Path/test111/autonomous_navigation_environment_ego/install/turtlebot3_gazebo/share/turtlebot3_gazebo//models/uav_model/model.config
-- Up-to-date symlink: /home/suxin/English_Path/test111/autonomous_navigation_environment_ego/install/turtlebot3_gazebo/share/turtlebot3_gazebo//models/uav_model/model.sdf
-- Up-to-date symlink: /home/suxin/English_Path/test111/autonomous_navigation_environment_ego/install/turtlebot3_gazebo/share/turtlebot3_gazebo//models/urdf_m100/ardrone.xacro
-- Up-to-date symlink: /home/suxin/English_Path/test111/autonomous_navigation_environment_ego/install/turtlebot3_gazebo/share/turtlebot3_gazebo//models/urdf_m100/ardrone_base.xacro
-- Up-to-date symlink: /home/suxin/English_Path/test111/autonomous_navigation_environment_ego/install/turtlebot3_gazebo/share/turtlebot3_gazebo//models/urdf_m100/asymmetric_quadrotor.xacro
-- Up-to-date symlink: /home/suxin/English_Path/test111/autonomous_navigation_environment_ego/install/turtlebot3_gazebo/share/turtlebot3_gazebo//models/urdf_m100/asymmetric_quadrotor_base.xacro
-- Up-to-date symlink: /home/suxin/English_Path/test111/autonomous_navigation_environment_ego/install/turtlebot3_gazebo/share/turtlebot3_gazebo//models/urdf_m100/asymmetric_quadrotor_two_cameras.gazebo
-- Up-to-date symlink: /home/suxin/English_Path/test111/autonomous_navigation_environment_ego/install/turtlebot3_gazebo/share/turtlebot3_gazebo//models/urdf_m100/component_snippets.xacro
-- Up-to-date symlink: /home/suxin/English_Path/test111/autonomous_navigation_environment_ego/install/turtlebot3_gazebo/share/turtlebot3_gazebo//models/urdf_m100/firefly.xacro
-- Up-to-date symlink: /home/suxin/English_Path/test111/autonomous_navigation_environment_ego/install/turtlebot3_gazebo/share/turtlebot3_gazebo//models/urdf_m100/firefly_base.xacro
-- Up-to-date symlink: /home/suxin/English_Path/test111/autonomous_navigation_environment_ego/install/turtlebot3_gazebo/share/turtlebot3_gazebo//models/urdf_m100/firefly_generic_pose_sensor.gazebo
-- Up-to-date symlink: /home/suxin/English_Path/test111/autonomous_navigation_environment_ego/install/turtlebot3_gazebo/share/turtlebot3_gazebo//models/urdf_m100/firefly_two_generic_pose_sensors.gazebo
-- Up-to-date symlink: /home/suxin/English_Path/test111/autonomous_navigation_environment_ego/install/turtlebot3_gazebo/share/turtlebot3_gazebo//models/urdf_m100/fixed_wing_base.xacro
-- Up-to-date symlink: /home/suxin/English_Path/test111/autonomous_navigation_environment_ego/install/turtlebot3_gazebo/share/turtlebot3_gazebo//models/urdf_m100/hummingbird.xacro
-- Up-to-date symlink: /home/suxin/English_Path/test111/autonomous_navigation_environment_ego/install/turtlebot3_gazebo/share/turtlebot3_gazebo//models/urdf_m100/hummingbird_base.xacro
-- Up-to-date symlink: /home/suxin/English_Path/test111/autonomous_navigation_environment_ego/install/turtlebot3_gazebo/share/turtlebot3_gazebo//models/urdf_m100/iris.xacro
-- Up-to-date symlink: /home/suxin/English_Path/test111/autonomous_navigation_environment_ego/install/turtlebot3_gazebo/share/turtlebot3_gazebo//models/urdf_m100/iris_base.xacro
-- Up-to-date symlink: /home/suxin/English_Path/test111/autonomous_navigation_environment_ego/install/turtlebot3_gazebo/share/turtlebot3_gazebo//models/urdf_m100/m100.gazebo
-- Up-to-date symlink: /home/suxin/English_Path/test111/autonomous_navigation_environment_ego/install/turtlebot3_gazebo/share/turtlebot3_gazebo//models/urdf_m100/m100.xacro
-- Up-to-date symlink: /home/suxin/English_Path/test111/autonomous_navigation_environment_ego/install/turtlebot3_gazebo/share/turtlebot3_gazebo//models/urdf_m100/m100_base.xacro
-- Up-to-date symlink: /home/suxin/English_Path/test111/autonomous_navigation_environment_ego/install/turtlebot3_gazebo/share/turtlebot3_gazebo//models/urdf_m100/m100_odometry_sensor.gazebo
-- Up-to-date symlink: /home/suxin/English_Path/test111/autonomous_navigation_environment_ego/install/turtlebot3_gazebo/share/turtlebot3_gazebo//models/urdf_m100/m100_pccase.xacro
-- Up-to-date symlink: /home/suxin/English_Path/test111/autonomous_navigation_environment_ego/install/turtlebot3_gazebo/share/turtlebot3_gazebo//models/urdf_m100/mav_generic_odometry_sensor.gazebo
-- Up-to-date symlink: /home/suxin/English_Path/test111/autonomous_navigation_environment_ego/install/turtlebot3_gazebo/share/turtlebot3_gazebo//models/urdf_m100/mav_with_picoflexx.gazebo
-- Up-to-date symlink: /home/suxin/English_Path/test111/autonomous_navigation_environment_ego/install/turtlebot3_gazebo/share/turtlebot3_gazebo//models/urdf_m100/mav_with_vi_sensor.gazebo
-- Up-to-date symlink: /home/suxin/English_Path/test111/autonomous_navigation_environment_ego/install/turtlebot3_gazebo/share/turtlebot3_gazebo//models/urdf_m100/mav_with_wind_gust.gazebo
-- Up-to-date symlink: /home/suxin/English_Path/test111/autonomous_navigation_environment_ego/install/turtlebot3_gazebo/share/turtlebot3_gazebo//models/urdf_m100/meshes/m100_pccase.dae
-- Up-to-date symlink: /home/suxin/English_Path/test111/autonomous_navigation_environment_ego/install/turtlebot3_gazebo/share/turtlebot3_gazebo//models/urdf_m100/model.config
-- Up-to-date symlink: /home/suxin/English_Path/test111/autonomous_navigation_environment_ego/install/turtlebot3_gazebo/share/turtlebot3_gazebo//models/urdf_m100/model.sdf
-- Up-to-date symlink: /home/suxin/English_Path/test111/autonomous_navigation_environment_ego/install/turtlebot3_gazebo/share/turtlebot3_gazebo//models/urdf_m100/multirotor_base.xacro
-- Up-to-date symlink: /home/suxin/English_Path/test111/autonomous_navigation_environment_ego/install/turtlebot3_gazebo/share/turtlebot3_gazebo//models/urdf_m100/neo11.xacro
-- Up-to-date symlink: /home/suxin/English_Path/test111/autonomous_navigation_environment_ego/install/turtlebot3_gazebo/share/turtlebot3_gazebo//models/urdf_m100/neo11_base.xacro
-- Up-to-date symlink: /home/suxin/English_Path/test111/autonomous_navigation_environment_ego/install/turtlebot3_gazebo/share/turtlebot3_gazebo//models/urdf_m100/neo11_vi_sensor.gazebo
-- Up-to-date symlink: /home/suxin/English_Path/test111/autonomous_navigation_environment_ego/install/turtlebot3_gazebo/share/turtlebot3_gazebo//models/urdf_m100/neo9.xacro
-- Up-to-date symlink: /home/suxin/English_Path/test111/autonomous_navigation_environment_ego/install/turtlebot3_gazebo/share/turtlebot3_gazebo//models/urdf_m100/neo9_base.xacro
-- Up-to-date symlink: /home/suxin/English_Path/test111/autonomous_navigation_environment_ego/install/turtlebot3_gazebo/share/turtlebot3_gazebo//models/urdf_m100/neo9_vi_sensor.gazebo
-- Up-to-date symlink: /home/suxin/English_Path/test111/autonomous_navigation_environment_ego/install/turtlebot3_gazebo/share/turtlebot3_gazebo//models/urdf_m100/pelican.xacro
-- Up-to-date symlink: /home/suxin/English_Path/test111/autonomous_navigation_environment_ego/install/turtlebot3_gazebo/share/turtlebot3_gazebo//models/urdf_m100/pelican_base.xacro
-- Up-to-date symlink: /home/suxin/English_Path/test111/autonomous_navigation_environment_ego/install/turtlebot3_gazebo/share/turtlebot3_gazebo//models/urdf_m100/techpod.xacro
-- Up-to-date symlink: /home/suxin/English_Path/test111/autonomous_navigation_environment_ego/install/turtlebot3_gazebo/share/turtlebot3_gazebo//models/urdf_m100/techpod_base.xacro
-- Up-to-date symlink: /home/suxin/English_Path/test111/autonomous_navigation_environment_ego/install/turtlebot3_gazebo/share/turtlebot3_gazebo//models/urdf_m100/vi_sensor_base.xacro
-- Up-to-date symlink: /home/suxin/English_Path/test111/autonomous_navigation_environment_ego/install/turtlebot3_gazebo/share/turtlebot3_gazebo//models/wall/model.config
-- Up-to-date symlink: /home/suxin/English_Path/test111/autonomous_navigation_environment_ego/install/turtlebot3_gazebo/share/turtlebot3_gazebo//models/wall/model.sdf
-- Up-to-date symlink: /home/suxin/English_Path/test111/autonomous_navigation_environment_ego/install/turtlebot3_gazebo/share/turtlebot3_gazebo//models/wall2/model.config
-- Up-to-date symlink: /home/suxin/English_Path/test111/autonomous_navigation_environment_ego/install/turtlebot3_gazebo/share/turtlebot3_gazebo//models/wall2/model.sdf
-- Up-to-date symlink: /home/suxin/English_Path/test111/autonomous_navigation_environment_ego/install/turtlebot3_gazebo/share/turtlebot3_gazebo//models/wall_tunnel/model.config
-- Up-to-date symlink: /home/suxin/English_Path/test111/autonomous_navigation_environment_ego/install/turtlebot3_gazebo/share/turtlebot3_gazebo//models/wall_tunnel/model.sdf
-- Up-to-date symlink: /home/suxin/English_Path/test111/autonomous_navigation_environment_ego/install/turtlebot3_gazebo/share/turtlebot3_gazebo//rviz/tb3_gazebo.rviz
-- Up-to-date symlink: /home/suxin/English_Path/test111/autonomous_navigation_environment_ego/install/turtlebot3_gazebo/share/turtlebot3_gazebo//worlds/empty_worlds/burger.model
-- Up-to-date symlink: /home/suxin/English_Path/test111/autonomous_navigation_environment_ego/install/turtlebot3_gazebo/share/turtlebot3_gazebo//worlds/empty_worlds/waffle.model
-- Up-to-date symlink: /home/suxin/English_Path/test111/autonomous_navigation_environment_ego/install/turtlebot3_gazebo/share/turtlebot3_gazebo//worlds/empty_worlds/waffle_pi.model
-- Up-to-date symlink: /home/suxin/English_Path/test111/autonomous_navigation_environment_ego/install/turtlebot3_gazebo/share/turtlebot3_gazebo//worlds/turtlebot3_autoraces/burger.model
-- Up-to-date symlink: /home/suxin/English_Path/test111/autonomous_navigation_environment_ego/install/turtlebot3_gazebo/share/turtlebot3_gazebo//worlds/turtlebot3_autoraces/waffle.model
-- Up-to-date symlink: /home/suxin/English_Path/test111/autonomous_navigation_environment_ego/install/turtlebot3_gazebo/share/turtlebot3_gazebo//worlds/turtlebot3_autoraces/waffle_pi.model
-- Up-to-date symlink: /home/suxin/English_Path/test111/autonomous_navigation_environment_ego/install/turtlebot3_gazebo/share/turtlebot3_gazebo//worlds/turtlebot3_dqn_stage1/burger.model
-- Up-to-date symlink: /home/suxin/English_Path/test111/autonomous_navigation_environment_ego/install/turtlebot3_gazebo/share/turtlebot3_gazebo//worlds/turtlebot3_dqn_stage1/waffle.model
-- Up-to-date symlink: /home/suxin/English_Path/test111/autonomous_navigation_environment_ego/install/turtlebot3_gazebo/share/turtlebot3_gazebo//worlds/turtlebot3_dqn_stage1/waffle_pi.model
-- Up-to-date symlink: /home/suxin/English_Path/test111/autonomous_navigation_environment_ego/install/turtlebot3_gazebo/share/turtlebot3_gazebo//worlds/turtlebot3_dqn_stage2/burger.model
-- Up-to-date symlink: /home/suxin/English_Path/test111/autonomous_navigation_environment_ego/install/turtlebot3_gazebo/share/turtlebot3_gazebo//worlds/turtlebot3_dqn_stage2/waffle.model
-- Up-to-date symlink: /home/suxin/English_Path/test111/autonomous_navigation_environment_ego/install/turtlebot3_gazebo/share/turtlebot3_gazebo//worlds/turtlebot3_dqn_stage2/waffle_pi.model
-- Up-to-date symlink: /home/suxin/English_Path/test111/autonomous_navigation_environment_ego/install/turtlebot3_gazebo/share/turtlebot3_gazebo//worlds/turtlebot3_dqn_stage3/burger.model
-- Up-to-date symlink: /home/suxin/English_Path/test111/autonomous_navigation_environment_ego/install/turtlebot3_gazebo/share/turtlebot3_gazebo//worlds/turtlebot3_dqn_stage3/waffle.model
-- Up-to-date symlink: /home/suxin/English_Path/test111/autonomous_navigation_environment_ego/install/turtlebot3_gazebo/share/turtlebot3_gazebo//worlds/turtlebot3_dqn_stage3/waffle_pi.model
-- Up-to-date symlink: /home/suxin/English_Path/test111/autonomous_navigation_environment_ego/install/turtlebot3_gazebo/share/turtlebot3_gazebo//worlds/turtlebot3_dqn_stage4/burger.model
-- Up-to-date symlink: /home/suxin/English_Path/test111/autonomous_navigation_environment_ego/install/turtlebot3_gazebo/share/turtlebot3_gazebo//worlds/turtlebot3_dqn_stage4/waffle.model
-- Up-to-date symlink: /home/suxin/English_Path/test111/autonomous_navigation_environment_ego/install/turtlebot3_gazebo/share/turtlebot3_gazebo//worlds/turtlebot3_dqn_stage4/waffle_pi.model
-- Up-to-date symlink: /home/suxin/English_Path/test111/autonomous_navigation_environment_ego/install/turtlebot3_gazebo/share/turtlebot3_gazebo//worlds/turtlebot3_houses/burger.model
-- Up-to-date symlink: /home/suxin/English_Path/test111/autonomous_navigation_environment_ego/install/turtlebot3_gazebo/share/turtlebot3_gazebo//worlds/turtlebot3_houses/waffle.model
-- Up-to-date symlink: /home/suxin/English_Path/test111/autonomous_navigation_environment_ego/install/turtlebot3_gazebo/share/turtlebot3_gazebo//worlds/turtlebot3_houses/waffle_pi.model
-- Up-to-date symlink: /home/suxin/English_Path/test111/autonomous_navigation_environment_ego/install/turtlebot3_gazebo/share/turtlebot3_gazebo//worlds/turtlebot3_worlds/burger.model
-- Up-to-date symlink: /home/suxin/English_Path/test111/autonomous_navigation_environment_ego/install/turtlebot3_gazebo/share/turtlebot3_gazebo//worlds/turtlebot3_worlds/waffle.model
-- Up-to-date symlink: /home/suxin/English_Path/test111/autonomous_navigation_environment_ego/install/turtlebot3_gazebo/share/turtlebot3_gazebo//worlds/turtlebot3_worlds/waffle_pi.model
-- Up-to-date symlink: /home/suxin/English_Path/test111/autonomous_navigation_environment_ego/install/turtlebot3_gazebo/share/turtlebot3_gazebo//worlds/uav/uav.model
-- Up-to-date symlink: /home/suxin/English_Path/test111/autonomous_navigation_environment_ego/install/turtlebot3_gazebo/share/turtlebot3_gazebo//worlds/uav/uav_new_garage.model
-- Up-to-date symlink: /home/suxin/English_Path/test111/autonomous_navigation_environment_ego/install/turtlebot3_gazebo/share/turtlebot3_gazebo//worlds/uav/uav_tunnel.model
-- Up-to-date symlink: /home/suxin/English_Path/test111/autonomous_navigation_environment_ego/install/turtlebot3_gazebo/share/turtlebot3_gazebo//worlds/uav/waffle.model
-- Up-to-date symlink: /home/suxin/English_Path/test111/autonomous_navigation_environment_ego/install/turtlebot3_gazebo/share/turtlebot3_gazebo//worlds/uav/waffle_pi.model
-- Up-to-date symlink: /home/suxin/English_Path/test111/autonomous_navigation_environment_ego/install/turtlebot3_gazebo/include//turtlebot3_gazebo/turtlebot3_drive.hpp
-- Up-to-date symlink: /home/suxin/English_Path/test111/autonomous_navigation_environment_ego/install/turtlebot3_gazebo/share/ament_index/resource_index/package_run_dependencies/turtlebot3_gazebo
-- Up-to-date symlink: /home/suxin/English_Path/test111/autonomous_navigation_environment_ego/install/turtlebot3_gazebo/share/ament_index/resource_index/parent_prefix_path/turtlebot3_gazebo
-- Up-to-date symlink: /home/suxin/English_Path/test111/autonomous_navigation_environment_ego/install/turtlebot3_gazebo/share/turtlebot3_gazebo/environment/ament_prefix_path.sh
-- Up-to-date symlink: /home/suxin/English_Path/test111/autonomous_navigation_environment_ego/install/turtlebot3_gazebo/share/turtlebot3_gazebo/environment/ament_prefix_path.dsv
-- Up-to-date symlink: /home/suxin/English_Path/test111/autonomous_navigation_environment_ego/install/turtlebot3_gazebo/share/turtlebot3_gazebo/environment/path.sh
-- Up-to-date symlink: /home/suxin/English_Path/test111/autonomous_navigation_environment_ego/install/turtlebot3_gazebo/share/turtlebot3_gazebo/environment/path.dsv
-- Up-to-date symlink: /home/suxin/English_Path/test111/autonomous_navigation_environment_ego/install/turtlebot3_gazebo/share/turtlebot3_gazebo/local_setup.bash
-- Up-to-date symlink: /home/suxin/English_Path/test111/autonomous_navigation_environment_ego/install/turtlebot3_gazebo/share/turtlebot3_gazebo/local_setup.sh
-- Up-to-date symlink: /home/suxin/English_Path/test111/autonomous_navigation_environment_ego/install/turtlebot3_gazebo/share/turtlebot3_gazebo/local_setup.zsh
-- Up-to-date symlink: /home/suxin/English_Path/test111/autonomous_navigation_environment_ego/install/turtlebot3_gazebo/share/turtlebot3_gazebo/local_setup.dsv
-- Symlinking: /home/suxin/English_Path/test111/autonomous_navigation_environment_ego/install/turtlebot3_gazebo/share/turtlebot3_gazebo/package.dsv
-- Up-to-date symlink: /home/suxin/English_Path/test111/autonomous_navigation_environment_ego/install/turtlebot3_gazebo/share/ament_index/resource_index/packages/turtlebot3_gazebo
-- Up-to-date symlink: /home/suxin/English_Path/test111/autonomous_navigation_environment_ego/install/turtlebot3_gazebo/share/turtlebot3_gazebo/cmake/ament_cmake_export_include_directories-extras.cmake
-- Up-to-date symlink: /home/suxin/English_Path/test111/autonomous_navigation_environment_ego/install/turtlebot3_gazebo/share/turtlebot3_gazebo/cmake/ament_cmake_export_dependencies-extras.cmake
-- Up-to-date symlink: /home/suxin/English_Path/test111/autonomous_navigation_environment_ego/install/turtlebot3_gazebo/share/turtlebot3_gazebo/cmake/turtlebot3_gazeboConfig.cmake
-- Up-to-date symlink: /home/suxin/English_Path/test111/autonomous_navigation_environment_ego/install/turtlebot3_gazebo/share/turtlebot3_gazebo/cmake/turtlebot3_gazeboConfig-version.cmake
-- Up-to-date symlink: /home/suxin/English_Path/test111/autonomous_navigation_environment_ego/install/turtlebot3_gazebo/share/turtlebot3_gazebo/package.xml
