[0.053s] Invoking command in '/home/suxin/English_Path/test111/autonomous_navigation_environment_ego/build/local_planner': CMAKE_PREFIX_PATH=/opt/ros/foxy /usr/bin/cmake /home/suxin/English_Path/test111/autonomous_navigation_environment_ego/src/local_planner -DAMENT_CMAKE_SYMLINK_INSTALL=1 -DCMAKE_INSTALL_PREFIX=/home/suxin/English_Path/test111/autonomous_navigation_environment_ego/install/local_planner
[0.284s] -- The C compiler identification is GNU 9.4.0
[0.284s] -- The CXX compiler identification is GNU 9.4.0
[0.284s] -- Check for working C compiler: /usr/bin/cc
[0.284s] -- Check for working C compiler: /usr/bin/cc -- works
[0.284s] -- Detecting C compiler ABI info
[0.334s] -- Detecting C compiler ABI info - done
[0.349s] -- Detecting C compile features
[0.350s] -- Detecting C compile features - done
[0.350s] -- Check for working CXX compiler: /usr/bin/c++
[0.421s] -- Check for working CXX compiler: /usr/bin/c++ -- works
[0.422s] -- Detecting CXX compiler ABI info
[0.512s] -- Detecting CXX compiler ABI info - done
[0.525s] -- Detecting CXX compile features
[0.526s] -- Detecting CXX compile features - done
[0.528s] -- Found ament_cmake: 0.9.12 (/opt/ros/foxy/share/ament_cmake/cmake)
[0.552s] -- Found PythonInterp: /usr/bin/python3 (found suitable version "3.8.10", minimum required is "3") 
[0.553s] -- Using PYTHON_EXECUTABLE: /usr/bin/python3
[0.751s] -- Override CMake install command with custom implementation using symlinks instead of copying resources
[0.773s] -- Found rclcpp: 2.4.3 (/opt/ros/foxy/share/rclcpp/cmake)
[0.821s] -- Using all available rosidl_typesupport_c: rosidl_typesupport_fastrtps_c;rosidl_typesupport_introspection_c
[0.828s] -- Found rosidl_adapter: 1.3.1 (/opt/ros/foxy/share/rosidl_adapter/cmake)
[0.901s] -- Found OpenSSL: /usr/lib/x86_64-linux-gnu/libcrypto.so (found version "1.1.1f")  
[0.934s] -- Found FastRTPS: /opt/ros/foxy/include  
[1.018s] -- Using all available rosidl_typesupport_cpp: rosidl_typesupport_fastrtps_cpp;rosidl_typesupport_introspection_cpp
[1.082s] -- Found rmw_implementation_cmake: 1.0.4 (/opt/ros/foxy/share/rmw_implementation_cmake/cmake)
[1.089s] -- Using RMW implementation 'rmw_fastrtps_cpp' as default
[1.089s] -- Looking for pthread.h
[1.153s] -- Looking for pthread.h - found
[1.153s] -- Performing Test CMAKE_HAVE_LIBC_PTHREAD
[1.221s] -- Performing Test CMAKE_HAVE_LIBC_PTHREAD - Failed
[1.221s] -- Looking for pthread_create in pthreads
[1.271s] -- Looking for pthread_create in pthreads - not found
[1.271s] -- Looking for pthread_create in pthread
[1.343s] -- Looking for pthread_create in pthread - found
[1.344s] -- Found Threads: TRUE  
[1.520s] -- Found sensor_msgs: 2.0.5 (/opt/ros/foxy/share/sensor_msgs/cmake)
[1.665s] -- Checking for module 'eigen3'
[1.679s] --   Found eigen3, version 3.3.7
[1.712s] -- Found Eigen: /usr/include/eigen3 (Required is at least version "3.1") 
[1.712s] -- Eigen found (include: /usr/include/eigen3, version: 3.3.7)
[1.754s] -- Found Boost: /usr/include (found suitable version "1.71.0", minimum required is "1.55.0") found components: system filesystem date_time iostreams regex 
[1.768s] -- Checking for module 'flann'
[1.781s] --   Found flann, version 1.9.1
[1.814s] -- Found FLANN: /usr/lib/x86_64-linux-gnu/libflann_cpp.so  
[1.877s] -- The imported target "vtkParseOGLExt" references the file
[1.877s]    "/usr/bin/vtkParseOGLExt-7.1"
[1.877s] but this file does not exist.  Possible reasons include:
[1.877s] * The file was deleted, renamed, or moved to another location.
[1.877s] * An install or uninstall procedure did not complete successfully.
[1.877s] * The installation package was faulty and contained
[1.877s]    "/usr/lib/cmake/vtk-7.1/VTKTargets.cmake"
[1.877s] but not all the files it references.
[1.878s] 
[1.878s] -- The imported target "vtkRenderingPythonTkWidgets" references the file
[1.878s]    "/usr/lib/x86_64-linux-gnu/libvtkRenderingPythonTkWidgets.so"
[1.878s] but this file does not exist.  Possible reasons include:
[1.878s] * The file was deleted, renamed, or moved to another location.
[1.878s] * An install or uninstall procedure did not complete successfully.
[1.878s] * The installation package was faulty and contained
[1.878s]    "/usr/lib/cmake/vtk-7.1/VTKTargets.cmake"
[1.879s] but not all the files it references.
[1.879s] 
[1.879s] -- The imported target "vtk" references the file
[1.879s]    "/usr/bin/vtk"
[1.879s] but this file does not exist.  Possible reasons include:
[1.879s] * The file was deleted, renamed, or moved to another location.
[1.879s] * An install or uninstall procedure did not complete successfully.
[1.879s] * The installation package was faulty and contained
[1.879s]    "/usr/lib/cmake/vtk-7.1/VTKTargets.cmake"
[1.879s] but not all the files it references.
[1.880s] 
[1.880s] -- The imported target "pvtk" references the file
[1.880s]    "/usr/bin/pvtk"
[1.880s] but this file does not exist.  Possible reasons include:
[1.880s] * The file was deleted, renamed, or moved to another location.
[1.880s] * An install or uninstall procedure did not complete successfully.
[1.880s] * The installation package was faulty and contained
[1.880s]    "/usr/lib/cmake/vtk-7.1/VTKTargets.cmake"
[1.880s] but not all the files it references.
[1.880s] 
[1.899s] -- Checking for module 'libusb-1.0'
[1.915s] --   Found libusb-1.0, version 1.0.23
[1.953s] -- Found USB_10: /usr/lib/x86_64-linux-gnu/libusb-1.0.so  
[2.004s] -- Found OpenNI: /usr/lib/libOpenNI.so  
[2.005s] -- OpenNI found (include: /usr/include/ni, lib: /usr/lib/libOpenNI.so)
[2.067s] -- Found OpenNI2: /usr/lib/libOpenNI2.so  
[2.067s] -- OpenNI2 found (include: /usr/include/openni2, lib: /usr/lib/libOpenNI2.so)
[2.067s] ** WARNING ** io features related to pcap will be disabled
[2.067s] ** WARNING ** io features related to png will be disabled
[2.082s] -- Found libusb-1.0: /usr/include  
[2.082s] ** WARNING ** io features related to libusb-1.0 will be disabled
[2.089s] -- OpenNI found (include: /usr/include/ni, lib: /usr/lib/libOpenNI.so)
[2.096s] -- OpenNI2 found (include: /usr/include/openni2, lib: /usr/lib/libOpenNI2.so)
[2.127s] -- Found Qhull: optimized;/usr/lib/x86_64-linux-gnu/libqhull.so;debug;/usr/lib/x86_64-linux-gnu/libqhull.so  
[2.127s] -- QHULL found (include: /usr/include, lib: optimized;/usr/lib/x86_64-linux-gnu/libqhull.so;debug;/usr/lib/x86_64-linux-gnu/libqhull.so)
[2.134s] -- OpenNI found (include: /usr/include/ni, lib: /usr/lib/libOpenNI.so)
[2.158s] -- looking for PCL_COMMON
[2.158s] -- Found PCL_COMMON: /usr/lib/x86_64-linux-gnu/libpcl_common.so  
[2.158s] -- looking for PCL_KDTREE
[2.158s] -- Found PCL_KDTREE: /usr/lib/x86_64-linux-gnu/libpcl_kdtree.so  
[2.158s] -- looking for PCL_OCTREE
[2.158s] -- Found PCL_OCTREE: /usr/lib/x86_64-linux-gnu/libpcl_octree.so  
[2.159s] -- looking for PCL_SEARCH
[2.159s] -- Found PCL_SEARCH: /usr/lib/x86_64-linux-gnu/libpcl_search.so  
[2.159s] -- looking for PCL_SAMPLE_CONSENSUS
[2.159s] -- Found PCL_SAMPLE_CONSENSUS: /usr/lib/x86_64-linux-gnu/libpcl_sample_consensus.so  
[2.159s] -- looking for PCL_FILTERS
[2.159s] -- Found PCL_FILTERS: /usr/lib/x86_64-linux-gnu/libpcl_filters.so  
[2.159s] -- looking for PCL_2D
[2.159s] -- Found PCL_2D: /usr/include/pcl-1.10  
[2.159s] -- looking for PCL_GEOMETRY
[2.159s] -- Found PCL_GEOMETRY: /usr/include/pcl-1.10  
[2.159s] -- looking for PCL_IO
[2.160s] -- Found PCL_IO: /usr/lib/x86_64-linux-gnu/libpcl_io.so  
[2.160s] -- looking for PCL_FEATURES
[2.162s] -- Found PCL_FEATURES: /usr/lib/x86_64-linux-gnu/libpcl_features.so  
[2.162s] -- looking for PCL_ML
[2.172s] -- Found PCL_ML: /usr/lib/x86_64-linux-gnu/libpcl_ml.so  
[2.172s] -- looking for PCL_SEGMENTATION
[2.179s] -- Found PCL_SEGMENTATION: /usr/lib/x86_64-linux-gnu/libpcl_segmentation.so  
[2.179s] -- looking for PCL_VISUALIZATION
[2.179s] -- Found PCL_VISUALIZATION: /usr/lib/x86_64-linux-gnu/libpcl_visualization.so  
[2.179s] -- looking for PCL_SURFACE
[2.180s] -- Found PCL_SURFACE: /usr/lib/x86_64-linux-gnu/libpcl_surface.so  
[2.180s] -- looking for PCL_REGISTRATION
[2.180s] -- Found PCL_REGISTRATION: /usr/lib/x86_64-linux-gnu/libpcl_registration.so  
[2.180s] -- looking for PCL_KEYPOINTS
[2.181s] -- Found PCL_KEYPOINTS: /usr/lib/x86_64-linux-gnu/libpcl_keypoints.so  
[2.181s] -- looking for PCL_TRACKING
[2.181s] -- Found PCL_TRACKING: /usr/lib/x86_64-linux-gnu/libpcl_tracking.so  
[2.181s] -- looking for PCL_RECOGNITION
[2.181s] -- Found PCL_RECOGNITION: /usr/lib/x86_64-linux-gnu/libpcl_recognition.so  
[2.182s] -- looking for PCL_STEREO
[2.182s] -- Found PCL_STEREO: /usr/lib/x86_64-linux-gnu/libpcl_stereo.so  
[2.182s] -- looking for PCL_APPS
[2.182s] -- Found PCL_APPS: /usr/lib/x86_64-linux-gnu/libpcl_apps.so  
[2.182s] -- looking for PCL_IN_HAND_SCANNER
[2.183s] -- Found PCL_IN_HAND_SCANNER: /usr/include/pcl-1.10  
[2.183s] -- looking for PCL_POINT_CLOUD_EDITOR
[2.183s] -- Found PCL_POINT_CLOUD_EDITOR: /usr/include/pcl-1.10  
[2.183s] -- looking for PCL_OUTOFCORE
[2.183s] -- Found PCL_OUTOFCORE: /usr/lib/x86_64-linux-gnu/libpcl_outofcore.so  
[2.183s] -- looking for PCL_PEOPLE
[2.184s] -- Found PCL_PEOPLE: /usr/lib/x86_64-linux-gnu/libpcl_people.so  
[2.185s] -- Found PCL: pcl_common;pcl_kdtree;pcl_octree;pcl_search;pcl_sample_consensus;pcl_filters;pcl_io;pcl_features;pcl_ml;pcl_segmentation;pcl_visualization;pcl_surface;pcl_registration;pcl_keypoints;pcl_tracking;pcl_recognition;pcl_stereo;pcl_apps;pcl_outofcore;pcl_people;/usr/lib/x86_64-linux-gnu/libboost_system.so;/usr/lib/x86_64-linux-gnu/libboost_filesystem.so;/usr/lib/x86_64-linux-gnu/libboost_date_time.so;/usr/lib/x86_64-linux-gnu/libboost_iostreams.so;/usr/lib/x86_64-linux-gnu/libboost_regex.so;optimized;/usr/lib/x86_64-linux-gnu/libqhull.so;debug;/usr/lib/x86_64-linux-gnu/libqhull.so;/usr/lib/libOpenNI.so;/usr/lib/libOpenNI2.so;vtkChartsCore;vtkCommonColor;vtkCommonCore;vtksys;vtkCommonDataModel;vtkCommonMath;vtkCommonMisc;vtkCommonSystem;vtkCommonTransforms;vtkCommonExecutionModel;vtkFiltersGeneral;vtkCommonComputationalGeometry;vtkFiltersCore;vtkInfovisCore;vtkFiltersExtraction;vtkFiltersStatistics;vtkImagingFourier;vtkImagingCore;vtkalglib;vtkRenderingContext2D;vtkRenderingCore;vtkFiltersGeometry;vtkFiltersSources;vtkRenderingFreeType;/usr/lib/x86_64-linux-gnu/libfreetype.so;/usr/lib/x86_64-linux-gnu/libz.so;vtkFiltersModeling;vtkImagingSources;vtkInteractionStyle;vtkInteractionWidgets;vtkFiltersHybrid;vtkImagingColor;vtkImagingGeneral;vtkImagingHybrid;vtkIOImage;vtkDICOMParser;vtkmetaio;/usr/lib/x86_64-linux-gnu/libjpeg.so;/usr/lib/x86_64-linux-gnu/libpng.so;/usr/lib/x86_64-linux-gnu/libtiff.so;vtkRenderingAnnotation;vtkRenderingVolume;vtkIOXML;vtkIOCore;vtkIOXMLParser;/usr/lib/x86_64-linux-gnu/libexpat.so;vtkIOGeometry;vtkIOLegacy;vtkIOPLY;vtkRenderingLOD;vtkViewsContext2D;vtkViewsCore;vtkRenderingContextOpenGL2;vtkRenderingOpenGL2;FLANN::FLANN  
[2.187s] -- Found nav_msgs: 2.0.5 (/opt/ros/foxy/share/nav_msgs/cmake)
[2.296s] -- Found ament_lint_auto: 0.9.8 (/opt/ros/foxy/share/ament_lint_auto/cmake)
[2.373s] -- Added test 'copyright' to check source files copyright and LICENSE
[2.373s] -- Added test 'cppcheck' to perform static code analysis on C / C++ code
[2.373s] -- Configured cppcheck include dirs: /home/suxin/English_Path/test111/autonomous_navigation_environment_ego/src/local_planner/include
[2.374s] -- Configured cppcheck exclude dirs and/or files: 
[2.374s] -- Added test 'cpplint' to check C / C++ code against the Google style
[2.374s] -- Configured cpplint exclude dirs and/or files: 
[2.375s] -- Added test 'flake8' to check Python code syntax and style conventions
[2.376s] -- Added test 'lint_cmake' to check CMake code style
[2.376s] -- Added test 'pep257' to check Python code against some of the style conventions in PEP 257
[2.377s] -- Added test 'uncrustify' to check C / C++ code style
[2.377s] -- Configured uncrustify additional arguments: 
[2.377s] -- Added test 'xmllint' to check XML markup files
[2.381s] -- Configuring done
[2.440s] -- Generating done
[2.442s] -- Build files have been written to: /home/suxin/English_Path/test111/autonomous_navigation_environment_ego/build/local_planner
[2.458s] Invoked command in '/home/suxin/English_Path/test111/autonomous_navigation_environment_ego/build/local_planner' returned '0': CMAKE_PREFIX_PATH=/opt/ros/foxy /usr/bin/cmake /home/suxin/English_Path/test111/autonomous_navigation_environment_ego/src/local_planner -DAMENT_CMAKE_SYMLINK_INSTALL=1 -DCMAKE_INSTALL_PREFIX=/home/suxin/English_Path/test111/autonomous_navigation_environment_ego/install/local_planner
[2.459s] Invoking command in '/home/suxin/English_Path/test111/autonomous_navigation_environment_ego/build/local_planner': CMAKE_PREFIX_PATH=/opt/ros/foxy /usr/bin/cmake --build /home/suxin/English_Path/test111/autonomous_navigation_environment_ego/build/local_planner -- -j20 -l20
[3.068s] [35m[1mScanning dependencies of target pathFollower[0m
[3.069s] [35m[1mScanning dependencies of target localPlanner[0m
[3.071s] [ 25%] [32mBuilding CXX object CMakeFiles/pathFollower.dir/src/pathFollower.cpp.o[0m
[3.071s] [ 50%] [32mBuilding CXX object CMakeFiles/localPlanner.dir/src/localPlanner.cpp.o[0m
[37.264s] [ 75%] [32m[1mLinking CXX executable localPlanner[0m
[38.350s] [ 75%] Built target localPlanner
[43.630s] [100%] [32m[1mLinking CXX executable pathFollower[0m
[44.042s] [100%] Built target pathFollower
[44.074s] Invoked command in '/home/suxin/English_Path/test111/autonomous_navigation_environment_ego/build/local_planner' returned '0': CMAKE_PREFIX_PATH=/opt/ros/foxy /usr/bin/cmake --build /home/suxin/English_Path/test111/autonomous_navigation_environment_ego/build/local_planner -- -j20 -l20
[44.127s] Invoking command in '/home/suxin/English_Path/test111/autonomous_navigation_environment_ego/build/local_planner': CMAKE_PREFIX_PATH=/opt/ros/foxy /usr/bin/cmake --install /home/suxin/English_Path/test111/autonomous_navigation_environment_ego/build/local_planner
[44.147s] -- Install configuration: "Release"
[44.147s] -- Execute custom install script
[44.147s] -- Symlinking: /home/suxin/English_Path/test111/autonomous_navigation_environment_ego/install/local_planner/lib/local_planner/localPlanner
[44.148s] -- Symlinking: /home/suxin/English_Path/test111/autonomous_navigation_environment_ego/install/local_planner/lib/local_planner/pathFollower
[44.158s] -- Symlinking: /home/suxin/English_Path/test111/autonomous_navigation_environment_ego/install/local_planner/share/local_planner/launch/local_planner.launch
[44.169s] -- Symlinking: /home/suxin/English_Path/test111/autonomous_navigation_environment_ego/install/local_planner/share/local_planner/launch/local_planner.launch.py
[44.179s] -- Symlinking: /home/suxin/English_Path/test111/autonomous_navigation_environment_ego/install/local_planner/share/local_planner/launch/test.launch.py
[44.188s] -- Symlinking: /home/suxin/English_Path/test111/autonomous_navigation_environment_ego/install/local_planner/share/local_planner//config/localPlanner.yaml
[44.196s] -- Symlinking: /home/suxin/English_Path/test111/autonomous_navigation_environment_ego/install/local_planner/share/local_planner//config/pathFollower.yaml
[44.205s] -- Symlinking: /home/suxin/English_Path/test111/autonomous_navigation_environment_ego/install/local_planner/share/ament_index/resource_index/package_run_dependencies/local_planner
[44.214s] -- Symlinking: /home/suxin/English_Path/test111/autonomous_navigation_environment_ego/install/local_planner/share/ament_index/resource_index/parent_prefix_path/local_planner
[44.223s] -- Symlinking: /home/suxin/English_Path/test111/autonomous_navigation_environment_ego/install/local_planner/share/local_planner/environment/ament_prefix_path.sh
[44.232s] -- Symlinking: /home/suxin/English_Path/test111/autonomous_navigation_environment_ego/install/local_planner/share/local_planner/environment/ament_prefix_path.dsv
[44.240s] -- Symlinking: /home/suxin/English_Path/test111/autonomous_navigation_environment_ego/install/local_planner/share/local_planner/environment/path.sh
[44.248s] -- Symlinking: /home/suxin/English_Path/test111/autonomous_navigation_environment_ego/install/local_planner/share/local_planner/environment/path.dsv
[44.256s] -- Symlinking: /home/suxin/English_Path/test111/autonomous_navigation_environment_ego/install/local_planner/share/local_planner/local_setup.bash
[44.264s] -- Symlinking: /home/suxin/English_Path/test111/autonomous_navigation_environment_ego/install/local_planner/share/local_planner/local_setup.sh
[44.273s] -- Symlinking: /home/suxin/English_Path/test111/autonomous_navigation_environment_ego/install/local_planner/share/local_planner/local_setup.zsh
[44.281s] -- Symlinking: /home/suxin/English_Path/test111/autonomous_navigation_environment_ego/install/local_planner/share/local_planner/local_setup.dsv
[44.289s] -- Symlinking: /home/suxin/English_Path/test111/autonomous_navigation_environment_ego/install/local_planner/share/local_planner/package.dsv
[44.298s] -- Symlinking: /home/suxin/English_Path/test111/autonomous_navigation_environment_ego/install/local_planner/share/ament_index/resource_index/packages/local_planner
[44.307s] -- Symlinking: /home/suxin/English_Path/test111/autonomous_navigation_environment_ego/install/local_planner/share/local_planner/cmake/local_plannerConfig.cmake
[44.315s] -- Symlinking: /home/suxin/English_Path/test111/autonomous_navigation_environment_ego/install/local_planner/share/local_planner/cmake/local_plannerConfig-version.cmake
[44.322s] -- Symlinking: /home/suxin/English_Path/test111/autonomous_navigation_environment_ego/install/local_planner/share/local_planner/package.xml
[44.333s] Invoked command in '/home/suxin/English_Path/test111/autonomous_navigation_environment_ego/build/local_planner' returned '0': CMAKE_PREFIX_PATH=/opt/ros/foxy /usr/bin/cmake --install /home/suxin/English_Path/test111/autonomous_navigation_environment_ego/build/local_planner
