-- The C compiler identification is GNU 9.4.0
-- The CXX compiler identification is GNU 9.4.0
-- Check for working C compiler: /usr/bin/cc
-- Check for working C compiler: /usr/bin/cc -- works
-- Detecting C compiler ABI info
-- Detecting C compiler ABI info - done
-- Detecting C compile features
-- Detecting C compile features - done
-- Check for working CXX compiler: /usr/bin/c++
-- Check for working CXX compiler: /usr/bin/c++ -- works
-- Detecting CXX compiler ABI info
-- Detecting CXX compiler ABI info - done
-- Detecting CXX compile features
-- Detecting CXX compile features - done
-- Found ament_cmake: 0.9.12 (/opt/ros/foxy/share/ament_cmake/cmake)
-- Found PythonInterp: /usr/bin/python3 (found suitable version "3.8.10", minimum required is "3") 
-- Using PYTHON_EXECUTABLE: /usr/bin/python3
-- Override CMake install command with custom implementation using symlinks instead of copying resources
-- Found geometry_msgs: 2.0.5 (/opt/ros/foxy/share/geometry_msgs/cmake)
-- Using all available rosidl_typesupport_c: rosidl_typesupport_fastrtps_c;rosidl_typesupport_introspection_c
-- Found rosidl_adapter: 1.3.1 (/opt/ros/foxy/share/rosidl_adapter/cmake)
-- Found OpenSSL: /usr/lib/x86_64-linux-gnu/libcrypto.so (found version "1.1.1f")  
-- Found FastRTPS: /opt/ros/foxy/include  
-- Using all available rosidl_typesupport_cpp: rosidl_typesupport_fastrtps_cpp;rosidl_typesupport_introspection_cpp
-- Found rosidl_default_generators: 1.0.1 (/opt/ros/foxy/share/rosidl_default_generators/cmake)
-- Found PythonInterp: /usr/bin/python3 (found version "3.8.10") 
-- Found ament_cmake_ros: 0.9.2 (/opt/ros/foxy/share/ament_cmake_ros/cmake)
-- Using all available rosidl_typesupport_c: rosidl_typesupport_fastrtps_c;rosidl_typesupport_introspection_c
-- Using all available rosidl_typesupport_cpp: rosidl_typesupport_fastrtps_cpp;rosidl_typesupport_introspection_cpp
-- Found PythonInterp: /usr/bin/python3 (found suitable version "3.8.10", minimum required is "3.5") 
-- Found python_cmake_module: 0.8.1 (/opt/ros/foxy/share/python_cmake_module/cmake)
-- Found PythonLibs: /usr/lib/x86_64-linux-gnu/libpython3.8.so (found suitable version "3.8.10", minimum required is "3.5") 
-- Using PYTHON_EXECUTABLE: /usr/bin/python3
-- Using PYTHON_INCLUDE_DIRS: /usr/include/python3.8
-- Using PYTHON_LIBRARIES: /usr/lib/x86_64-linux-gnu/libpython3.8.so
-- Found PythonExtra: .so  
-- Found ament_lint_auto: 0.9.8 (/opt/ros/foxy/share/ament_lint_auto/cmake)
-- Added test 'copyright' to check source files copyright and LICENSE
-- Added test 'cppcheck' to perform static code analysis on C / C++ code
-- Configured cppcheck include dirs: 
-- Configured cppcheck exclude dirs and/or files: 
-- Added test 'cpplint' to check C / C++ code against the Google style
-- Configured cpplint exclude dirs and/or files: 
-- Added test 'flake8' to check Python code syntax and style conventions
-- Added test 'lint_cmake' to check CMake code style
-- Added test 'pep257' to check Python code against some of the style conventions in PEP 257
-- Added test 'uncrustify' to check C / C++ code style
-- Configured uncrustify additional arguments: 
-- Added test 'xmllint' to check XML markup files
-- Configuring done
-- Generating done
-- Build files have been written to: /home/suxin/English_Path/test111/autonomous_navigation_environment_ego/build/quadrotor_msgs
[  3%] [34m[1mGenerating C code for ROS interfaces[0m
[35m[1mScanning dependencies of target quadrotor_msgs__cpp[0m
[  6%] [34m[1mGenerating C++ code for ROS interfaces[0m
[35m[1mScanning dependencies of target quadrotor_msgs__rosidl_generator_c[0m
[  6%] Built target quadrotor_msgs__cpp
[  9%] [32mBuilding C object CMakeFiles/quadrotor_msgs__rosidl_generator_c.dir/rosidl_generator_c/quadrotor_msgs/msg/detail/position_command__functions.c.o[0m
[ 19%] [34m[1mGenerating C++ type support for eProsima Fast-RTPS[0m
[ 19%] [34m[1mGenerating C++ type support dispatch for ROS interfaces[0m
[ 19%] [34m[1mGenerating C++ introspection for ROS interfaces[0m
[ 22%] [32m[1mLinking C shared library libquadrotor_msgs__rosidl_generator_c.so[0m
[ 22%] Built target quadrotor_msgs__rosidl_generator_c
[ 25%] [34m[1mGenerating C introspection for ROS interfaces[0m
[ 29%] [34m[1mGenerating C type support dispatch for ROS interfaces[0m
[35m[1mScanning dependencies of target quadrotor_msgs__rosidl_typesupport_introspection_cpp[0m
[35m[1mScanning dependencies of target quadrotor_msgs__rosidl_typesupport_cpp[0m
[ 32%] [32mBuilding CXX object CMakeFiles/quadrotor_msgs__rosidl_typesupport_introspection_cpp.dir/rosidl_typesupport_introspection_cpp/quadrotor_msgs/msg/detail/position_command__type_support.cpp.o[0m
[ 35%] [32mBuilding CXX object CMakeFiles/quadrotor_msgs__rosidl_typesupport_cpp.dir/rosidl_typesupport_cpp/quadrotor_msgs/msg/position_command__type_support.cpp.o[0m
[35m[1mScanning dependencies of target quadrotor_msgs__rosidl_typesupport_fastrtps_cpp[0m
[ 38%] [32mBuilding CXX object CMakeFiles/quadrotor_msgs__rosidl_typesupport_fastrtps_cpp.dir/rosidl_typesupport_fastrtps_cpp/quadrotor_msgs/msg/detail/dds_fastrtps/position_command__type_support.cpp.o[0m
[35m[1mScanning dependencies of target quadrotor_msgs__rosidl_typesupport_introspection_c[0m
[ 41%] [32mBuilding C object CMakeFiles/quadrotor_msgs__rosidl_typesupport_introspection_c.dir/rosidl_typesupport_introspection_c/quadrotor_msgs/msg/detail/position_command__type_support.c.o[0m
[35m[1mScanning dependencies of target quadrotor_msgs__rosidl_typesupport_c[0m
[ 45%] [32mBuilding CXX object CMakeFiles/quadrotor_msgs__rosidl_typesupport_c.dir/rosidl_typesupport_c/quadrotor_msgs/msg/position_command__type_support.cpp.o[0m
[ 48%] [32m[1mLinking C shared library libquadrotor_msgs__rosidl_typesupport_introspection_c.so[0m
[ 51%] [32m[1mLinking CXX shared library libquadrotor_msgs__rosidl_typesupport_cpp.so[0m
[ 54%] [32m[1mLinking CXX shared library libquadrotor_msgs__rosidl_typesupport_introspection_cpp.so[0m
[ 58%] [32m[1mLinking CXX shared library libquadrotor_msgs__rosidl_typesupport_c.so[0m
[ 58%] Built target quadrotor_msgs__rosidl_typesupport_introspection_c
[ 58%] Built target quadrotor_msgs__rosidl_typesupport_cpp
[ 58%] Built target quadrotor_msgs__rosidl_typesupport_c
[ 58%] Built target quadrotor_msgs__rosidl_typesupport_introspection_cpp
[ 61%] [32m[1mLinking CXX shared library libquadrotor_msgs__rosidl_typesupport_fastrtps_cpp.so[0m
[ 61%] Built target quadrotor_msgs__rosidl_typesupport_fastrtps_cpp
[ 64%] [34m[1mGenerating C type support for eProsima Fast-RTPS[0m
[35m[1mScanning dependencies of target quadrotor_msgs__rosidl_typesupport_fastrtps_c[0m
[ 67%] [32mBuilding CXX object CMakeFiles/quadrotor_msgs__rosidl_typesupport_fastrtps_c.dir/rosidl_typesupport_fastrtps_c/quadrotor_msgs/msg/detail/position_command__type_support_c.cpp.o[0m
[ 70%] [32m[1mLinking CXX shared library libquadrotor_msgs__rosidl_typesupport_fastrtps_c.so[0m
[ 70%] Built target quadrotor_msgs__rosidl_typesupport_fastrtps_c
[35m[1mScanning dependencies of target quadrotor_msgs[0m
[ 70%] Built target quadrotor_msgs
[35m[1mScanning dependencies of target quadrotor_msgs__py[0m
[ 74%] [34m[1mGenerating Python code for ROS interfaces[0m
[ 74%] Built target quadrotor_msgs__py
[35m[1mScanning dependencies of target quadrotor_msgs__python[0m
[ 77%] [32mBuilding C object CMakeFiles/quadrotor_msgs__python.dir/rosidl_generator_py/quadrotor_msgs/msg/_position_command_s.c.o[0m
[ 80%] [32m[1mLinking C shared library rosidl_generator_py/quadrotor_msgs/libquadrotor_msgs__python.so[0m
[ 80%] Built target quadrotor_msgs__python
[35m[1mScanning dependencies of target quadrotor_msgs__rosidl_typesupport_c__pyext[0m
[35m[1mScanning dependencies of target quadrotor_msgs__rosidl_typesupport_fastrtps_c__pyext[0m
[35m[1mScanning dependencies of target quadrotor_msgs__rosidl_typesupport_introspection_c__pyext[0m
[ 83%] [32mBuilding C object CMakeFiles/quadrotor_msgs__rosidl_typesupport_introspection_c__pyext.dir/rosidl_generator_py/quadrotor_msgs/_quadrotor_msgs_s.ep.rosidl_typesupport_introspection_c.c.o[0m
[ 87%] [32mBuilding C object CMakeFiles/quadrotor_msgs__rosidl_typesupport_c__pyext.dir/rosidl_generator_py/quadrotor_msgs/_quadrotor_msgs_s.ep.rosidl_typesupport_c.c.o[0m
[ 90%] [32mBuilding C object CMakeFiles/quadrotor_msgs__rosidl_typesupport_fastrtps_c__pyext.dir/rosidl_generator_py/quadrotor_msgs/_quadrotor_msgs_s.ep.rosidl_typesupport_fastrtps_c.c.o[0m
[ 93%] [32m[1mLinking C shared library rosidl_generator_py/quadrotor_msgs/quadrotor_msgs_s__rosidl_typesupport_introspection_c.cpython-38-x86_64-linux-gnu.so[0m
[ 96%] [32m[1mLinking C shared library rosidl_generator_py/quadrotor_msgs/quadrotor_msgs_s__rosidl_typesupport_c.cpython-38-x86_64-linux-gnu.so[0m
[100%] [32m[1mLinking CXX shared library rosidl_generator_py/quadrotor_msgs/quadrotor_msgs_s__rosidl_typesupport_fastrtps_c.cpython-38-x86_64-linux-gnu.so[0m
[100%] Built target quadrotor_msgs__rosidl_typesupport_introspection_c__pyext
[100%] Built target quadrotor_msgs__rosidl_typesupport_c__pyext
[100%] Built target quadrotor_msgs__rosidl_typesupport_fastrtps_c__pyext
-- Install configuration: ""
-- Execute custom install script
-- Symlinking: /home/suxin/English_Path/test111/autonomous_navigation_environment_ego/install/quadrotor_msgs/share/ament_index/resource_index/rosidl_interfaces/quadrotor_msgs
-- Symlinking: /home/suxin/English_Path/test111/autonomous_navigation_environment_ego/install/quadrotor_msgs/include/quadrotor_msgs/msg/detail/position_command__functions.h
-- Symlinking: /home/suxin/English_Path/test111/autonomous_navigation_environment_ego/install/quadrotor_msgs/include/quadrotor_msgs/msg/detail/position_command__struct.h
-- Symlinking: /home/suxin/English_Path/test111/autonomous_navigation_environment_ego/install/quadrotor_msgs/include/quadrotor_msgs/msg/detail/position_command__type_support.h
-- Symlinking: /home/suxin/English_Path/test111/autonomous_navigation_environment_ego/install/quadrotor_msgs/include/quadrotor_msgs/msg/position_command.h
-- Symlinking: /home/suxin/English_Path/test111/autonomous_navigation_environment_ego/install/quadrotor_msgs/include/quadrotor_msgs/msg/rosidl_generator_c__visibility_control.h
-- Symlinking: /home/suxin/English_Path/test111/autonomous_navigation_environment_ego/install/quadrotor_msgs/share/quadrotor_msgs/environment/library_path.sh
-- Symlinking: /home/suxin/English_Path/test111/autonomous_navigation_environment_ego/install/quadrotor_msgs/share/quadrotor_msgs/environment/library_path.dsv
-- Symlinking: /home/suxin/English_Path/test111/autonomous_navigation_environment_ego/install/quadrotor_msgs/include/quadrotor_msgs/msg/detail/position_command__rosidl_typesupport_fastrtps_c.h
-- Symlinking: /home/suxin/English_Path/test111/autonomous_navigation_environment_ego/install/quadrotor_msgs/include/quadrotor_msgs/msg/rosidl_typesupport_fastrtps_c__visibility_control.h
-- Symlinking: /home/suxin/English_Path/test111/autonomous_navigation_environment_ego/install/quadrotor_msgs/lib/libquadrotor_msgs__rosidl_typesupport_fastrtps_c.so
-- Symlinking: /home/suxin/English_Path/test111/autonomous_navigation_environment_ego/install/quadrotor_msgs/include/quadrotor_msgs/msg/detail/position_command__rosidl_typesupport_fastrtps_cpp.hpp
-- Symlinking: /home/suxin/English_Path/test111/autonomous_navigation_environment_ego/install/quadrotor_msgs/include/quadrotor_msgs/msg/rosidl_typesupport_fastrtps_cpp__visibility_control.h
-- Symlinking: /home/suxin/English_Path/test111/autonomous_navigation_environment_ego/install/quadrotor_msgs/lib/libquadrotor_msgs__rosidl_typesupport_fastrtps_cpp.so
-- Symlinking: /home/suxin/English_Path/test111/autonomous_navigation_environment_ego/install/quadrotor_msgs/include/quadrotor_msgs/msg/detail/position_command__rosidl_typesupport_introspection_c.h
-- Symlinking: /home/suxin/English_Path/test111/autonomous_navigation_environment_ego/install/quadrotor_msgs/include/quadrotor_msgs/msg/rosidl_typesupport_introspection_c__visibility_control.h
-- Symlinking: /home/suxin/English_Path/test111/autonomous_navigation_environment_ego/install/quadrotor_msgs/include/quadrotor_msgs/msg/detail/position_command__builder.hpp
-- Symlinking: /home/suxin/English_Path/test111/autonomous_navigation_environment_ego/install/quadrotor_msgs/include/quadrotor_msgs/msg/detail/position_command__struct.hpp
-- Symlinking: /home/suxin/English_Path/test111/autonomous_navigation_environment_ego/install/quadrotor_msgs/include/quadrotor_msgs/msg/detail/position_command__traits.hpp
-- Symlinking: /home/suxin/English_Path/test111/autonomous_navigation_environment_ego/install/quadrotor_msgs/include/quadrotor_msgs/msg/detail/position_command__type_support.hpp
-- Symlinking: /home/suxin/English_Path/test111/autonomous_navigation_environment_ego/install/quadrotor_msgs/include/quadrotor_msgs/msg/position_command.hpp
-- Symlinking: /home/suxin/English_Path/test111/autonomous_navigation_environment_ego/install/quadrotor_msgs/include/quadrotor_msgs/msg/rosidl_generator_cpp__visibility_control.hpp
-- Symlinking: /home/suxin/English_Path/test111/autonomous_navigation_environment_ego/install/quadrotor_msgs/include/quadrotor_msgs/msg/detail/position_command__rosidl_typesupport_introspection_cpp.hpp
-- Symlinking: /home/suxin/English_Path/test111/autonomous_navigation_environment_ego/install/quadrotor_msgs/share/quadrotor_msgs/environment/pythonpath.sh
-- Symlinking: /home/suxin/English_Path/test111/autonomous_navigation_environment_ego/install/quadrotor_msgs/share/quadrotor_msgs/environment/pythonpath.dsv
-- Symlinking: /home/suxin/English_Path/test111/autonomous_navigation_environment_ego/install/quadrotor_msgs/lib/python3.8/site-packages/quadrotor_msgs/__init__.py
-- Symlinking: /home/suxin/English_Path/test111/autonomous_navigation_environment_ego/install/quadrotor_msgs/lib/python3.8/site-packages/quadrotor_msgs/msg/__init__.py
-- Symlinking: /home/suxin/English_Path/test111/autonomous_navigation_environment_ego/install/quadrotor_msgs/lib/python3.8/site-packages/quadrotor_msgs/msg/_position_command.py
-- Symlinking: /home/suxin/English_Path/test111/autonomous_navigation_environment_ego/install/quadrotor_msgs/lib/python3.8/site-packages/quadrotor_msgs/quadrotor_msgs_s__rosidl_typesupport_fastrtps_c.cpython-38-x86_64-linux-gnu.so
-- Symlinking: /home/suxin/English_Path/test111/autonomous_navigation_environment_ego/install/quadrotor_msgs/lib/python3.8/site-packages/quadrotor_msgs/quadrotor_msgs_s__rosidl_typesupport_introspection_c.cpython-38-x86_64-linux-gnu.so
-- Symlinking: /home/suxin/English_Path/test111/autonomous_navigation_environment_ego/install/quadrotor_msgs/lib/python3.8/site-packages/quadrotor_msgs/quadrotor_msgs_s__rosidl_typesupport_c.cpython-38-x86_64-linux-gnu.so
-- Symlinking: /home/suxin/English_Path/test111/autonomous_navigation_environment_ego/install/quadrotor_msgs/lib/libquadrotor_msgs__python.so
-- Symlinking: /home/suxin/English_Path/test111/autonomous_navigation_environment_ego/install/quadrotor_msgs/share/quadrotor_msgs/msg/PositionCommand.idl
-- Symlinking: /home/suxin/English_Path/test111/autonomous_navigation_environment_ego/install/quadrotor_msgs/share/quadrotor_msgs/msg/PositionCommand.msg
-- Symlinking: /home/suxin/English_Path/test111/autonomous_navigation_environment_ego/install/quadrotor_msgs/share/ament_index/resource_index/package_run_dependencies/quadrotor_msgs
-- Symlinking: /home/suxin/English_Path/test111/autonomous_navigation_environment_ego/install/quadrotor_msgs/share/ament_index/resource_index/parent_prefix_path/quadrotor_msgs
-- Symlinking: /home/suxin/English_Path/test111/autonomous_navigation_environment_ego/install/quadrotor_msgs/share/quadrotor_msgs/environment/ament_prefix_path.sh
-- Symlinking: /home/suxin/English_Path/test111/autonomous_navigation_environment_ego/install/quadrotor_msgs/share/quadrotor_msgs/environment/ament_prefix_path.dsv
-- Symlinking: /home/suxin/English_Path/test111/autonomous_navigation_environment_ego/install/quadrotor_msgs/share/quadrotor_msgs/environment/path.sh
-- Symlinking: /home/suxin/English_Path/test111/autonomous_navigation_environment_ego/install/quadrotor_msgs/share/quadrotor_msgs/environment/path.dsv
-- Symlinking: /home/suxin/English_Path/test111/autonomous_navigation_environment_ego/install/quadrotor_msgs/share/quadrotor_msgs/local_setup.bash
-- Symlinking: /home/suxin/English_Path/test111/autonomous_navigation_environment_ego/install/quadrotor_msgs/share/quadrotor_msgs/local_setup.sh
-- Symlinking: /home/suxin/English_Path/test111/autonomous_navigation_environment_ego/install/quadrotor_msgs/share/quadrotor_msgs/local_setup.zsh
-- Symlinking: /home/suxin/English_Path/test111/autonomous_navigation_environment_ego/install/quadrotor_msgs/share/quadrotor_msgs/local_setup.dsv
-- Symlinking: /home/suxin/English_Path/test111/autonomous_navigation_environment_ego/install/quadrotor_msgs/share/quadrotor_msgs/package.dsv
-- Symlinking: /home/suxin/English_Path/test111/autonomous_navigation_environment_ego/install/quadrotor_msgs/share/ament_index/resource_index/packages/quadrotor_msgs
-- Symlinking: /home/suxin/English_Path/test111/autonomous_navigation_environment_ego/install/quadrotor_msgs/share/quadrotor_msgs/cmake/rosidl_cmake-extras.cmake
-- Symlinking: /home/suxin/English_Path/test111/autonomous_navigation_environment_ego/install/quadrotor_msgs/share/quadrotor_msgs/cmake/ament_cmake_export_dependencies-extras.cmake
-- Symlinking: /home/suxin/English_Path/test111/autonomous_navigation_environment_ego/install/quadrotor_msgs/share/quadrotor_msgs/cmake/ament_cmake_export_libraries-extras.cmake
-- Symlinking: /home/suxin/English_Path/test111/autonomous_navigation_environment_ego/install/quadrotor_msgs/share/quadrotor_msgs/cmake/ament_cmake_export_targets-extras.cmake
-- Symlinking: /home/suxin/English_Path/test111/autonomous_navigation_environment_ego/install/quadrotor_msgs/share/quadrotor_msgs/cmake/ament_cmake_export_include_directories-extras.cmake
-- Symlinking: /home/suxin/English_Path/test111/autonomous_navigation_environment_ego/install/quadrotor_msgs/share/quadrotor_msgs/cmake/rosidl_cmake_export_typesupport_libraries-extras.cmake
-- Symlinking: /home/suxin/English_Path/test111/autonomous_navigation_environment_ego/install/quadrotor_msgs/share/quadrotor_msgs/cmake/rosidl_cmake_export_typesupport_targets-extras.cmake
-- Symlinking: /home/suxin/English_Path/test111/autonomous_navigation_environment_ego/install/quadrotor_msgs/share/quadrotor_msgs/cmake/quadrotor_msgsConfig.cmake
-- Symlinking: /home/suxin/English_Path/test111/autonomous_navigation_environment_ego/install/quadrotor_msgs/share/quadrotor_msgs/cmake/quadrotor_msgsConfig-version.cmake
-- Symlinking: /home/suxin/English_Path/test111/autonomous_navigation_environment_ego/install/quadrotor_msgs/share/quadrotor_msgs/package.xml
-- Installing: /home/suxin/English_Path/test111/autonomous_navigation_environment_ego/install/quadrotor_msgs/lib/libquadrotor_msgs__rosidl_generator_c.so
-- Set runtime path of "/home/suxin/English_Path/test111/autonomous_navigation_environment_ego/install/quadrotor_msgs/lib/libquadrotor_msgs__rosidl_generator_c.so" to ""
-- Installing: /home/suxin/English_Path/test111/autonomous_navigation_environment_ego/install/quadrotor_msgs/lib/libquadrotor_msgs__rosidl_typesupport_introspection_c.so
-- Set runtime path of "/home/suxin/English_Path/test111/autonomous_navigation_environment_ego/install/quadrotor_msgs/lib/libquadrotor_msgs__rosidl_typesupport_introspection_c.so" to ""
-- Installing: /home/suxin/English_Path/test111/autonomous_navigation_environment_ego/install/quadrotor_msgs/lib/libquadrotor_msgs__rosidl_typesupport_c.so
-- Set runtime path of "/home/suxin/English_Path/test111/autonomous_navigation_environment_ego/install/quadrotor_msgs/lib/libquadrotor_msgs__rosidl_typesupport_c.so" to ""
-- Installing: /home/suxin/English_Path/test111/autonomous_navigation_environment_ego/install/quadrotor_msgs/lib/libquadrotor_msgs__rosidl_typesupport_introspection_cpp.so
-- Set runtime path of "/home/suxin/English_Path/test111/autonomous_navigation_environment_ego/install/quadrotor_msgs/lib/libquadrotor_msgs__rosidl_typesupport_introspection_cpp.so" to ""
-- Installing: /home/suxin/English_Path/test111/autonomous_navigation_environment_ego/install/quadrotor_msgs/lib/libquadrotor_msgs__rosidl_typesupport_cpp.so
-- Set runtime path of "/home/suxin/English_Path/test111/autonomous_navigation_environment_ego/install/quadrotor_msgs/lib/libquadrotor_msgs__rosidl_typesupport_cpp.so" to ""
Compiling '/home/suxin/English_Path/test111/autonomous_navigation_environment_ego/install/quadrotor_msgs/lib/python3.8/site-packages/quadrotor_msgs/__init__.py'...
-- Installing: /home/suxin/English_Path/test111/autonomous_navigation_environment_ego/install/quadrotor_msgs/share/quadrotor_msgs/cmake/quadrotor_msgs__rosidl_generator_cExport.cmake
-- Installing: /home/suxin/English_Path/test111/autonomous_navigation_environment_ego/install/quadrotor_msgs/share/quadrotor_msgs/cmake/quadrotor_msgs__rosidl_generator_cExport-noconfig.cmake
-- Installing: /home/suxin/English_Path/test111/autonomous_navigation_environment_ego/install/quadrotor_msgs/share/quadrotor_msgs/cmake/quadrotor_msgs__rosidl_typesupport_introspection_cExport.cmake
-- Installing: /home/suxin/English_Path/test111/autonomous_navigation_environment_ego/install/quadrotor_msgs/share/quadrotor_msgs/cmake/quadrotor_msgs__rosidl_typesupport_introspection_cExport-noconfig.cmake
-- Installing: /home/suxin/English_Path/test111/autonomous_navigation_environment_ego/install/quadrotor_msgs/share/quadrotor_msgs/cmake/quadrotor_msgs__rosidl_typesupport_cExport.cmake
-- Installing: /home/suxin/English_Path/test111/autonomous_navigation_environment_ego/install/quadrotor_msgs/share/quadrotor_msgs/cmake/quadrotor_msgs__rosidl_typesupport_cExport-noconfig.cmake
-- Installing: /home/suxin/English_Path/test111/autonomous_navigation_environment_ego/install/quadrotor_msgs/share/quadrotor_msgs/cmake/quadrotor_msgs__rosidl_generator_cppExport.cmake
-- Installing: /home/suxin/English_Path/test111/autonomous_navigation_environment_ego/install/quadrotor_msgs/share/quadrotor_msgs/cmake/quadrotor_msgs__rosidl_typesupport_introspection_cppExport.cmake
-- Installing: /home/suxin/English_Path/test111/autonomous_navigation_environment_ego/install/quadrotor_msgs/share/quadrotor_msgs/cmake/quadrotor_msgs__rosidl_typesupport_introspection_cppExport-noconfig.cmake
-- Installing: /home/suxin/English_Path/test111/autonomous_navigation_environment_ego/install/quadrotor_msgs/share/quadrotor_msgs/cmake/quadrotor_msgs__rosidl_typesupport_cppExport.cmake
-- Installing: /home/suxin/English_Path/test111/autonomous_navigation_environment_ego/install/quadrotor_msgs/share/quadrotor_msgs/cmake/quadrotor_msgs__rosidl_typesupport_cppExport-noconfig.cmake
