[0.060s] Invoking command in '/home/suxin/English_Path/test111/autonomous_navigation_environment_ego/build/visualization_tools': CMAKE_PREFIX_PATH=/opt/ros/foxy /usr/bin/cmake /home/suxin/English_Path/test111/autonomous_navigation_environment_ego/src/visualization_tools -DAMENT_CMAKE_SYMLINK_INSTALL=1 -DCMAKE_INSTALL_PREFIX=/home/suxin/English_Path/test111/autonomous_navigation_environment_ego/install/visualization_tools
[2.148s] -- The C compiler identification is GNU 9.4.0
[2.149s] -- The CXX compiler identification is GNU 9.4.0
[2.149s] -- Check for working C compiler: /usr/bin/cc
[2.149s] -- Check for working C compiler: /usr/bin/cc -- works
[2.149s] -- Detecting C compiler ABI info
[2.149s] -- Detecting C compiler ABI info - done
[2.149s] -- Detecting C compile features
[2.149s] -- Detecting C compile features - done
[2.149s] -- Check for working CXX compiler: /usr/bin/c++
[2.149s] -- Check for working CXX compiler: /usr/bin/c++ -- works
[2.149s] -- Detecting CXX compiler ABI info
[2.149s] -- Detecting CXX compiler ABI info - done
[2.149s] -- Detecting CXX compile features
[2.149s] -- Detecting CXX compile features - done
[2.149s] -- Found ament_cmake: 0.9.12 (/opt/ros/foxy/share/ament_cmake/cmake)
[2.149s] -- Found PythonInterp: /usr/bin/python3 (found suitable version "3.8.10", minimum required is "3") 
[2.149s] -- Using PYTHON_EXECUTABLE: /usr/bin/python3
[2.149s] -- Override CMake install command with custom implementation using symlinks instead of copying resources
[2.149s] -- Found rclcpp: 2.4.3 (/opt/ros/foxy/share/rclcpp/cmake)
[2.149s] -- Using all available rosidl_typesupport_c: rosidl_typesupport_fastrtps_c;rosidl_typesupport_introspection_c
[2.149s] -- Found rosidl_adapter: 1.3.1 (/opt/ros/foxy/share/rosidl_adapter/cmake)
[2.149s] -- Found OpenSSL: /usr/lib/x86_64-linux-gnu/libcrypto.so (found version "1.1.1f")  
[2.149s] -- Found FastRTPS: /opt/ros/foxy/include  
[2.150s] -- Using all available rosidl_typesupport_cpp: rosidl_typesupport_fastrtps_cpp;rosidl_typesupport_introspection_cpp
[2.150s] -- Found rmw_implementation_cmake: 1.0.4 (/opt/ros/foxy/share/rmw_implementation_cmake/cmake)
[2.150s] -- Using RMW implementation 'rmw_fastrtps_cpp' as default
[2.150s] -- Looking for pthread.h
[2.150s] -- Looking for pthread.h - found
[2.150s] -- Performing Test CMAKE_HAVE_LIBC_PTHREAD
[2.150s] -- Performing Test CMAKE_HAVE_LIBC_PTHREAD - Failed
[2.150s] -- Looking for pthread_create in pthreads
[2.150s] -- Looking for pthread_create in pthreads - not found
[2.150s] -- Looking for pthread_create in pthread
[2.150s] -- Looking for pthread_create in pthread - found
[2.150s] -- Found Threads: TRUE  
[2.150s] -- Found sensor_msgs: 2.0.5 (/opt/ros/foxy/share/sensor_msgs/cmake)
[2.151s] -- Checking for module 'eigen3'
[2.152s] --   Found eigen3, version 3.3.7
[2.152s] -- Found Eigen: /usr/include/eigen3 (Required is at least version "3.1") 
[2.152s] -- Eigen found (include: /usr/include/eigen3, version: 3.3.7)
[2.152s] -- Found Boost: /usr/include (found suitable version "1.71.0", minimum required is "1.55.0") found components: system filesystem date_time iostreams regex 
[2.152s] -- Checking for module 'flann'
[2.152s] --   Found flann, version 1.9.1
[2.152s] -- Found FLANN: /usr/lib/x86_64-linux-gnu/libflann_cpp.so  
[2.152s] -- The imported target "vtkParseOGLExt" references the file
[2.152s]    "/usr/bin/vtkParseOGLExt-7.1"
[2.152s] but this file does not exist.  Possible reasons include:
[2.152s] * The file was deleted, renamed, or moved to another location.
[2.152s] * An install or uninstall procedure did not complete successfully.
[2.152s] * The installation package was faulty and contained
[2.152s]    "/usr/lib/cmake/vtk-7.1/VTKTargets.cmake"
[2.152s] but not all the files it references.
[2.153s] 
[2.153s] -- The imported target "vtkRenderingPythonTkWidgets" references the file
[2.153s]    "/usr/lib/x86_64-linux-gnu/libvtkRenderingPythonTkWidgets.so"
[2.153s] but this file does not exist.  Possible reasons include:
[2.153s] * The file was deleted, renamed, or moved to another location.
[2.153s] * An install or uninstall procedure did not complete successfully.
[2.153s] * The installation package was faulty and contained
[2.153s]    "/usr/lib/cmake/vtk-7.1/VTKTargets.cmake"
[2.153s] but not all the files it references.
[2.153s] 
[2.153s] -- The imported target "vtk" references the file
[2.153s]    "/usr/bin/vtk"
[2.153s] but this file does not exist.  Possible reasons include:
[2.153s] * The file was deleted, renamed, or moved to another location.
[2.153s] * An install or uninstall procedure did not complete successfully.
[2.153s] * The installation package was faulty and contained
[2.153s]    "/usr/lib/cmake/vtk-7.1/VTKTargets.cmake"
[2.153s] but not all the files it references.
[2.153s] 
[2.153s] -- The imported target "pvtk" references the file
[2.154s]    "/usr/bin/pvtk"
[2.154s] but this file does not exist.  Possible reasons include:
[2.154s] * The file was deleted, renamed, or moved to another location.
[2.154s] * An install or uninstall procedure did not complete successfully.
[2.155s] ** WARNING ** io features related to pcap will be disabled
[2.155s] ** WARNING ** io features related to png will be disabled
[2.155s] ** WARNING ** io features related to libusb-1.0 will be disabled
[2.155s] * The installation package was faulty and contained
[2.156s]    "/usr/lib/cmake/vtk-7.1/VTKTargets.cmake"
[2.156s] but not all the files it references.
[2.156s] 
[2.156s] -- Checking for module 'libusb-1.0'
[2.156s] --   Found libusb-1.0, version 1.0.23
[2.156s] -- Found USB_10: /usr/lib/x86_64-linux-gnu/libusb-1.0.so  
[2.156s] -- Found OpenNI: /usr/lib/libOpenNI.so  
[2.156s] -- OpenNI found (include: /usr/include/ni, lib: /usr/lib/libOpenNI.so)
[2.156s] -- Found OpenNI2: /usr/lib/libOpenNI2.so  
[2.156s] -- OpenNI2 found (include: /usr/include/openni2, lib: /usr/lib/libOpenNI2.so)
[2.156s] -- Found libusb-1.0: /usr/include  
[2.156s] -- OpenNI found (include: /usr/include/ni, lib: /usr/lib/libOpenNI.so)
[2.156s] -- OpenNI2 found (include: /usr/include/openni2, lib: /usr/lib/libOpenNI2.so)
[2.157s] -- Found Qhull: optimized;/usr/lib/x86_64-linux-gnu/libqhull.so;debug;/usr/lib/x86_64-linux-gnu/libqhull.so  
[2.157s] -- QHULL found (include: /usr/include, lib: optimized;/usr/lib/x86_64-linux-gnu/libqhull.so;debug;/usr/lib/x86_64-linux-gnu/libqhull.so)
[2.157s] -- OpenNI found (include: /usr/include/ni, lib: /usr/lib/libOpenNI.so)
[2.157s] -- looking for PCL_COMMON
[2.157s] -- Found PCL_COMMON: /usr/lib/x86_64-linux-gnu/libpcl_common.so  
[2.157s] -- looking for PCL_KDTREE
[2.157s] -- Found PCL_KDTREE: /usr/lib/x86_64-linux-gnu/libpcl_kdtree.so  
[2.157s] -- looking for PCL_OCTREE
[2.157s] -- Found PCL_OCTREE: /usr/lib/x86_64-linux-gnu/libpcl_octree.so  
[2.157s] -- looking for PCL_SEARCH
[2.157s] -- Found PCL_SEARCH: /usr/lib/x86_64-linux-gnu/libpcl_search.so  
[2.157s] -- looking for PCL_SAMPLE_CONSENSUS
[2.158s] -- Found PCL_SAMPLE_CONSENSUS: /usr/lib/x86_64-linux-gnu/libpcl_sample_consensus.so  
[2.158s] -- looking for PCL_FILTERS
[2.158s] -- Found PCL_FILTERS: /usr/lib/x86_64-linux-gnu/libpcl_filters.so  
[2.158s] -- looking for PCL_2D
[2.158s] -- Found PCL_2D: /usr/include/pcl-1.10  
[2.158s] -- looking for PCL_GEOMETRY
[2.158s] -- Found PCL_GEOMETRY: /usr/include/pcl-1.10  
[2.158s] -- looking for PCL_IO
[2.158s] -- Found PCL_IO: /usr/lib/x86_64-linux-gnu/libpcl_io.so  
[2.158s] -- looking for PCL_FEATURES
[2.158s] -- Found PCL_FEATURES: /usr/lib/x86_64-linux-gnu/libpcl_features.so  
[2.158s] -- looking for PCL_ML
[2.158s] -- Found PCL_ML: /usr/lib/x86_64-linux-gnu/libpcl_ml.so  
[2.159s] -- looking for PCL_SEGMENTATION
[2.159s] -- Found PCL_SEGMENTATION: /usr/lib/x86_64-linux-gnu/libpcl_segmentation.so  
[2.159s] -- looking for PCL_VISUALIZATION
[2.159s] -- Found PCL_VISUALIZATION: /usr/lib/x86_64-linux-gnu/libpcl_visualization.so  
[2.159s] -- looking for PCL_SURFACE
[2.159s] -- Found PCL_SURFACE: /usr/lib/x86_64-linux-gnu/libpcl_surface.so  
[2.159s] -- looking for PCL_REGISTRATION
[2.159s] -- Found PCL_REGISTRATION: /usr/lib/x86_64-linux-gnu/libpcl_registration.so  
[2.159s] -- looking for PCL_KEYPOINTS
[2.159s] -- Found PCL_KEYPOINTS: /usr/lib/x86_64-linux-gnu/libpcl_keypoints.so  
[2.159s] -- looking for PCL_TRACKING
[2.159s] -- Found PCL_TRACKING: /usr/lib/x86_64-linux-gnu/libpcl_tracking.so  
[2.160s] -- looking for PCL_RECOGNITION
[2.160s] -- Found PCL_RECOGNITION: /usr/lib/x86_64-linux-gnu/libpcl_recognition.so  
[2.160s] -- looking for PCL_STEREO
[2.160s] -- Found PCL_STEREO: /usr/lib/x86_64-linux-gnu/libpcl_stereo.so  
[2.160s] -- looking for PCL_APPS
[2.160s] -- Found PCL_APPS: /usr/lib/x86_64-linux-gnu/libpcl_apps.so  
[2.160s] -- looking for PCL_IN_HAND_SCANNER
[2.161s] -- Found PCL_IN_HAND_SCANNER: /usr/include/pcl-1.10  
[2.161s] -- looking for PCL_POINT_CLOUD_EDITOR
[2.161s] -- Found PCL_POINT_CLOUD_EDITOR: /usr/include/pcl-1.10  
[2.161s] -- looking for PCL_OUTOFCORE
[2.161s] -- Found PCL_OUTOFCORE: /usr/lib/x86_64-linux-gnu/libpcl_outofcore.so  
[2.161s] -- looking for PCL_PEOPLE
[2.161s] -- Found PCL_PEOPLE: /usr/lib/x86_64-linux-gnu/libpcl_people.so  
[2.161s] -- Found PCL: pcl_common;pcl_kdtree;pcl_octree;pcl_search;pcl_sample_consensus;pcl_filters;pcl_io;pcl_features;pcl_ml;pcl_segmentation;pcl_visualization;pcl_surface;pcl_registration;pcl_keypoints;pcl_tracking;pcl_recognition;pcl_stereo;pcl_apps;pcl_outofcore;pcl_people;/usr/lib/x86_64-linux-gnu/libboost_system.so;/usr/lib/x86_64-linux-gnu/libboost_filesystem.so;/usr/lib/x86_64-linux-gnu/libboost_date_time.so;/usr/lib/x86_64-linux-gnu/libboost_iostreams.so;/usr/lib/x86_64-linux-gnu/libboost_regex.so;optimized;/usr/lib/x86_64-linux-gnu/libqhull.so;debug;/usr/lib/x86_64-linux-gnu/libqhull.so;/usr/lib/libOpenNI.so;/usr/lib/libOpenNI2.so;vtkChartsCore;vtkCommonColor;vtkCommonCore;vtksys;vtkCommonDataModel;vtkCommonMath;vtkCommonMisc;vtkCommonSystem;vtkCommonTransforms;vtkCommonExecutionModel;vtkFiltersGeneral;vtkCommonComputationalGeometry;vtkFiltersCore;vtkInfovisCore;vtkFiltersExtraction;vtkFiltersStatistics;vtkImagingFourier;vtkImagingCore;vtkalglib;vtkRenderingContext2D;vtkRenderingCore;vtkFiltersGeometry;vtkFiltersSources;vtkRenderingFreeType;/usr/lib/x86_64-linux-gnu/libfreetype.so;/usr/lib/x86_64-linux-gnu/libz.so;vtkFiltersModeling;vtkImagingSources;vtkInteractionStyle;vtkInteractionWidgets;vtkFiltersHybrid;vtkImagingColor;vtkImagingGeneral;vtkImagingHybrid;vtkIOImage;vtkDICOMParser;vtkmetaio;/usr/lib/x86_64-linux-gnu/libjpeg.so;/usr/lib/x86_64-linux-gnu/libpng.so;/usr/lib/x86_64-linux-gnu/libtiff.so;vtkRenderingAnnotation;vtkRenderingVolume;vtkIOXML;vtkIOCore;vtkIOXMLParser;/usr/lib/x86_64-linux-gnu/libexpat.so;vtkIOGeometry;vtkIOLegacy;vtkIOPLY;vtkRenderingLOD;vtkViewsContext2D;vtkViewsCore;vtkRenderingContextOpenGL2;vtkRenderingOpenGL2;FLANN::FLANN  
[2.161s] -- Found nav_msgs: 2.0.5 (/opt/ros/foxy/share/nav_msgs/cmake)
[2.208s] -- Found ament_lint_auto: 0.9.8 (/opt/ros/foxy/share/ament_lint_auto/cmake)
[2.293s] -- Added test 'copyright' to check source files copyright and LICENSE
[2.294s] -- Added test 'cppcheck' to perform static code analysis on C / C++ code
[2.294s] -- Configured cppcheck include dirs: /home/suxin/English_Path/test111/autonomous_navigation_environment_ego/src/visualization_tools/include
[2.294s] -- Configured cppcheck exclude dirs and/or files: 
[2.300s] -- Added test 'cpplint' to check C / C++ code against the Google style
[2.300s] -- Configured cpplint exclude dirs and/or files: 
[2.301s] -- Added test 'flake8' to check Python code syntax and style conventions
[2.301s] -- Added test 'lint_cmake' to check CMake code style
[2.301s] -- Added test 'pep257' to check Python code against some of the style conventions in PEP 257
[2.301s] -- Added test 'uncrustify' to check C / C++ code style
[2.301s] -- Configured uncrustify additional arguments: 
[2.301s] -- Added test 'xmllint' to check XML markup files
[2.305s] -- Configuring done
[2.342s] -- Generating done
[2.350s] -- Build files have been written to: /home/suxin/English_Path/test111/autonomous_navigation_environment_ego/build/visualization_tools
[2.374s] Invoked command in '/home/suxin/English_Path/test111/autonomous_navigation_environment_ego/build/visualization_tools' returned '0': CMAKE_PREFIX_PATH=/opt/ros/foxy /usr/bin/cmake /home/suxin/English_Path/test111/autonomous_navigation_environment_ego/src/visualization_tools -DAMENT_CMAKE_SYMLINK_INSTALL=1 -DCMAKE_INSTALL_PREFIX=/home/suxin/English_Path/test111/autonomous_navigation_environment_ego/install/visualization_tools
[2.375s] Invoking command in '/home/suxin/English_Path/test111/autonomous_navigation_environment_ego/build/visualization_tools': CMAKE_PREFIX_PATH=/opt/ros/foxy /usr/bin/cmake --build /home/suxin/English_Path/test111/autonomous_navigation_environment_ego/build/visualization_tools -- -j20 -l20
[2.951s] [35m[1mScanning dependencies of target visualizationTools[0m
[2.951s] [ 50%] [32mBuilding CXX object CMakeFiles/visualizationTools.dir/src/visualizationTools.cpp.o[0m
[43.523s] [100%] [32m[1mLinking CXX executable visualizationTools[0m
[44.591s] [100%] Built target visualizationTools
[44.621s] Invoked command in '/home/suxin/English_Path/test111/autonomous_navigation_environment_ego/build/visualization_tools' returned '0': CMAKE_PREFIX_PATH=/opt/ros/foxy /usr/bin/cmake --build /home/suxin/English_Path/test111/autonomous_navigation_environment_ego/build/visualization_tools -- -j20 -l20
[44.642s] Invoking command in '/home/suxin/English_Path/test111/autonomous_navigation_environment_ego/build/visualization_tools': CMAKE_PREFIX_PATH=/opt/ros/foxy /usr/bin/cmake --install /home/suxin/English_Path/test111/autonomous_navigation_environment_ego/build/visualization_tools
[44.649s] -- Install configuration: "Release"
[44.649s] -- Execute custom install script
[44.649s] -- Symlinking: /home/suxin/English_Path/test111/autonomous_navigation_environment_ego/install/visualization_tools/lib/visualization_tools/visualizationTools
[44.657s] -- Symlinking: /home/suxin/English_Path/test111/autonomous_navigation_environment_ego/install/visualization_tools/share/visualization_tools/launch/visualization_tools.launch
[44.665s] -- Symlinking: /home/suxin/English_Path/test111/autonomous_navigation_environment_ego/install/visualization_tools/share/visualization_tools/launch/visualization_tools.launch.py
[44.671s] -- Symlinking: /home/suxin/English_Path/test111/autonomous_navigation_environment_ego/install/visualization_tools/share/visualization_tools//config/visualizationTools.yaml
[44.679s] -- Symlinking: /home/suxin/English_Path/test111/autonomous_navigation_environment_ego/install/visualization_tools/share/ament_index/resource_index/package_run_dependencies/visualization_tools
[44.686s] -- Symlinking: /home/suxin/English_Path/test111/autonomous_navigation_environment_ego/install/visualization_tools/share/ament_index/resource_index/parent_prefix_path/visualization_tools
[44.694s] -- Symlinking: /home/suxin/English_Path/test111/autonomous_navigation_environment_ego/install/visualization_tools/share/visualization_tools/environment/ament_prefix_path.sh
[44.702s] -- Symlinking: /home/suxin/English_Path/test111/autonomous_navigation_environment_ego/install/visualization_tools/share/visualization_tools/environment/ament_prefix_path.dsv
[44.710s] -- Symlinking: /home/suxin/English_Path/test111/autonomous_navigation_environment_ego/install/visualization_tools/share/visualization_tools/environment/path.sh
[44.718s] -- Symlinking: /home/suxin/English_Path/test111/autonomous_navigation_environment_ego/install/visualization_tools/share/visualization_tools/environment/path.dsv
[44.725s] -- Symlinking: /home/suxin/English_Path/test111/autonomous_navigation_environment_ego/install/visualization_tools/share/visualization_tools/local_setup.bash
[44.732s] -- Symlinking: /home/suxin/English_Path/test111/autonomous_navigation_environment_ego/install/visualization_tools/share/visualization_tools/local_setup.sh
[44.739s] -- Symlinking: /home/suxin/English_Path/test111/autonomous_navigation_environment_ego/install/visualization_tools/share/visualization_tools/local_setup.zsh
[44.747s] -- Symlinking: /home/suxin/English_Path/test111/autonomous_navigation_environment_ego/install/visualization_tools/share/visualization_tools/local_setup.dsv
[44.755s] -- Symlinking: /home/suxin/English_Path/test111/autonomous_navigation_environment_ego/install/visualization_tools/share/visualization_tools/package.dsv
[44.762s] -- Symlinking: /home/suxin/English_Path/test111/autonomous_navigation_environment_ego/install/visualization_tools/share/ament_index/resource_index/packages/visualization_tools
[44.770s] -- Symlinking: /home/suxin/English_Path/test111/autonomous_navigation_environment_ego/install/visualization_tools/share/visualization_tools/cmake/visualization_toolsConfig.cmake
[44.778s] -- Symlinking: /home/suxin/English_Path/test111/autonomous_navigation_environment_ego/install/visualization_tools/share/visualization_tools/cmake/visualization_toolsConfig-version.cmake
[44.785s] -- Symlinking: /home/suxin/English_Path/test111/autonomous_navigation_environment_ego/install/visualization_tools/share/visualization_tools/package.xml
[44.795s] Invoked command in '/home/suxin/English_Path/test111/autonomous_navigation_environment_ego/build/visualization_tools' returned '0': CMAKE_PREFIX_PATH=/opt/ros/foxy /usr/bin/cmake --install /home/suxin/English_Path/test111/autonomous_navigation_environment_ego/build/visualization_tools
