[0.049s] Invoking command in '/home/suxin/English_Path/test111/autonomous_navigation_environment_ego/build/path_searching': /usr/bin/cmake /home/suxin/English_Path/test111/autonomous_navigation_environment_ego/src/ego_planner_ros2/src/planner/path_searching -DCATKIN_INSTALL_INTO_PREFIX_ROOT=0 -DCATKIN_SYMLINK_INSTALL=ON -DCMAKE_INSTALL_PREFIX=/home/suxin/English_Path/test111/autonomous_navigation_environment_ego/install/path_searching
[0.296s] -- The C compiler identification is GNU 9.4.0
[0.296s] -- The CXX compiler identification is GNU 9.4.0
[0.296s] -- Check for working C compiler: /usr/bin/cc
[0.296s] -- Check for working C compiler: /usr/bin/cc -- works
[0.296s] -- Detecting C compiler ABI info
[0.346s] -- Detecting C compiler ABI info - done
[0.363s] -- Detecting C compile features
[0.363s] -- Detecting C compile features - done
[0.363s] -- Check for working CXX compiler: /usr/bin/c++
[0.449s] -- Check for working CXX compiler: /usr/bin/c++ -- works
[0.451s] -- Detecting CXX compiler ABI info
[0.549s] -- Detecting CXX compiler ABI info - done
[0.565s] -- Detecting CXX compile features
[0.565s] -- Detecting CXX compile features - done
[0.566s] -- Found ament_cmake: 0.9.12 (/opt/ros/foxy/share/ament_cmake/cmake)
[0.586s] -- Found PythonInterp: /usr/bin/python3 (found suitable version "3.8.10", minimum required is "3") 
[0.586s] -- Using PYTHON_EXECUTABLE: /usr/bin/python3
[0.753s] -- Found rclcpp: 2.4.3 (/opt/ros/foxy/share/rclcpp/cmake)
[0.802s] -- Using all available rosidl_typesupport_c: rosidl_typesupport_fastrtps_c;rosidl_typesupport_introspection_c
[0.810s] -- Found rosidl_adapter: 1.3.1 (/opt/ros/foxy/share/rosidl_adapter/cmake)
[0.883s] -- Found OpenSSL: /usr/lib/x86_64-linux-gnu/libcrypto.so (found version "1.1.1f")  
[0.914s] -- Found FastRTPS: /opt/ros/foxy/include  
[0.995s] -- Using all available rosidl_typesupport_cpp: rosidl_typesupport_fastrtps_cpp;rosidl_typesupport_introspection_cpp
[1.058s] -- Found rmw_implementation_cmake: 1.0.4 (/opt/ros/foxy/share/rmw_implementation_cmake/cmake)
[1.060s] -- Using RMW implementation 'rmw_fastrtps_cpp' as default
[1.061s] -- Looking for pthread.h
[1.125s] -- Looking for pthread.h - found
[1.126s] -- Performing Test CMAKE_HAVE_LIBC_PTHREAD
[1.199s] -- Performing Test CMAKE_HAVE_LIBC_PTHREAD - Failed
[1.199s] -- Looking for pthread_create in pthreads
[1.255s] -- Looking for pthread_create in pthreads - not found
[1.255s] -- Looking for pthread_create in pthread
[1.322s] -- Looking for pthread_create in pthread - found
[1.323s] -- Found Threads: TRUE  
[1.485s] -- Found visualization_msgs: 2.0.5 (/opt/ros/foxy/share/visualization_msgs/cmake)
[1.614s] -- Found cv_bridge: 3.0.7 (/opt/ros/foxy/share/cv_bridge/cmake)
[1.730s] -- Checking for module 'eigen3'
[1.742s] --   Found eigen3, version 3.3.7
[1.771s] -- Found Eigen: /usr/include/eigen3 (Required is at least version "3.1") 
[1.771s] -- Eigen found (include: /usr/include/eigen3, version: 3.3.7)
[1.813s] -- Found Boost: /usr/include (found suitable version "1.71.0", minimum required is "1.55.0") found components: system filesystem date_time iostreams regex 
[1.828s] -- Checking for module 'flann'
[1.842s] --   Found flann, version 1.9.1
[1.878s] -- Found FLANN: /usr/lib/x86_64-linux-gnu/libflann_cpp.so  
[1.928s] -- The imported target "vtkParseOGLExt" references the file
[1.928s]    "/usr/bin/vtkParseOGLExt-7.1"
[1.928s] but this file does not exist.  Possible reasons include:
[1.928s] * The file was deleted, renamed, or moved to another location.
[1.928s] * An install or uninstall procedure did not complete successfully.
[1.928s] * The installation package was faulty and contained
[1.928s]    "/usr/lib/cmake/vtk-7.1/VTKTargets.cmake"
[1.928s] but not all the files it references.
[1.928s] 
[1.929s] -- The imported target "vtkRenderingPythonTkWidgets" references the file
[1.929s]    "/usr/lib/x86_64-linux-gnu/libvtkRenderingPythonTkWidgets.so"
[1.929s] but this file does not exist.  Possible reasons include:
[1.929s] * The file was deleted, renamed, or moved to another location.
[1.929s] * An install or uninstall procedure did not complete successfully.
[1.929s] * The installation package was faulty and contained
[1.929s]    "/usr/lib/cmake/vtk-7.1/VTKTargets.cmake"
[1.930s] but not all the files it references.
[1.930s] 
[1.930s] -- The imported target "vtk" references the file
[1.930s]    "/usr/bin/vtk"
[1.930s] but this file does not exist.  Possible reasons include:
[1.930s] * The file was deleted, renamed, or moved to another location.
[1.930s] * An install or uninstall procedure did not complete successfully.
[1.930s] * The installation package was faulty and contained
[1.930s]    "/usr/lib/cmake/vtk-7.1/VTKTargets.cmake"
[1.930s] but not all the files it references.
[1.930s] 
[1.931s] -- The imported target "pvtk" references the file
[1.931s]    "/usr/bin/pvtk"
[1.931s] but this file does not exist.  Possible reasons include:
[1.931s] * The file was deleted, renamed, or moved to another location.
[1.931s] * An install or uninstall procedure did not complete successfully.
[1.931s] * The installation package was faulty and contained
[1.931s]    "/usr/lib/cmake/vtk-7.1/VTKTargets.cmake"
[1.931s] but not all the files it references.
[1.931s] 
[1.953s] -- Checking for module 'libusb-1.0'
[1.964s] --   Found libusb-1.0, version 1.0.23
[2.001s] -- Found USB_10: /usr/lib/x86_64-linux-gnu/libusb-1.0.so  
[2.062s] -- Found OpenNI: /usr/lib/libOpenNI.so  
[2.062s] -- OpenNI found (include: /usr/include/ni, lib: /usr/lib/libOpenNI.so)
[2.122s] -- Found OpenNI2: /usr/lib/libOpenNI2.so  
[2.122s] -- OpenNI2 found (include: /usr/include/openni2, lib: /usr/lib/libOpenNI2.so)
[2.122s] ** WARNING ** io features related to pcap will be disabled
[2.122s] ** WARNING ** io features related to png will be disabled
[2.139s] -- Found libusb-1.0: /usr/include  
[2.139s] ** WARNING ** io features related to libusb-1.0 will be disabled
[2.146s] -- OpenNI found (include: /usr/include/ni, lib: /usr/lib/libOpenNI.so)
[2.152s] -- OpenNI2 found (include: /usr/include/openni2, lib: /usr/lib/libOpenNI2.so)
[2.193s] -- Found Qhull: optimized;/usr/lib/x86_64-linux-gnu/libqhull.so;debug;/usr/lib/x86_64-linux-gnu/libqhull.so  
[2.193s] -- QHULL found (include: /usr/include, lib: optimized;/usr/lib/x86_64-linux-gnu/libqhull.so;debug;/usr/lib/x86_64-linux-gnu/libqhull.so)
[2.194s] -- OpenNI found (include: /usr/include/ni, lib: /usr/lib/libOpenNI.so)
[2.199s] -- looking for PCL_COMMON
[2.201s] -- Found PCL_COMMON: /usr/lib/x86_64-linux-gnu/libpcl_common.so  
[2.201s] -- looking for PCL_KDTREE
[2.202s] -- Found PCL_KDTREE: /usr/lib/x86_64-linux-gnu/libpcl_kdtree.so  
[2.202s] -- looking for PCL_OCTREE
[2.203s] -- Found PCL_OCTREE: /usr/lib/x86_64-linux-gnu/libpcl_octree.so  
[2.204s] -- looking for PCL_SEARCH
[2.204s] -- Found PCL_SEARCH: /usr/lib/x86_64-linux-gnu/libpcl_search.so  
[2.205s] -- looking for PCL_SAMPLE_CONSENSUS
[2.205s] -- Found PCL_SAMPLE_CONSENSUS: /usr/lib/x86_64-linux-gnu/libpcl_sample_consensus.so  
[2.205s] -- looking for PCL_FILTERS
[2.206s] -- Found PCL_FILTERS: /usr/lib/x86_64-linux-gnu/libpcl_filters.so  
[2.206s] -- looking for PCL_2D
[2.207s] -- Found PCL_2D: /usr/include/pcl-1.10  
[2.207s] -- looking for PCL_GEOMETRY
[2.207s] -- Found PCL_GEOMETRY: /usr/include/pcl-1.10  
[2.207s] -- looking for PCL_IO
[2.208s] -- Found PCL_IO: /usr/lib/x86_64-linux-gnu/libpcl_io.so  
[2.209s] -- looking for PCL_FEATURES
[2.210s] -- Found PCL_FEATURES: /usr/lib/x86_64-linux-gnu/libpcl_features.so  
[2.210s] -- looking for PCL_ML
[2.211s] -- Found PCL_ML: /usr/lib/x86_64-linux-gnu/libpcl_ml.so  
[2.211s] -- looking for PCL_SEGMENTATION
[2.212s] -- Found PCL_SEGMENTATION: /usr/lib/x86_64-linux-gnu/libpcl_segmentation.so  
[2.213s] -- looking for PCL_VISUALIZATION
[2.214s] -- Found PCL_VISUALIZATION: /usr/lib/x86_64-linux-gnu/libpcl_visualization.so  
[2.214s] -- looking for PCL_SURFACE
[2.215s] -- Found PCL_SURFACE: /usr/lib/x86_64-linux-gnu/libpcl_surface.so  
[2.215s] -- looking for PCL_REGISTRATION
[2.216s] -- Found PCL_REGISTRATION: /usr/lib/x86_64-linux-gnu/libpcl_registration.so  
[2.217s] -- looking for PCL_KEYPOINTS
[2.217s] -- Found PCL_KEYPOINTS: /usr/lib/x86_64-linux-gnu/libpcl_keypoints.so  
[2.218s] -- looking for PCL_TRACKING
[2.219s] -- Found PCL_TRACKING: /usr/lib/x86_64-linux-gnu/libpcl_tracking.so  
[2.219s] -- looking for PCL_RECOGNITION
[2.220s] -- Found PCL_RECOGNITION: /usr/lib/x86_64-linux-gnu/libpcl_recognition.so  
[2.220s] -- looking for PCL_STEREO
[2.221s] -- Found PCL_STEREO: /usr/lib/x86_64-linux-gnu/libpcl_stereo.so  
[2.221s] -- looking for PCL_APPS
[2.222s] -- Found PCL_APPS: /usr/lib/x86_64-linux-gnu/libpcl_apps.so  
[2.223s] -- looking for PCL_IN_HAND_SCANNER
[2.223s] -- Found PCL_IN_HAND_SCANNER: /usr/include/pcl-1.10  
[2.223s] -- looking for PCL_POINT_CLOUD_EDITOR
[2.224s] -- Found PCL_POINT_CLOUD_EDITOR: /usr/include/pcl-1.10  
[2.224s] -- looking for PCL_OUTOFCORE
[2.225s] -- Found PCL_OUTOFCORE: /usr/lib/x86_64-linux-gnu/libpcl_outofcore.so  
[2.225s] -- looking for PCL_PEOPLE
[2.227s] -- Found PCL_PEOPLE: /usr/lib/x86_64-linux-gnu/libpcl_people.so  
[2.227s] -- Found PCL: pcl_common;pcl_kdtree;pcl_octree;pcl_search;pcl_sample_consensus;pcl_filters;pcl_io;pcl_features;pcl_ml;pcl_segmentation;pcl_visualization;pcl_surface;pcl_registration;pcl_keypoints;pcl_tracking;pcl_recognition;pcl_stereo;pcl_apps;pcl_outofcore;pcl_people;/usr/lib/x86_64-linux-gnu/libboost_system.so;/usr/lib/x86_64-linux-gnu/libboost_filesystem.so;/usr/lib/x86_64-linux-gnu/libboost_date_time.so;/usr/lib/x86_64-linux-gnu/libboost_iostreams.so;/usr/lib/x86_64-linux-gnu/libboost_regex.so;optimized;/usr/lib/x86_64-linux-gnu/libqhull.so;debug;/usr/lib/x86_64-linux-gnu/libqhull.so;/usr/lib/libOpenNI.so;/usr/lib/libOpenNI2.so;vtkChartsCore;vtkCommonColor;vtkCommonCore;vtksys;vtkCommonDataModel;vtkCommonMath;vtkCommonMisc;vtkCommonSystem;vtkCommonTransforms;vtkCommonExecutionModel;vtkFiltersGeneral;vtkCommonComputationalGeometry;vtkFiltersCore;vtkInfovisCore;vtkFiltersExtraction;vtkFiltersStatistics;vtkImagingFourier;vtkImagingCore;vtkalglib;vtkRenderingContext2D;vtkRenderingCore;vtkFiltersGeometry;vtkFiltersSources;vtkRenderingFreeType;/usr/lib/x86_64-linux-gnu/libfreetype.so;/usr/lib/x86_64-linux-gnu/libz.so;vtkFiltersModeling;vtkImagingSources;vtkInteractionStyle;vtkInteractionWidgets;vtkFiltersHybrid;vtkImagingColor;vtkImagingGeneral;vtkImagingHybrid;vtkIOImage;vtkDICOMParser;vtkmetaio;/usr/lib/x86_64-linux-gnu/libjpeg.so;/usr/lib/x86_64-linux-gnu/libpng.so;/usr/lib/x86_64-linux-gnu/libtiff.so;vtkRenderingAnnotation;vtkRenderingVolume;vtkIOXML;vtkIOCore;vtkIOXMLParser;/usr/lib/x86_64-linux-gnu/libexpat.so;vtkIOGeometry;vtkIOLegacy;vtkIOPLY;vtkRenderingLOD;vtkViewsContext2D;vtkViewsCore;vtkRenderingContextOpenGL2;vtkRenderingOpenGL2;FLANN::FLANN (Required is at least version "1.7") 
[2.234s] -- Found ament_lint_auto: 0.9.8 (/opt/ros/foxy/share/ament_lint_auto/cmake)
[2.299s] -- Configuring done
[2.332s] -- Generating done
[2.334s] CMake Warning:
[2.334s]   Manually-specified variables were not used by the project:
[2.335s] 
[2.335s]     CATKIN_INSTALL_INTO_PREFIX_ROOT
[2.335s]     CATKIN_SYMLINK_INSTALL
[2.335s] 
[2.335s] 
[2.335s] -- Build files have been written to: /home/suxin/English_Path/test111/autonomous_navigation_environment_ego/build/path_searching
[2.381s] Invoked command in '/home/suxin/English_Path/test111/autonomous_navigation_environment_ego/build/path_searching' returned '0': /usr/bin/cmake /home/suxin/English_Path/test111/autonomous_navigation_environment_ego/src/ego_planner_ros2/src/planner/path_searching -DCATKIN_INSTALL_INTO_PREFIX_ROOT=0 -DCATKIN_SYMLINK_INSTALL=ON -DCMAKE_INSTALL_PREFIX=/home/suxin/English_Path/test111/autonomous_navigation_environment_ego/install/path_searching
[2.382s] Invoking command in '/home/suxin/English_Path/test111/autonomous_navigation_environment_ego/build/path_searching': /usr/bin/cmake --build /home/suxin/English_Path/test111/autonomous_navigation_environment_ego/build/path_searching -- -j20 -l20
[2.585s] [35m[1mScanning dependencies of target path_searching[0m
[2.618s] [ 50%] [32mBuilding CXX object CMakeFiles/path_searching.dir/src/dyn_a_star.cpp.o[0m
[37.785s] [100%] [32m[1mLinking CXX shared library libpath_searching.so[0m
[38.235s] [100%] Built target path_searching
[38.272s] Invoked command in '/home/suxin/English_Path/test111/autonomous_navigation_environment_ego/build/path_searching' returned '0': /usr/bin/cmake --build /home/suxin/English_Path/test111/autonomous_navigation_environment_ego/build/path_searching -- -j20 -l20
[38.318s] Invoking command in '/home/suxin/English_Path/test111/autonomous_navigation_environment_ego/build/path_searching': /usr/bin/cmake --install /home/suxin/English_Path/test111/autonomous_navigation_environment_ego/build/path_searching
[44.097s] -- Install configuration: "Release"
[44.098s] -- Installing: /home/suxin/English_Path/test111/autonomous_navigation_environment_ego/install/path_searching/lib/path_searching/libpath_searching.so
[44.099s] -- Set runtime path of "/home/suxin/English_Path/test111/autonomous_navigation_environment_ego/install/path_searching/lib/path_searching/libpath_searching.so" to ""
[44.099s] -- Installing: /home/suxin/English_Path/test111/autonomous_navigation_environment_ego/install/path_searching/share/ament_index/resource_index/package_run_dependencies/path_searching
[44.099s] -- Installing: /home/suxin/English_Path/test111/autonomous_navigation_environment_ego/install/path_searching/share/ament_index/resource_index/parent_prefix_path/path_searching
[44.099s] -- Installing: /home/suxin/English_Path/test111/autonomous_navigation_environment_ego/install/path_searching/share/path_searching/environment/ament_prefix_path.sh
[44.099s] -- Installing: /home/suxin/English_Path/test111/autonomous_navigation_environment_ego/install/path_searching/share/path_searching/environment/ament_prefix_path.dsv
[44.099s] -- Installing: /home/suxin/English_Path/test111/autonomous_navigation_environment_ego/install/path_searching/share/path_searching/environment/path.sh
[44.099s] -- Installing: /home/suxin/English_Path/test111/autonomous_navigation_environment_ego/install/path_searching/share/path_searching/environment/path.dsv
[44.099s] -- Installing: /home/suxin/English_Path/test111/autonomous_navigation_environment_ego/install/path_searching/share/path_searching/local_setup.bash
[44.099s] -- Installing: /home/suxin/English_Path/test111/autonomous_navigation_environment_ego/install/path_searching/share/path_searching/local_setup.sh
[44.099s] -- Installing: /home/suxin/English_Path/test111/autonomous_navigation_environment_ego/install/path_searching/share/path_searching/local_setup.zsh
[44.099s] -- Installing: /home/suxin/English_Path/test111/autonomous_navigation_environment_ego/install/path_searching/share/path_searching/local_setup.dsv
[44.100s] -- Installing: /home/suxin/English_Path/test111/autonomous_navigation_environment_ego/install/path_searching/share/path_searching/package.dsv
[44.100s] -- Installing: /home/suxin/English_Path/test111/autonomous_navigation_environment_ego/install/path_searching/share/ament_index/resource_index/packages/path_searching
[44.100s] -- Installing: /home/suxin/English_Path/test111/autonomous_navigation_environment_ego/install/path_searching/share/path_searching/cmake/path_searchingConfig.cmake
[44.100s] -- Installing: /home/suxin/English_Path/test111/autonomous_navigation_environment_ego/install/path_searching/share/path_searching/cmake/path_searchingConfig-version.cmake
[44.100s] -- Installing: /home/suxin/English_Path/test111/autonomous_navigation_environment_ego/install/path_searching/share/path_searching/package.xml
[44.119s] Invoked command in '/home/suxin/English_Path/test111/autonomous_navigation_environment_ego/build/path_searching' returned '0': /usr/bin/cmake --install /home/suxin/English_Path/test111/autonomous_navigation_environment_ego/build/path_searching
