-- The C compiler identification is GNU 9.4.0
-- The CXX compiler identification is GNU 9.4.0
-- Check for working C compiler: /usr/bin/cc
-- Check for working C compiler: /usr/bin/cc -- works
-- Detecting C compiler ABI info
-- Detecting C compiler ABI info - done
-- Detecting C compile features
-- Detecting C compile features - done
-- Check for working CXX compiler: /usr/bin/c++
-- Check for working CXX compiler: /usr/bin/c++ -- works
-- Detecting CXX compiler ABI info
-- Detecting CXX compiler ABI info - done
-- Detecting CXX compile features
-- Detecting CXX compile features - done
-- Found ament_cmake: 0.9.12 (/opt/ros/foxy/share/ament_cmake/cmake)
-- Found PythonInterp: /usr/bin/python3 (found suitable version "3.8.10", minimum required is "3") 
-- Using PYTHON_EXECUTABLE: /usr/bin/python3
-- Override CMake install command with custom implementation using symlinks instead of copying resources
-- Found rclcpp: 2.4.3 (/opt/ros/foxy/share/rclcpp/cmake)
-- Using all available rosidl_typesupport_c: rosidl_typesupport_fastrtps_c;rosidl_typesupport_introspection_c
-- Found rosidl_adapter: 1.3.1 (/opt/ros/foxy/share/rosidl_adapter/cmake)
-- Found OpenSSL: /usr/lib/x86_64-linux-gnu/libcrypto.so (found version "1.1.1f")  
-- Found FastRTPS: /opt/ros/foxy/include  
-- Using all available rosidl_typesupport_cpp: rosidl_typesupport_fastrtps_cpp;rosidl_typesupport_introspection_cpp
-- Found rmw_implementation_cmake: 1.0.4 (/opt/ros/foxy/share/rmw_implementation_cmake/cmake)
-- Using RMW implementation 'rmw_fastrtps_cpp' as default
-- Looking for pthread.h
-- Looking for pthread.h - found
-- Performing Test CMAKE_HAVE_LIBC_PTHREAD
-- Performing Test CMAKE_HAVE_LIBC_PTHREAD - Failed
-- Looking for pthread_create in pthreads
-- Looking for pthread_create in pthreads - not found
-- Looking for pthread_create in pthread
-- Looking for pthread_create in pthread - found
-- Found Threads: TRUE  
-- Found geometry_msgs: 2.0.5 (/opt/ros/foxy/share/geometry_msgs/cmake)
-- Checking for module 'eigen3'
--   Found eigen3, version 3.3.7
-- Found Eigen: /usr/include/eigen3 (Required is at least version "3.1") 
-- Eigen found (include: /usr/include/eigen3, version: 3.3.7)
-- Found Boost: /usr/include (found suitable version "1.71.0", minimum required is "1.55.0") found components: system filesystem date_time iostreams regex 
-- Checking for module 'flann'
--   Found flann, version 1.9.1
-- Found FLANN: /usr/lib/x86_64-linux-gnu/libflann_cpp.so  
-- The imported target "vtkParseOGLExt" references the file
   "/usr/bin/vtkParseOGLExt-7.1"
but this file does not exist.  Possible reasons include:
* The file was deleted, renamed, or moved to another location.
* An install or uninstall procedure did not complete successfully.
* The installation package was faulty and contained
   "/usr/lib/cmake/vtk-7.1/VTKTargets.cmake"
but not all the files it references.

-- The imported target "vtkRenderingPythonTkWidgets" references the file
   "/usr/lib/x86_64-linux-gnu/libvtkRenderingPythonTkWidgets.so"
but this file does not exist.  Possible reasons include:
* The file was deleted, renamed, or moved to another location.
* An install or uninstall procedure did not complete successfully.
* The installation package was faulty and contained
   "/usr/lib/cmake/vtk-7.1/VTKTargets.cmake"
but not all the files it references.

-- The imported target "vtk" references the file
   "/usr/bin/vtk"
but this file does not exist.  Possible reasons include:
* The file was deleted, renamed, or moved to another location.
* An install or uninstall procedure did not complete successfully.
* The installation package was faulty and contained
   "/usr/lib/cmake/vtk-7.1/VTKTargets.cmake"
but not all the files it references.

-- The imported target "pvtk" references the file
   "/usr/bin/pvtk"
but this file does not exist.  Possible reasons include:
* The file was deleted, renamed, or moved to another location.
* An install or uninstall procedure did not complete successfully.
* The installation package was faulty and contained
   "/usr/lib/cmake/vtk-7.1/VTKTargets.cmake"
but not all the files it references.

-- Checking for module 'libusb-1.0'
--   Found libusb-1.0, version 1.0.23
-- Found USB_10: /usr/lib/x86_64-linux-gnu/libusb-1.0.so  
-- Found OpenNI: /usr/lib/libOpenNI.so  
-- OpenNI found (include: /usr/include/ni, lib: /usr/lib/libOpenNI.so)
-- Found OpenNI2: /usr/lib/libOpenNI2.so  
-- OpenNI2 found (include: /usr/include/openni2, lib: /usr/lib/libOpenNI2.so)
-- Found libusb-1.0: /usr/include  
-- OpenNI found (include: /usr/include/ni, lib: /usr/lib/libOpenNI.so)
-- OpenNI2 found (include: /usr/include/openni2, lib: /usr/lib/libOpenNI2.so)
-- Found Qhull: optimized;/usr/lib/x86_64-linux-gnu/libqhull.so;debug;/usr/lib/x86_64-linux-gnu/libqhull.so  
-- QHULL found (include: /usr/include, lib: optimized;/usr/lib/x86_64-linux-gnu/libqhull.so;debug;/usr/lib/x86_64-linux-gnu/libqhull.so)
-- OpenNI found (include: /usr/include/ni, lib: /usr/lib/libOpenNI.so)
-- looking for PCL_COMMON
-- Found PCL_COMMON: /usr/lib/x86_64-linux-gnu/libpcl_common.so  
-- looking for PCL_KDTREE
-- Found PCL_KDTREE: /usr/lib/x86_64-linux-gnu/libpcl_kdtree.so  
-- looking for PCL_OCTREE
-- Found PCL_OCTREE: /usr/lib/x86_64-linux-gnu/libpcl_octree.so  
-- looking for PCL_SEARCH
-- Found PCL_SEARCH: /usr/lib/x86_64-linux-gnu/libpcl_search.so  
-- looking for PCL_SAMPLE_CONSENSUS
-- Found PCL_SAMPLE_CONSENSUS: /usr/lib/x86_64-linux-gnu/libpcl_sample_consensus.so  
-- looking for PCL_FILTERS
-- Found PCL_FILTERS: /usr/lib/x86_64-linux-gnu/libpcl_filters.so  
-- looking for PCL_2D
-- Found PCL_2D: /usr/include/pcl-1.10  
-- looking for PCL_GEOMETRY
-- Found PCL_GEOMETRY: /usr/include/pcl-1.10  
-- looking for PCL_IO
-- Found PCL_IO: /usr/lib/x86_64-linux-gnu/libpcl_io.so  
-- looking for PCL_FEATURES
-- Found PCL_FEATURES: /usr/lib/x86_64-linux-gnu/libpcl_features.so  
-- looking for PCL_ML
-- Found PCL_ML: /usr/lib/x86_64-linux-gnu/libpcl_ml.so  
-- looking for PCL_SEGMENTATION
-- Found PCL_SEGMENTATION: /usr/lib/x86_64-linux-gnu/libpcl_segmentation.so  
-- looking for PCL_VISUALIZATION
-- Found PCL_VISUALIZATION: /usr/lib/x86_64-linux-gnu/libpcl_visualization.so  
-- looking for PCL_SURFACE
-- Found PCL_SURFACE: /usr/lib/x86_64-linux-gnu/libpcl_surface.so  
-- looking for PCL_REGISTRATION
-- Found PCL_REGISTRATION: /usr/lib/x86_64-linux-gnu/libpcl_registration.so  
-- looking for PCL_KEYPOINTS
-- Found PCL_KEYPOINTS: /usr/lib/x86_64-linux-gnu/libpcl_keypoints.so  
-- looking for PCL_TRACKING
-- Found PCL_TRACKING: /usr/lib/x86_64-linux-gnu/libpcl_tracking.so  
-- looking for PCL_RECOGNITION
-- Found PCL_RECOGNITION: /usr/lib/x86_64-linux-gnu/libpcl_recognition.so  
-- looking for PCL_STEREO
-- Found PCL_STEREO: /usr/lib/x86_64-linux-gnu/libpcl_stereo.so  
-- looking for PCL_APPS
-- Found PCL_APPS: /usr/lib/x86_64-linux-gnu/libpcl_apps.so  
-- looking for PCL_IN_HAND_SCANNER
-- Found PCL_IN_HAND_SCANNER: /usr/include/pcl-1.10  
-- looking for PCL_POINT_CLOUD_EDITOR
-- Found PCL_POINT_CLOUD_EDITOR: /usr/include/pcl-1.10  
-- looking for PCL_OUTOFCORE
-- Found PCL_OUTOFCORE: /usr/lib/x86_64-linux-gnu/libpcl_outofcore.so  
-- looking for PCL_PEOPLE
-- Found PCL_PEOPLE: /usr/lib/x86_64-linux-gnu/libpcl_people.so  
-- Found PCL: pcl_common;pcl_kdtree;pcl_octree;pcl_search;pcl_sample_consensus;pcl_filters;pcl_io;pcl_features;pcl_ml;pcl_segmentation;pcl_visualization;pcl_surface;pcl_registration;pcl_keypoints;pcl_tracking;pcl_recognition;pcl_stereo;pcl_apps;pcl_outofcore;pcl_people;/usr/lib/x86_64-linux-gnu/libboost_system.so;/usr/lib/x86_64-linux-gnu/libboost_filesystem.so;/usr/lib/x86_64-linux-gnu/libboost_date_time.so;/usr/lib/x86_64-linux-gnu/libboost_iostreams.so;/usr/lib/x86_64-linux-gnu/libboost_regex.so;optimized;/usr/lib/x86_64-linux-gnu/libqhull.so;debug;/usr/lib/x86_64-linux-gnu/libqhull.so;/usr/lib/libOpenNI.so;/usr/lib/libOpenNI2.so;vtkChartsCore;vtkCommonColor;vtkCommonCore;vtksys;vtkCommonDataModel;vtkCommonMath;vtkCommonMisc;vtkCommonSystem;vtkCommonTransforms;vtkCommonExecutionModel;vtkFiltersGeneral;vtkCommonComputationalGeometry;vtkFiltersCore;vtkInfovisCore;vtkFiltersExtraction;vtkFiltersStatistics;vtkImagingFourier;vtkImagingCore;vtkalglib;vtkRenderingContext2D;vtkRenderingCore;vtkFiltersGeometry;vtkFiltersSources;vtkRenderingFreeType;/usr/lib/x86_64-linux-gnu/libfreetype.so;/usr/lib/x86_64-linux-gnu/libz.so;vtkFiltersModeling;vtkImagingSources;vtkInteractionStyle;vtkInteractionWidgets;vtkFiltersHybrid;vtkImagingColor;vtkImagingGeneral;vtkImagingHybrid;vtkIOImage;vtkDICOMParser;vtkmetaio;/usr/lib/x86_64-linux-gnu/libjpeg.so;/usr/lib/x86_64-linux-gnu/libpng.so;/usr/lib/x86_64-linux-gnu/libtiff.so;vtkRenderingAnnotation;vtkRenderingVolume;vtkIOXML;vtkIOCore;vtkIOXMLParser;/usr/lib/x86_64-linux-gnu/libexpat.so;vtkIOGeometry;vtkIOLegacy;vtkIOPLY;vtkRenderingLOD;vtkViewsContext2D;vtkViewsCore;vtkRenderingContextOpenGL2;vtkRenderingOpenGL2;FLANN::FLANN (Required is at least version "1.7") 
-- Found rosidl_default_generators: 1.0.1 (/opt/ros/foxy/share/rosidl_default_generators/cmake)
-- Found PythonInterp: /usr/bin/python3 (found version "3.8.10") 
-- Found ament_cmake_ros: 0.9.2 (/opt/ros/foxy/share/ament_cmake_ros/cmake)
-- Using all available rosidl_typesupport_c: rosidl_typesupport_fastrtps_c;rosidl_typesupport_introspection_c
-- Using all available rosidl_typesupport_cpp: rosidl_typesupport_fastrtps_cpp;rosidl_typesupport_introspection_cpp
-- Found PythonInterp: /usr/bin/python3 (found suitable version "3.8.10", minimum required is "3.5") 
-- Found python_cmake_module: 0.8.1 (/opt/ros/foxy/share/python_cmake_module/cmake)
-- Found PythonLibs: /usr/lib/x86_64-linux-gnu/libpython3.8.so (found suitable version "3.8.10", minimum required is "3.5") 
-- Using PYTHON_EXECUTABLE: /usr/bin/python3
-- Using PYTHON_INCLUDE_DIRS: /usr/include/python3.8
-- Using PYTHON_LIBRARIES: /usr/lib/x86_64-linux-gnu/libpython3.8.so
-- Found PythonExtra: .so  
-- Found ament_lint_auto: 0.9.8 (/opt/ros/foxy/share/ament_lint_auto/cmake)
-- Added test 'copyright' to check source files copyright and LICENSE
-- Added test 'cppcheck' to perform static code analysis on C / C++ code
-- Configured cppcheck include dirs: /home/suxin/English_Path/test111/autonomous_navigation_environment_ego/src/ego_planner_ros2/src/planner/traj_utils_z/include
-- Configured cppcheck exclude dirs and/or files: 
-- Added test 'cpplint' to check C / C++ code against the Google style
-- Configured cpplint exclude dirs and/or files: 
-- Added test 'lint_cmake' to check CMake code style
-- Added test 'uncrustify' to check C / C++ code style
-- Configured uncrustify additional arguments: 
-- Added test 'xmllint' to check XML markup files
-- Configuring done
-- Generating done
-- Build files have been written to: /home/suxin/English_Path/test111/autonomous_navigation_environment_ego/build/traj_utils
[  2%] [34m[1mGenerating C code for ROS interfaces[0m
[35m[1mScanning dependencies of target traj_utils__cpp[0m
[  4%] [34m[1mGenerating C++ code for ROS interfaces[0m
[35m[1mScanning dependencies of target traj_utils__rosidl_generator_c[0m
[  6%] [32mBuilding C object CMakeFiles/traj_utils__rosidl_generator_c.dir/rosidl_generator_c/traj_utils/msg/detail/bspline__functions.c.o[0m
[  8%] [32mBuilding C object CMakeFiles/traj_utils__rosidl_generator_c.dir/rosidl_generator_c/traj_utils/msg/detail/multi_bsplines__functions.c.o[0m
[ 10%] [32mBuilding C object CMakeFiles/traj_utils__rosidl_generator_c.dir/rosidl_generator_c/traj_utils/msg/detail/data_disp__functions.c.o[0m
[ 10%] Built target traj_utils__cpp
[ 12%] [34m[1mGenerating C++ type support dispatch for ROS interfaces[0m
[ 14%] [34m[1mGenerating C++ introspection for ROS interfaces[0m
[ 17%] [34m[1mGenerating C++ type support for eProsima Fast-RTPS[0m
[ 19%] [32m[1mLinking C shared library libtraj_utils__rosidl_generator_c.so[0m
[ 19%] Built target traj_utils__rosidl_generator_c
[ 21%] [34m[1mGenerating C introspection for ROS interfaces[0m
[ 23%] [34m[1mGenerating C type support dispatch for ROS interfaces[0m
[35m[1mScanning dependencies of target traj_utils__rosidl_typesupport_introspection_cpp[0m
[ 25%] [32mBuilding CXX object CMakeFiles/traj_utils__rosidl_typesupport_introspection_cpp.dir/rosidl_typesupport_introspection_cpp/traj_utils/msg/detail/bspline__type_support.cpp.o[0m
[ 27%] [32mBuilding CXX object CMakeFiles/traj_utils__rosidl_typesupport_introspection_cpp.dir/rosidl_typesupport_introspection_cpp/traj_utils/msg/detail/data_disp__type_support.cpp.o[0m
[ 29%] [32mBuilding CXX object CMakeFiles/traj_utils__rosidl_typesupport_introspection_cpp.dir/rosidl_typesupport_introspection_cpp/traj_utils/msg/detail/multi_bsplines__type_support.cpp.o[0m
[35m[1mScanning dependencies of target traj_utils__rosidl_typesupport_cpp[0m
[ 31%] [32mBuilding CXX object CMakeFiles/traj_utils__rosidl_typesupport_cpp.dir/rosidl_typesupport_cpp/traj_utils/msg/bspline__type_support.cpp.o[0m
[ 34%] [32mBuilding CXX object CMakeFiles/traj_utils__rosidl_typesupport_cpp.dir/rosidl_typesupport_cpp/traj_utils/msg/multi_bsplines__type_support.cpp.o[0m
[ 36%] [32mBuilding CXX object CMakeFiles/traj_utils__rosidl_typesupport_cpp.dir/rosidl_typesupport_cpp/traj_utils/msg/data_disp__type_support.cpp.o[0m
[35m[1mScanning dependencies of target traj_utils__rosidl_typesupport_fastrtps_cpp[0m
[ 38%] [32mBuilding CXX object CMakeFiles/traj_utils__rosidl_typesupport_fastrtps_cpp.dir/rosidl_typesupport_fastrtps_cpp/traj_utils/msg/detail/dds_fastrtps/bspline__type_support.cpp.o[0m
[35m[1mScanning dependencies of target traj_utils__rosidl_typesupport_c[0m
[ 40%] [32mBuilding CXX object CMakeFiles/traj_utils__rosidl_typesupport_fastrtps_cpp.dir/rosidl_typesupport_fastrtps_cpp/traj_utils/msg/detail/dds_fastrtps/data_disp__type_support.cpp.o[0m
[ 42%] [32mBuilding CXX object CMakeFiles/traj_utils__rosidl_typesupport_fastrtps_cpp.dir/rosidl_typesupport_fastrtps_cpp/traj_utils/msg/detail/dds_fastrtps/multi_bsplines__type_support.cpp.o[0m
[ 44%] [32mBuilding CXX object CMakeFiles/traj_utils__rosidl_typesupport_c.dir/rosidl_typesupport_c/traj_utils/msg/data_disp__type_support.cpp.o[0m
[ 46%] [32mBuilding CXX object CMakeFiles/traj_utils__rosidl_typesupport_c.dir/rosidl_typesupport_c/traj_utils/msg/bspline__type_support.cpp.o[0m
[ 48%] [32mBuilding CXX object CMakeFiles/traj_utils__rosidl_typesupport_c.dir/rosidl_typesupport_c/traj_utils/msg/multi_bsplines__type_support.cpp.o[0m
[ 51%] [32m[1mLinking CXX shared library libtraj_utils__rosidl_typesupport_c.so[0m
[35m[1mScanning dependencies of target traj_utils__rosidl_typesupport_introspection_c[0m
[ 51%] Built target traj_utils__rosidl_typesupport_c
[ 53%] [32mBuilding C object CMakeFiles/traj_utils__rosidl_typesupport_introspection_c.dir/rosidl_typesupport_introspection_c/traj_utils/msg/detail/bspline__type_support.c.o[0m
[ 55%] [32mBuilding C object CMakeFiles/traj_utils__rosidl_typesupport_introspection_c.dir/rosidl_typesupport_introspection_c/traj_utils/msg/detail/data_disp__type_support.c.o[0m
[ 57%] [32mBuilding C object CMakeFiles/traj_utils__rosidl_typesupport_introspection_c.dir/rosidl_typesupport_introspection_c/traj_utils/msg/detail/multi_bsplines__type_support.c.o[0m
[ 59%] [32m[1mLinking C shared library libtraj_utils__rosidl_typesupport_introspection_c.so[0m
[ 59%] Built target traj_utils__rosidl_typesupport_introspection_c
[ 61%] [32m[1mLinking CXX shared library libtraj_utils__rosidl_typesupport_introspection_cpp.so[0m
[ 63%] [32m[1mLinking CXX shared library libtraj_utils__rosidl_typesupport_cpp.so[0m
[ 63%] Built target traj_utils__rosidl_typesupport_cpp
[ 63%] Built target traj_utils__rosidl_typesupport_introspection_cpp
[ 65%] [32m[1mLinking CXX shared library libtraj_utils__rosidl_typesupport_fastrtps_cpp.so[0m
[ 65%] Built target traj_utils__rosidl_typesupport_fastrtps_cpp
[ 68%] [34m[1mGenerating C type support for eProsima Fast-RTPS[0m
[35m[1mScanning dependencies of target traj_utils__rosidl_typesupport_fastrtps_c[0m
[ 70%] [32mBuilding CXX object CMakeFiles/traj_utils__rosidl_typesupport_fastrtps_c.dir/rosidl_typesupport_fastrtps_c/traj_utils/msg/detail/bspline__type_support_c.cpp.o[0m
[ 72%] [32mBuilding CXX object CMakeFiles/traj_utils__rosidl_typesupport_fastrtps_c.dir/rosidl_typesupport_fastrtps_c/traj_utils/msg/detail/multi_bsplines__type_support_c.cpp.o[0m
[ 74%] [32mBuilding CXX object CMakeFiles/traj_utils__rosidl_typesupport_fastrtps_c.dir/rosidl_typesupport_fastrtps_c/traj_utils/msg/detail/data_disp__type_support_c.cpp.o[0m
[ 76%] [32m[1mLinking CXX shared library libtraj_utils__rosidl_typesupport_fastrtps_c.so[0m
[ 76%] Built target traj_utils__rosidl_typesupport_fastrtps_c
[35m[1mScanning dependencies of target traj_utils[0m
[ 76%] Built target traj_utils
[35m[1mScanning dependencies of target traj_utils__py[0m
[ 78%] [34m[1mGenerating Python code for ROS interfaces[0m
[ 78%] Built target traj_utils__py
[35m[1mScanning dependencies of target traj_utils__python[0m
[ 80%] [32mBuilding C object CMakeFiles/traj_utils__python.dir/rosidl_generator_py/traj_utils/msg/_bspline_s.c.o[0m
[ 82%] [32mBuilding C object CMakeFiles/traj_utils__python.dir/rosidl_generator_py/traj_utils/msg/_data_disp_s.c.o[0m
[ 85%] [32mBuilding C object CMakeFiles/traj_utils__python.dir/rosidl_generator_py/traj_utils/msg/_multi_bsplines_s.c.o[0m
[ 87%] [32m[1mLinking C shared library rosidl_generator_py/traj_utils/libtraj_utils__python.so[0m
[ 87%] Built target traj_utils__python
[35m[1mScanning dependencies of target traj_utils__rosidl_typesupport_c__pyext[0m
[35m[1mScanning dependencies of target traj_utils__rosidl_typesupport_introspection_c__pyext[0m
[35m[1mScanning dependencies of target traj_utils__rosidl_typesupport_fastrtps_c__pyext[0m
[ 89%] [32mBuilding C object CMakeFiles/traj_utils__rosidl_typesupport_c__pyext.dir/rosidl_generator_py/traj_utils/_traj_utils_s.ep.rosidl_typesupport_c.c.o[0m
[ 91%] [32mBuilding C object CMakeFiles/traj_utils__rosidl_typesupport_introspection_c__pyext.dir/rosidl_generator_py/traj_utils/_traj_utils_s.ep.rosidl_typesupport_introspection_c.c.o[0m
[ 93%] [32mBuilding C object CMakeFiles/traj_utils__rosidl_typesupport_fastrtps_c__pyext.dir/rosidl_generator_py/traj_utils/_traj_utils_s.ep.rosidl_typesupport_fastrtps_c.c.o[0m
[ 95%] [32m[1mLinking C shared library rosidl_generator_py/traj_utils/traj_utils_s__rosidl_typesupport_c.cpython-38-x86_64-linux-gnu.so[0m
[ 95%] Built target traj_utils__rosidl_typesupport_c__pyext
[ 97%] [32m[1mLinking CXX shared library rosidl_generator_py/traj_utils/traj_utils_s__rosidl_typesupport_fastrtps_c.cpython-38-x86_64-linux-gnu.so[0m
[100%] [32m[1mLinking C shared library rosidl_generator_py/traj_utils/traj_utils_s__rosidl_typesupport_introspection_c.cpython-38-x86_64-linux-gnu.so[0m
[100%] Built target traj_utils__rosidl_typesupport_fastrtps_c__pyext
[100%] Built target traj_utils__rosidl_typesupport_introspection_c__pyext
-- Install configuration: "Release"
-- Execute custom install script
-- Symlinking: /home/suxin/English_Path/test111/autonomous_navigation_environment_ego/install/traj_utils/share/ament_index/resource_index/rosidl_interfaces/traj_utils
-- Symlinking: /home/suxin/English_Path/test111/autonomous_navigation_environment_ego/install/traj_utils/include/traj_utils/msg/bspline.h
-- Symlinking: /home/suxin/English_Path/test111/autonomous_navigation_environment_ego/install/traj_utils/include/traj_utils/msg/data_disp.h
-- Symlinking: /home/suxin/English_Path/test111/autonomous_navigation_environment_ego/install/traj_utils/include/traj_utils/msg/detail/bspline__functions.h
-- Symlinking: /home/suxin/English_Path/test111/autonomous_navigation_environment_ego/install/traj_utils/include/traj_utils/msg/detail/bspline__struct.h
-- Symlinking: /home/suxin/English_Path/test111/autonomous_navigation_environment_ego/install/traj_utils/include/traj_utils/msg/detail/bspline__type_support.h
-- Symlinking: /home/suxin/English_Path/test111/autonomous_navigation_environment_ego/install/traj_utils/include/traj_utils/msg/detail/data_disp__functions.h
-- Symlinking: /home/suxin/English_Path/test111/autonomous_navigation_environment_ego/install/traj_utils/include/traj_utils/msg/detail/data_disp__struct.h
-- Symlinking: /home/suxin/English_Path/test111/autonomous_navigation_environment_ego/install/traj_utils/include/traj_utils/msg/detail/data_disp__type_support.h
-- Symlinking: /home/suxin/English_Path/test111/autonomous_navigation_environment_ego/install/traj_utils/include/traj_utils/msg/detail/multi_bsplines__functions.h
-- Symlinking: /home/suxin/English_Path/test111/autonomous_navigation_environment_ego/install/traj_utils/include/traj_utils/msg/detail/multi_bsplines__struct.h
-- Symlinking: /home/suxin/English_Path/test111/autonomous_navigation_environment_ego/install/traj_utils/include/traj_utils/msg/detail/multi_bsplines__type_support.h
-- Symlinking: /home/suxin/English_Path/test111/autonomous_navigation_environment_ego/install/traj_utils/include/traj_utils/msg/multi_bsplines.h
-- Symlinking: /home/suxin/English_Path/test111/autonomous_navigation_environment_ego/install/traj_utils/include/traj_utils/msg/rosidl_generator_c__visibility_control.h
-- Symlinking: /home/suxin/English_Path/test111/autonomous_navigation_environment_ego/install/traj_utils/share/traj_utils/environment/library_path.sh
-- Symlinking: /home/suxin/English_Path/test111/autonomous_navigation_environment_ego/install/traj_utils/share/traj_utils/environment/library_path.dsv
-- Symlinking: /home/suxin/English_Path/test111/autonomous_navigation_environment_ego/install/traj_utils/include/traj_utils/msg/detail/bspline__rosidl_typesupport_fastrtps_c.h
-- Symlinking: /home/suxin/English_Path/test111/autonomous_navigation_environment_ego/install/traj_utils/include/traj_utils/msg/detail/data_disp__rosidl_typesupport_fastrtps_c.h
-- Symlinking: /home/suxin/English_Path/test111/autonomous_navigation_environment_ego/install/traj_utils/include/traj_utils/msg/detail/multi_bsplines__rosidl_typesupport_fastrtps_c.h
-- Symlinking: /home/suxin/English_Path/test111/autonomous_navigation_environment_ego/install/traj_utils/include/traj_utils/msg/rosidl_typesupport_fastrtps_c__visibility_control.h
-- Symlinking: /home/suxin/English_Path/test111/autonomous_navigation_environment_ego/install/traj_utils/lib/libtraj_utils__rosidl_typesupport_fastrtps_c.so
-- Symlinking: /home/suxin/English_Path/test111/autonomous_navigation_environment_ego/install/traj_utils/include/traj_utils/msg/detail/bspline__rosidl_typesupport_fastrtps_cpp.hpp
-- Symlinking: /home/suxin/English_Path/test111/autonomous_navigation_environment_ego/install/traj_utils/include/traj_utils/msg/detail/data_disp__rosidl_typesupport_fastrtps_cpp.hpp
-- Symlinking: /home/suxin/English_Path/test111/autonomous_navigation_environment_ego/install/traj_utils/include/traj_utils/msg/detail/multi_bsplines__rosidl_typesupport_fastrtps_cpp.hpp
-- Symlinking: /home/suxin/English_Path/test111/autonomous_navigation_environment_ego/install/traj_utils/include/traj_utils/msg/rosidl_typesupport_fastrtps_cpp__visibility_control.h
-- Symlinking: /home/suxin/English_Path/test111/autonomous_navigation_environment_ego/install/traj_utils/lib/libtraj_utils__rosidl_typesupport_fastrtps_cpp.so
-- Symlinking: /home/suxin/English_Path/test111/autonomous_navigation_environment_ego/install/traj_utils/include/traj_utils/msg/detail/bspline__rosidl_typesupport_introspection_c.h
-- Symlinking: /home/suxin/English_Path/test111/autonomous_navigation_environment_ego/install/traj_utils/include/traj_utils/msg/detail/data_disp__rosidl_typesupport_introspection_c.h
-- Symlinking: /home/suxin/English_Path/test111/autonomous_navigation_environment_ego/install/traj_utils/include/traj_utils/msg/detail/multi_bsplines__rosidl_typesupport_introspection_c.h
-- Symlinking: /home/suxin/English_Path/test111/autonomous_navigation_environment_ego/install/traj_utils/include/traj_utils/msg/rosidl_typesupport_introspection_c__visibility_control.h
-- Symlinking: /home/suxin/English_Path/test111/autonomous_navigation_environment_ego/install/traj_utils/include/traj_utils/msg/bspline.hpp
-- Symlinking: /home/suxin/English_Path/test111/autonomous_navigation_environment_ego/install/traj_utils/include/traj_utils/msg/data_disp.hpp
-- Symlinking: /home/suxin/English_Path/test111/autonomous_navigation_environment_ego/install/traj_utils/include/traj_utils/msg/detail/bspline__builder.hpp
-- Symlinking: /home/suxin/English_Path/test111/autonomous_navigation_environment_ego/install/traj_utils/include/traj_utils/msg/detail/bspline__struct.hpp
-- Symlinking: /home/suxin/English_Path/test111/autonomous_navigation_environment_ego/install/traj_utils/include/traj_utils/msg/detail/bspline__traits.hpp
-- Symlinking: /home/suxin/English_Path/test111/autonomous_navigation_environment_ego/install/traj_utils/include/traj_utils/msg/detail/bspline__type_support.hpp
-- Symlinking: /home/suxin/English_Path/test111/autonomous_navigation_environment_ego/install/traj_utils/include/traj_utils/msg/detail/data_disp__builder.hpp
-- Symlinking: /home/suxin/English_Path/test111/autonomous_navigation_environment_ego/install/traj_utils/include/traj_utils/msg/detail/data_disp__struct.hpp
-- Symlinking: /home/suxin/English_Path/test111/autonomous_navigation_environment_ego/install/traj_utils/include/traj_utils/msg/detail/data_disp__traits.hpp
-- Symlinking: /home/suxin/English_Path/test111/autonomous_navigation_environment_ego/install/traj_utils/include/traj_utils/msg/detail/data_disp__type_support.hpp
-- Symlinking: /home/suxin/English_Path/test111/autonomous_navigation_environment_ego/install/traj_utils/include/traj_utils/msg/detail/multi_bsplines__builder.hpp
-- Symlinking: /home/suxin/English_Path/test111/autonomous_navigation_environment_ego/install/traj_utils/include/traj_utils/msg/detail/multi_bsplines__struct.hpp
-- Symlinking: /home/suxin/English_Path/test111/autonomous_navigation_environment_ego/install/traj_utils/include/traj_utils/msg/detail/multi_bsplines__traits.hpp
-- Symlinking: /home/suxin/English_Path/test111/autonomous_navigation_environment_ego/install/traj_utils/include/traj_utils/msg/detail/multi_bsplines__type_support.hpp
-- Symlinking: /home/suxin/English_Path/test111/autonomous_navigation_environment_ego/install/traj_utils/include/traj_utils/msg/multi_bsplines.hpp
-- Symlinking: /home/suxin/English_Path/test111/autonomous_navigation_environment_ego/install/traj_utils/include/traj_utils/msg/rosidl_generator_cpp__visibility_control.hpp
-- Symlinking: /home/suxin/English_Path/test111/autonomous_navigation_environment_ego/install/traj_utils/include/traj_utils/msg/detail/bspline__rosidl_typesupport_introspection_cpp.hpp
-- Symlinking: /home/suxin/English_Path/test111/autonomous_navigation_environment_ego/install/traj_utils/include/traj_utils/msg/detail/data_disp__rosidl_typesupport_introspection_cpp.hpp
-- Symlinking: /home/suxin/English_Path/test111/autonomous_navigation_environment_ego/install/traj_utils/include/traj_utils/msg/detail/multi_bsplines__rosidl_typesupport_introspection_cpp.hpp
-- Symlinking: /home/suxin/English_Path/test111/autonomous_navigation_environment_ego/install/traj_utils/share/traj_utils/environment/pythonpath.sh
-- Symlinking: /home/suxin/English_Path/test111/autonomous_navigation_environment_ego/install/traj_utils/share/traj_utils/environment/pythonpath.dsv
-- Symlinking: /home/suxin/English_Path/test111/autonomous_navigation_environment_ego/install/traj_utils/lib/python3.8/site-packages/traj_utils/__init__.py
-- Symlinking: /home/suxin/English_Path/test111/autonomous_navigation_environment_ego/install/traj_utils/lib/python3.8/site-packages/traj_utils/msg/__init__.py
-- Symlinking: /home/suxin/English_Path/test111/autonomous_navigation_environment_ego/install/traj_utils/lib/python3.8/site-packages/traj_utils/msg/_bspline.py
-- Symlinking: /home/suxin/English_Path/test111/autonomous_navigation_environment_ego/install/traj_utils/lib/python3.8/site-packages/traj_utils/msg/_data_disp.py
-- Symlinking: /home/suxin/English_Path/test111/autonomous_navigation_environment_ego/install/traj_utils/lib/python3.8/site-packages/traj_utils/msg/_multi_bsplines.py
-- Symlinking: /home/suxin/English_Path/test111/autonomous_navigation_environment_ego/install/traj_utils/lib/python3.8/site-packages/traj_utils/traj_utils_s__rosidl_typesupport_fastrtps_c.cpython-38-x86_64-linux-gnu.so
-- Symlinking: /home/suxin/English_Path/test111/autonomous_navigation_environment_ego/install/traj_utils/lib/python3.8/site-packages/traj_utils/traj_utils_s__rosidl_typesupport_introspection_c.cpython-38-x86_64-linux-gnu.so
-- Symlinking: /home/suxin/English_Path/test111/autonomous_navigation_environment_ego/install/traj_utils/lib/python3.8/site-packages/traj_utils/traj_utils_s__rosidl_typesupport_c.cpython-38-x86_64-linux-gnu.so
-- Symlinking: /home/suxin/English_Path/test111/autonomous_navigation_environment_ego/install/traj_utils/lib/libtraj_utils__python.so
-- Symlinking: /home/suxin/English_Path/test111/autonomous_navigation_environment_ego/install/traj_utils/share/traj_utils/msg/Bspline.idl
-- Symlinking: /home/suxin/English_Path/test111/autonomous_navigation_environment_ego/install/traj_utils/share/traj_utils/msg/DataDisp.idl
-- Symlinking: /home/suxin/English_Path/test111/autonomous_navigation_environment_ego/install/traj_utils/share/traj_utils/msg/MultiBsplines.idl
-- Symlinking: /home/suxin/English_Path/test111/autonomous_navigation_environment_ego/install/traj_utils/share/traj_utils/msg/Bspline.msg
-- Symlinking: /home/suxin/English_Path/test111/autonomous_navigation_environment_ego/install/traj_utils/share/traj_utils/msg/DataDisp.msg
-- Symlinking: /home/suxin/English_Path/test111/autonomous_navigation_environment_ego/install/traj_utils/share/traj_utils/msg/MultiBsplines.msg
-- Symlinking: /home/suxin/English_Path/test111/autonomous_navigation_environment_ego/install/traj_utils/share/ament_index/resource_index/package_run_dependencies/traj_utils
-- Symlinking: /home/suxin/English_Path/test111/autonomous_navigation_environment_ego/install/traj_utils/share/ament_index/resource_index/parent_prefix_path/traj_utils
-- Symlinking: /home/suxin/English_Path/test111/autonomous_navigation_environment_ego/install/traj_utils/share/traj_utils/environment/ament_prefix_path.sh
-- Symlinking: /home/suxin/English_Path/test111/autonomous_navigation_environment_ego/install/traj_utils/share/traj_utils/environment/ament_prefix_path.dsv
-- Symlinking: /home/suxin/English_Path/test111/autonomous_navigation_environment_ego/install/traj_utils/share/traj_utils/environment/path.sh
-- Symlinking: /home/suxin/English_Path/test111/autonomous_navigation_environment_ego/install/traj_utils/share/traj_utils/environment/path.dsv
-- Symlinking: /home/suxin/English_Path/test111/autonomous_navigation_environment_ego/install/traj_utils/share/traj_utils/local_setup.bash
-- Symlinking: /home/suxin/English_Path/test111/autonomous_navigation_environment_ego/install/traj_utils/share/traj_utils/local_setup.sh
-- Symlinking: /home/suxin/English_Path/test111/autonomous_navigation_environment_ego/install/traj_utils/share/traj_utils/local_setup.zsh
-- Symlinking: /home/suxin/English_Path/test111/autonomous_navigation_environment_ego/install/traj_utils/share/traj_utils/local_setup.dsv
-- Symlinking: /home/suxin/English_Path/test111/autonomous_navigation_environment_ego/install/traj_utils/share/traj_utils/package.dsv
-- Symlinking: /home/suxin/English_Path/test111/autonomous_navigation_environment_ego/install/traj_utils/share/ament_index/resource_index/packages/traj_utils
-- Symlinking: /home/suxin/English_Path/test111/autonomous_navigation_environment_ego/install/traj_utils/share/traj_utils/cmake/rosidl_cmake-extras.cmake
-- Symlinking: /home/suxin/English_Path/test111/autonomous_navigation_environment_ego/install/traj_utils/share/traj_utils/cmake/ament_cmake_export_dependencies-extras.cmake
-- Symlinking: /home/suxin/English_Path/test111/autonomous_navigation_environment_ego/install/traj_utils/share/traj_utils/cmake/ament_cmake_export_libraries-extras.cmake
-- Symlinking: /home/suxin/English_Path/test111/autonomous_navigation_environment_ego/install/traj_utils/share/traj_utils/cmake/ament_cmake_export_targets-extras.cmake
-- Symlinking: /home/suxin/English_Path/test111/autonomous_navigation_environment_ego/install/traj_utils/share/traj_utils/cmake/ament_cmake_export_include_directories-extras.cmake
-- Symlinking: /home/suxin/English_Path/test111/autonomous_navigation_environment_ego/install/traj_utils/share/traj_utils/cmake/rosidl_cmake_export_typesupport_libraries-extras.cmake
-- Symlinking: /home/suxin/English_Path/test111/autonomous_navigation_environment_ego/install/traj_utils/share/traj_utils/cmake/rosidl_cmake_export_typesupport_targets-extras.cmake
-- Symlinking: /home/suxin/English_Path/test111/autonomous_navigation_environment_ego/install/traj_utils/share/traj_utils/cmake/traj_utilsConfig.cmake
-- Symlinking: /home/suxin/English_Path/test111/autonomous_navigation_environment_ego/install/traj_utils/share/traj_utils/cmake/traj_utilsConfig-version.cmake
-- Symlinking: /home/suxin/English_Path/test111/autonomous_navigation_environment_ego/install/traj_utils/share/traj_utils/package.xml
-- Installing: /home/suxin/English_Path/test111/autonomous_navigation_environment_ego/install/traj_utils/lib/libtraj_utils__rosidl_generator_c.so
-- Set runtime path of "/home/suxin/English_Path/test111/autonomous_navigation_environment_ego/install/traj_utils/lib/libtraj_utils__rosidl_generator_c.so" to ""
-- Installing: /home/suxin/English_Path/test111/autonomous_navigation_environment_ego/install/traj_utils/lib/libtraj_utils__rosidl_typesupport_introspection_c.so
-- Set runtime path of "/home/suxin/English_Path/test111/autonomous_navigation_environment_ego/install/traj_utils/lib/libtraj_utils__rosidl_typesupport_introspection_c.so" to ""
-- Installing: /home/suxin/English_Path/test111/autonomous_navigation_environment_ego/install/traj_utils/lib/libtraj_utils__rosidl_typesupport_c.so
-- Set runtime path of "/home/suxin/English_Path/test111/autonomous_navigation_environment_ego/install/traj_utils/lib/libtraj_utils__rosidl_typesupport_c.so" to ""
-- Installing: /home/suxin/English_Path/test111/autonomous_navigation_environment_ego/install/traj_utils/lib/libtraj_utils__rosidl_typesupport_introspection_cpp.so
-- Set runtime path of "/home/suxin/English_Path/test111/autonomous_navigation_environment_ego/install/traj_utils/lib/libtraj_utils__rosidl_typesupport_introspection_cpp.so" to ""
-- Installing: /home/suxin/English_Path/test111/autonomous_navigation_environment_ego/install/traj_utils/lib/libtraj_utils__rosidl_typesupport_cpp.so
-- Set runtime path of "/home/suxin/English_Path/test111/autonomous_navigation_environment_ego/install/traj_utils/lib/libtraj_utils__rosidl_typesupport_cpp.so" to ""
Compiling '/home/suxin/English_Path/test111/autonomous_navigation_environment_ego/install/traj_utils/lib/python3.8/site-packages/traj_utils/__init__.py'...
-- Installing: /home/suxin/English_Path/test111/autonomous_navigation_environment_ego/install/traj_utils/share/traj_utils/cmake/traj_utils__rosidl_generator_cExport.cmake
-- Installing: /home/suxin/English_Path/test111/autonomous_navigation_environment_ego/install/traj_utils/share/traj_utils/cmake/traj_utils__rosidl_generator_cExport-release.cmake
-- Installing: /home/suxin/English_Path/test111/autonomous_navigation_environment_ego/install/traj_utils/share/traj_utils/cmake/traj_utils__rosidl_typesupport_introspection_cExport.cmake
-- Installing: /home/suxin/English_Path/test111/autonomous_navigation_environment_ego/install/traj_utils/share/traj_utils/cmake/traj_utils__rosidl_typesupport_introspection_cExport-release.cmake
-- Installing: /home/suxin/English_Path/test111/autonomous_navigation_environment_ego/install/traj_utils/share/traj_utils/cmake/traj_utils__rosidl_typesupport_cExport.cmake
-- Installing: /home/suxin/English_Path/test111/autonomous_navigation_environment_ego/install/traj_utils/share/traj_utils/cmake/traj_utils__rosidl_typesupport_cExport-release.cmake
-- Installing: /home/suxin/English_Path/test111/autonomous_navigation_environment_ego/install/traj_utils/share/traj_utils/cmake/traj_utils__rosidl_generator_cppExport.cmake
-- Installing: /home/suxin/English_Path/test111/autonomous_navigation_environment_ego/install/traj_utils/share/traj_utils/cmake/traj_utils__rosidl_typesupport_introspection_cppExport.cmake
-- Installing: /home/suxin/English_Path/test111/autonomous_navigation_environment_ego/install/traj_utils/share/traj_utils/cmake/traj_utils__rosidl_typesupport_introspection_cppExport-release.cmake
-- Installing: /home/suxin/English_Path/test111/autonomous_navigation_environment_ego/install/traj_utils/share/traj_utils/cmake/traj_utils__rosidl_typesupport_cppExport.cmake
-- Installing: /home/suxin/English_Path/test111/autonomous_navigation_environment_ego/install/traj_utils/share/traj_utils/cmake/traj_utils__rosidl_typesupport_cppExport-release.cmake
