[0.051s] Invoking command in '/home/suxin/English_Path/test111/autonomous_navigation_environment_ego/build/traj_utils': CMAKE_PREFIX_PATH=/opt/ros/foxy /usr/bin/cmake /home/suxin/English_Path/test111/autonomous_navigation_environment_ego/src/ego_planner_ros2/src/planner/traj_utils_z -DAMENT_CMAKE_SYMLINK_INSTALL=1 -DCMAKE_INSTALL_PREFIX=/home/suxin/English_Path/test111/autonomous_navigation_environment_ego/install/traj_utils
[0.297s] -- The C compiler identification is GNU 9.4.0
[0.297s] -- The CXX compiler identification is GNU 9.4.0
[0.297s] -- Check for working C compiler: /usr/bin/cc
[0.297s] -- Check for working C compiler: /usr/bin/cc -- works
[0.297s] -- Detecting C compiler ABI info
[0.340s] -- Detecting C compiler ABI info - done
[0.353s] -- Detecting C compile features
[0.354s] -- Detecting C compile features - done
[0.356s] -- Check for working CXX compiler: /usr/bin/c++
[0.434s] -- Check for working CXX compiler: /usr/bin/c++ -- works
[0.439s] -- Detecting CXX compiler ABI info
[0.515s] -- Detecting CXX compiler ABI info - done
[0.528s] -- Detecting CXX compile features
[0.528s] -- Detecting CXX compile features - done
[0.531s] -- Found ament_cmake: 0.9.12 (/opt/ros/foxy/share/ament_cmake/cmake)
[0.557s] -- Found PythonInterp: /usr/bin/python3 (found suitable version "3.8.10", minimum required is "3") 
[0.557s] -- Using PYTHON_EXECUTABLE: /usr/bin/python3
[0.727s] -- Override CMake install command with custom implementation using symlinks instead of copying resources
[0.750s] -- Found rclcpp: 2.4.3 (/opt/ros/foxy/share/rclcpp/cmake)
[0.793s] -- Using all available rosidl_typesupport_c: rosidl_typesupport_fastrtps_c;rosidl_typesupport_introspection_c
[0.797s] -- Found rosidl_adapter: 1.3.1 (/opt/ros/foxy/share/rosidl_adapter/cmake)
[0.880s] -- Found OpenSSL: /usr/lib/x86_64-linux-gnu/libcrypto.so (found version "1.1.1f")  
[0.909s] -- Found FastRTPS: /opt/ros/foxy/include  
[0.984s] -- Using all available rosidl_typesupport_cpp: rosidl_typesupport_fastrtps_cpp;rosidl_typesupport_introspection_cpp
[1.030s] -- Found rmw_implementation_cmake: 1.0.4 (/opt/ros/foxy/share/rmw_implementation_cmake/cmake)
[1.033s] -- Using RMW implementation 'rmw_fastrtps_cpp' as default
[1.034s] -- Looking for pthread.h
[1.103s] -- Looking for pthread.h - found
[1.103s] -- Performing Test CMAKE_HAVE_LIBC_PTHREAD
[1.169s] -- Performing Test CMAKE_HAVE_LIBC_PTHREAD - Failed
[1.169s] -- Looking for pthread_create in pthreads
[1.226s] -- Looking for pthread_create in pthreads - not found
[1.226s] -- Looking for pthread_create in pthread
[1.295s] -- Looking for pthread_create in pthread - found
[1.296s] -- Found Threads: TRUE  
[1.479s] -- Found geometry_msgs: 2.0.5 (/opt/ros/foxy/share/geometry_msgs/cmake)
[1.533s] -- Checking for module 'eigen3'
[1.545s] --   Found eigen3, version 3.3.7
[1.572s] -- Found Eigen: /usr/include/eigen3 (Required is at least version "3.1") 
[1.573s] -- Eigen found (include: /usr/include/eigen3, version: 3.3.7)
[1.612s] -- Found Boost: /usr/include (found suitable version "1.71.0", minimum required is "1.55.0") found components: system filesystem date_time iostreams regex 
[1.625s] -- Checking for module 'flann'
[1.638s] --   Found flann, version 1.9.1
[1.675s] -- Found FLANN: /usr/lib/x86_64-linux-gnu/libflann_cpp.so  
[1.730s] -- The imported target "vtkParseOGLExt" references the file
[1.730s]    "/usr/bin/vtkParseOGLExt-7.1"
[1.730s] but this file does not exist.  Possible reasons include:
[1.730s] * The file was deleted, renamed, or moved to another location.
[1.730s] * An install or uninstall procedure did not complete successfully.
[1.730s] * The installation package was faulty and contained
[1.730s]    "/usr/lib/cmake/vtk-7.1/VTKTargets.cmake"
[1.730s] but not all the files it references.
[1.731s] 
[1.731s] -- The imported target "vtkRenderingPythonTkWidgets" references the file
[1.731s]    "/usr/lib/x86_64-linux-gnu/libvtkRenderingPythonTkWidgets.so"
[1.731s] but this file does not exist.  Possible reasons include:
[1.731s] * The file was deleted, renamed, or moved to another location.
[1.731s] * An install or uninstall procedure did not complete successfully.
[1.731s] * The installation package was faulty and contained
[1.731s]    "/usr/lib/cmake/vtk-7.1/VTKTargets.cmake"
[1.731s] but not all the files it references.
[1.732s] 
[1.732s] -- The imported target "vtk" references the file
[1.732s]    "/usr/bin/vtk"
[1.732s] but this file does not exist.  Possible reasons include:
[1.732s] * The file was deleted, renamed, or moved to another location.
[1.732s] * An install or uninstall procedure did not complete successfully.
[1.732s] * The installation package was faulty and contained
[1.732s]    "/usr/lib/cmake/vtk-7.1/VTKTargets.cmake"
[1.732s] but not all the files it references.
[1.732s] 
[1.732s] -- The imported target "pvtk" references the file
[1.733s]    "/usr/bin/pvtk"
[1.733s] but this file does not exist.  Possible reasons include:
[1.733s] * The file was deleted, renamed, or moved to another location.
[1.733s] * An install or uninstall procedure did not complete successfully.
[1.733s] * The installation package was faulty and contained
[1.733s]    "/usr/lib/cmake/vtk-7.1/VTKTargets.cmake"
[1.733s] but not all the files it references.
[1.733s] 
[1.759s] -- Checking for module 'libusb-1.0'
[1.773s] --   Found libusb-1.0, version 1.0.23
[1.801s] -- Found USB_10: /usr/lib/x86_64-linux-gnu/libusb-1.0.so  
[1.849s] -- Found OpenNI: /usr/lib/libOpenNI.so  
[1.849s] -- OpenNI found (include: /usr/include/ni, lib: /usr/lib/libOpenNI.so)
[1.908s] -- Found OpenNI2: /usr/lib/libOpenNI2.so  
[1.908s] -- OpenNI2 found (include: /usr/include/openni2, lib: /usr/lib/libOpenNI2.so)
[1.908s] ** WARNING ** io features related to pcap will be disabled
[1.908s] ** WARNING ** io features related to png will be disabled
[1.924s] -- Found libusb-1.0: /usr/include  
[1.924s] ** WARNING ** io features related to libusb-1.0 will be disabled
[1.930s] -- OpenNI found (include: /usr/include/ni, lib: /usr/lib/libOpenNI.so)
[1.936s] -- OpenNI2 found (include: /usr/include/openni2, lib: /usr/lib/libOpenNI2.so)
[1.968s] -- Found Qhull: optimized;/usr/lib/x86_64-linux-gnu/libqhull.so;debug;/usr/lib/x86_64-linux-gnu/libqhull.so  
[1.968s] -- QHULL found (include: /usr/include, lib: optimized;/usr/lib/x86_64-linux-gnu/libqhull.so;debug;/usr/lib/x86_64-linux-gnu/libqhull.so)
[1.974s] -- OpenNI found (include: /usr/include/ni, lib: /usr/lib/libOpenNI.so)
[1.985s] -- looking for PCL_COMMON
[1.986s] -- Found PCL_COMMON: /usr/lib/x86_64-linux-gnu/libpcl_common.so  
[1.986s] -- looking for PCL_KDTREE
[1.987s] -- Found PCL_KDTREE: /usr/lib/x86_64-linux-gnu/libpcl_kdtree.so  
[1.987s] -- looking for PCL_OCTREE
[1.988s] -- Found PCL_OCTREE: /usr/lib/x86_64-linux-gnu/libpcl_octree.so  
[1.989s] -- looking for PCL_SEARCH
[1.990s] -- Found PCL_SEARCH: /usr/lib/x86_64-linux-gnu/libpcl_search.so  
[1.991s] -- looking for PCL_SAMPLE_CONSENSUS
[1.992s] -- Found PCL_SAMPLE_CONSENSUS: /usr/lib/x86_64-linux-gnu/libpcl_sample_consensus.so  
[1.992s] -- looking for PCL_FILTERS
[1.993s] -- Found PCL_FILTERS: /usr/lib/x86_64-linux-gnu/libpcl_filters.so  
[1.994s] -- looking for PCL_2D
[1.994s] -- Found PCL_2D: /usr/include/pcl-1.10  
[1.994s] -- looking for PCL_GEOMETRY
[1.995s] -- Found PCL_GEOMETRY: /usr/include/pcl-1.10  
[1.996s] -- looking for PCL_IO
[1.996s] -- Found PCL_IO: /usr/lib/x86_64-linux-gnu/libpcl_io.so  
[1.996s] -- looking for PCL_FEATURES
[1.998s] -- Found PCL_FEATURES: /usr/lib/x86_64-linux-gnu/libpcl_features.so  
[1.998s] -- looking for PCL_ML
[2.000s] -- Found PCL_ML: /usr/lib/x86_64-linux-gnu/libpcl_ml.so  
[2.000s] -- looking for PCL_SEGMENTATION
[2.001s] -- Found PCL_SEGMENTATION: /usr/lib/x86_64-linux-gnu/libpcl_segmentation.so  
[2.002s] -- looking for PCL_VISUALIZATION
[2.003s] -- Found PCL_VISUALIZATION: /usr/lib/x86_64-linux-gnu/libpcl_visualization.so  
[2.004s] -- looking for PCL_SURFACE
[2.005s] -- Found PCL_SURFACE: /usr/lib/x86_64-linux-gnu/libpcl_surface.so  
[2.005s] -- looking for PCL_REGISTRATION
[2.007s] -- Found PCL_REGISTRATION: /usr/lib/x86_64-linux-gnu/libpcl_registration.so  
[2.007s] -- looking for PCL_KEYPOINTS
[2.008s] -- Found PCL_KEYPOINTS: /usr/lib/x86_64-linux-gnu/libpcl_keypoints.so  
[2.009s] -- looking for PCL_TRACKING
[2.010s] -- Found PCL_TRACKING: /usr/lib/x86_64-linux-gnu/libpcl_tracking.so  
[2.010s] -- looking for PCL_RECOGNITION
[2.012s] -- Found PCL_RECOGNITION: /usr/lib/x86_64-linux-gnu/libpcl_recognition.so  
[2.012s] -- looking for PCL_STEREO
[2.014s] -- Found PCL_STEREO: /usr/lib/x86_64-linux-gnu/libpcl_stereo.so  
[2.014s] -- looking for PCL_APPS
[2.015s] -- Found PCL_APPS: /usr/lib/x86_64-linux-gnu/libpcl_apps.so  
[2.016s] -- looking for PCL_IN_HAND_SCANNER
[2.016s] -- Found PCL_IN_HAND_SCANNER: /usr/include/pcl-1.10  
[2.017s] -- looking for PCL_POINT_CLOUD_EDITOR
[2.017s] -- Found PCL_POINT_CLOUD_EDITOR: /usr/include/pcl-1.10  
[2.018s] -- looking for PCL_OUTOFCORE
[2.019s] -- Found PCL_OUTOFCORE: /usr/lib/x86_64-linux-gnu/libpcl_outofcore.so  
[2.020s] -- looking for PCL_PEOPLE
[2.021s] -- Found PCL_PEOPLE: /usr/lib/x86_64-linux-gnu/libpcl_people.so  
[2.022s] -- Found PCL: pcl_common;pcl_kdtree;pcl_octree;pcl_search;pcl_sample_consensus;pcl_filters;pcl_io;pcl_features;pcl_ml;pcl_segmentation;pcl_visualization;pcl_surface;pcl_registration;pcl_keypoints;pcl_tracking;pcl_recognition;pcl_stereo;pcl_apps;pcl_outofcore;pcl_people;/usr/lib/x86_64-linux-gnu/libboost_system.so;/usr/lib/x86_64-linux-gnu/libboost_filesystem.so;/usr/lib/x86_64-linux-gnu/libboost_date_time.so;/usr/lib/x86_64-linux-gnu/libboost_iostreams.so;/usr/lib/x86_64-linux-gnu/libboost_regex.so;optimized;/usr/lib/x86_64-linux-gnu/libqhull.so;debug;/usr/lib/x86_64-linux-gnu/libqhull.so;/usr/lib/libOpenNI.so;/usr/lib/libOpenNI2.so;vtkChartsCore;vtkCommonColor;vtkCommonCore;vtksys;vtkCommonDataModel;vtkCommonMath;vtkCommonMisc;vtkCommonSystem;vtkCommonTransforms;vtkCommonExecutionModel;vtkFiltersGeneral;vtkCommonComputationalGeometry;vtkFiltersCore;vtkInfovisCore;vtkFiltersExtraction;vtkFiltersStatistics;vtkImagingFourier;vtkImagingCore;vtkalglib;vtkRenderingContext2D;vtkRenderingCore;vtkFiltersGeometry;vtkFiltersSources;vtkRenderingFreeType;/usr/lib/x86_64-linux-gnu/libfreetype.so;/usr/lib/x86_64-linux-gnu/libz.so;vtkFiltersModeling;vtkImagingSources;vtkInteractionStyle;vtkInteractionWidgets;vtkFiltersHybrid;vtkImagingColor;vtkImagingGeneral;vtkImagingHybrid;vtkIOImage;vtkDICOMParser;vtkmetaio;/usr/lib/x86_64-linux-gnu/libjpeg.so;/usr/lib/x86_64-linux-gnu/libpng.so;/usr/lib/x86_64-linux-gnu/libtiff.so;vtkRenderingAnnotation;vtkRenderingVolume;vtkIOXML;vtkIOCore;vtkIOXMLParser;/usr/lib/x86_64-linux-gnu/libexpat.so;vtkIOGeometry;vtkIOLegacy;vtkIOPLY;vtkRenderingLOD;vtkViewsContext2D;vtkViewsCore;vtkRenderingContextOpenGL2;vtkRenderingOpenGL2;FLANN::FLANN (Required is at least version "1.7") 
[2.024s] -- Found rosidl_default_generators: 1.0.1 (/opt/ros/foxy/share/rosidl_default_generators/cmake)
[2.052s] -- Found PythonInterp: /usr/bin/python3 (found version "3.8.10") 
[2.235s] -- Found ament_cmake_ros: 0.9.2 (/opt/ros/foxy/share/ament_cmake_ros/cmake)
[2.535s] -- Using all available rosidl_typesupport_c: rosidl_typesupport_fastrtps_c;rosidl_typesupport_introspection_c
[2.686s] -- Using all available rosidl_typesupport_cpp: rosidl_typesupport_fastrtps_cpp;rosidl_typesupport_introspection_cpp
[2.726s] -- Found PythonInterp: /usr/bin/python3 (found suitable version "3.8.10", minimum required is "3.5") 
[2.728s] -- Found python_cmake_module: 0.8.1 (/opt/ros/foxy/share/python_cmake_module/cmake)
[2.771s] -- Found PythonLibs: /usr/lib/x86_64-linux-gnu/libpython3.8.so (found suitable version "3.8.10", minimum required is "3.5") 
[2.771s] -- Using PYTHON_EXECUTABLE: /usr/bin/python3
[2.771s] -- Using PYTHON_INCLUDE_DIRS: /usr/include/python3.8
[2.771s] -- Using PYTHON_LIBRARIES: /usr/lib/x86_64-linux-gnu/libpython3.8.so
[2.808s] -- Found PythonExtra: .so  
[2.927s] -- Found ament_lint_auto: 0.9.8 (/opt/ros/foxy/share/ament_lint_auto/cmake)
[2.953s] -- Added test 'copyright' to check source files copyright and LICENSE
[2.954s] -- Added test 'cppcheck' to perform static code analysis on C / C++ code
[2.970s] -- Configured cppcheck include dirs: /home/suxin/English_Path/test111/autonomous_navigation_environment_ego/src/ego_planner_ros2/src/planner/traj_utils_z/include
[2.970s] -- Configured cppcheck exclude dirs and/or files: 
[2.971s] -- Added test 'cpplint' to check C / C++ code against the Google style
[2.971s] -- Configured cpplint exclude dirs and/or files: 
[2.972s] -- Added test 'lint_cmake' to check CMake code style
[2.973s] -- Added test 'uncrustify' to check C / C++ code style
[2.973s] -- Configured uncrustify additional arguments: 
[2.974s] -- Added test 'xmllint' to check XML markup files
[2.982s] -- Configuring done
[3.065s] -- Generating done
[3.070s] -- Build files have been written to: /home/suxin/English_Path/test111/autonomous_navigation_environment_ego/build/traj_utils
[3.092s] Invoked command in '/home/suxin/English_Path/test111/autonomous_navigation_environment_ego/build/traj_utils' returned '0': CMAKE_PREFIX_PATH=/opt/ros/foxy /usr/bin/cmake /home/suxin/English_Path/test111/autonomous_navigation_environment_ego/src/ego_planner_ros2/src/planner/traj_utils_z -DAMENT_CMAKE_SYMLINK_INSTALL=1 -DCMAKE_INSTALL_PREFIX=/home/suxin/English_Path/test111/autonomous_navigation_environment_ego/install/traj_utils
[3.093s] Invoking command in '/home/suxin/English_Path/test111/autonomous_navigation_environment_ego/build/traj_utils': CMAKE_PREFIX_PATH=/opt/ros/foxy /usr/bin/cmake --build /home/suxin/English_Path/test111/autonomous_navigation_environment_ego/build/traj_utils -- -j20 -l20
[11.589s] [  2%] [34m[1mGenerating C code for ROS interfaces[0m
[11.594s] [35m[1mScanning dependencies of target traj_utils__cpp[0m
[11.594s] [  4%] [34m[1mGenerating C++ code for ROS interfaces[0m
[11.594s] [35m[1mScanning dependencies of target traj_utils__rosidl_generator_c[0m
[11.594s] [  6%] [32mBuilding C object CMakeFiles/traj_utils__rosidl_generator_c.dir/rosidl_generator_c/traj_utils/msg/detail/bspline__functions.c.o[0m
[11.594s] [  8%] [32mBuilding C object CMakeFiles/traj_utils__rosidl_generator_c.dir/rosidl_generator_c/traj_utils/msg/detail/multi_bsplines__functions.c.o[0m
[11.594s] [ 10%] [32mBuilding C object CMakeFiles/traj_utils__rosidl_generator_c.dir/rosidl_generator_c/traj_utils/msg/detail/data_disp__functions.c.o[0m
[11.594s] [ 10%] Built target traj_utils__cpp
[11.594s] [ 12%] [34m[1mGenerating C++ type support dispatch for ROS interfaces[0m
[11.595s] [ 14%] [34m[1mGenerating C++ introspection for ROS interfaces[0m
[11.595s] [ 17%] [34m[1mGenerating C++ type support for eProsima Fast-RTPS[0m
[11.595s] [ 19%] [32m[1mLinking C shared library libtraj_utils__rosidl_generator_c.so[0m
[11.595s] [ 19%] Built target traj_utils__rosidl_generator_c
[11.595s] [ 21%] [34m[1mGenerating C introspection for ROS interfaces[0m
[11.595s] [ 23%] [34m[1mGenerating C type support dispatch for ROS interfaces[0m
[11.595s] [35m[1mScanning dependencies of target traj_utils__rosidl_typesupport_introspection_cpp[0m
[11.595s] [ 25%] [32mBuilding CXX object CMakeFiles/traj_utils__rosidl_typesupport_introspection_cpp.dir/rosidl_typesupport_introspection_cpp/traj_utils/msg/detail/bspline__type_support.cpp.o[0m
[11.595s] [ 27%] [32mBuilding CXX object CMakeFiles/traj_utils__rosidl_typesupport_introspection_cpp.dir/rosidl_typesupport_introspection_cpp/traj_utils/msg/detail/data_disp__type_support.cpp.o[0m
[11.595s] [ 29%] [32mBuilding CXX object CMakeFiles/traj_utils__rosidl_typesupport_introspection_cpp.dir/rosidl_typesupport_introspection_cpp/traj_utils/msg/detail/multi_bsplines__type_support.cpp.o[0m
[11.595s] [35m[1mScanning dependencies of target traj_utils__rosidl_typesupport_cpp[0m
[11.596s] [ 31%] [32mBuilding CXX object CMakeFiles/traj_utils__rosidl_typesupport_cpp.dir/rosidl_typesupport_cpp/traj_utils/msg/bspline__type_support.cpp.o[0m
[11.596s] [ 34%] [32mBuilding CXX object CMakeFiles/traj_utils__rosidl_typesupport_cpp.dir/rosidl_typesupport_cpp/traj_utils/msg/multi_bsplines__type_support.cpp.o[0m
[11.596s] [ 36%] [32mBuilding CXX object CMakeFiles/traj_utils__rosidl_typesupport_cpp.dir/rosidl_typesupport_cpp/traj_utils/msg/data_disp__type_support.cpp.o[0m
[11.596s] [35m[1mScanning dependencies of target traj_utils__rosidl_typesupport_fastrtps_cpp[0m
[11.596s] [ 38%] [32mBuilding CXX object CMakeFiles/traj_utils__rosidl_typesupport_fastrtps_cpp.dir/rosidl_typesupport_fastrtps_cpp/traj_utils/msg/detail/dds_fastrtps/bspline__type_support.cpp.o[0m
[11.596s] [35m[1mScanning dependencies of target traj_utils__rosidl_typesupport_c[0m
[11.596s] [ 40%] [32mBuilding CXX object CMakeFiles/traj_utils__rosidl_typesupport_fastrtps_cpp.dir/rosidl_typesupport_fastrtps_cpp/traj_utils/msg/detail/dds_fastrtps/data_disp__type_support.cpp.o[0m
[11.596s] [ 42%] [32mBuilding CXX object CMakeFiles/traj_utils__rosidl_typesupport_fastrtps_cpp.dir/rosidl_typesupport_fastrtps_cpp/traj_utils/msg/detail/dds_fastrtps/multi_bsplines__type_support.cpp.o[0m
[11.596s] [ 44%] [32mBuilding CXX object CMakeFiles/traj_utils__rosidl_typesupport_c.dir/rosidl_typesupport_c/traj_utils/msg/data_disp__type_support.cpp.o[0m
[11.596s] [ 46%] [32mBuilding CXX object CMakeFiles/traj_utils__rosidl_typesupport_c.dir/rosidl_typesupport_c/traj_utils/msg/bspline__type_support.cpp.o[0m
[11.596s] [ 48%] [32mBuilding CXX object CMakeFiles/traj_utils__rosidl_typesupport_c.dir/rosidl_typesupport_c/traj_utils/msg/multi_bsplines__type_support.cpp.o[0m
[11.596s] [ 51%] [32m[1mLinking CXX shared library libtraj_utils__rosidl_typesupport_c.so[0m
[11.597s] [35m[1mScanning dependencies of target traj_utils__rosidl_typesupport_introspection_c[0m
[11.597s] [ 51%] Built target traj_utils__rosidl_typesupport_c
[11.597s] [ 53%] [32mBuilding C object CMakeFiles/traj_utils__rosidl_typesupport_introspection_c.dir/rosidl_typesupport_introspection_c/traj_utils/msg/detail/bspline__type_support.c.o[0m
[11.597s] [ 55%] [32mBuilding C object CMakeFiles/traj_utils__rosidl_typesupport_introspection_c.dir/rosidl_typesupport_introspection_c/traj_utils/msg/detail/data_disp__type_support.c.o[0m
[11.597s] [ 57%] [32mBuilding C object CMakeFiles/traj_utils__rosidl_typesupport_introspection_c.dir/rosidl_typesupport_introspection_c/traj_utils/msg/detail/multi_bsplines__type_support.c.o[0m
[11.597s] [ 59%] [32m[1mLinking C shared library libtraj_utils__rosidl_typesupport_introspection_c.so[0m
[11.601s] [ 59%] Built target traj_utils__rosidl_typesupport_introspection_c
[11.601s] [ 61%] [32m[1mLinking CXX shared library libtraj_utils__rosidl_typesupport_introspection_cpp.so[0m
[11.601s] [ 63%] [32m[1mLinking CXX shared library libtraj_utils__rosidl_typesupport_cpp.so[0m
[11.602s] [ 63%] Built target traj_utils__rosidl_typesupport_cpp
[11.603s] [ 63%] Built target traj_utils__rosidl_typesupport_introspection_cpp
[11.603s] [ 65%] [32m[1mLinking CXX shared library libtraj_utils__rosidl_typesupport_fastrtps_cpp.so[0m
[11.603s] [ 65%] Built target traj_utils__rosidl_typesupport_fastrtps_cpp
[11.603s] [ 68%] [34m[1mGenerating C type support for eProsima Fast-RTPS[0m
[11.603s] [35m[1mScanning dependencies of target traj_utils__rosidl_typesupport_fastrtps_c[0m
[11.603s] [ 70%] [32mBuilding CXX object CMakeFiles/traj_utils__rosidl_typesupport_fastrtps_c.dir/rosidl_typesupport_fastrtps_c/traj_utils/msg/detail/bspline__type_support_c.cpp.o[0m
[11.604s] [ 72%] [32mBuilding CXX object CMakeFiles/traj_utils__rosidl_typesupport_fastrtps_c.dir/rosidl_typesupport_fastrtps_c/traj_utils/msg/detail/multi_bsplines__type_support_c.cpp.o[0m
[11.604s] [ 74%] [32mBuilding CXX object CMakeFiles/traj_utils__rosidl_typesupport_fastrtps_c.dir/rosidl_typesupport_fastrtps_c/traj_utils/msg/detail/data_disp__type_support_c.cpp.o[0m
[11.604s] [ 76%] [32m[1mLinking CXX shared library libtraj_utils__rosidl_typesupport_fastrtps_c.so[0m
[11.604s] [ 76%] Built target traj_utils__rosidl_typesupport_fastrtps_c
[11.604s] [35m[1mScanning dependencies of target traj_utils[0m
[11.604s] [ 76%] Built target traj_utils
[11.604s] [35m[1mScanning dependencies of target traj_utils__py[0m
[11.604s] [ 78%] [34m[1mGenerating Python code for ROS interfaces[0m
[11.604s] [ 78%] Built target traj_utils__py
[11.604s] [35m[1mScanning dependencies of target traj_utils__python[0m
[11.604s] [ 80%] [32mBuilding C object CMakeFiles/traj_utils__python.dir/rosidl_generator_py/traj_utils/msg/_bspline_s.c.o[0m
[11.605s] [ 82%] [32mBuilding C object CMakeFiles/traj_utils__python.dir/rosidl_generator_py/traj_utils/msg/_data_disp_s.c.o[0m
[11.605s] [ 85%] [32mBuilding C object CMakeFiles/traj_utils__python.dir/rosidl_generator_py/traj_utils/msg/_multi_bsplines_s.c.o[0m
[11.605s] [ 87%] [32m[1mLinking C shared library rosidl_generator_py/traj_utils/libtraj_utils__python.so[0m
[11.605s] [ 87%] Built target traj_utils__python
[11.605s] [35m[1mScanning dependencies of target traj_utils__rosidl_typesupport_c__pyext[0m
[11.605s] [35m[1mScanning dependencies of target traj_utils__rosidl_typesupport_introspection_c__pyext[0m
[11.605s] [35m[1mScanning dependencies of target traj_utils__rosidl_typesupport_fastrtps_c__pyext[0m
[11.605s] [ 89%] [32mBuilding C object CMakeFiles/traj_utils__rosidl_typesupport_c__pyext.dir/rosidl_generator_py/traj_utils/_traj_utils_s.ep.rosidl_typesupport_c.c.o[0m
[11.605s] [ 91%] [32mBuilding C object CMakeFiles/traj_utils__rosidl_typesupport_introspection_c__pyext.dir/rosidl_generator_py/traj_utils/_traj_utils_s.ep.rosidl_typesupport_introspection_c.c.o[0m
[11.605s] [ 93%] [32mBuilding C object CMakeFiles/traj_utils__rosidl_typesupport_fastrtps_c__pyext.dir/rosidl_generator_py/traj_utils/_traj_utils_s.ep.rosidl_typesupport_fastrtps_c.c.o[0m
[11.605s] [ 95%] [32m[1mLinking C shared library rosidl_generator_py/traj_utils/traj_utils_s__rosidl_typesupport_c.cpython-38-x86_64-linux-gnu.so[0m
[11.605s] [ 95%] Built target traj_utils__rosidl_typesupport_c__pyext
[11.606s] [ 97%] [32m[1mLinking CXX shared library rosidl_generator_py/traj_utils/traj_utils_s__rosidl_typesupport_fastrtps_c.cpython-38-x86_64-linux-gnu.so[0m
[11.606s] [100%] [32m[1mLinking C shared library rosidl_generator_py/traj_utils/traj_utils_s__rosidl_typesupport_introspection_c.cpython-38-x86_64-linux-gnu.so[0m
[11.606s] [100%] Built target traj_utils__rosidl_typesupport_fastrtps_c__pyext
[11.606s] [100%] Built target traj_utils__rosidl_typesupport_introspection_c__pyext
[11.628s] Invoked command in '/home/suxin/English_Path/test111/autonomous_navigation_environment_ego/build/traj_utils' returned '0': CMAKE_PREFIX_PATH=/opt/ros/foxy /usr/bin/cmake --build /home/suxin/English_Path/test111/autonomous_navigation_environment_ego/build/traj_utils -- -j20 -l20
[11.773s] Invoking command in '/home/suxin/English_Path/test111/autonomous_navigation_environment_ego/build/traj_utils': CMAKE_PREFIX_PATH=/opt/ros/foxy /usr/bin/cmake --install /home/suxin/English_Path/test111/autonomous_navigation_environment_ego/build/traj_utils
[31.847s] -- Install configuration: "Release"
[31.858s] -- Execute custom install script
[31.858s] -- Symlinking: /home/suxin/English_Path/test111/autonomous_navigation_environment_ego/install/traj_utils/share/ament_index/resource_index/rosidl_interfaces/traj_utils
[31.858s] -- Symlinking: /home/suxin/English_Path/test111/autonomous_navigation_environment_ego/install/traj_utils/include/traj_utils/msg/bspline.h
[31.859s] -- Symlinking: /home/suxin/English_Path/test111/autonomous_navigation_environment_ego/install/traj_utils/include/traj_utils/msg/data_disp.h
[31.859s] -- Symlinking: /home/suxin/English_Path/test111/autonomous_navigation_environment_ego/install/traj_utils/include/traj_utils/msg/detail/bspline__functions.h
[31.859s] -- Symlinking: /home/suxin/English_Path/test111/autonomous_navigation_environment_ego/install/traj_utils/include/traj_utils/msg/detail/bspline__struct.h
[31.859s] -- Symlinking: /home/suxin/English_Path/test111/autonomous_navigation_environment_ego/install/traj_utils/include/traj_utils/msg/detail/bspline__type_support.h
[31.859s] -- Symlinking: /home/suxin/English_Path/test111/autonomous_navigation_environment_ego/install/traj_utils/include/traj_utils/msg/detail/data_disp__functions.h
[31.859s] -- Symlinking: /home/suxin/English_Path/test111/autonomous_navigation_environment_ego/install/traj_utils/include/traj_utils/msg/detail/data_disp__struct.h
[31.859s] -- Symlinking: /home/suxin/English_Path/test111/autonomous_navigation_environment_ego/install/traj_utils/include/traj_utils/msg/detail/data_disp__type_support.h
[31.859s] -- Symlinking: /home/suxin/English_Path/test111/autonomous_navigation_environment_ego/install/traj_utils/include/traj_utils/msg/detail/multi_bsplines__functions.h
[31.859s] -- Symlinking: /home/suxin/English_Path/test111/autonomous_navigation_environment_ego/install/traj_utils/include/traj_utils/msg/detail/multi_bsplines__struct.h
[31.859s] -- Symlinking: /home/suxin/English_Path/test111/autonomous_navigation_environment_ego/install/traj_utils/include/traj_utils/msg/detail/multi_bsplines__type_support.h
[31.859s] -- Symlinking: /home/suxin/English_Path/test111/autonomous_navigation_environment_ego/install/traj_utils/include/traj_utils/msg/multi_bsplines.h
[31.859s] -- Symlinking: /home/suxin/English_Path/test111/autonomous_navigation_environment_ego/install/traj_utils/include/traj_utils/msg/rosidl_generator_c__visibility_control.h
[31.859s] -- Symlinking: /home/suxin/English_Path/test111/autonomous_navigation_environment_ego/install/traj_utils/share/traj_utils/environment/library_path.sh
[31.859s] -- Symlinking: /home/suxin/English_Path/test111/autonomous_navigation_environment_ego/install/traj_utils/share/traj_utils/environment/library_path.dsv
[31.859s] -- Symlinking: /home/suxin/English_Path/test111/autonomous_navigation_environment_ego/install/traj_utils/include/traj_utils/msg/detail/bspline__rosidl_typesupport_fastrtps_c.h
[31.859s] -- Symlinking: /home/suxin/English_Path/test111/autonomous_navigation_environment_ego/install/traj_utils/include/traj_utils/msg/detail/data_disp__rosidl_typesupport_fastrtps_c.h
[31.860s] -- Symlinking: /home/suxin/English_Path/test111/autonomous_navigation_environment_ego/install/traj_utils/include/traj_utils/msg/detail/multi_bsplines__rosidl_typesupport_fastrtps_c.h
[31.860s] -- Symlinking: /home/suxin/English_Path/test111/autonomous_navigation_environment_ego/install/traj_utils/include/traj_utils/msg/rosidl_typesupport_fastrtps_c__visibility_control.h
[31.860s] -- Symlinking: /home/suxin/English_Path/test111/autonomous_navigation_environment_ego/install/traj_utils/lib/libtraj_utils__rosidl_typesupport_fastrtps_c.so
[31.860s] -- Symlinking: /home/suxin/English_Path/test111/autonomous_navigation_environment_ego/install/traj_utils/include/traj_utils/msg/detail/bspline__rosidl_typesupport_fastrtps_cpp.hpp
[31.860s] -- Symlinking: /home/suxin/English_Path/test111/autonomous_navigation_environment_ego/install/traj_utils/include/traj_utils/msg/detail/data_disp__rosidl_typesupport_fastrtps_cpp.hpp
[31.860s] -- Symlinking: /home/suxin/English_Path/test111/autonomous_navigation_environment_ego/install/traj_utils/include/traj_utils/msg/detail/multi_bsplines__rosidl_typesupport_fastrtps_cpp.hpp
[31.860s] -- Symlinking: /home/suxin/English_Path/test111/autonomous_navigation_environment_ego/install/traj_utils/include/traj_utils/msg/rosidl_typesupport_fastrtps_cpp__visibility_control.h
[31.860s] -- Symlinking: /home/suxin/English_Path/test111/autonomous_navigation_environment_ego/install/traj_utils/lib/libtraj_utils__rosidl_typesupport_fastrtps_cpp.so
[31.860s] -- Symlinking: /home/suxin/English_Path/test111/autonomous_navigation_environment_ego/install/traj_utils/include/traj_utils/msg/detail/bspline__rosidl_typesupport_introspection_c.h
[31.860s] -- Symlinking: /home/suxin/English_Path/test111/autonomous_navigation_environment_ego/install/traj_utils/include/traj_utils/msg/detail/data_disp__rosidl_typesupport_introspection_c.h
[31.860s] -- Symlinking: /home/suxin/English_Path/test111/autonomous_navigation_environment_ego/install/traj_utils/include/traj_utils/msg/detail/multi_bsplines__rosidl_typesupport_introspection_c.h
[31.860s] -- Symlinking: /home/suxin/English_Path/test111/autonomous_navigation_environment_ego/install/traj_utils/include/traj_utils/msg/rosidl_typesupport_introspection_c__visibility_control.h
[31.860s] -- Symlinking: /home/suxin/English_Path/test111/autonomous_navigation_environment_ego/install/traj_utils/include/traj_utils/msg/bspline.hpp
[31.860s] -- Symlinking: /home/suxin/English_Path/test111/autonomous_navigation_environment_ego/install/traj_utils/include/traj_utils/msg/data_disp.hpp
[31.860s] -- Symlinking: /home/suxin/English_Path/test111/autonomous_navigation_environment_ego/install/traj_utils/include/traj_utils/msg/detail/bspline__builder.hpp
[31.861s] -- Symlinking: /home/suxin/English_Path/test111/autonomous_navigation_environment_ego/install/traj_utils/include/traj_utils/msg/detail/bspline__struct.hpp
[31.861s] -- Symlinking: /home/suxin/English_Path/test111/autonomous_navigation_environment_ego/install/traj_utils/include/traj_utils/msg/detail/bspline__traits.hpp
[31.861s] -- Symlinking: /home/suxin/English_Path/test111/autonomous_navigation_environment_ego/install/traj_utils/include/traj_utils/msg/detail/bspline__type_support.hpp
[31.861s] -- Symlinking: /home/suxin/English_Path/test111/autonomous_navigation_environment_ego/install/traj_utils/include/traj_utils/msg/detail/data_disp__builder.hpp
[31.861s] -- Symlinking: /home/suxin/English_Path/test111/autonomous_navigation_environment_ego/install/traj_utils/include/traj_utils/msg/detail/data_disp__struct.hpp
[31.861s] -- Symlinking: /home/suxin/English_Path/test111/autonomous_navigation_environment_ego/install/traj_utils/include/traj_utils/msg/detail/data_disp__traits.hpp
[31.861s] -- Symlinking: /home/suxin/English_Path/test111/autonomous_navigation_environment_ego/install/traj_utils/include/traj_utils/msg/detail/data_disp__type_support.hpp
[31.861s] -- Symlinking: /home/suxin/English_Path/test111/autonomous_navigation_environment_ego/install/traj_utils/include/traj_utils/msg/detail/multi_bsplines__builder.hpp
[31.861s] -- Symlinking: /home/suxin/English_Path/test111/autonomous_navigation_environment_ego/install/traj_utils/include/traj_utils/msg/detail/multi_bsplines__struct.hpp
[31.861s] -- Symlinking: /home/suxin/English_Path/test111/autonomous_navigation_environment_ego/install/traj_utils/include/traj_utils/msg/detail/multi_bsplines__traits.hpp
[31.861s] -- Symlinking: /home/suxin/English_Path/test111/autonomous_navigation_environment_ego/install/traj_utils/include/traj_utils/msg/detail/multi_bsplines__type_support.hpp
[31.861s] -- Symlinking: /home/suxin/English_Path/test111/autonomous_navigation_environment_ego/install/traj_utils/include/traj_utils/msg/multi_bsplines.hpp
[31.861s] -- Symlinking: /home/suxin/English_Path/test111/autonomous_navigation_environment_ego/install/traj_utils/include/traj_utils/msg/rosidl_generator_cpp__visibility_control.hpp
[31.861s] -- Symlinking: /home/suxin/English_Path/test111/autonomous_navigation_environment_ego/install/traj_utils/include/traj_utils/msg/detail/bspline__rosidl_typesupport_introspection_cpp.hpp
[31.861s] -- Symlinking: /home/suxin/English_Path/test111/autonomous_navigation_environment_ego/install/traj_utils/include/traj_utils/msg/detail/data_disp__rosidl_typesupport_introspection_cpp.hpp
[31.861s] -- Symlinking: /home/suxin/English_Path/test111/autonomous_navigation_environment_ego/install/traj_utils/include/traj_utils/msg/detail/multi_bsplines__rosidl_typesupport_introspection_cpp.hpp
[31.862s] -- Symlinking: /home/suxin/English_Path/test111/autonomous_navigation_environment_ego/install/traj_utils/share/traj_utils/environment/pythonpath.sh
[31.862s] -- Symlinking: /home/suxin/English_Path/test111/autonomous_navigation_environment_ego/install/traj_utils/share/traj_utils/environment/pythonpath.dsv
[31.862s] -- Symlinking: /home/suxin/English_Path/test111/autonomous_navigation_environment_ego/install/traj_utils/lib/python3.8/site-packages/traj_utils/__init__.py
[31.862s] -- Symlinking: /home/suxin/English_Path/test111/autonomous_navigation_environment_ego/install/traj_utils/lib/python3.8/site-packages/traj_utils/msg/__init__.py
[31.863s] -- Symlinking: /home/suxin/English_Path/test111/autonomous_navigation_environment_ego/install/traj_utils/lib/python3.8/site-packages/traj_utils/msg/_bspline.py
[31.863s] -- Symlinking: /home/suxin/English_Path/test111/autonomous_navigation_environment_ego/install/traj_utils/lib/python3.8/site-packages/traj_utils/msg/_data_disp.py
[31.863s] -- Symlinking: /home/suxin/English_Path/test111/autonomous_navigation_environment_ego/install/traj_utils/lib/python3.8/site-packages/traj_utils/msg/_multi_bsplines.py
[31.864s] -- Symlinking: /home/suxin/English_Path/test111/autonomous_navigation_environment_ego/install/traj_utils/lib/python3.8/site-packages/traj_utils/traj_utils_s__rosidl_typesupport_fastrtps_c.cpython-38-x86_64-linux-gnu.so
[31.864s] -- Symlinking: /home/suxin/English_Path/test111/autonomous_navigation_environment_ego/install/traj_utils/lib/python3.8/site-packages/traj_utils/traj_utils_s__rosidl_typesupport_introspection_c.cpython-38-x86_64-linux-gnu.so
[31.864s] -- Symlinking: /home/suxin/English_Path/test111/autonomous_navigation_environment_ego/install/traj_utils/lib/python3.8/site-packages/traj_utils/traj_utils_s__rosidl_typesupport_c.cpython-38-x86_64-linux-gnu.so
[31.864s] -- Symlinking: /home/suxin/English_Path/test111/autonomous_navigation_environment_ego/install/traj_utils/lib/libtraj_utils__python.so
[31.864s] -- Symlinking: /home/suxin/English_Path/test111/autonomous_navigation_environment_ego/install/traj_utils/share/traj_utils/msg/Bspline.idl
[31.864s] -- Symlinking: /home/suxin/English_Path/test111/autonomous_navigation_environment_ego/install/traj_utils/share/traj_utils/msg/DataDisp.idl
[31.864s] -- Symlinking: /home/suxin/English_Path/test111/autonomous_navigation_environment_ego/install/traj_utils/share/traj_utils/msg/MultiBsplines.idl
[31.864s] -- Symlinking: /home/suxin/English_Path/test111/autonomous_navigation_environment_ego/install/traj_utils/share/traj_utils/msg/Bspline.msg
[31.865s] -- Symlinking: /home/suxin/English_Path/test111/autonomous_navigation_environment_ego/install/traj_utils/share/traj_utils/msg/DataDisp.msg
[31.865s] -- Symlinking: /home/suxin/English_Path/test111/autonomous_navigation_environment_ego/install/traj_utils/share/traj_utils/msg/MultiBsplines.msg
[31.865s] -- Symlinking: /home/suxin/English_Path/test111/autonomous_navigation_environment_ego/install/traj_utils/share/ament_index/resource_index/package_run_dependencies/traj_utils
[31.865s] -- Symlinking: /home/suxin/English_Path/test111/autonomous_navigation_environment_ego/install/traj_utils/share/ament_index/resource_index/parent_prefix_path/traj_utils
[31.865s] -- Symlinking: /home/suxin/English_Path/test111/autonomous_navigation_environment_ego/install/traj_utils/share/traj_utils/environment/ament_prefix_path.sh
[31.865s] -- Symlinking: /home/suxin/English_Path/test111/autonomous_navigation_environment_ego/install/traj_utils/share/traj_utils/environment/ament_prefix_path.dsv
[31.865s] -- Symlinking: /home/suxin/English_Path/test111/autonomous_navigation_environment_ego/install/traj_utils/share/traj_utils/environment/path.sh
[31.865s] -- Symlinking: /home/suxin/English_Path/test111/autonomous_navigation_environment_ego/install/traj_utils/share/traj_utils/environment/path.dsv
[31.865s] -- Symlinking: /home/suxin/English_Path/test111/autonomous_navigation_environment_ego/install/traj_utils/share/traj_utils/local_setup.bash
[31.865s] -- Symlinking: /home/suxin/English_Path/test111/autonomous_navigation_environment_ego/install/traj_utils/share/traj_utils/local_setup.sh
[31.865s] -- Symlinking: /home/suxin/English_Path/test111/autonomous_navigation_environment_ego/install/traj_utils/share/traj_utils/local_setup.zsh
[31.865s] -- Symlinking: /home/suxin/English_Path/test111/autonomous_navigation_environment_ego/install/traj_utils/share/traj_utils/local_setup.dsv
[31.866s] -- Symlinking: /home/suxin/English_Path/test111/autonomous_navigation_environment_ego/install/traj_utils/share/traj_utils/package.dsv
[31.866s] -- Symlinking: /home/suxin/English_Path/test111/autonomous_navigation_environment_ego/install/traj_utils/share/ament_index/resource_index/packages/traj_utils
[31.866s] -- Symlinking: /home/suxin/English_Path/test111/autonomous_navigation_environment_ego/install/traj_utils/share/traj_utils/cmake/rosidl_cmake-extras.cmake
[31.866s] -- Symlinking: /home/suxin/English_Path/test111/autonomous_navigation_environment_ego/install/traj_utils/share/traj_utils/cmake/ament_cmake_export_dependencies-extras.cmake
[31.867s] -- Symlinking: /home/suxin/English_Path/test111/autonomous_navigation_environment_ego/install/traj_utils/share/traj_utils/cmake/ament_cmake_export_libraries-extras.cmake
[31.867s] -- Symlinking: /home/suxin/English_Path/test111/autonomous_navigation_environment_ego/install/traj_utils/share/traj_utils/cmake/ament_cmake_export_targets-extras.cmake
[31.869s] -- Symlinking: /home/suxin/English_Path/test111/autonomous_navigation_environment_ego/install/traj_utils/share/traj_utils/cmake/ament_cmake_export_include_directories-extras.cmake
[31.869s] -- Symlinking: /home/suxin/English_Path/test111/autonomous_navigation_environment_ego/install/traj_utils/share/traj_utils/cmake/rosidl_cmake_export_typesupport_libraries-extras.cmake
[31.869s] -- Symlinking: /home/suxin/English_Path/test111/autonomous_navigation_environment_ego/install/traj_utils/share/traj_utils/cmake/rosidl_cmake_export_typesupport_targets-extras.cmake
[31.869s] -- Symlinking: /home/suxin/English_Path/test111/autonomous_navigation_environment_ego/install/traj_utils/share/traj_utils/cmake/traj_utilsConfig.cmake
[31.869s] -- Symlinking: /home/suxin/English_Path/test111/autonomous_navigation_environment_ego/install/traj_utils/share/traj_utils/cmake/traj_utilsConfig-version.cmake
[31.869s] -- Symlinking: /home/suxin/English_Path/test111/autonomous_navigation_environment_ego/install/traj_utils/share/traj_utils/package.xml
[31.869s] -- Installing: /home/suxin/English_Path/test111/autonomous_navigation_environment_ego/install/traj_utils/lib/libtraj_utils__rosidl_generator_c.so
[31.869s] -- Set runtime path of "/home/suxin/English_Path/test111/autonomous_navigation_environment_ego/install/traj_utils/lib/libtraj_utils__rosidl_generator_c.so" to ""
[31.869s] -- Installing: /home/suxin/English_Path/test111/autonomous_navigation_environment_ego/install/traj_utils/lib/libtraj_utils__rosidl_typesupport_introspection_c.so
[31.878s] -- Set runtime path of "/home/suxin/English_Path/test111/autonomous_navigation_environment_ego/install/traj_utils/lib/libtraj_utils__rosidl_typesupport_introspection_c.so" to ""
[31.878s] -- Installing: /home/suxin/English_Path/test111/autonomous_navigation_environment_ego/install/traj_utils/lib/libtraj_utils__rosidl_typesupport_c.so
[31.878s] -- Set runtime path of "/home/suxin/English_Path/test111/autonomous_navigation_environment_ego/install/traj_utils/lib/libtraj_utils__rosidl_typesupport_c.so" to ""
[31.878s] -- Installing: /home/suxin/English_Path/test111/autonomous_navigation_environment_ego/install/traj_utils/lib/libtraj_utils__rosidl_typesupport_introspection_cpp.so
[31.879s] -- Set runtime path of "/home/suxin/English_Path/test111/autonomous_navigation_environment_ego/install/traj_utils/lib/libtraj_utils__rosidl_typesupport_introspection_cpp.so" to ""
[31.879s] -- Installing: /home/suxin/English_Path/test111/autonomous_navigation_environment_ego/install/traj_utils/lib/libtraj_utils__rosidl_typesupport_cpp.so
[31.879s] -- Set runtime path of "/home/suxin/English_Path/test111/autonomous_navigation_environment_ego/install/traj_utils/lib/libtraj_utils__rosidl_typesupport_cpp.so" to ""
[31.879s] Compiling '/home/suxin/English_Path/test111/autonomous_navigation_environment_ego/install/traj_utils/lib/python3.8/site-packages/traj_utils/__init__.py'...
[31.879s] -- Installing: /home/suxin/English_Path/test111/autonomous_navigation_environment_ego/install/traj_utils/share/traj_utils/cmake/traj_utils__rosidl_generator_cExport.cmake
[31.879s] -- Installing: /home/suxin/English_Path/test111/autonomous_navigation_environment_ego/install/traj_utils/share/traj_utils/cmake/traj_utils__rosidl_generator_cExport-release.cmake
[31.879s] -- Installing: /home/suxin/English_Path/test111/autonomous_navigation_environment_ego/install/traj_utils/share/traj_utils/cmake/traj_utils__rosidl_typesupport_introspection_cExport.cmake
[31.879s] -- Installing: /home/suxin/English_Path/test111/autonomous_navigation_environment_ego/install/traj_utils/share/traj_utils/cmake/traj_utils__rosidl_typesupport_introspection_cExport-release.cmake
[31.879s] -- Installing: /home/suxin/English_Path/test111/autonomous_navigation_environment_ego/install/traj_utils/share/traj_utils/cmake/traj_utils__rosidl_typesupport_cExport.cmake
[31.882s] -- Installing: /home/suxin/English_Path/test111/autonomous_navigation_environment_ego/install/traj_utils/share/traj_utils/cmake/traj_utils__rosidl_typesupport_cExport-release.cmake
[31.883s] -- Installing: /home/suxin/English_Path/test111/autonomous_navigation_environment_ego/install/traj_utils/share/traj_utils/cmake/traj_utils__rosidl_generator_cppExport.cmake
[31.886s] -- Installing: /home/suxin/English_Path/test111/autonomous_navigation_environment_ego/install/traj_utils/share/traj_utils/cmake/traj_utils__rosidl_typesupport_introspection_cppExport.cmake
[31.886s] -- Installing: /home/suxin/English_Path/test111/autonomous_navigation_environment_ego/install/traj_utils/share/traj_utils/cmake/traj_utils__rosidl_typesupport_introspection_cppExport-release.cmake
[31.886s] -- Installing: /home/suxin/English_Path/test111/autonomous_navigation_environment_ego/install/traj_utils/share/traj_utils/cmake/traj_utils__rosidl_typesupport_cppExport.cmake
[31.886s] -- Installing: /home/suxin/English_Path/test111/autonomous_navigation_environment_ego/install/traj_utils/share/traj_utils/cmake/traj_utils__rosidl_typesupport_cppExport-release.cmake
[31.987s] Invoked command in '/home/suxin/English_Path/test111/autonomous_navigation_environment_ego/build/traj_utils' returned '0': CMAKE_PREFIX_PATH=/opt/ros/foxy /usr/bin/cmake --install /home/suxin/English_Path/test111/autonomous_navigation_environment_ego/build/traj_utils
