[100%] Built target local_pcl_map_provider
-- Install configuration: "Release"
-- Execute custom install script
-- Up-to-date symlink: /home/suxin/English_Path/test111/autonomous_navigation_environment_ego/install/local_pcl_map_provider/lib/local_pcl_map_provider/local_pcl_map_provider
-- Up-to-date symlink: /home/suxin/English_Path/test111/autonomous_navigation_environment_ego/install/local_pcl_map_provider/share/local_pcl_map_provider/launch/local_pcl_map_provider.launch.py
-- Up-to-date symlink: /home/suxin/English_Path/test111/autonomous_navigation_environment_ego/install/local_pcl_map_provider/share/local_pcl_map_provider//config/local_pcl_map_provider.yaml
-- Up-to-date symlink: /home/suxin/English_Path/test111/autonomous_navigation_environment_ego/install/local_pcl_map_provider/share/ament_index/resource_index/package_run_dependencies/local_pcl_map_provider
-- Up-to-date symlink: /home/suxin/English_Path/test111/autonomous_navigation_environment_ego/install/local_pcl_map_provider/share/ament_index/resource_index/parent_prefix_path/local_pcl_map_provider
-- Up-to-date symlink: /home/suxin/English_Path/test111/autonomous_navigation_environment_ego/install/local_pcl_map_provider/share/local_pcl_map_provider/environment/ament_prefix_path.sh
-- Up-to-date symlink: /home/suxin/English_Path/test111/autonomous_navigation_environment_ego/install/local_pcl_map_provider/share/local_pcl_map_provider/environment/ament_prefix_path.dsv
-- Up-to-date symlink: /home/suxin/English_Path/test111/autonomous_navigation_environment_ego/install/local_pcl_map_provider/share/local_pcl_map_provider/environment/path.sh
-- Up-to-date symlink: /home/suxin/English_Path/test111/autonomous_navigation_environment_ego/install/local_pcl_map_provider/share/local_pcl_map_provider/environment/path.dsv
-- Up-to-date symlink: /home/suxin/English_Path/test111/autonomous_navigation_environment_ego/install/local_pcl_map_provider/share/local_pcl_map_provider/local_setup.bash
-- Up-to-date symlink: /home/suxin/English_Path/test111/autonomous_navigation_environment_ego/install/local_pcl_map_provider/share/local_pcl_map_provider/local_setup.sh
-- Up-to-date symlink: /home/suxin/English_Path/test111/autonomous_navigation_environment_ego/install/local_pcl_map_provider/share/local_pcl_map_provider/local_setup.zsh
-- Up-to-date symlink: /home/suxin/English_Path/test111/autonomous_navigation_environment_ego/install/local_pcl_map_provider/share/local_pcl_map_provider/local_setup.dsv
-- Symlinking: /home/suxin/English_Path/test111/autonomous_navigation_environment_ego/install/local_pcl_map_provider/share/local_pcl_map_provider/package.dsv
-- Up-to-date symlink: /home/suxin/English_Path/test111/autonomous_navigation_environment_ego/install/local_pcl_map_provider/share/ament_index/resource_index/packages/local_pcl_map_provider
-- Up-to-date symlink: /home/suxin/English_Path/test111/autonomous_navigation_environment_ego/install/local_pcl_map_provider/share/local_pcl_map_provider/cmake/local_pcl_map_providerConfig.cmake
-- Up-to-date symlink: /home/suxin/English_Path/test111/autonomous_navigation_environment_ego/install/local_pcl_map_provider/share/local_pcl_map_provider/cmake/local_pcl_map_providerConfig-version.cmake
-- Up-to-date symlink: /home/suxin/English_Path/test111/autonomous_navigation_environment_ego/install/local_pcl_map_provider/share/local_pcl_map_provider/package.xml
