[0.062s] Invoking command in '/home/suxin/English_Path/test111/autonomous_navigation_environment_ego/build/local_pcl_map_provider': CMAKE_PREFIX_PATH=/opt/ros/foxy /usr/bin/cmake --build /home/suxin/English_Path/test111/autonomous_navigation_environment_ego/build/local_pcl_map_provider -- -j20 -l20
[0.239s] [100%] Built target local_pcl_map_provider
[0.258s] Invoked command in '/home/suxin/English_Path/test111/autonomous_navigation_environment_ego/build/local_pcl_map_provider' returned '0': CMAKE_PREFIX_PATH=/opt/ros/foxy /usr/bin/cmake --build /home/suxin/English_Path/test111/autonomous_navigation_environment_ego/build/local_pcl_map_provider -- -j20 -l20
[0.316s] Invoking command in '/home/suxin/English_Path/test111/autonomous_navigation_environment_ego/build/local_pcl_map_provider': CMAKE_PREFIX_PATH=/opt/ros/foxy /usr/bin/cmake --install /home/suxin/English_Path/test111/autonomous_navigation_environment_ego/build/local_pcl_map_provider
[0.361s] -- Install configuration: "Release"
[0.361s] -- Execute custom install script
[0.361s] -- Up-to-date symlink: /home/suxin/English_Path/test111/autonomous_navigation_environment_ego/install/local_pcl_map_provider/lib/local_pcl_map_provider/local_pcl_map_provider
[0.361s] -- Up-to-date symlink: /home/suxin/English_Path/test111/autonomous_navigation_environment_ego/install/local_pcl_map_provider/share/local_pcl_map_provider/launch/local_pcl_map_provider.launch.py
[0.361s] -- Up-to-date symlink: /home/suxin/English_Path/test111/autonomous_navigation_environment_ego/install/local_pcl_map_provider/share/local_pcl_map_provider//config/local_pcl_map_provider.yaml
[0.362s] -- Up-to-date symlink: /home/suxin/English_Path/test111/autonomous_navigation_environment_ego/install/local_pcl_map_provider/share/ament_index/resource_index/package_run_dependencies/local_pcl_map_provider
[0.362s] -- Up-to-date symlink: /home/suxin/English_Path/test111/autonomous_navigation_environment_ego/install/local_pcl_map_provider/share/ament_index/resource_index/parent_prefix_path/local_pcl_map_provider
[0.362s] -- Up-to-date symlink: /home/suxin/English_Path/test111/autonomous_navigation_environment_ego/install/local_pcl_map_provider/share/local_pcl_map_provider/environment/ament_prefix_path.sh
[0.362s] -- Up-to-date symlink: /home/suxin/English_Path/test111/autonomous_navigation_environment_ego/install/local_pcl_map_provider/share/local_pcl_map_provider/environment/ament_prefix_path.dsv
[0.362s] -- Up-to-date symlink: /home/suxin/English_Path/test111/autonomous_navigation_environment_ego/install/local_pcl_map_provider/share/local_pcl_map_provider/environment/path.sh
[0.362s] -- Up-to-date symlink: /home/suxin/English_Path/test111/autonomous_navigation_environment_ego/install/local_pcl_map_provider/share/local_pcl_map_provider/environment/path.dsv
[0.362s] -- Up-to-date symlink: /home/suxin/English_Path/test111/autonomous_navigation_environment_ego/install/local_pcl_map_provider/share/local_pcl_map_provider/local_setup.bash
[0.362s] -- Up-to-date symlink: /home/suxin/English_Path/test111/autonomous_navigation_environment_ego/install/local_pcl_map_provider/share/local_pcl_map_provider/local_setup.sh
[0.362s] -- Up-to-date symlink: /home/suxin/English_Path/test111/autonomous_navigation_environment_ego/install/local_pcl_map_provider/share/local_pcl_map_provider/local_setup.zsh
[0.362s] -- Up-to-date symlink: /home/suxin/English_Path/test111/autonomous_navigation_environment_ego/install/local_pcl_map_provider/share/local_pcl_map_provider/local_setup.dsv
[0.362s] -- Symlinking: /home/suxin/English_Path/test111/autonomous_navigation_environment_ego/install/local_pcl_map_provider/share/local_pcl_map_provider/package.dsv
[0.362s] -- Up-to-date symlink: /home/suxin/English_Path/test111/autonomous_navigation_environment_ego/install/local_pcl_map_provider/share/ament_index/resource_index/packages/local_pcl_map_provider
[0.362s] -- Up-to-date symlink: /home/suxin/English_Path/test111/autonomous_navigation_environment_ego/install/local_pcl_map_provider/share/local_pcl_map_provider/cmake/local_pcl_map_providerConfig.cmake
[0.362s] -- Up-to-date symlink: /home/suxin/English_Path/test111/autonomous_navigation_environment_ego/install/local_pcl_map_provider/share/local_pcl_map_provider/cmake/local_pcl_map_providerConfig-version.cmake
[0.363s] -- Up-to-date symlink: /home/suxin/English_Path/test111/autonomous_navigation_environment_ego/install/local_pcl_map_provider/share/local_pcl_map_provider/package.xml
[0.421s] Invoked command in '/home/suxin/English_Path/test111/autonomous_navigation_environment_ego/build/local_pcl_map_provider' returned '0': CMAKE_PREFIX_PATH=/opt/ros/foxy /usr/bin/cmake --install /home/suxin/English_Path/test111/autonomous_navigation_environment_ego/build/local_pcl_map_provider
