[0.050s] Invoking command in '/home/suxin/English_Path/test111/autonomous_navigation_environment_ego/build/turtlebot3_description': CMAKE_PREFIX_PATH=/opt/ros/foxy /usr/bin/cmake /home/suxin/English_Path/test111/autonomous_navigation_environment_ego/src/simulation_gazebo_model/sdf_model_urdf_files/turtlebot3_description -DAMENT_CMAKE_SYMLINK_INSTALL=1 -DCMAKE_INSTALL_PREFIX=/home/suxin/English_Path/test111/autonomous_navigation_environment_ego/install/turtlebot3_description
[0.295s] -- The C compiler identification is GNU 9.4.0
[0.295s] -- The CXX compiler identification is GNU 9.4.0
[0.295s] -- Check for working C compiler: /usr/bin/cc
[0.295s] -- Check for working C compiler: /usr/bin/cc -- works
[0.295s] -- Detecting C compiler ABI info
[0.348s] -- Detecting C compiler ABI info - done
[0.360s] -- Detecting C compile features
[0.361s] -- Detecting C compile features - done
[0.363s] -- Check for working CXX compiler: /usr/bin/c++
[0.440s] -- Check for working CXX compiler: /usr/bin/c++ -- works
[0.441s] -- Detecting CXX compiler ABI info
[0.539s] -- Detecting CXX compiler ABI info - done
[0.543s] -- Detecting CXX compile features
[0.543s] -- Detecting CXX compile features - done
[0.546s] -- Found ament_cmake: 0.9.12 (/opt/ros/foxy/share/ament_cmake/cmake)
[0.573s] -- Found PythonInterp: /usr/bin/python3 (found suitable version "3.8.10", minimum required is "3") 
[0.573s] -- Using PYTHON_EXECUTABLE: /usr/bin/python3
[0.762s] -- Override CMake install command with custom implementation using symlinks instead of copying resources
[0.797s] -- Found urdf: 2.4.0 (/opt/ros/foxy/share/urdf/cmake)
[0.887s] -- Configuring done
[0.888s] -- Generating done
[0.889s] -- Build files have been written to: /home/suxin/English_Path/test111/autonomous_navigation_environment_ego/build/turtlebot3_description
[0.899s] Invoked command in '/home/suxin/English_Path/test111/autonomous_navigation_environment_ego/build/turtlebot3_description' returned '0': CMAKE_PREFIX_PATH=/opt/ros/foxy /usr/bin/cmake /home/suxin/English_Path/test111/autonomous_navigation_environment_ego/src/simulation_gazebo_model/sdf_model_urdf_files/turtlebot3_description -DAMENT_CMAKE_SYMLINK_INSTALL=1 -DCMAKE_INSTALL_PREFIX=/home/suxin/English_Path/test111/autonomous_navigation_environment_ego/install/turtlebot3_description
[0.899s] Invoking command in '/home/suxin/English_Path/test111/autonomous_navigation_environment_ego/build/turtlebot3_description': CMAKE_PREFIX_PATH=/opt/ros/foxy /usr/bin/cmake --build /home/suxin/English_Path/test111/autonomous_navigation_environment_ego/build/turtlebot3_description -- -j20 -l20
[2.364s] Invoked command in '/home/suxin/English_Path/test111/autonomous_navigation_environment_ego/build/turtlebot3_description' returned '0': CMAKE_PREFIX_PATH=/opt/ros/foxy /usr/bin/cmake --build /home/suxin/English_Path/test111/autonomous_navigation_environment_ego/build/turtlebot3_description -- -j20 -l20
[2.405s] Invoking command in '/home/suxin/English_Path/test111/autonomous_navigation_environment_ego/build/turtlebot3_description': CMAKE_PREFIX_PATH=/opt/ros/foxy /usr/bin/cmake --install /home/suxin/English_Path/test111/autonomous_navigation_environment_ego/build/turtlebot3_description
[2.990s] -- Install configuration: ""
[2.990s] -- Execute custom install script
[2.991s] -- Symlinking: /home/suxin/English_Path/test111/autonomous_navigation_environment_ego/install/turtlebot3_description/share/turtlebot3_description/meshes/bases/burger_base.stl
[2.991s] -- Symlinking: /home/suxin/English_Path/test111/autonomous_navigation_environment_ego/install/turtlebot3_description/share/turtlebot3_description/meshes/bases/waffle_base.stl
[2.991s] -- Symlinking: /home/suxin/English_Path/test111/autonomous_navigation_environment_ego/install/turtlebot3_description/share/turtlebot3_description/meshes/bases/waffle_pi_base.stl
[2.991s] -- Symlinking: /home/suxin/English_Path/test111/autonomous_navigation_environment_ego/install/turtlebot3_description/share/turtlebot3_description/meshes/sensors/astra.dae
[2.991s] -- Symlinking: /home/suxin/English_Path/test111/autonomous_navigation_environment_ego/install/turtlebot3_description/share/turtlebot3_description/meshes/sensors/astra.jpg
[2.991s] -- Symlinking: /home/suxin/English_Path/test111/autonomous_navigation_environment_ego/install/turtlebot3_description/share/turtlebot3_description/meshes/sensors/lds.stl
[2.991s] -- Symlinking: /home/suxin/English_Path/test111/autonomous_navigation_environment_ego/install/turtlebot3_description/share/turtlebot3_description/meshes/sensors/r200.dae
[2.991s] -- Symlinking: /home/suxin/English_Path/test111/autonomous_navigation_environment_ego/install/turtlebot3_description/share/turtlebot3_description/meshes/sensors/r200.jpg
[2.991s] -- Symlinking: /home/suxin/English_Path/test111/autonomous_navigation_environment_ego/install/turtlebot3_description/share/turtlebot3_description/meshes/wheels/left_tire.stl
[2.991s] -- Symlinking: /home/suxin/English_Path/test111/autonomous_navigation_environment_ego/install/turtlebot3_description/share/turtlebot3_description/meshes/wheels/right_tire.stl
[2.991s] -- Symlinking: /home/suxin/English_Path/test111/autonomous_navigation_environment_ego/install/turtlebot3_description/share/turtlebot3_description/rviz/model.rviz
[2.991s] -- Symlinking: /home/suxin/English_Path/test111/autonomous_navigation_environment_ego/install/turtlebot3_description/share/turtlebot3_description/urdf/common_properties.urdf
[2.991s] -- Symlinking: /home/suxin/English_Path/test111/autonomous_navigation_environment_ego/install/turtlebot3_description/share/turtlebot3_description/urdf/turtlebot3_burger.urdf
[2.991s] -- Symlinking: /home/suxin/English_Path/test111/autonomous_navigation_environment_ego/install/turtlebot3_description/share/turtlebot3_description/urdf/turtlebot3_waffle.urdf
[2.991s] -- Symlinking: /home/suxin/English_Path/test111/autonomous_navigation_environment_ego/install/turtlebot3_description/share/turtlebot3_description/urdf/turtlebot3_waffle_pi.urdf
[2.991s] -- Symlinking: /home/suxin/English_Path/test111/autonomous_navigation_environment_ego/install/turtlebot3_description/share/turtlebot3_description/urdf/uav.urdf
[2.991s] -- Symlinking: /home/suxin/English_Path/test111/autonomous_navigation_environment_ego/install/turtlebot3_description/share/ament_index/resource_index/package_run_dependencies/turtlebot3_description
[2.991s] -- Symlinking: /home/suxin/English_Path/test111/autonomous_navigation_environment_ego/install/turtlebot3_description/share/ament_index/resource_index/parent_prefix_path/turtlebot3_description
[2.991s] -- Symlinking: /home/suxin/English_Path/test111/autonomous_navigation_environment_ego/install/turtlebot3_description/share/turtlebot3_description/environment/ament_prefix_path.sh
[2.992s] -- Symlinking: /home/suxin/English_Path/test111/autonomous_navigation_environment_ego/install/turtlebot3_description/share/turtlebot3_description/environment/ament_prefix_path.dsv
[2.992s] -- Symlinking: /home/suxin/English_Path/test111/autonomous_navigation_environment_ego/install/turtlebot3_description/share/turtlebot3_description/environment/path.sh
[2.992s] -- Symlinking: /home/suxin/English_Path/test111/autonomous_navigation_environment_ego/install/turtlebot3_description/share/turtlebot3_description/environment/path.dsv
[2.992s] -- Symlinking: /home/suxin/English_Path/test111/autonomous_navigation_environment_ego/install/turtlebot3_description/share/turtlebot3_description/local_setup.bash
[2.992s] -- Symlinking: /home/suxin/English_Path/test111/autonomous_navigation_environment_ego/install/turtlebot3_description/share/turtlebot3_description/local_setup.sh
[2.992s] -- Symlinking: /home/suxin/English_Path/test111/autonomous_navigation_environment_ego/install/turtlebot3_description/share/turtlebot3_description/local_setup.zsh
[2.992s] -- Symlinking: /home/suxin/English_Path/test111/autonomous_navigation_environment_ego/install/turtlebot3_description/share/turtlebot3_description/local_setup.dsv
[2.992s] -- Symlinking: /home/suxin/English_Path/test111/autonomous_navigation_environment_ego/install/turtlebot3_description/share/turtlebot3_description/package.dsv
[2.992s] -- Symlinking: /home/suxin/English_Path/test111/autonomous_navigation_environment_ego/install/turtlebot3_description/share/ament_index/resource_index/packages/turtlebot3_description
[2.992s] -- Symlinking: /home/suxin/English_Path/test111/autonomous_navigation_environment_ego/install/turtlebot3_description/share/turtlebot3_description/cmake/turtlebot3_descriptionConfig.cmake
[2.992s] -- Symlinking: /home/suxin/English_Path/test111/autonomous_navigation_environment_ego/install/turtlebot3_description/share/turtlebot3_description/cmake/turtlebot3_descriptionConfig-version.cmake
[2.992s] -- Symlinking: /home/suxin/English_Path/test111/autonomous_navigation_environment_ego/install/turtlebot3_description/share/turtlebot3_description/package.xml
[2.998s] Invoked command in '/home/suxin/English_Path/test111/autonomous_navigation_environment_ego/build/turtlebot3_description' returned '0': CMAKE_PREFIX_PATH=/opt/ros/foxy /usr/bin/cmake --install /home/suxin/English_Path/test111/autonomous_navigation_environment_ego/build/turtlebot3_description
