[0.020s] Invoking command in '/home/suxin/English_Path/test111/autonomous_navigation_environment_ego/build/turtlebot3_simulations': AMENT_PREFIX_PATH=/home/suxin/English_Path/test111/autonomous_navigation_environment_ego/install/turtlebot3_gazebo:/home/suxin/English_Path/test111/autonomous_navigation_environment_ego/install/turtlebot3_fake_node:/home/suxin/English_Path/test111/autonomous_navigation_environment_ego/install/turtlebot3_description:${AMENT_PREFIX_PATH} CMAKE_PREFIX_PATH=/home/suxin/English_Path/test111/autonomous_navigation_environment_ego/install/turtlebot3_gazebo:/home/suxin/English_Path/test111/autonomous_navigation_environment_ego/install/turtlebot3_fake_node:/home/suxin/English_Path/test111/autonomous_navigation_environment_ego/install/turtlebot3_description:/opt/ros/foxy /usr/bin/cmake /home/suxin/English_Path/test111/autonomous_navigation_environment_ego/src/simulation_gazebo_model/launch_files/turtlebot3_simulations -DAMENT_CMAKE_SYMLINK_INSTALL=1 -DCMAKE_INSTALL_PREFIX=/home/suxin/English_Path/test111/autonomous_navigation_environment_ego/install/turtlebot3_simulations
[1.864s] -- The C compiler identification is GNU 9.4.0
[1.867s] -- The CXX compiler identification is GNU 9.4.0
[1.868s] -- Check for working C compiler: /usr/bin/cc
[1.868s] -- Check for working C compiler: /usr/bin/cc -- works
[1.868s] -- Detecting C compiler ABI info
[1.868s] -- Detecting C compiler ABI info - done
[1.868s] -- Detecting C compile features
[1.868s] -- Detecting C compile features - done
[1.869s] -- Check for working CXX compiler: /usr/bin/c++
[1.870s] -- Check for working CXX compiler: /usr/bin/c++ -- works
[1.870s] -- Detecting CXX compiler ABI info
[1.870s] -- Detecting CXX compiler ABI info - done
[1.870s] -- Detecting CXX compile features
[1.870s] -- Detecting CXX compile features - done
[1.870s] -- Found ament_cmake: 0.9.12 (/opt/ros/foxy/share/ament_cmake/cmake)
[1.870s] -- Found PythonInterp: /usr/bin/python3 (found suitable version "3.8.10", minimum required is "3") 
[1.871s] -- Using PYTHON_EXECUTABLE: /usr/bin/python3
[1.871s] -- Override CMake install command with custom implementation using symlinks instead of copying resources
[1.871s] -- Configuring done
[1.871s] -- Generating done
[1.871s] -- Build files have been written to: /home/suxin/English_Path/test111/autonomous_navigation_environment_ego/build/turtlebot3_simulations
[1.878s] Invoked command in '/home/suxin/English_Path/test111/autonomous_navigation_environment_ego/build/turtlebot3_simulations' returned '0': AMENT_PREFIX_PATH=/home/suxin/English_Path/test111/autonomous_navigation_environment_ego/install/turtlebot3_gazebo:/home/suxin/English_Path/test111/autonomous_navigation_environment_ego/install/turtlebot3_fake_node:/home/suxin/English_Path/test111/autonomous_navigation_environment_ego/install/turtlebot3_description:${AMENT_PREFIX_PATH} CMAKE_PREFIX_PATH=/home/suxin/English_Path/test111/autonomous_navigation_environment_ego/install/turtlebot3_gazebo:/home/suxin/English_Path/test111/autonomous_navigation_environment_ego/install/turtlebot3_fake_node:/home/suxin/English_Path/test111/autonomous_navigation_environment_ego/install/turtlebot3_description:/opt/ros/foxy /usr/bin/cmake /home/suxin/English_Path/test111/autonomous_navigation_environment_ego/src/simulation_gazebo_model/launch_files/turtlebot3_simulations -DAMENT_CMAKE_SYMLINK_INSTALL=1 -DCMAKE_INSTALL_PREFIX=/home/suxin/English_Path/test111/autonomous_navigation_environment_ego/install/turtlebot3_simulations
[1.878s] Invoking command in '/home/suxin/English_Path/test111/autonomous_navigation_environment_ego/build/turtlebot3_simulations': AMENT_PREFIX_PATH=/home/suxin/English_Path/test111/autonomous_navigation_environment_ego/install/turtlebot3_gazebo:/home/suxin/English_Path/test111/autonomous_navigation_environment_ego/install/turtlebot3_fake_node:/home/suxin/English_Path/test111/autonomous_navigation_environment_ego/install/turtlebot3_description:${AMENT_PREFIX_PATH} CMAKE_PREFIX_PATH=/home/suxin/English_Path/test111/autonomous_navigation_environment_ego/install/turtlebot3_gazebo:/home/suxin/English_Path/test111/autonomous_navigation_environment_ego/install/turtlebot3_fake_node:/home/suxin/English_Path/test111/autonomous_navigation_environment_ego/install/turtlebot3_description:/opt/ros/foxy /usr/bin/cmake --build /home/suxin/English_Path/test111/autonomous_navigation_environment_ego/build/turtlebot3_simulations -- -j20 -l20
[9.461s] Invoked command in '/home/suxin/English_Path/test111/autonomous_navigation_environment_ego/build/turtlebot3_simulations' returned '0': AMENT_PREFIX_PATH=/home/suxin/English_Path/test111/autonomous_navigation_environment_ego/install/turtlebot3_gazebo:/home/suxin/English_Path/test111/autonomous_navigation_environment_ego/install/turtlebot3_fake_node:/home/suxin/English_Path/test111/autonomous_navigation_environment_ego/install/turtlebot3_description:${AMENT_PREFIX_PATH} CMAKE_PREFIX_PATH=/home/suxin/English_Path/test111/autonomous_navigation_environment_ego/install/turtlebot3_gazebo:/home/suxin/English_Path/test111/autonomous_navigation_environment_ego/install/turtlebot3_fake_node:/home/suxin/English_Path/test111/autonomous_navigation_environment_ego/install/turtlebot3_description:/opt/ros/foxy /usr/bin/cmake --build /home/suxin/English_Path/test111/autonomous_navigation_environment_ego/build/turtlebot3_simulations -- -j20 -l20
[9.501s] Invoking command in '/home/suxin/English_Path/test111/autonomous_navigation_environment_ego/build/turtlebot3_simulations': AMENT_PREFIX_PATH=/home/suxin/English_Path/test111/autonomous_navigation_environment_ego/install/turtlebot3_gazebo:/home/suxin/English_Path/test111/autonomous_navigation_environment_ego/install/turtlebot3_fake_node:/home/suxin/English_Path/test111/autonomous_navigation_environment_ego/install/turtlebot3_description:${AMENT_PREFIX_PATH} CMAKE_PREFIX_PATH=/home/suxin/English_Path/test111/autonomous_navigation_environment_ego/install/turtlebot3_gazebo:/home/suxin/English_Path/test111/autonomous_navigation_environment_ego/install/turtlebot3_fake_node:/home/suxin/English_Path/test111/autonomous_navigation_environment_ego/install/turtlebot3_description:/opt/ros/foxy /usr/bin/cmake --install /home/suxin/English_Path/test111/autonomous_navigation_environment_ego/build/turtlebot3_simulations
[9.704s] -- Install configuration: ""
[9.705s] -- Execute custom install script
[9.705s] -- Symlinking: /home/suxin/English_Path/test111/autonomous_navigation_environment_ego/install/turtlebot3_simulations/share/ament_index/resource_index/package_run_dependencies/turtlebot3_simulations
[9.705s] -- Symlinking: /home/suxin/English_Path/test111/autonomous_navigation_environment_ego/install/turtlebot3_simulations/share/ament_index/resource_index/parent_prefix_path/turtlebot3_simulations
[9.705s] -- Symlinking: /home/suxin/English_Path/test111/autonomous_navigation_environment_ego/install/turtlebot3_simulations/share/turtlebot3_simulations/environment/ament_prefix_path.sh
[9.705s] -- Symlinking: /home/suxin/English_Path/test111/autonomous_navigation_environment_ego/install/turtlebot3_simulations/share/turtlebot3_simulations/environment/ament_prefix_path.dsv
[9.705s] -- Symlinking: /home/suxin/English_Path/test111/autonomous_navigation_environment_ego/install/turtlebot3_simulations/share/turtlebot3_simulations/environment/path.sh
[9.705s] -- Symlinking: /home/suxin/English_Path/test111/autonomous_navigation_environment_ego/install/turtlebot3_simulations/share/turtlebot3_simulations/environment/path.dsv
[9.705s] -- Symlinking: /home/suxin/English_Path/test111/autonomous_navigation_environment_ego/install/turtlebot3_simulations/share/turtlebot3_simulations/local_setup.bash
[9.705s] -- Symlinking: /home/suxin/English_Path/test111/autonomous_navigation_environment_ego/install/turtlebot3_simulations/share/turtlebot3_simulations/local_setup.sh
[9.705s] -- Symlinking: /home/suxin/English_Path/test111/autonomous_navigation_environment_ego/install/turtlebot3_simulations/share/turtlebot3_simulations/local_setup.zsh
[9.705s] -- Symlinking: /home/suxin/English_Path/test111/autonomous_navigation_environment_ego/install/turtlebot3_simulations/share/turtlebot3_simulations/local_setup.dsv
[9.705s] -- Symlinking: /home/suxin/English_Path/test111/autonomous_navigation_environment_ego/install/turtlebot3_simulations/share/turtlebot3_simulations/package.dsv
[9.705s] -- Symlinking: /home/suxin/English_Path/test111/autonomous_navigation_environment_ego/install/turtlebot3_simulations/share/ament_index/resource_index/packages/turtlebot3_simulations
[9.705s] -- Symlinking: /home/suxin/English_Path/test111/autonomous_navigation_environment_ego/install/turtlebot3_simulations/share/turtlebot3_simulations/cmake/turtlebot3_simulationsConfig.cmake
[9.705s] -- Symlinking: /home/suxin/English_Path/test111/autonomous_navigation_environment_ego/install/turtlebot3_simulations/share/turtlebot3_simulations/cmake/turtlebot3_simulationsConfig-version.cmake
[9.706s] -- Symlinking: /home/suxin/English_Path/test111/autonomous_navigation_environment_ego/install/turtlebot3_simulations/share/turtlebot3_simulations/package.xml
[9.714s] Invoked command in '/home/suxin/English_Path/test111/autonomous_navigation_environment_ego/build/turtlebot3_simulations' returned '0': AMENT_PREFIX_PATH=/home/suxin/English_Path/test111/autonomous_navigation_environment_ego/install/turtlebot3_gazebo:/home/suxin/English_Path/test111/autonomous_navigation_environment_ego/install/turtlebot3_fake_node:/home/suxin/English_Path/test111/autonomous_navigation_environment_ego/install/turtlebot3_description:${AMENT_PREFIX_PATH} CMAKE_PREFIX_PATH=/home/suxin/English_Path/test111/autonomous_navigation_environment_ego/install/turtlebot3_gazebo:/home/suxin/English_Path/test111/autonomous_navigation_environment_ego/install/turtlebot3_fake_node:/home/suxin/English_Path/test111/autonomous_navigation_environment_ego/install/turtlebot3_description:/opt/ros/foxy /usr/bin/cmake --install /home/suxin/English_Path/test111/autonomous_navigation_environment_ego/build/turtlebot3_simulations
