[0.051s] Invoking command in '/home/suxin/English_Path/test111/autonomous_navigation_environment_ego/build/traj_utils_so': CMAKE_PREFIX_PATH=/opt/ros/foxy /usr/bin/cmake /home/suxin/English_Path/test111/autonomous_navigation_environment_ego/src/ego_planner_ros2/src/planner/traj_utils_so -DAMENT_CMAKE_SYMLINK_INSTALL=1 -DCMAKE_INSTALL_PREFIX=/home/suxin/English_Path/test111/autonomous_navigation_environment_ego/install/traj_utils_so
[0.290s] -- The C compiler identification is GNU 9.4.0
[0.290s] -- The CXX compiler identification is GNU 9.4.0
[0.291s] -- Check for working C compiler: /usr/bin/cc
[0.291s] -- Check for working C compiler: /usr/bin/cc -- works
[0.291s] -- Detecting C compiler ABI info
[0.360s] -- Detecting C compiler ABI info - done
[0.372s] -- Detecting C compile features
[0.372s] -- Detecting C compile features - done
[0.375s] -- Check for working CXX compiler: /usr/bin/c++
[0.454s] -- Check for working CXX compiler: /usr/bin/c++ -- works
[0.454s] -- Detecting CXX compiler ABI info
[0.560s] -- Detecting CXX compiler ABI info - done
[0.571s] -- Detecting CXX compile features
[0.571s] -- Detecting CXX compile features - done
[0.574s] -- Found ament_cmake: 0.9.12 (/opt/ros/foxy/share/ament_cmake/cmake)
[0.599s] -- Found PythonInterp: /usr/bin/python3 (found suitable version "3.8.10", minimum required is "3") 
[0.599s] -- Using PYTHON_EXECUTABLE: /usr/bin/python3
[0.798s] -- Override CMake install command with custom implementation using symlinks instead of copying resources
[0.821s] -- Found rclcpp: 2.4.3 (/opt/ros/foxy/share/rclcpp/cmake)
[0.867s] -- Using all available rosidl_typesupport_c: rosidl_typesupport_fastrtps_c;rosidl_typesupport_introspection_c
[0.874s] -- Found rosidl_adapter: 1.3.1 (/opt/ros/foxy/share/rosidl_adapter/cmake)
[0.951s] -- Found OpenSSL: /usr/lib/x86_64-linux-gnu/libcrypto.so (found version "1.1.1f")  
[0.981s] -- Found FastRTPS: /opt/ros/foxy/include  
[1.054s] -- Using all available rosidl_typesupport_cpp: rosidl_typesupport_fastrtps_cpp;rosidl_typesupport_introspection_cpp
[1.106s] -- Found rmw_implementation_cmake: 1.0.4 (/opt/ros/foxy/share/rmw_implementation_cmake/cmake)
[1.108s] -- Using RMW implementation 'rmw_fastrtps_cpp' as default
[1.109s] -- Looking for pthread.h
[1.172s] -- Looking for pthread.h - found
[1.172s] -- Performing Test CMAKE_HAVE_LIBC_PTHREAD
[1.235s] -- Performing Test CMAKE_HAVE_LIBC_PTHREAD - Failed
[1.235s] -- Looking for pthread_create in pthreads
[1.295s] -- Looking for pthread_create in pthreads - not found
[1.295s] -- Looking for pthread_create in pthread
[1.357s] -- Looking for pthread_create in pthread - found
[1.358s] -- Found Threads: TRUE  
[1.533s] -- Found geometry_msgs: 2.0.5 (/opt/ros/foxy/share/geometry_msgs/cmake)
[1.584s] -- Checking for module 'eigen3'
[1.597s] --   Found eigen3, version 3.3.7
[1.626s] -- Found Eigen: /usr/include/eigen3 (Required is at least version "3.1") 
[1.626s] -- Eigen found (include: /usr/include/eigen3, version: 3.3.7)
[1.664s] -- Found Boost: /usr/include (found suitable version "1.71.0", minimum required is "1.55.0") found components: system filesystem date_time iostreams regex 
[1.679s] -- Checking for module 'flann'
[1.694s] --   Found flann, version 1.9.1
[1.732s] -- Found FLANN: /usr/lib/x86_64-linux-gnu/libflann_cpp.so  
[1.779s] -- The imported target "vtkParseOGLExt" references the file
[1.780s]    "/usr/bin/vtkParseOGLExt-7.1"
[1.780s] but this file does not exist.  Possible reasons include:
[1.780s] * The file was deleted, renamed, or moved to another location.
[1.780s] * An install or uninstall procedure did not complete successfully.
[1.780s] * The installation package was faulty and contained
[1.780s]    "/usr/lib/cmake/vtk-7.1/VTKTargets.cmake"
[1.780s] but not all the files it references.
[1.780s] 
[1.780s] -- The imported target "vtkRenderingPythonTkWidgets" references the file
[1.780s]    "/usr/lib/x86_64-linux-gnu/libvtkRenderingPythonTkWidgets.so"
[1.780s] but this file does not exist.  Possible reasons include:
[1.780s] * The file was deleted, renamed, or moved to another location.
[1.780s] * An install or uninstall procedure did not complete successfully.
[1.780s] * The installation package was faulty and contained
[1.780s]    "/usr/lib/cmake/vtk-7.1/VTKTargets.cmake"
[1.780s] but not all the files it references.
[1.781s] 
[1.781s] -- The imported target "vtk" references the file
[1.781s]    "/usr/bin/vtk"
[1.781s] but this file does not exist.  Possible reasons include:
[1.781s] * The file was deleted, renamed, or moved to another location.
[1.781s] * An install or uninstall procedure did not complete successfully.
[1.781s] * The installation package was faulty and contained
[1.781s]    "/usr/lib/cmake/vtk-7.1/VTKTargets.cmake"
[1.781s] but not all the files it references.
[1.781s] 
[1.781s] -- The imported target "pvtk" references the file
[1.781s]    "/usr/bin/pvtk"
[1.781s] but this file does not exist.  Possible reasons include:
[1.781s] * The file was deleted, renamed, or moved to another location.
[1.781s] * An install or uninstall procedure did not complete successfully.
[1.781s] * The installation package was faulty and contained
[1.781s]    "/usr/lib/cmake/vtk-7.1/VTKTargets.cmake"
[1.781s] but not all the files it references.
[1.781s] 
[1.797s] -- Checking for module 'libusb-1.0'
[1.811s] --   Found libusb-1.0, version 1.0.23
[1.840s] -- Found USB_10: /usr/lib/x86_64-linux-gnu/libusb-1.0.so  
[1.893s] -- Found OpenNI: /usr/lib/libOpenNI.so  
[1.893s] -- OpenNI found (include: /usr/include/ni, lib: /usr/lib/libOpenNI.so)
[1.952s] -- Found OpenNI2: /usr/lib/libOpenNI2.so  
[1.952s] -- OpenNI2 found (include: /usr/include/openni2, lib: /usr/lib/libOpenNI2.so)
[1.953s] ** WARNING ** io features related to pcap will be disabled
[1.953s] ** WARNING ** io features related to png will be disabled
[1.968s] -- Found libusb-1.0: /usr/include  
[1.968s] ** WARNING ** io features related to libusb-1.0 will be disabled
[1.975s] -- OpenNI found (include: /usr/include/ni, lib: /usr/lib/libOpenNI.so)
[1.982s] -- OpenNI2 found (include: /usr/include/openni2, lib: /usr/lib/libOpenNI2.so)
[2.016s] -- Found Qhull: optimized;/usr/lib/x86_64-linux-gnu/libqhull.so;debug;/usr/lib/x86_64-linux-gnu/libqhull.so  
[2.016s] -- QHULL found (include: /usr/include, lib: optimized;/usr/lib/x86_64-linux-gnu/libqhull.so;debug;/usr/lib/x86_64-linux-gnu/libqhull.so)
[2.022s] -- OpenNI found (include: /usr/include/ni, lib: /usr/lib/libOpenNI.so)
[2.032s] -- looking for PCL_COMMON
[2.034s] -- Found PCL_COMMON: /usr/lib/x86_64-linux-gnu/libpcl_common.so  
[2.034s] -- looking for PCL_KDTREE
[2.035s] -- Found PCL_KDTREE: /usr/lib/x86_64-linux-gnu/libpcl_kdtree.so  
[2.037s] -- looking for PCL_OCTREE
[2.037s] -- Found PCL_OCTREE: /usr/lib/x86_64-linux-gnu/libpcl_octree.so  
[2.037s] -- looking for PCL_SEARCH
[2.038s] -- Found PCL_SEARCH: /usr/lib/x86_64-linux-gnu/libpcl_search.so  
[2.039s] -- looking for PCL_SAMPLE_CONSENSUS
[2.039s] -- Found PCL_SAMPLE_CONSENSUS: /usr/lib/x86_64-linux-gnu/libpcl_sample_consensus.so  
[2.040s] -- looking for PCL_FILTERS
[2.042s] -- Found PCL_FILTERS: /usr/lib/x86_64-linux-gnu/libpcl_filters.so  
[2.042s] -- looking for PCL_2D
[2.042s] -- Found PCL_2D: /usr/include/pcl-1.10  
[2.042s] -- looking for PCL_GEOMETRY
[2.042s] -- Found PCL_GEOMETRY: /usr/include/pcl-1.10  
[2.042s] -- looking for PCL_IO
[2.054s] -- Found PCL_IO: /usr/lib/x86_64-linux-gnu/libpcl_io.so  
[2.054s] -- looking for PCL_FEATURES
[2.056s] -- Found PCL_FEATURES: /usr/lib/x86_64-linux-gnu/libpcl_features.so  
[2.057s] -- looking for PCL_ML
[2.057s] -- Found PCL_ML: /usr/lib/x86_64-linux-gnu/libpcl_ml.so  
[2.057s] -- looking for PCL_SEGMENTATION
[2.057s] -- Found PCL_SEGMENTATION: /usr/lib/x86_64-linux-gnu/libpcl_segmentation.so  
[2.057s] -- looking for PCL_VISUALIZATION
[2.057s] -- Found PCL_VISUALIZATION: /usr/lib/x86_64-linux-gnu/libpcl_visualization.so  
[2.057s] -- looking for PCL_SURFACE
[2.058s] -- Found PCL_SURFACE: /usr/lib/x86_64-linux-gnu/libpcl_surface.so  
[2.058s] -- looking for PCL_REGISTRATION
[2.058s] -- Found PCL_REGISTRATION: /usr/lib/x86_64-linux-gnu/libpcl_registration.so  
[2.058s] -- looking for PCL_KEYPOINTS
[2.058s] -- Found PCL_KEYPOINTS: /usr/lib/x86_64-linux-gnu/libpcl_keypoints.so  
[2.058s] -- looking for PCL_TRACKING
[2.058s] -- Found PCL_TRACKING: /usr/lib/x86_64-linux-gnu/libpcl_tracking.so  
[2.058s] -- looking for PCL_RECOGNITION
[2.058s] -- Found PCL_RECOGNITION: /usr/lib/x86_64-linux-gnu/libpcl_recognition.so  
[2.058s] -- looking for PCL_STEREO
[2.059s] -- Found PCL_STEREO: /usr/lib/x86_64-linux-gnu/libpcl_stereo.so  
[2.060s] -- looking for PCL_APPS
[2.061s] -- Found PCL_APPS: /usr/lib/x86_64-linux-gnu/libpcl_apps.so  
[2.062s] -- looking for PCL_IN_HAND_SCANNER
[2.062s] -- Found PCL_IN_HAND_SCANNER: /usr/include/pcl-1.10  
[2.062s] -- looking for PCL_POINT_CLOUD_EDITOR
[2.063s] -- Found PCL_POINT_CLOUD_EDITOR: /usr/include/pcl-1.10  
[2.063s] -- looking for PCL_OUTOFCORE
[2.064s] -- Found PCL_OUTOFCORE: /usr/lib/x86_64-linux-gnu/libpcl_outofcore.so  
[2.064s] -- looking for PCL_PEOPLE
[2.065s] -- Found PCL_PEOPLE: /usr/lib/x86_64-linux-gnu/libpcl_people.so  
[2.066s] -- Found PCL: pcl_common;pcl_kdtree;pcl_octree;pcl_search;pcl_sample_consensus;pcl_filters;pcl_io;pcl_features;pcl_ml;pcl_segmentation;pcl_visualization;pcl_surface;pcl_registration;pcl_keypoints;pcl_tracking;pcl_recognition;pcl_stereo;pcl_apps;pcl_outofcore;pcl_people;/usr/lib/x86_64-linux-gnu/libboost_system.so;/usr/lib/x86_64-linux-gnu/libboost_filesystem.so;/usr/lib/x86_64-linux-gnu/libboost_date_time.so;/usr/lib/x86_64-linux-gnu/libboost_iostreams.so;/usr/lib/x86_64-linux-gnu/libboost_regex.so;optimized;/usr/lib/x86_64-linux-gnu/libqhull.so;debug;/usr/lib/x86_64-linux-gnu/libqhull.so;/usr/lib/libOpenNI.so;/usr/lib/libOpenNI2.so;vtkChartsCore;vtkCommonColor;vtkCommonCore;vtksys;vtkCommonDataModel;vtkCommonMath;vtkCommonMisc;vtkCommonSystem;vtkCommonTransforms;vtkCommonExecutionModel;vtkFiltersGeneral;vtkCommonComputationalGeometry;vtkFiltersCore;vtkInfovisCore;vtkFiltersExtraction;vtkFiltersStatistics;vtkImagingFourier;vtkImagingCore;vtkalglib;vtkRenderingContext2D;vtkRenderingCore;vtkFiltersGeometry;vtkFiltersSources;vtkRenderingFreeType;/usr/lib/x86_64-linux-gnu/libfreetype.so;/usr/lib/x86_64-linux-gnu/libz.so;vtkFiltersModeling;vtkImagingSources;vtkInteractionStyle;vtkInteractionWidgets;vtkFiltersHybrid;vtkImagingColor;vtkImagingGeneral;vtkImagingHybrid;vtkIOImage;vtkDICOMParser;vtkmetaio;/usr/lib/x86_64-linux-gnu/libjpeg.so;/usr/lib/x86_64-linux-gnu/libpng.so;/usr/lib/x86_64-linux-gnu/libtiff.so;vtkRenderingAnnotation;vtkRenderingVolume;vtkIOXML;vtkIOCore;vtkIOXMLParser;/usr/lib/x86_64-linux-gnu/libexpat.so;vtkIOGeometry;vtkIOLegacy;vtkIOPLY;vtkRenderingLOD;vtkViewsContext2D;vtkViewsCore;vtkRenderingContextOpenGL2;vtkRenderingOpenGL2;FLANN::FLANN (Required is at least version "1.7") 
[2.069s] -- Found ament_lint_auto: 0.9.8 (/opt/ros/foxy/share/ament_lint_auto/cmake)
[2.138s] -- Added test 'copyright' to check source files copyright and LICENSE
[2.139s] -- Added test 'cppcheck' to perform static code analysis on C / C++ code
[2.140s] -- Configured cppcheck include dirs: /home/suxin/English_Path/test111/autonomous_navigation_environment_ego/src/ego_planner_ros2/src/planner/traj_utils_so/include
[2.140s] -- Configured cppcheck exclude dirs and/or files: 
[2.141s] -- Added test 'cpplint' to check C / C++ code against the Google style
[2.141s] -- Configured cpplint exclude dirs and/or files: 
[2.142s] -- Added test 'lint_cmake' to check CMake code style
[2.143s] -- Added test 'uncrustify' to check C / C++ code style
[2.143s] -- Configured uncrustify additional arguments: 
[2.143s] -- Added test 'xmllint' to check XML markup files
[2.147s] -- Configuring done
[2.165s] -- Generating done
[2.166s] -- Build files have been written to: /home/suxin/English_Path/test111/autonomous_navigation_environment_ego/build/traj_utils_so
[2.179s] Invoked command in '/home/suxin/English_Path/test111/autonomous_navigation_environment_ego/build/traj_utils_so' returned '0': CMAKE_PREFIX_PATH=/opt/ros/foxy /usr/bin/cmake /home/suxin/English_Path/test111/autonomous_navigation_environment_ego/src/ego_planner_ros2/src/planner/traj_utils_so -DAMENT_CMAKE_SYMLINK_INSTALL=1 -DCMAKE_INSTALL_PREFIX=/home/suxin/English_Path/test111/autonomous_navigation_environment_ego/install/traj_utils_so
[2.180s] Invoking command in '/home/suxin/English_Path/test111/autonomous_navigation_environment_ego/build/traj_utils_so': CMAKE_PREFIX_PATH=/opt/ros/foxy /usr/bin/cmake --build /home/suxin/English_Path/test111/autonomous_navigation_environment_ego/build/traj_utils_so -- -j20 -l20
[2.359s] [35m[1mScanning dependencies of target traj_utils[0m
[2.359s] [ 66%] [32mBuilding CXX object CMakeFiles/traj_utils.dir/src/polynomial_traj.cpp.o[0m
[2.359s] [ 66%] [32mBuilding CXX object CMakeFiles/traj_utils.dir/src/planning_visualization.cpp.o[0m
[5.478s] [01m[K/home/suxin/English_Path/test111/autonomous_navigation_environment_ego/src/ego_planner_ros2/src/planner/traj_utils_so/src/planning_visualization.cpp:[m[K In member function ‘[01m[Kvoid ego_planner::PlanningVisualization::displayMultiInitPathList(std::vector<std::vector<Eigen::Matrix<double, 3, 1> > >, double)[m[K’:
[5.479s] [01m[K/home/suxin/English_Path/test111/autonomous_navigation_environment_ego/src/ego_planner_ros2/src/planner/traj_utils_so/src/planning_visualization.cpp:195:23:[m[K [01;35m[Kwarning: [m[Kcomparison of integer expressions of different signedness: ‘[01m[Kint[m[K’ and ‘[01m[Kstd::vector<std::vector<Eigen::Matrix<double, 3, 1> > >::size_type[m[K’ {aka ‘[01m[Klong unsigned int[m[K’} [[01;35m[K-Wsign-compare[m[K]
[5.479s]   195 |     for ( int id=0; [01;35m[Kid<init_trajs.size()[m[K; id++ )
[5.479s]       |                     [01;35m[K~~^~~~~~~~~~~~~~~~~~[m[K
[46.466s] [100%] [32m[1mLinking CXX shared library libtraj_utils.so[0m
[46.814s] [100%] Built target traj_utils
[46.840s] Invoked command in '/home/suxin/English_Path/test111/autonomous_navigation_environment_ego/build/traj_utils_so' returned '0': CMAKE_PREFIX_PATH=/opt/ros/foxy /usr/bin/cmake --build /home/suxin/English_Path/test111/autonomous_navigation_environment_ego/build/traj_utils_so -- -j20 -l20
[46.862s] Invoking command in '/home/suxin/English_Path/test111/autonomous_navigation_environment_ego/build/traj_utils_so': CMAKE_PREFIX_PATH=/opt/ros/foxy /usr/bin/cmake --install /home/suxin/English_Path/test111/autonomous_navigation_environment_ego/build/traj_utils_so
[46.867s] -- Install configuration: "Release"
[46.867s] -- Execute custom install script
[46.868s] -- Symlinking: /home/suxin/English_Path/test111/autonomous_navigation_environment_ego/install/traj_utils_so/lib/traj_utils_so/libtraj_utils.so
[46.875s] -- Symlinking: /home/suxin/English_Path/test111/autonomous_navigation_environment_ego/install/traj_utils_so/share/ament_index/resource_index/package_run_dependencies/traj_utils_so
[46.882s] -- Symlinking: /home/suxin/English_Path/test111/autonomous_navigation_environment_ego/install/traj_utils_so/share/ament_index/resource_index/parent_prefix_path/traj_utils_so
[46.888s] -- Symlinking: /home/suxin/English_Path/test111/autonomous_navigation_environment_ego/install/traj_utils_so/share/traj_utils_so/environment/ament_prefix_path.sh
[46.895s] -- Symlinking: /home/suxin/English_Path/test111/autonomous_navigation_environment_ego/install/traj_utils_so/share/traj_utils_so/environment/ament_prefix_path.dsv
[46.902s] -- Symlinking: /home/suxin/English_Path/test111/autonomous_navigation_environment_ego/install/traj_utils_so/share/traj_utils_so/environment/path.sh
[46.909s] -- Symlinking: /home/suxin/English_Path/test111/autonomous_navigation_environment_ego/install/traj_utils_so/share/traj_utils_so/environment/path.dsv
[46.915s] -- Symlinking: /home/suxin/English_Path/test111/autonomous_navigation_environment_ego/install/traj_utils_so/share/traj_utils_so/local_setup.bash
[46.922s] -- Symlinking: /home/suxin/English_Path/test111/autonomous_navigation_environment_ego/install/traj_utils_so/share/traj_utils_so/local_setup.sh
[46.928s] -- Symlinking: /home/suxin/English_Path/test111/autonomous_navigation_environment_ego/install/traj_utils_so/share/traj_utils_so/local_setup.zsh
[46.935s] -- Symlinking: /home/suxin/English_Path/test111/autonomous_navigation_environment_ego/install/traj_utils_so/share/traj_utils_so/local_setup.dsv
[46.941s] -- Symlinking: /home/suxin/English_Path/test111/autonomous_navigation_environment_ego/install/traj_utils_so/share/traj_utils_so/package.dsv
[46.950s] -- Symlinking: /home/suxin/English_Path/test111/autonomous_navigation_environment_ego/install/traj_utils_so/share/ament_index/resource_index/packages/traj_utils_so
[46.958s] -- Symlinking: /home/suxin/English_Path/test111/autonomous_navigation_environment_ego/install/traj_utils_so/share/traj_utils_so/cmake/traj_utils_soConfig.cmake
[46.965s] -- Symlinking: /home/suxin/English_Path/test111/autonomous_navigation_environment_ego/install/traj_utils_so/share/traj_utils_so/cmake/traj_utils_soConfig-version.cmake
[46.971s] -- Symlinking: /home/suxin/English_Path/test111/autonomous_navigation_environment_ego/install/traj_utils_so/share/traj_utils_so/package.xml
[46.978s] Invoked command in '/home/suxin/English_Path/test111/autonomous_navigation_environment_ego/build/traj_utils_so' returned '0': CMAKE_PREFIX_PATH=/opt/ros/foxy /usr/bin/cmake --install /home/suxin/English_Path/test111/autonomous_navigation_environment_ego/build/traj_utils_so
