[0.066s] Invoking command in '/home/suxin/English_Path/test111/autonomous_navigation_environment_ego/build/poscmd_2_odom': AMENT_PREFIX_PATH=/home/suxin/English_Path/test111/autonomous_navigation_environment_ego/install/quadrotor_msgs:${AMENT_PREFIX_PATH} CMAKE_PREFIX_PATH=/home/suxin/English_Path/test111/autonomous_navigation_environment_ego/install/quadrotor_msgs:/opt/ros/foxy LD_LIBRARY_PATH=/home/suxin/English_Path/test111/autonomous_navigation_environment_ego/install/quadrotor_msgs/lib:${LD_LIBRARY_PATH} PYTHONPATH=/home/suxin/English_Path/test111/autonomous_navigation_environment_ego/install/quadrotor_msgs/lib/python3.8/site-packages:${PYTHONPATH} /usr/bin/cmake --build /home/suxin/English_Path/test111/autonomous_navigation_environment_ego/build/poscmd_2_odom -- -j20 -l20
[0.112s] [100%] Built target poscmd_2_odom
[0.125s] Invoked command in '/home/suxin/English_Path/test111/autonomous_navigation_environment_ego/build/poscmd_2_odom' returned '0': AMENT_PREFIX_PATH=/home/suxin/English_Path/test111/autonomous_navigation_environment_ego/install/quadrotor_msgs:${AMENT_PREFIX_PATH} CMAKE_PREFIX_PATH=/home/suxin/English_Path/test111/autonomous_navigation_environment_ego/install/quadrotor_msgs:/opt/ros/foxy LD_LIBRARY_PATH=/home/suxin/English_Path/test111/autonomous_navigation_environment_ego/install/quadrotor_msgs/lib:${LD_LIBRARY_PATH} PYTHONPATH=/home/suxin/English_Path/test111/autonomous_navigation_environment_ego/install/quadrotor_msgs/lib/python3.8/site-packages:${PYTHONPATH} /usr/bin/cmake --build /home/suxin/English_Path/test111/autonomous_navigation_environment_ego/build/poscmd_2_odom -- -j20 -l20
[0.158s] Invoking command in '/home/suxin/English_Path/test111/autonomous_navigation_environment_ego/build/poscmd_2_odom': AMENT_PREFIX_PATH=/home/suxin/English_Path/test111/autonomous_navigation_environment_ego/install/quadrotor_msgs:${AMENT_PREFIX_PATH} CMAKE_PREFIX_PATH=/home/suxin/English_Path/test111/autonomous_navigation_environment_ego/install/quadrotor_msgs:/opt/ros/foxy LD_LIBRARY_PATH=/home/suxin/English_Path/test111/autonomous_navigation_environment_ego/install/quadrotor_msgs/lib:${LD_LIBRARY_PATH} PYTHONPATH=/home/suxin/English_Path/test111/autonomous_navigation_environment_ego/install/quadrotor_msgs/lib/python3.8/site-packages:${PYTHONPATH} /usr/bin/cmake --install /home/suxin/English_Path/test111/autonomous_navigation_environment_ego/build/poscmd_2_odom
[0.160s] -- Install configuration: "Release"
[0.160s] -- Execute custom install script
[0.161s] -- Up-to-date symlink: /home/suxin/English_Path/test111/autonomous_navigation_environment_ego/install/poscmd_2_odom/lib/poscmd_2_odom/poscmd_2_odom
[0.161s] -- Up-to-date symlink: /home/suxin/English_Path/test111/autonomous_navigation_environment_ego/install/poscmd_2_odom/share/ament_index/resource_index/package_run_dependencies/poscmd_2_odom
[0.161s] -- Up-to-date symlink: /home/suxin/English_Path/test111/autonomous_navigation_environment_ego/install/poscmd_2_odom/share/ament_index/resource_index/parent_prefix_path/poscmd_2_odom
[0.161s] -- Up-to-date symlink: /home/suxin/English_Path/test111/autonomous_navigation_environment_ego/install/poscmd_2_odom/share/poscmd_2_odom/environment/ament_prefix_path.sh
[0.161s] -- Up-to-date symlink: /home/suxin/English_Path/test111/autonomous_navigation_environment_ego/install/poscmd_2_odom/share/poscmd_2_odom/environment/ament_prefix_path.dsv
[0.161s] -- Up-to-date symlink: /home/suxin/English_Path/test111/autonomous_navigation_environment_ego/install/poscmd_2_odom/share/poscmd_2_odom/environment/path.sh
[0.161s] -- Up-to-date symlink: /home/suxin/English_Path/test111/autonomous_navigation_environment_ego/install/poscmd_2_odom/share/poscmd_2_odom/environment/path.dsv
[0.161s] -- Up-to-date symlink: /home/suxin/English_Path/test111/autonomous_navigation_environment_ego/install/poscmd_2_odom/share/poscmd_2_odom/local_setup.bash
[0.162s] -- Up-to-date symlink: /home/suxin/English_Path/test111/autonomous_navigation_environment_ego/install/poscmd_2_odom/share/poscmd_2_odom/local_setup.sh
[0.162s] -- Up-to-date symlink: /home/suxin/English_Path/test111/autonomous_navigation_environment_ego/install/poscmd_2_odom/share/poscmd_2_odom/local_setup.zsh
[0.162s] -- Up-to-date symlink: /home/suxin/English_Path/test111/autonomous_navigation_environment_ego/install/poscmd_2_odom/share/poscmd_2_odom/local_setup.dsv
[0.162s] -- Symlinking: /home/suxin/English_Path/test111/autonomous_navigation_environment_ego/install/poscmd_2_odom/share/poscmd_2_odom/package.dsv
[0.164s] -- Up-to-date symlink: /home/suxin/English_Path/test111/autonomous_navigation_environment_ego/install/poscmd_2_odom/share/ament_index/resource_index/packages/poscmd_2_odom
[0.164s] -- Up-to-date symlink: /home/suxin/English_Path/test111/autonomous_navigation_environment_ego/install/poscmd_2_odom/share/poscmd_2_odom/cmake/poscmd_2_odomConfig.cmake
[0.164s] -- Up-to-date symlink: /home/suxin/English_Path/test111/autonomous_navigation_environment_ego/install/poscmd_2_odom/share/poscmd_2_odom/cmake/poscmd_2_odomConfig-version.cmake
[0.164s] -- Up-to-date symlink: /home/suxin/English_Path/test111/autonomous_navigation_environment_ego/install/poscmd_2_odom/share/poscmd_2_odom/package.xml
[0.207s] Invoked command in '/home/suxin/English_Path/test111/autonomous_navigation_environment_ego/build/poscmd_2_odom' returned '0': AMENT_PREFIX_PATH=/home/suxin/English_Path/test111/autonomous_navigation_environment_ego/install/quadrotor_msgs:${AMENT_PREFIX_PATH} CMAKE_PREFIX_PATH=/home/suxin/English_Path/test111/autonomous_navigation_environment_ego/install/quadrotor_msgs:/opt/ros/foxy LD_LIBRARY_PATH=/home/suxin/English_Path/test111/autonomous_navigation_environment_ego/install/quadrotor_msgs/lib:${LD_LIBRARY_PATH} PYTHONPATH=/home/suxin/English_Path/test111/autonomous_navigation_environment_ego/install/quadrotor_msgs/lib/python3.8/site-packages:${PYTHONPATH} /usr/bin/cmake --install /home/suxin/English_Path/test111/autonomous_navigation_environment_ego/build/poscmd_2_odom
