[  3%] Built target quadrotor_msgs__cpp
[ 12%] Built target quadrotor_msgs__rosidl_generator_c
[ 22%] Built target quadrotor_msgs__rosidl_typesupport_introspection_cpp
[ 32%] Built target quadrotor_msgs__rosidl_typesupport_cpp
[ 41%] Built target quadrotor_msgs__rosidl_typesupport_c
[ 51%] Built target quadrotor_msgs__rosidl_typesupport_fastrtps_cpp
[ 61%] Built target quadrotor_msgs__rosidl_typesupport_introspection_c
[ 70%] Built target quadrotor_msgs__rosidl_typesupport_fastrtps_c
[ 70%] Built target quadrotor_msgs
[ 74%] Built target quadrotor_msgs__py
[ 80%] Built target quadrotor_msgs__python
[ 93%] Built target quadrotor_msgs__rosidl_typesupport_c__pyext
[ 93%] Built target quadrotor_msgs__rosidl_typesupport_fastrtps_c__pyext
[100%] Built target quadrotor_msgs__rosidl_typesupport_introspection_c__pyext
-- Install configuration: ""
-- Execute custom install script
-- Up-to-date symlink: /home/suxin/English_Path/test111/autonomous_navigation_environment_ego/install/quadrotor_msgs/share/ament_index/resource_index/rosidl_interfaces/quadrotor_msgs
-- Up-to-date symlink: /home/suxin/English_Path/test111/autonomous_navigation_environment_ego/install/quadrotor_msgs/include/quadrotor_msgs/msg/detail/position_command__functions.h
-- Up-to-date symlink: /home/suxin/English_Path/test111/autonomous_navigation_environment_ego/install/quadrotor_msgs/include/quadrotor_msgs/msg/detail/position_command__struct.h
-- Up-to-date symlink: /home/suxin/English_Path/test111/autonomous_navigation_environment_ego/install/quadrotor_msgs/include/quadrotor_msgs/msg/detail/position_command__type_support.h
-- Up-to-date symlink: /home/suxin/English_Path/test111/autonomous_navigation_environment_ego/install/quadrotor_msgs/include/quadrotor_msgs/msg/position_command.h
-- Up-to-date symlink: /home/suxin/English_Path/test111/autonomous_navigation_environment_ego/install/quadrotor_msgs/include/quadrotor_msgs/msg/rosidl_generator_c__visibility_control.h
-- Up-to-date symlink: /home/suxin/English_Path/test111/autonomous_navigation_environment_ego/install/quadrotor_msgs/share/quadrotor_msgs/environment/library_path.sh
-- Up-to-date symlink: /home/suxin/English_Path/test111/autonomous_navigation_environment_ego/install/quadrotor_msgs/share/quadrotor_msgs/environment/library_path.dsv
-- Up-to-date symlink: /home/suxin/English_Path/test111/autonomous_navigation_environment_ego/install/quadrotor_msgs/include/quadrotor_msgs/msg/detail/position_command__rosidl_typesupport_fastrtps_c.h
-- Up-to-date symlink: /home/suxin/English_Path/test111/autonomous_navigation_environment_ego/install/quadrotor_msgs/include/quadrotor_msgs/msg/rosidl_typesupport_fastrtps_c__visibility_control.h
-- Up-to-date symlink: /home/suxin/English_Path/test111/autonomous_navigation_environment_ego/install/quadrotor_msgs/lib/libquadrotor_msgs__rosidl_typesupport_fastrtps_c.so
-- Up-to-date symlink: /home/suxin/English_Path/test111/autonomous_navigation_environment_ego/install/quadrotor_msgs/include/quadrotor_msgs/msg/detail/position_command__rosidl_typesupport_fastrtps_cpp.hpp
-- Up-to-date symlink: /home/suxin/English_Path/test111/autonomous_navigation_environment_ego/install/quadrotor_msgs/include/quadrotor_msgs/msg/rosidl_typesupport_fastrtps_cpp__visibility_control.h
-- Up-to-date symlink: /home/suxin/English_Path/test111/autonomous_navigation_environment_ego/install/quadrotor_msgs/lib/libquadrotor_msgs__rosidl_typesupport_fastrtps_cpp.so
-- Up-to-date symlink: /home/suxin/English_Path/test111/autonomous_navigation_environment_ego/install/quadrotor_msgs/include/quadrotor_msgs/msg/detail/position_command__rosidl_typesupport_introspection_c.h
-- Up-to-date symlink: /home/suxin/English_Path/test111/autonomous_navigation_environment_ego/install/quadrotor_msgs/include/quadrotor_msgs/msg/rosidl_typesupport_introspection_c__visibility_control.h
-- Up-to-date symlink: /home/suxin/English_Path/test111/autonomous_navigation_environment_ego/install/quadrotor_msgs/include/quadrotor_msgs/msg/detail/position_command__builder.hpp
-- Up-to-date symlink: /home/suxin/English_Path/test111/autonomous_navigation_environment_ego/install/quadrotor_msgs/include/quadrotor_msgs/msg/detail/position_command__struct.hpp
-- Up-to-date symlink: /home/suxin/English_Path/test111/autonomous_navigation_environment_ego/install/quadrotor_msgs/include/quadrotor_msgs/msg/detail/position_command__traits.hpp
-- Up-to-date symlink: /home/suxin/English_Path/test111/autonomous_navigation_environment_ego/install/quadrotor_msgs/include/quadrotor_msgs/msg/detail/position_command__type_support.hpp
-- Up-to-date symlink: /home/suxin/English_Path/test111/autonomous_navigation_environment_ego/install/quadrotor_msgs/include/quadrotor_msgs/msg/position_command.hpp
-- Up-to-date symlink: /home/suxin/English_Path/test111/autonomous_navigation_environment_ego/install/quadrotor_msgs/include/quadrotor_msgs/msg/rosidl_generator_cpp__visibility_control.hpp
-- Up-to-date symlink: /home/suxin/English_Path/test111/autonomous_navigation_environment_ego/install/quadrotor_msgs/include/quadrotor_msgs/msg/detail/position_command__rosidl_typesupport_introspection_cpp.hpp
-- Up-to-date symlink: /home/suxin/English_Path/test111/autonomous_navigation_environment_ego/install/quadrotor_msgs/share/quadrotor_msgs/environment/pythonpath.sh
-- Up-to-date symlink: /home/suxin/English_Path/test111/autonomous_navigation_environment_ego/install/quadrotor_msgs/share/quadrotor_msgs/environment/pythonpath.dsv
-- Up-to-date symlink: /home/suxin/English_Path/test111/autonomous_navigation_environment_ego/install/quadrotor_msgs/lib/python3.8/site-packages/quadrotor_msgs/__init__.py
-- Up-to-date symlink: /home/suxin/English_Path/test111/autonomous_navigation_environment_ego/install/quadrotor_msgs/lib/python3.8/site-packages/quadrotor_msgs/msg/__init__.py
-- Up-to-date symlink: /home/suxin/English_Path/test111/autonomous_navigation_environment_ego/install/quadrotor_msgs/lib/python3.8/site-packages/quadrotor_msgs/msg/_position_command.py
-- Up-to-date symlink: /home/suxin/English_Path/test111/autonomous_navigation_environment_ego/install/quadrotor_msgs/lib/python3.8/site-packages/quadrotor_msgs/quadrotor_msgs_s__rosidl_typesupport_fastrtps_c.cpython-38-x86_64-linux-gnu.so
-- Up-to-date symlink: /home/suxin/English_Path/test111/autonomous_navigation_environment_ego/install/quadrotor_msgs/lib/python3.8/site-packages/quadrotor_msgs/quadrotor_msgs_s__rosidl_typesupport_introspection_c.cpython-38-x86_64-linux-gnu.so
-- Up-to-date symlink: /home/suxin/English_Path/test111/autonomous_navigation_environment_ego/install/quadrotor_msgs/lib/python3.8/site-packages/quadrotor_msgs/quadrotor_msgs_s__rosidl_typesupport_c.cpython-38-x86_64-linux-gnu.so
-- Up-to-date symlink: /home/suxin/English_Path/test111/autonomous_navigation_environment_ego/install/quadrotor_msgs/lib/libquadrotor_msgs__python.so
-- Up-to-date symlink: /home/suxin/English_Path/test111/autonomous_navigation_environment_ego/install/quadrotor_msgs/share/quadrotor_msgs/msg/PositionCommand.idl
-- Up-to-date symlink: /home/suxin/English_Path/test111/autonomous_navigation_environment_ego/install/quadrotor_msgs/share/quadrotor_msgs/msg/PositionCommand.msg
-- Up-to-date symlink: /home/suxin/English_Path/test111/autonomous_navigation_environment_ego/install/quadrotor_msgs/share/ament_index/resource_index/package_run_dependencies/quadrotor_msgs
-- Up-to-date symlink: /home/suxin/English_Path/test111/autonomous_navigation_environment_ego/install/quadrotor_msgs/share/ament_index/resource_index/parent_prefix_path/quadrotor_msgs
-- Up-to-date symlink: /home/suxin/English_Path/test111/autonomous_navigation_environment_ego/install/quadrotor_msgs/share/quadrotor_msgs/environment/ament_prefix_path.sh
-- Up-to-date symlink: /home/suxin/English_Path/test111/autonomous_navigation_environment_ego/install/quadrotor_msgs/share/quadrotor_msgs/environment/ament_prefix_path.dsv
-- Up-to-date symlink: /home/suxin/English_Path/test111/autonomous_navigation_environment_ego/install/quadrotor_msgs/share/quadrotor_msgs/environment/path.sh
-- Up-to-date symlink: /home/suxin/English_Path/test111/autonomous_navigation_environment_ego/install/quadrotor_msgs/share/quadrotor_msgs/environment/path.dsv
-- Up-to-date symlink: /home/suxin/English_Path/test111/autonomous_navigation_environment_ego/install/quadrotor_msgs/share/quadrotor_msgs/local_setup.bash
-- Up-to-date symlink: /home/suxin/English_Path/test111/autonomous_navigation_environment_ego/install/quadrotor_msgs/share/quadrotor_msgs/local_setup.sh
-- Up-to-date symlink: /home/suxin/English_Path/test111/autonomous_navigation_environment_ego/install/quadrotor_msgs/share/quadrotor_msgs/local_setup.zsh
-- Up-to-date symlink: /home/suxin/English_Path/test111/autonomous_navigation_environment_ego/install/quadrotor_msgs/share/quadrotor_msgs/local_setup.dsv
-- Symlinking: /home/suxin/English_Path/test111/autonomous_navigation_environment_ego/install/quadrotor_msgs/share/quadrotor_msgs/package.dsv
-- Up-to-date symlink: /home/suxin/English_Path/test111/autonomous_navigation_environment_ego/install/quadrotor_msgs/share/ament_index/resource_index/packages/quadrotor_msgs
-- Up-to-date symlink: /home/suxin/English_Path/test111/autonomous_navigation_environment_ego/install/quadrotor_msgs/share/quadrotor_msgs/cmake/rosidl_cmake-extras.cmake
-- Up-to-date symlink: /home/suxin/English_Path/test111/autonomous_navigation_environment_ego/install/quadrotor_msgs/share/quadrotor_msgs/cmake/ament_cmake_export_dependencies-extras.cmake
-- Up-to-date symlink: /home/suxin/English_Path/test111/autonomous_navigation_environment_ego/install/quadrotor_msgs/share/quadrotor_msgs/cmake/ament_cmake_export_libraries-extras.cmake
-- Up-to-date symlink: /home/suxin/English_Path/test111/autonomous_navigation_environment_ego/install/quadrotor_msgs/share/quadrotor_msgs/cmake/ament_cmake_export_targets-extras.cmake
-- Up-to-date symlink: /home/suxin/English_Path/test111/autonomous_navigation_environment_ego/install/quadrotor_msgs/share/quadrotor_msgs/cmake/ament_cmake_export_include_directories-extras.cmake
-- Up-to-date symlink: /home/suxin/English_Path/test111/autonomous_navigation_environment_ego/install/quadrotor_msgs/share/quadrotor_msgs/cmake/rosidl_cmake_export_typesupport_libraries-extras.cmake
-- Up-to-date symlink: /home/suxin/English_Path/test111/autonomous_navigation_environment_ego/install/quadrotor_msgs/share/quadrotor_msgs/cmake/rosidl_cmake_export_typesupport_targets-extras.cmake
-- Up-to-date symlink: /home/suxin/English_Path/test111/autonomous_navigation_environment_ego/install/quadrotor_msgs/share/quadrotor_msgs/cmake/quadrotor_msgsConfig.cmake
-- Up-to-date symlink: /home/suxin/English_Path/test111/autonomous_navigation_environment_ego/install/quadrotor_msgs/share/quadrotor_msgs/cmake/quadrotor_msgsConfig-version.cmake
-- Up-to-date symlink: /home/suxin/English_Path/test111/autonomous_navigation_environment_ego/install/quadrotor_msgs/share/quadrotor_msgs/package.xml
-- Up-to-date: /home/suxin/English_Path/test111/autonomous_navigation_environment_ego/install/quadrotor_msgs/lib/libquadrotor_msgs__rosidl_generator_c.so
-- Up-to-date: /home/suxin/English_Path/test111/autonomous_navigation_environment_ego/install/quadrotor_msgs/lib/libquadrotor_msgs__rosidl_typesupport_introspection_c.so
-- Up-to-date: /home/suxin/English_Path/test111/autonomous_navigation_environment_ego/install/quadrotor_msgs/lib/libquadrotor_msgs__rosidl_typesupport_c.so
-- Up-to-date: /home/suxin/English_Path/test111/autonomous_navigation_environment_ego/install/quadrotor_msgs/lib/libquadrotor_msgs__rosidl_typesupport_introspection_cpp.so
-- Up-to-date: /home/suxin/English_Path/test111/autonomous_navigation_environment_ego/install/quadrotor_msgs/lib/libquadrotor_msgs__rosidl_typesupport_cpp.so
-- Up-to-date: /home/suxin/English_Path/test111/autonomous_navigation_environment_ego/install/quadrotor_msgs/share/quadrotor_msgs/cmake/quadrotor_msgs__rosidl_generator_cExport.cmake
-- Up-to-date: /home/suxin/English_Path/test111/autonomous_navigation_environment_ego/install/quadrotor_msgs/share/quadrotor_msgs/cmake/quadrotor_msgs__rosidl_generator_cExport-noconfig.cmake
-- Up-to-date: /home/suxin/English_Path/test111/autonomous_navigation_environment_ego/install/quadrotor_msgs/share/quadrotor_msgs/cmake/quadrotor_msgs__rosidl_typesupport_introspection_cExport.cmake
-- Up-to-date: /home/suxin/English_Path/test111/autonomous_navigation_environment_ego/install/quadrotor_msgs/share/quadrotor_msgs/cmake/quadrotor_msgs__rosidl_typesupport_introspection_cExport-noconfig.cmake
-- Up-to-date: /home/suxin/English_Path/test111/autonomous_navigation_environment_ego/install/quadrotor_msgs/share/quadrotor_msgs/cmake/quadrotor_msgs__rosidl_typesupport_cExport.cmake
-- Up-to-date: /home/suxin/English_Path/test111/autonomous_navigation_environment_ego/install/quadrotor_msgs/share/quadrotor_msgs/cmake/quadrotor_msgs__rosidl_typesupport_cExport-noconfig.cmake
-- Up-to-date: /home/suxin/English_Path/test111/autonomous_navigation_environment_ego/install/quadrotor_msgs/share/quadrotor_msgs/cmake/quadrotor_msgs__rosidl_generator_cppExport.cmake
-- Up-to-date: /home/suxin/English_Path/test111/autonomous_navigation_environment_ego/install/quadrotor_msgs/share/quadrotor_msgs/cmake/quadrotor_msgs__rosidl_typesupport_introspection_cppExport.cmake
-- Up-to-date: /home/suxin/English_Path/test111/autonomous_navigation_environment_ego/install/quadrotor_msgs/share/quadrotor_msgs/cmake/quadrotor_msgs__rosidl_typesupport_introspection_cppExport-noconfig.cmake
-- Up-to-date: /home/suxin/English_Path/test111/autonomous_navigation_environment_ego/install/quadrotor_msgs/share/quadrotor_msgs/cmake/quadrotor_msgs__rosidl_typesupport_cppExport.cmake
-- Up-to-date: /home/suxin/English_Path/test111/autonomous_navigation_environment_ego/install/quadrotor_msgs/share/quadrotor_msgs/cmake/quadrotor_msgs__rosidl_typesupport_cppExport-noconfig.cmake
