[0.068s] Invoking command in '/home/suxin/English_Path/test111/autonomous_navigation_environment_ego/build/pose_utils': CMAKE_PREFIX_PATH=/opt/ros/foxy /usr/bin/cmake --build /home/suxin/English_Path/test111/autonomous_navigation_environment_ego/build/pose_utils -- -j20 -l20
[0.233s] [100%] Built target pose_utils
[0.258s] Invoked command in '/home/suxin/English_Path/test111/autonomous_navigation_environment_ego/build/pose_utils' returned '0': CMAKE_PREFIX_PATH=/opt/ros/foxy /usr/bin/cmake --build /home/suxin/English_Path/test111/autonomous_navigation_environment_ego/build/pose_utils -- -j20 -l20
[0.317s] Invoking command in '/home/suxin/English_Path/test111/autonomous_navigation_environment_ego/build/pose_utils': CMAKE_PREFIX_PATH=/opt/ros/foxy /usr/bin/cmake --install /home/suxin/English_Path/test111/autonomous_navigation_environment_ego/build/pose_utils
[0.360s] -- Install configuration: "Release"
[0.360s] -- Execute custom install script
[0.360s] -- Up-to-date symlink: /home/suxin/English_Path/test111/autonomous_navigation_environment_ego/install/pose_utils/lib/pose_utils/libpose_utils.so
[0.360s] -- Up-to-date symlink: /home/suxin/English_Path/test111/autonomous_navigation_environment_ego/install/pose_utils/share/ament_index/resource_index/package_run_dependencies/pose_utils
[0.360s] -- Up-to-date symlink: /home/suxin/English_Path/test111/autonomous_navigation_environment_ego/install/pose_utils/share/ament_index/resource_index/parent_prefix_path/pose_utils
[0.360s] -- Up-to-date symlink: /home/suxin/English_Path/test111/autonomous_navigation_environment_ego/install/pose_utils/share/pose_utils/environment/ament_prefix_path.sh
[0.361s] -- Up-to-date symlink: /home/suxin/English_Path/test111/autonomous_navigation_environment_ego/install/pose_utils/share/pose_utils/environment/ament_prefix_path.dsv
[0.361s] -- Up-to-date symlink: /home/suxin/English_Path/test111/autonomous_navigation_environment_ego/install/pose_utils/share/pose_utils/environment/path.sh
[0.361s] -- Up-to-date symlink: /home/suxin/English_Path/test111/autonomous_navigation_environment_ego/install/pose_utils/share/pose_utils/environment/path.dsv
[0.361s] -- Up-to-date symlink: /home/suxin/English_Path/test111/autonomous_navigation_environment_ego/install/pose_utils/share/pose_utils/local_setup.bash
[0.361s] -- Up-to-date symlink: /home/suxin/English_Path/test111/autonomous_navigation_environment_ego/install/pose_utils/share/pose_utils/local_setup.sh
[0.361s] -- Up-to-date symlink: /home/suxin/English_Path/test111/autonomous_navigation_environment_ego/install/pose_utils/share/pose_utils/local_setup.zsh
[0.361s] -- Up-to-date symlink: /home/suxin/English_Path/test111/autonomous_navigation_environment_ego/install/pose_utils/share/pose_utils/local_setup.dsv
[0.361s] -- Symlinking: /home/suxin/English_Path/test111/autonomous_navigation_environment_ego/install/pose_utils/share/pose_utils/package.dsv
[0.362s] -- Up-to-date symlink: /home/suxin/English_Path/test111/autonomous_navigation_environment_ego/install/pose_utils/share/ament_index/resource_index/packages/pose_utils
[0.362s] -- Up-to-date symlink: /home/suxin/English_Path/test111/autonomous_navigation_environment_ego/install/pose_utils/share/pose_utils/cmake/pose_utilsConfig.cmake
[0.362s] -- Up-to-date symlink: /home/suxin/English_Path/test111/autonomous_navigation_environment_ego/install/pose_utils/share/pose_utils/cmake/pose_utilsConfig-version.cmake
[0.362s] -- Up-to-date symlink: /home/suxin/English_Path/test111/autonomous_navigation_environment_ego/install/pose_utils/share/pose_utils/package.xml
[0.439s] Invoked command in '/home/suxin/English_Path/test111/autonomous_navigation_environment_ego/build/pose_utils' returned '0': CMAKE_PREFIX_PATH=/opt/ros/foxy /usr/bin/cmake --install /home/suxin/English_Path/test111/autonomous_navigation_environment_ego/build/pose_utils
