[0.068s] Invoking command in '/home/suxin/English_Path/test111/autonomous_navigation_environment_ego/build/local_sensing_node': AMENT_PREFIX_PATH=/home/suxin/English_Path/test111/autonomous_navigation_environment_ego/install/quadrotor_msgs:${AMENT_PREFIX_PATH} CMAKE_PREFIX_PATH=/home/suxin/English_Path/test111/autonomous_navigation_environment_ego/install/quadrotor_msgs:/opt/ros/foxy LD_LIBRARY_PATH=/home/suxin/English_Path/test111/autonomous_navigation_environment_ego/install/quadrotor_msgs/lib:${LD_LIBRARY_PATH} PYTHONPATH=/home/suxin/English_Path/test111/autonomous_navigation_environment_ego/install/quadrotor_msgs/lib/python3.8/site-packages:${PYTHONPATH} /usr/bin/cmake --build /home/suxin/English_Path/test111/autonomous_navigation_environment_ego/build/local_sensing_node -- -j20 -l20
[0.117s] [100%] Built target pcl_render_node
[0.126s] Invoked command in '/home/suxin/English_Path/test111/autonomous_navigation_environment_ego/build/local_sensing_node' returned '0': AMENT_PREFIX_PATH=/home/suxin/English_Path/test111/autonomous_navigation_environment_ego/install/quadrotor_msgs:${AMENT_PREFIX_PATH} CMAKE_PREFIX_PATH=/home/suxin/English_Path/test111/autonomous_navigation_environment_ego/install/quadrotor_msgs:/opt/ros/foxy LD_LIBRARY_PATH=/home/suxin/English_Path/test111/autonomous_navigation_environment_ego/install/quadrotor_msgs/lib:${LD_LIBRARY_PATH} PYTHONPATH=/home/suxin/English_Path/test111/autonomous_navigation_environment_ego/install/quadrotor_msgs/lib/python3.8/site-packages:${PYTHONPATH} /usr/bin/cmake --build /home/suxin/English_Path/test111/autonomous_navigation_environment_ego/build/local_sensing_node -- -j20 -l20
[0.148s] Invoking command in '/home/suxin/English_Path/test111/autonomous_navigation_environment_ego/build/local_sensing_node': AMENT_PREFIX_PATH=/home/suxin/English_Path/test111/autonomous_navigation_environment_ego/install/quadrotor_msgs:${AMENT_PREFIX_PATH} CMAKE_PREFIX_PATH=/home/suxin/English_Path/test111/autonomous_navigation_environment_ego/install/quadrotor_msgs:/opt/ros/foxy LD_LIBRARY_PATH=/home/suxin/English_Path/test111/autonomous_navigation_environment_ego/install/quadrotor_msgs/lib:${LD_LIBRARY_PATH} PYTHONPATH=/home/suxin/English_Path/test111/autonomous_navigation_environment_ego/install/quadrotor_msgs/lib/python3.8/site-packages:${PYTHONPATH} /usr/bin/cmake --install /home/suxin/English_Path/test111/autonomous_navigation_environment_ego/build/local_sensing_node
[0.162s] -- Install configuration: "Release"
[0.162s] -- Execute custom install script
[0.163s] -- Up-to-date symlink: /home/suxin/English_Path/test111/autonomous_navigation_environment_ego/install/local_sensing_node/lib/local_sensing_node/pcl_render_node
[0.163s] -- Up-to-date symlink: /home/suxin/English_Path/test111/autonomous_navigation_environment_ego/install/local_sensing_node/share/ament_index/resource_index/package_run_dependencies/local_sensing_node
[0.163s] -- Up-to-date symlink: /home/suxin/English_Path/test111/autonomous_navigation_environment_ego/install/local_sensing_node/share/ament_index/resource_index/parent_prefix_path/local_sensing_node
[0.163s] -- Up-to-date symlink: /home/suxin/English_Path/test111/autonomous_navigation_environment_ego/install/local_sensing_node/share/local_sensing_node/environment/ament_prefix_path.sh
[0.164s] -- Up-to-date symlink: /home/suxin/English_Path/test111/autonomous_navigation_environment_ego/install/local_sensing_node/share/local_sensing_node/environment/ament_prefix_path.dsv
[0.164s] -- Up-to-date symlink: /home/suxin/English_Path/test111/autonomous_navigation_environment_ego/install/local_sensing_node/share/local_sensing_node/environment/path.sh
[0.164s] -- Up-to-date symlink: /home/suxin/English_Path/test111/autonomous_navigation_environment_ego/install/local_sensing_node/share/local_sensing_node/environment/path.dsv
[0.164s] -- Up-to-date symlink: /home/suxin/English_Path/test111/autonomous_navigation_environment_ego/install/local_sensing_node/share/local_sensing_node/local_setup.bash
[0.164s] -- Up-to-date symlink: /home/suxin/English_Path/test111/autonomous_navigation_environment_ego/install/local_sensing_node/share/local_sensing_node/local_setup.sh
[0.164s] -- Up-to-date symlink: /home/suxin/English_Path/test111/autonomous_navigation_environment_ego/install/local_sensing_node/share/local_sensing_node/local_setup.zsh
[0.164s] -- Up-to-date symlink: /home/suxin/English_Path/test111/autonomous_navigation_environment_ego/install/local_sensing_node/share/local_sensing_node/local_setup.dsv
[0.164s] -- Symlinking: /home/suxin/English_Path/test111/autonomous_navigation_environment_ego/install/local_sensing_node/share/local_sensing_node/package.dsv
[0.171s] -- Up-to-date symlink: /home/suxin/English_Path/test111/autonomous_navigation_environment_ego/install/local_sensing_node/share/ament_index/resource_index/packages/local_sensing_node
[0.171s] -- Up-to-date symlink: /home/suxin/English_Path/test111/autonomous_navigation_environment_ego/install/local_sensing_node/share/local_sensing_node/cmake/local_sensing_nodeConfig.cmake
[0.172s] -- Up-to-date symlink: /home/suxin/English_Path/test111/autonomous_navigation_environment_ego/install/local_sensing_node/share/local_sensing_node/cmake/local_sensing_nodeConfig-version.cmake
[0.172s] -- Up-to-date symlink: /home/suxin/English_Path/test111/autonomous_navigation_environment_ego/install/local_sensing_node/share/local_sensing_node/package.xml
[0.192s] Invoked command in '/home/suxin/English_Path/test111/autonomous_navigation_environment_ego/build/local_sensing_node' returned '0': AMENT_PREFIX_PATH=/home/suxin/English_Path/test111/autonomous_navigation_environment_ego/install/quadrotor_msgs:${AMENT_PREFIX_PATH} CMAKE_PREFIX_PATH=/home/suxin/English_Path/test111/autonomous_navigation_environment_ego/install/quadrotor_msgs:/opt/ros/foxy LD_LIBRARY_PATH=/home/suxin/English_Path/test111/autonomous_navigation_environment_ego/install/quadrotor_msgs/lib:${LD_LIBRARY_PATH} PYTHONPATH=/home/suxin/English_Path/test111/autonomous_navigation_environment_ego/install/quadrotor_msgs/lib/python3.8/site-packages:${PYTHONPATH} /usr/bin/cmake --install /home/suxin/English_Path/test111/autonomous_navigation_environment_ego/build/local_sensing_node
