[0.058s] Invoking command in '/home/suxin/English_Path/test111/autonomous_navigation_environment_ego/build/terrain_analysis': CMAKE_PREFIX_PATH=/opt/ros/foxy /usr/bin/cmake /home/suxin/English_Path/test111/autonomous_navigation_environment_ego/src/terrain_analysis -DAMENT_CMAKE_SYMLINK_INSTALL=1 -DCMAKE_INSTALL_PREFIX=/home/suxin/English_Path/test111/autonomous_navigation_environment_ego/install/terrain_analysis
[1.615s] -- The C compiler identification is GNU 9.4.0
[1.617s] -- The CXX compiler identification is GNU 9.4.0
[1.617s] -- Check for working C compiler: /usr/bin/cc
[1.617s] -- Check for working C compiler: /usr/bin/cc -- works
[1.617s] -- Detecting C compiler ABI info
[1.617s] -- Detecting C compiler ABI info - done
[1.617s] -- Detecting C compile features
[1.618s] -- Detecting C compile features - done
[1.618s] -- Check for working CXX compiler: /usr/bin/c++
[1.618s] -- Check for working CXX compiler: /usr/bin/c++ -- works
[1.618s] -- Detecting CXX compiler ABI info
[1.618s] -- Detecting CXX compiler ABI info - done
[1.618s] -- Detecting CXX compile features
[1.618s] -- Detecting CXX compile features - done
[1.618s] -- Found ament_cmake: 0.9.12 (/opt/ros/foxy/share/ament_cmake/cmake)
[1.618s] -- Found PythonInterp: /usr/bin/python3 (found suitable version "3.8.10", minimum required is "3") 
[1.618s] -- Using PYTHON_EXECUTABLE: /usr/bin/python3
[1.618s] -- Override CMake install command with custom implementation using symlinks instead of copying resources
[1.618s] -- Found rclcpp: 2.4.3 (/opt/ros/foxy/share/rclcpp/cmake)
[1.618s] -- Using all available rosidl_typesupport_c: rosidl_typesupport_fastrtps_c;rosidl_typesupport_introspection_c
[1.618s] -- Found rosidl_adapter: 1.3.1 (/opt/ros/foxy/share/rosidl_adapter/cmake)
[1.618s] -- Found OpenSSL: /usr/lib/x86_64-linux-gnu/libcrypto.so (found version "1.1.1f")  
[1.618s] -- Found FastRTPS: /opt/ros/foxy/include  
[1.618s] -- Using all available rosidl_typesupport_cpp: rosidl_typesupport_fastrtps_cpp;rosidl_typesupport_introspection_cpp
[1.618s] -- Found rmw_implementation_cmake: 1.0.4 (/opt/ros/foxy/share/rmw_implementation_cmake/cmake)
[1.618s] -- Using RMW implementation 'rmw_fastrtps_cpp' as default
[1.619s] -- Looking for pthread.h
[1.619s] -- Looking for pthread.h - found
[1.619s] -- Performing Test CMAKE_HAVE_LIBC_PTHREAD
[1.619s] -- Performing Test CMAKE_HAVE_LIBC_PTHREAD - Failed
[1.619s] -- Looking for pthread_create in pthreads
[1.619s] -- Looking for pthread_create in pthreads - not found
[1.619s] -- Looking for pthread_create in pthread
[1.619s] -- Looking for pthread_create in pthread - found
[1.619s] -- Found Threads: TRUE  
[1.619s] -- Found sensor_msgs: 2.0.5 (/opt/ros/foxy/share/sensor_msgs/cmake)
[1.638s] -- Checking for module 'eigen3'
[1.651s] --   Found eigen3, version 3.3.7
[1.684s] -- Found Eigen: /usr/include/eigen3 (Required is at least version "3.1") 
[1.685s] -- Eigen found (include: /usr/include/eigen3, version: 3.3.7)
[1.737s] -- Found Boost: /usr/include (found suitable version "1.71.0", minimum required is "1.55.0") found components: system filesystem date_time iostreams regex 
[1.755s] -- Checking for module 'flann'
[1.767s] --   Found flann, version 1.9.1
[1.799s] -- Found FLANN: /usr/lib/x86_64-linux-gnu/libflann_cpp.so  
[1.848s] -- The imported target "vtkParseOGLExt" references the file
[1.848s]    "/usr/bin/vtkParseOGLExt-7.1"
[1.848s] but this file does not exist.  Possible reasons include:
[1.848s] * The file was deleted, renamed, or moved to another location.
[1.848s] * An install or uninstall procedure did not complete successfully.
[1.848s] * The installation package was faulty and contained
[1.848s]    "/usr/lib/cmake/vtk-7.1/VTKTargets.cmake"
[1.848s] but not all the files it references.
[1.848s] 
[1.849s] -- The imported target "vtkRenderingPythonTkWidgets" references the file
[1.849s]    "/usr/lib/x86_64-linux-gnu/libvtkRenderingPythonTkWidgets.so"
[1.849s] but this file does not exist.  Possible reasons include:
[1.849s] * The file was deleted, renamed, or moved to another location.
[1.849s] * An install or uninstall procedure did not complete successfully.
[1.849s] * The installation package was faulty and contained
[1.849s]    "/usr/lib/cmake/vtk-7.1/VTKTargets.cmake"
[1.849s] but not all the files it references.
[1.849s] 
[1.849s] -- The imported target "vtk" references the file
[1.849s]    "/usr/bin/vtk"
[1.849s] but this file does not exist.  Possible reasons include:
[1.849s] * The file was deleted, renamed, or moved to another location.
[1.849s] * An install or uninstall procedure did not complete successfully.
[1.849s] * The installation package was faulty and contained
[1.850s]    "/usr/lib/cmake/vtk-7.1/VTKTargets.cmake"
[1.850s] but not all the files it references.
[1.850s] 
[1.850s] -- The imported target "pvtk" references the file
[1.850s]    "/usr/bin/pvtk"
[1.850s] but this file does not exist.  Possible reasons include:
[1.850s] * The file was deleted, renamed, or moved to another location.
[1.850s] * An install or uninstall procedure did not complete successfully.
[1.850s] * The installation package was faulty and contained
[1.850s]    "/usr/lib/cmake/vtk-7.1/VTKTargets.cmake"
[1.850s] but not all the files it references.
[1.850s] 
[1.866s] -- Checking for module 'libusb-1.0'
[1.880s] --   Found libusb-1.0, version 1.0.23
[1.918s] -- Found USB_10: /usr/lib/x86_64-linux-gnu/libusb-1.0.so  
[1.966s] -- Found OpenNI: /usr/lib/libOpenNI.so  
[1.967s] -- OpenNI found (include: /usr/include/ni, lib: /usr/lib/libOpenNI.so)
[2.039s] -- Found OpenNI2: /usr/lib/libOpenNI2.so  
[2.039s] -- OpenNI2 found (include: /usr/include/openni2, lib: /usr/lib/libOpenNI2.so)
[2.039s] ** WARNING ** io features related to pcap will be disabled
[2.039s] ** WARNING ** io features related to png will be disabled
[2.044s] -- Found libusb-1.0: /usr/include  
[2.044s] ** WARNING ** io features related to libusb-1.0 will be disabled
[2.051s] -- OpenNI found (include: /usr/include/ni, lib: /usr/lib/libOpenNI.so)
[2.058s] -- OpenNI2 found (include: /usr/include/openni2, lib: /usr/lib/libOpenNI2.so)
[2.090s] -- Found Qhull: optimized;/usr/lib/x86_64-linux-gnu/libqhull.so;debug;/usr/lib/x86_64-linux-gnu/libqhull.so  
[2.090s] -- QHULL found (include: /usr/include, lib: optimized;/usr/lib/x86_64-linux-gnu/libqhull.so;debug;/usr/lib/x86_64-linux-gnu/libqhull.so)
[2.097s] -- OpenNI found (include: /usr/include/ni, lib: /usr/lib/libOpenNI.so)
[2.111s] -- looking for PCL_COMMON
[2.113s] -- Found PCL_COMMON: /usr/lib/x86_64-linux-gnu/libpcl_common.so  
[2.113s] -- looking for PCL_KDTREE
[2.114s] -- Found PCL_KDTREE: /usr/lib/x86_64-linux-gnu/libpcl_kdtree.so  
[2.114s] -- looking for PCL_OCTREE
[2.115s] -- Found PCL_OCTREE: /usr/lib/x86_64-linux-gnu/libpcl_octree.so  
[2.116s] -- looking for PCL_SEARCH
[2.117s] -- Found PCL_SEARCH: /usr/lib/x86_64-linux-gnu/libpcl_search.so  
[2.117s] -- looking for PCL_SAMPLE_CONSENSUS
[2.119s] -- Found PCL_SAMPLE_CONSENSUS: /usr/lib/x86_64-linux-gnu/libpcl_sample_consensus.so  
[2.119s] -- looking for PCL_FILTERS
[2.120s] -- Found PCL_FILTERS: /usr/lib/x86_64-linux-gnu/libpcl_filters.so  
[2.121s] -- looking for PCL_2D
[2.121s] -- Found PCL_2D: /usr/include/pcl-1.10  
[2.121s] -- looking for PCL_GEOMETRY
[2.121s] -- Found PCL_GEOMETRY: /usr/include/pcl-1.10  
[2.122s] -- looking for PCL_IO
[2.123s] -- Found PCL_IO: /usr/lib/x86_64-linux-gnu/libpcl_io.so  
[2.123s] -- looking for PCL_FEATURES
[2.125s] -- Found PCL_FEATURES: /usr/lib/x86_64-linux-gnu/libpcl_features.so  
[2.125s] -- looking for PCL_ML
[2.127s] -- Found PCL_ML: /usr/lib/x86_64-linux-gnu/libpcl_ml.so  
[2.127s] -- looking for PCL_SEGMENTATION
[2.128s] -- Found PCL_SEGMENTATION: /usr/lib/x86_64-linux-gnu/libpcl_segmentation.so  
[2.128s] -- looking for PCL_VISUALIZATION
[2.129s] -- Found PCL_VISUALIZATION: /usr/lib/x86_64-linux-gnu/libpcl_visualization.so  
[2.130s] -- looking for PCL_SURFACE
[2.131s] -- Found PCL_SURFACE: /usr/lib/x86_64-linux-gnu/libpcl_surface.so  
[2.131s] -- looking for PCL_REGISTRATION
[2.133s] -- Found PCL_REGISTRATION: /usr/lib/x86_64-linux-gnu/libpcl_registration.so  
[2.133s] -- looking for PCL_KEYPOINTS
[2.134s] -- Found PCL_KEYPOINTS: /usr/lib/x86_64-linux-gnu/libpcl_keypoints.so  
[2.147s] -- looking for PCL_TRACKING
[2.147s] -- Found PCL_TRACKING: /usr/lib/x86_64-linux-gnu/libpcl_tracking.so  
[2.147s] -- looking for PCL_RECOGNITION
[2.147s] -- Found PCL_RECOGNITION: /usr/lib/x86_64-linux-gnu/libpcl_recognition.so  
[2.147s] -- looking for PCL_STEREO
[2.148s] -- Found PCL_STEREO: /usr/lib/x86_64-linux-gnu/libpcl_stereo.so  
[2.148s] -- looking for PCL_APPS
[2.148s] -- Found PCL_APPS: /usr/lib/x86_64-linux-gnu/libpcl_apps.so  
[2.148s] -- looking for PCL_IN_HAND_SCANNER
[2.148s] -- Found PCL_IN_HAND_SCANNER: /usr/include/pcl-1.10  
[2.148s] -- looking for PCL_POINT_CLOUD_EDITOR
[2.148s] -- Found PCL_POINT_CLOUD_EDITOR: /usr/include/pcl-1.10  
[2.148s] -- looking for PCL_OUTOFCORE
[2.149s] -- Found PCL_OUTOFCORE: /usr/lib/x86_64-linux-gnu/libpcl_outofcore.so  
[2.149s] -- looking for PCL_PEOPLE
[2.149s] -- Found PCL_PEOPLE: /usr/lib/x86_64-linux-gnu/libpcl_people.so  
[2.149s] -- Found PCL: pcl_common;pcl_kdtree;pcl_octree;pcl_search;pcl_sample_consensus;pcl_filters;pcl_io;pcl_features;pcl_ml;pcl_segmentation;pcl_visualization;pcl_surface;pcl_registration;pcl_keypoints;pcl_tracking;pcl_recognition;pcl_stereo;pcl_apps;pcl_outofcore;pcl_people;/usr/lib/x86_64-linux-gnu/libboost_system.so;/usr/lib/x86_64-linux-gnu/libboost_filesystem.so;/usr/lib/x86_64-linux-gnu/libboost_date_time.so;/usr/lib/x86_64-linux-gnu/libboost_iostreams.so;/usr/lib/x86_64-linux-gnu/libboost_regex.so;optimized;/usr/lib/x86_64-linux-gnu/libqhull.so;debug;/usr/lib/x86_64-linux-gnu/libqhull.so;/usr/lib/libOpenNI.so;/usr/lib/libOpenNI2.so;vtkChartsCore;vtkCommonColor;vtkCommonCore;vtksys;vtkCommonDataModel;vtkCommonMath;vtkCommonMisc;vtkCommonSystem;vtkCommonTransforms;vtkCommonExecutionModel;vtkFiltersGeneral;vtkCommonComputationalGeometry;vtkFiltersCore;vtkInfovisCore;vtkFiltersExtraction;vtkFiltersStatistics;vtkImagingFourier;vtkImagingCore;vtkalglib;vtkRenderingContext2D;vtkRenderingCore;vtkFiltersGeometry;vtkFiltersSources;vtkRenderingFreeType;/usr/lib/x86_64-linux-gnu/libfreetype.so;/usr/lib/x86_64-linux-gnu/libz.so;vtkFiltersModeling;vtkImagingSources;vtkInteractionStyle;vtkInteractionWidgets;vtkFiltersHybrid;vtkImagingColor;vtkImagingGeneral;vtkImagingHybrid;vtkIOImage;vtkDICOMParser;vtkmetaio;/usr/lib/x86_64-linux-gnu/libjpeg.so;/usr/lib/x86_64-linux-gnu/libpng.so;/usr/lib/x86_64-linux-gnu/libtiff.so;vtkRenderingAnnotation;vtkRenderingVolume;vtkIOXML;vtkIOCore;vtkIOXMLParser;/usr/lib/x86_64-linux-gnu/libexpat.so;vtkIOGeometry;vtkIOLegacy;vtkIOPLY;vtkRenderingLOD;vtkViewsContext2D;vtkViewsCore;vtkRenderingContextOpenGL2;vtkRenderingOpenGL2;FLANN::FLANN  
[2.150s] -- Found nav_msgs: 2.0.5 (/opt/ros/foxy/share/nav_msgs/cmake)
[2.251s] -- Found OpenCV: /usr (found version "4.2.0") 
[2.263s] -- Found ament_lint_auto: 0.9.8 (/opt/ros/foxy/share/ament_lint_auto/cmake)
[2.339s] -- Added test 'copyright' to check source files copyright and LICENSE
[2.345s] -- Added test 'cppcheck' to perform static code analysis on C / C++ code
[2.346s] -- Configured cppcheck include dirs: /home/suxin/English_Path/test111/autonomous_navigation_environment_ego/src/terrain_analysis/include
[2.346s] -- Configured cppcheck exclude dirs and/or files: 
[2.346s] -- Added test 'cpplint' to check C / C++ code against the Google style
[2.346s] -- Configured cpplint exclude dirs and/or files: 
[2.346s] -- Added test 'flake8' to check Python code syntax and style conventions
[2.346s] -- Added test 'lint_cmake' to check CMake code style
[2.346s] -- Added test 'pep257' to check Python code against some of the style conventions in PEP 257
[2.347s] -- Added test 'uncrustify' to check C / C++ code style
[2.347s] -- Configured uncrustify additional arguments: 
[2.347s] -- Added test 'xmllint' to check XML markup files
[2.348s] -- Configuring done
[2.393s] -- Generating done
[2.396s] -- Build files have been written to: /home/suxin/English_Path/test111/autonomous_navigation_environment_ego/build/terrain_analysis
[2.416s] Invoked command in '/home/suxin/English_Path/test111/autonomous_navigation_environment_ego/build/terrain_analysis' returned '0': CMAKE_PREFIX_PATH=/opt/ros/foxy /usr/bin/cmake /home/suxin/English_Path/test111/autonomous_navigation_environment_ego/src/terrain_analysis -DAMENT_CMAKE_SYMLINK_INSTALL=1 -DCMAKE_INSTALL_PREFIX=/home/suxin/English_Path/test111/autonomous_navigation_environment_ego/install/terrain_analysis
[2.417s] Invoking command in '/home/suxin/English_Path/test111/autonomous_navigation_environment_ego/build/terrain_analysis': CMAKE_PREFIX_PATH=/opt/ros/foxy /usr/bin/cmake --build /home/suxin/English_Path/test111/autonomous_navigation_environment_ego/build/terrain_analysis -- -j20 -l20
[2.971s] [35m[1mScanning dependencies of target terrainAnalysis[0m
[2.971s] [ 50%] [32mBuilding CXX object CMakeFiles/terrainAnalysis.dir/src/terrainAnalysis.cpp.o[0m
[2.971s] [01m[K/home/suxin/English_Path/test111/autonomous_navigation_environment_ego/src/terrain_analysis/src/terrainAnalysis.cpp:16:43:[m[K [01;35m[Kwarning: [m[Kextra tokens at end of #include directive
[2.971s]    16 | #include <tf2_ros/transform_broadcaster.h>[01;35m[K#[m[Kinclude <tf2/transform_datatypes.h>
[2.971s]       |                                           [01;35m[K^[m[K
[30.781s] [100%] [32m[1mLinking CXX executable terrainAnalysis[0m
[31.675s] [100%] Built target terrainAnalysis
[31.731s] Invoked command in '/home/suxin/English_Path/test111/autonomous_navigation_environment_ego/build/terrain_analysis' returned '0': CMAKE_PREFIX_PATH=/opt/ros/foxy /usr/bin/cmake --build /home/suxin/English_Path/test111/autonomous_navigation_environment_ego/build/terrain_analysis -- -j20 -l20
[32.016s] Invoking command in '/home/suxin/English_Path/test111/autonomous_navigation_environment_ego/build/terrain_analysis': CMAKE_PREFIX_PATH=/opt/ros/foxy /usr/bin/cmake --install /home/suxin/English_Path/test111/autonomous_navigation_environment_ego/build/terrain_analysis
[32.052s] -- Install configuration: "Release"
[32.052s] -- Execute custom install script
[32.052s] -- Symlinking: /home/suxin/English_Path/test111/autonomous_navigation_environment_ego/install/terrain_analysis/lib/terrain_analysis/terrainAnalysis
[32.052s] -- Symlinking: /home/suxin/English_Path/test111/autonomous_navigation_environment_ego/install/terrain_analysis/share/terrain_analysis/launch/terrain_analysis.launch
[32.052s] -- Symlinking: /home/suxin/English_Path/test111/autonomous_navigation_environment_ego/install/terrain_analysis/share/terrain_analysis/launch/terrain_analysis.launch.py
[32.056s] -- Symlinking: /home/suxin/English_Path/test111/autonomous_navigation_environment_ego/install/terrain_analysis/share/terrain_analysis//config/terrain_analysis.yaml
[32.066s] -- Symlinking: /home/suxin/English_Path/test111/autonomous_navigation_environment_ego/install/terrain_analysis/share/ament_index/resource_index/package_run_dependencies/terrain_analysis
[32.074s] -- Symlinking: /home/suxin/English_Path/test111/autonomous_navigation_environment_ego/install/terrain_analysis/share/ament_index/resource_index/parent_prefix_path/terrain_analysis
[32.083s] -- Symlinking: /home/suxin/English_Path/test111/autonomous_navigation_environment_ego/install/terrain_analysis/share/terrain_analysis/environment/ament_prefix_path.sh
[32.093s] -- Symlinking: /home/suxin/English_Path/test111/autonomous_navigation_environment_ego/install/terrain_analysis/share/terrain_analysis/environment/ament_prefix_path.dsv
[32.101s] -- Symlinking: /home/suxin/English_Path/test111/autonomous_navigation_environment_ego/install/terrain_analysis/share/terrain_analysis/environment/path.sh
[32.112s] -- Symlinking: /home/suxin/English_Path/test111/autonomous_navigation_environment_ego/install/terrain_analysis/share/terrain_analysis/environment/path.dsv
[32.123s] -- Symlinking: /home/suxin/English_Path/test111/autonomous_navigation_environment_ego/install/terrain_analysis/share/terrain_analysis/local_setup.bash
[32.135s] -- Symlinking: /home/suxin/English_Path/test111/autonomous_navigation_environment_ego/install/terrain_analysis/share/terrain_analysis/local_setup.sh
[32.144s] -- Symlinking: /home/suxin/English_Path/test111/autonomous_navigation_environment_ego/install/terrain_analysis/share/terrain_analysis/local_setup.zsh
[32.160s] -- Symlinking: /home/suxin/English_Path/test111/autonomous_navigation_environment_ego/install/terrain_analysis/share/terrain_analysis/local_setup.dsv
[32.169s] -- Symlinking: /home/suxin/English_Path/test111/autonomous_navigation_environment_ego/install/terrain_analysis/share/terrain_analysis/package.dsv
[32.177s] -- Symlinking: /home/suxin/English_Path/test111/autonomous_navigation_environment_ego/install/terrain_analysis/share/ament_index/resource_index/packages/terrain_analysis
[32.187s] -- Symlinking: /home/suxin/English_Path/test111/autonomous_navigation_environment_ego/install/terrain_analysis/share/terrain_analysis/cmake/terrain_analysisConfig.cmake
[32.199s] -- Symlinking: /home/suxin/English_Path/test111/autonomous_navigation_environment_ego/install/terrain_analysis/share/terrain_analysis/cmake/terrain_analysisConfig-version.cmake
[32.210s] -- Symlinking: /home/suxin/English_Path/test111/autonomous_navigation_environment_ego/install/terrain_analysis/share/terrain_analysis/package.xml
[32.232s] Invoked command in '/home/suxin/English_Path/test111/autonomous_navigation_environment_ego/build/terrain_analysis' returned '0': CMAKE_PREFIX_PATH=/opt/ros/foxy /usr/bin/cmake --install /home/suxin/English_Path/test111/autonomous_navigation_environment_ego/build/terrain_analysis
