[0.060s] Invoking command in '/home/suxin/English_Path/test111/autonomous_navigation_environment_ego/build/poscmd_2_odom': AMENT_PREFIX_PATH=/home/suxin/English_Path/test111/autonomous_navigation_environment_ego/install/quadrotor_msgs:${AMENT_PREFIX_PATH} CMAKE_PREFIX_PATH=/home/suxin/English_Path/test111/autonomous_navigation_environment_ego/install/quadrotor_msgs:/opt/ros/foxy LD_LIBRARY_PATH=/home/suxin/English_Path/test111/autonomous_navigation_environment_ego/install/quadrotor_msgs/lib:${LD_LIBRARY_PATH} PYTHONPATH=/home/suxin/English_Path/test111/autonomous_navigation_environment_ego/install/quadrotor_msgs/lib/python3.8/site-packages:${PYTHONPATH} /usr/bin/cmake /home/suxin/English_Path/test111/autonomous_navigation_environment_ego/src/ego_planner_ros2/src/uav_simulator/fake_drone -DAMENT_CMAKE_SYMLINK_INSTALL=1 -DCMAKE_INSTALL_PREFIX=/home/suxin/English_Path/test111/autonomous_navigation_environment_ego/install/poscmd_2_odom
[2.908s] -- The C compiler identification is GNU 9.4.0
[2.908s] -- The CXX compiler identification is GNU 9.4.0
[2.908s] -- Check for working C compiler: /usr/bin/cc
[2.909s] -- Check for working C compiler: /usr/bin/cc -- works
[2.909s] -- Detecting C compiler ABI info
[2.909s] -- Detecting C compiler ABI info - done
[2.909s] -- Detecting C compile features
[2.909s] -- Detecting C compile features - done
[2.909s] -- Check for working CXX compiler: /usr/bin/c++
[2.909s] -- Check for working CXX compiler: /usr/bin/c++ -- works
[2.909s] -- Detecting CXX compiler ABI info
[2.909s] -- Detecting CXX compiler ABI info - done
[2.909s] -- Detecting CXX compile features
[2.909s] -- Detecting CXX compile features - done
[2.909s] -- Found ament_cmake: 0.9.12 (/opt/ros/foxy/share/ament_cmake/cmake)
[2.909s] -- Found PythonInterp: /usr/bin/python3 (found suitable version "3.8.10", minimum required is "3") 
[2.909s] -- Using PYTHON_EXECUTABLE: /usr/bin/python3
[2.912s] -- Override CMake install command with custom implementation using symlinks instead of copying resources
[2.912s] -- Found rclcpp: 2.4.3 (/opt/ros/foxy/share/rclcpp/cmake)
[2.912s] -- Using all available rosidl_typesupport_c: rosidl_typesupport_fastrtps_c;rosidl_typesupport_introspection_c
[2.912s] -- Found rosidl_adapter: 1.3.1 (/opt/ros/foxy/share/rosidl_adapter/cmake)
[2.912s] -- Found OpenSSL: /usr/lib/x86_64-linux-gnu/libcrypto.so (found version "1.1.1f")  
[2.912s] -- Found FastRTPS: /opt/ros/foxy/include  
[2.912s] -- Using all available rosidl_typesupport_cpp: rosidl_typesupport_fastrtps_cpp;rosidl_typesupport_introspection_cpp
[2.913s] -- Found rmw_implementation_cmake: 1.0.4 (/opt/ros/foxy/share/rmw_implementation_cmake/cmake)
[2.913s] -- Using RMW implementation 'rmw_fastrtps_cpp' as default
[2.913s] -- Looking for pthread.h
[2.913s] -- Looking for pthread.h - found
[2.913s] -- Performing Test CMAKE_HAVE_LIBC_PTHREAD
[2.913s] -- Performing Test CMAKE_HAVE_LIBC_PTHREAD - Failed
[2.913s] -- Looking for pthread_create in pthreads
[2.913s] -- Looking for pthread_create in pthreads - not found
[2.913s] -- Looking for pthread_create in pthread
[2.913s] -- Looking for pthread_create in pthread - found
[2.913s] -- Found Threads: TRUE  
[2.913s] -- Found nav_msgs: 2.0.5 (/opt/ros/foxy/share/nav_msgs/cmake)
[2.914s] -- Found quadrotor_msgs: 0.0.0 (/home/suxin/English_Path/test111/autonomous_navigation_environment_ego/install/quadrotor_msgs/share/quadrotor_msgs/cmake)
[2.914s] -- Found gazebo_msgs: 3.5.3 (/opt/ros/foxy/share/gazebo_msgs/cmake)
[2.914s] -- Found pcl_ros: 2.2.1 (/opt/ros/foxy/share/pcl_ros/cmake)
[2.914s] -- Found eigen3_cmake_module: 0.1.1 (/opt/ros/foxy/share/eigen3_cmake_module/cmake)
[2.914s] -- Found Eigen3: TRUE (found version "3.3.7") 
[3.373s] -- Checking for module 'eigen3'
[3.389s] --   Found eigen3, version 3.3.7
[3.430s] -- Found Eigen: /usr/include/eigen3 (Required is at least version "3.1") 
[3.430s] -- Eigen found (include: /usr/include/eigen3, version: 3.3.7)
[3.508s] -- Checking for module 'flann'
[3.531s] --   Found flann, version 1.9.1
[3.587s] -- Found FLANN: /usr/lib/x86_64-linux-gnu/libflann_cpp.so  
[3.659s] -- The imported target "vtkParseOGLExt" references the file
[3.660s]    "/usr/bin/vtkParseOGLExt-7.1"
[3.660s] but this file does not exist.  Possible reasons include:
[3.660s] * The file was deleted, renamed, or moved to another location.
[3.661s] * An install or uninstall procedure did not complete successfully.
[3.661s] * The installation package was faulty and contained
[3.661s]    "/usr/lib/cmake/vtk-7.1/VTKTargets.cmake"
[3.661s] but not all the files it references.
[3.661s] 
[3.661s] -- The imported target "vtkRenderingPythonTkWidgets" references the file
[3.661s]    "/usr/lib/x86_64-linux-gnu/libvtkRenderingPythonTkWidgets.so"
[3.661s] but this file does not exist.  Possible reasons include:
[3.661s] * The file was deleted, renamed, or moved to another location.
[3.661s] * An install or uninstall procedure did not complete successfully.
[3.661s] * The installation package was faulty and contained
[3.661s]    "/usr/lib/cmake/vtk-7.1/VTKTargets.cmake"
[3.661s] but not all the files it references.
[3.661s] 
[3.661s] -- The imported target "vtk" references the file
[3.661s]    "/usr/bin/vtk"
[3.661s] but this file does not exist.  Possible reasons include:
[3.662s] * The file was deleted, renamed, or moved to another location.
[3.662s] * An install or uninstall procedure did not complete successfully.
[3.662s] * The installation package was faulty and contained
[3.662s]    "/usr/lib/cmake/vtk-7.1/VTKTargets.cmake"
[3.662s] but not all the files it references.
[3.662s] 
[3.662s] -- The imported target "pvtk" references the file
[3.662s]    "/usr/bin/pvtk"
[3.662s] but this file does not exist.  Possible reasons include:
[3.662s] * The file was deleted, renamed, or moved to another location.
[3.662s] * An install or uninstall procedure did not complete successfully.
[3.662s] * The installation package was faulty and contained
[3.662s]    "/usr/lib/cmake/vtk-7.1/VTKTargets.cmake"
[3.662s] but not all the files it references.
[3.662s] 
[3.684s] -- Checking for module 'libusb-1.0'
[3.701s] --   Found libusb-1.0, version 1.0.23
[3.745s] -- Found USB_10: /usr/lib/x86_64-linux-gnu/libusb-1.0.so  
[3.806s] -- OpenNI found (include: /usr/include/ni, lib: /usr/lib/libOpenNI.so)
[3.866s] -- OpenNI2 found (include: /usr/include/openni2, lib: /usr/lib/libOpenNI2.so)
[3.881s] -- Found libusb-1.0: /usr/include  
[3.889s] -- OpenNI found (include: /usr/include/ni, lib: /usr/lib/libOpenNI.so)
[3.897s] -- OpenNI2 found (include: /usr/include/openni2, lib: /usr/lib/libOpenNI2.so)
[3.929s] -- Found Qhull: optimized;/usr/lib/x86_64-linux-gnu/libqhull.so;debug;/usr/lib/x86_64-linux-gnu/libqhull.so  
[3.929s] -- QHULL found (include: /usr/include, lib: optimized;/usr/lib/x86_64-linux-gnu/libqhull.so;debug;/usr/lib/x86_64-linux-gnu/libqhull.so)
[3.935s] -- OpenNI found (include: /usr/include/ni, lib: /usr/lib/libOpenNI.so)
[3.949s] -- Found PCL_COMMON: /usr/lib/x86_64-linux-gnu/libpcl_common.so  
[3.950s] -- Found PCL_KDTREE: /usr/lib/x86_64-linux-gnu/libpcl_kdtree.so  
[3.951s] -- Found PCL_OCTREE: /usr/lib/x86_64-linux-gnu/libpcl_octree.so  
[3.952s] -- Found PCL_SEARCH: /usr/lib/x86_64-linux-gnu/libpcl_search.so  
[3.953s] -- Found PCL_SAMPLE_CONSENSUS: /usr/lib/x86_64-linux-gnu/libpcl_sample_consensus.so  
[3.955s] -- Found PCL_FILTERS: /usr/lib/x86_64-linux-gnu/libpcl_filters.so  
[3.955s] -- Found PCL_2D: /usr/include/pcl-1.10  
[3.956s] -- Found PCL_GEOMETRY: /usr/include/pcl-1.10  
[3.957s] -- Found PCL_IO: /usr/lib/x86_64-linux-gnu/libpcl_io.so  
[3.958s] -- Found PCL_FEATURES: /usr/lib/x86_64-linux-gnu/libpcl_features.so  
[3.959s] -- Found PCL_ML: /usr/lib/x86_64-linux-gnu/libpcl_ml.so  
[3.960s] -- Found PCL_SEGMENTATION: /usr/lib/x86_64-linux-gnu/libpcl_segmentation.so  
[3.961s] -- Found PCL_VISUALIZATION: /usr/lib/x86_64-linux-gnu/libpcl_visualization.so  
[3.962s] -- Found PCL_SURFACE: /usr/lib/x86_64-linux-gnu/libpcl_surface.so  
[3.963s] -- Found PCL_REGISTRATION: /usr/lib/x86_64-linux-gnu/libpcl_registration.so  
[3.964s] -- Found PCL_KEYPOINTS: /usr/lib/x86_64-linux-gnu/libpcl_keypoints.so  
[3.965s] -- Found PCL_TRACKING: /usr/lib/x86_64-linux-gnu/libpcl_tracking.so  
[3.966s] -- Found PCL_RECOGNITION: /usr/lib/x86_64-linux-gnu/libpcl_recognition.so  
[3.967s] -- Found PCL_STEREO: /usr/lib/x86_64-linux-gnu/libpcl_stereo.so  
[3.968s] -- Found PCL_APPS: /usr/lib/x86_64-linux-gnu/libpcl_apps.so  
[3.969s] -- Found PCL_IN_HAND_SCANNER: /usr/include/pcl-1.10  
[3.970s] -- Found PCL_POINT_CLOUD_EDITOR: /usr/include/pcl-1.10  
[3.971s] -- Found PCL_OUTOFCORE: /usr/lib/x86_64-linux-gnu/libpcl_outofcore.so  
[3.972s] -- Found PCL_PEOPLE: /usr/lib/x86_64-linux-gnu/libpcl_people.so  
[4.193s] CMake Warning (dev) at CMakeLists.txt:32 (find_package):
[4.193s]   Policy CMP0074 is not set: find_package uses <PackageName>_ROOT variables.
[4.193s]   Run "cmake --help-policy CMP0074" for policy details.  Use the cmake_policy
[4.193s]   command to set the policy and suppress this warning.
[4.193s] 
[4.193s]   CMake variable PCL_ROOT is set to:
[4.193s] 
[4.193s]     /usr
[4.193s] 
[4.193s]   For compatibility, CMake is ignoring the variable.
[4.193s] This warning is for project developers.  Use -Wno-dev to suppress it.
[4.193s] 
[4.208s] -- Found ament_lint_auto: 0.9.8 (/opt/ros/foxy/share/ament_lint_auto/cmake)
[4.305s] -- Added test 'copyright' to check source files copyright and LICENSE
[4.309s] -- Added test 'cppcheck' to perform static code analysis on C / C++ code
[4.309s] -- Configured cppcheck include dirs: 
[4.309s] -- Configured cppcheck exclude dirs and/or files: 
[4.309s] -- Added test 'cpplint' to check C / C++ code against the Google style
[4.309s] -- Configured cpplint exclude dirs and/or files: 
[4.309s] -- Added test 'lint_cmake' to check CMake code style
[4.309s] -- Added test 'uncrustify' to check C / C++ code style
[4.309s] -- Configured uncrustify additional arguments: 
[4.309s] -- Added test 'xmllint' to check XML markup files
[4.317s] -- Configuring done
[4.382s] -- Generating done
[4.395s] -- Build files have been written to: /home/suxin/English_Path/test111/autonomous_navigation_environment_ego/build/poscmd_2_odom
[4.417s] Invoked command in '/home/suxin/English_Path/test111/autonomous_navigation_environment_ego/build/poscmd_2_odom' returned '0': AMENT_PREFIX_PATH=/home/suxin/English_Path/test111/autonomous_navigation_environment_ego/install/quadrotor_msgs:${AMENT_PREFIX_PATH} CMAKE_PREFIX_PATH=/home/suxin/English_Path/test111/autonomous_navigation_environment_ego/install/quadrotor_msgs:/opt/ros/foxy LD_LIBRARY_PATH=/home/suxin/English_Path/test111/autonomous_navigation_environment_ego/install/quadrotor_msgs/lib:${LD_LIBRARY_PATH} PYTHONPATH=/home/suxin/English_Path/test111/autonomous_navigation_environment_ego/install/quadrotor_msgs/lib/python3.8/site-packages:${PYTHONPATH} /usr/bin/cmake /home/suxin/English_Path/test111/autonomous_navigation_environment_ego/src/ego_planner_ros2/src/uav_simulator/fake_drone -DAMENT_CMAKE_SYMLINK_INSTALL=1 -DCMAKE_INSTALL_PREFIX=/home/suxin/English_Path/test111/autonomous_navigation_environment_ego/install/poscmd_2_odom
[4.422s] Invoking command in '/home/suxin/English_Path/test111/autonomous_navigation_environment_ego/build/poscmd_2_odom': AMENT_PREFIX_PATH=/home/suxin/English_Path/test111/autonomous_navigation_environment_ego/install/quadrotor_msgs:${AMENT_PREFIX_PATH} CMAKE_PREFIX_PATH=/home/suxin/English_Path/test111/autonomous_navigation_environment_ego/install/quadrotor_msgs:/opt/ros/foxy LD_LIBRARY_PATH=/home/suxin/English_Path/test111/autonomous_navigation_environment_ego/install/quadrotor_msgs/lib:${LD_LIBRARY_PATH} PYTHONPATH=/home/suxin/English_Path/test111/autonomous_navigation_environment_ego/install/quadrotor_msgs/lib/python3.8/site-packages:${PYTHONPATH} /usr/bin/cmake --build /home/suxin/English_Path/test111/autonomous_navigation_environment_ego/build/poscmd_2_odom -- -j20 -l20
[10.666s] [35m[1mScanning dependencies of target poscmd_2_odom[0m
[10.668s] [ 50%] [32mBuilding CXX object CMakeFiles/poscmd_2_odom.dir/src/poscmd_2_odom.cpp.o[0m
[29.192s] [100%] [32m[1mLinking CXX executable poscmd_2_odom[0m
[30.671s] [100%] Built target poscmd_2_odom
[30.680s] Invoked command in '/home/suxin/English_Path/test111/autonomous_navigation_environment_ego/build/poscmd_2_odom' returned '0': AMENT_PREFIX_PATH=/home/suxin/English_Path/test111/autonomous_navigation_environment_ego/install/quadrotor_msgs:${AMENT_PREFIX_PATH} CMAKE_PREFIX_PATH=/home/suxin/English_Path/test111/autonomous_navigation_environment_ego/install/quadrotor_msgs:/opt/ros/foxy LD_LIBRARY_PATH=/home/suxin/English_Path/test111/autonomous_navigation_environment_ego/install/quadrotor_msgs/lib:${LD_LIBRARY_PATH} PYTHONPATH=/home/suxin/English_Path/test111/autonomous_navigation_environment_ego/install/quadrotor_msgs/lib/python3.8/site-packages:${PYTHONPATH} /usr/bin/cmake --build /home/suxin/English_Path/test111/autonomous_navigation_environment_ego/build/poscmd_2_odom -- -j20 -l20
[30.695s] Invoking command in '/home/suxin/English_Path/test111/autonomous_navigation_environment_ego/build/poscmd_2_odom': AMENT_PREFIX_PATH=/home/suxin/English_Path/test111/autonomous_navigation_environment_ego/install/quadrotor_msgs:${AMENT_PREFIX_PATH} CMAKE_PREFIX_PATH=/home/suxin/English_Path/test111/autonomous_navigation_environment_ego/install/quadrotor_msgs:/opt/ros/foxy LD_LIBRARY_PATH=/home/suxin/English_Path/test111/autonomous_navigation_environment_ego/install/quadrotor_msgs/lib:${LD_LIBRARY_PATH} PYTHONPATH=/home/suxin/English_Path/test111/autonomous_navigation_environment_ego/install/quadrotor_msgs/lib/python3.8/site-packages:${PYTHONPATH} /usr/bin/cmake --install /home/suxin/English_Path/test111/autonomous_navigation_environment_ego/build/poscmd_2_odom
[30.700s] -- Install configuration: "Release"
[30.700s] -- Execute custom install script
[30.701s] -- Symlinking: /home/suxin/English_Path/test111/autonomous_navigation_environment_ego/install/poscmd_2_odom/lib/poscmd_2_odom/poscmd_2_odom
[30.706s] -- Symlinking: /home/suxin/English_Path/test111/autonomous_navigation_environment_ego/install/poscmd_2_odom/share/ament_index/resource_index/package_run_dependencies/poscmd_2_odom
[30.711s] -- Symlinking: /home/suxin/English_Path/test111/autonomous_navigation_environment_ego/install/poscmd_2_odom/share/ament_index/resource_index/parent_prefix_path/poscmd_2_odom
[30.716s] -- Symlinking: /home/suxin/English_Path/test111/autonomous_navigation_environment_ego/install/poscmd_2_odom/share/poscmd_2_odom/environment/ament_prefix_path.sh
[30.721s] -- Symlinking: /home/suxin/English_Path/test111/autonomous_navigation_environment_ego/install/poscmd_2_odom/share/poscmd_2_odom/environment/ament_prefix_path.dsv
[30.727s] -- Symlinking: /home/suxin/English_Path/test111/autonomous_navigation_environment_ego/install/poscmd_2_odom/share/poscmd_2_odom/environment/path.sh
[30.732s] -- Symlinking: /home/suxin/English_Path/test111/autonomous_navigation_environment_ego/install/poscmd_2_odom/share/poscmd_2_odom/environment/path.dsv
[30.737s] -- Symlinking: /home/suxin/English_Path/test111/autonomous_navigation_environment_ego/install/poscmd_2_odom/share/poscmd_2_odom/local_setup.bash
[30.742s] -- Symlinking: /home/suxin/English_Path/test111/autonomous_navigation_environment_ego/install/poscmd_2_odom/share/poscmd_2_odom/local_setup.sh
[30.747s] -- Symlinking: /home/suxin/English_Path/test111/autonomous_navigation_environment_ego/install/poscmd_2_odom/share/poscmd_2_odom/local_setup.zsh
[30.752s] -- Symlinking: /home/suxin/English_Path/test111/autonomous_navigation_environment_ego/install/poscmd_2_odom/share/poscmd_2_odom/local_setup.dsv
[30.757s] -- Symlinking: /home/suxin/English_Path/test111/autonomous_navigation_environment_ego/install/poscmd_2_odom/share/poscmd_2_odom/package.dsv
[30.762s] -- Symlinking: /home/suxin/English_Path/test111/autonomous_navigation_environment_ego/install/poscmd_2_odom/share/ament_index/resource_index/packages/poscmd_2_odom
[30.767s] -- Symlinking: /home/suxin/English_Path/test111/autonomous_navigation_environment_ego/install/poscmd_2_odom/share/poscmd_2_odom/cmake/poscmd_2_odomConfig.cmake
[30.772s] -- Symlinking: /home/suxin/English_Path/test111/autonomous_navigation_environment_ego/install/poscmd_2_odom/share/poscmd_2_odom/cmake/poscmd_2_odomConfig-version.cmake
[30.777s] -- Symlinking: /home/suxin/English_Path/test111/autonomous_navigation_environment_ego/install/poscmd_2_odom/share/poscmd_2_odom/package.xml
[30.784s] Invoked command in '/home/suxin/English_Path/test111/autonomous_navigation_environment_ego/build/poscmd_2_odom' returned '0': AMENT_PREFIX_PATH=/home/suxin/English_Path/test111/autonomous_navigation_environment_ego/install/quadrotor_msgs:${AMENT_PREFIX_PATH} CMAKE_PREFIX_PATH=/home/suxin/English_Path/test111/autonomous_navigation_environment_ego/install/quadrotor_msgs:/opt/ros/foxy LD_LIBRARY_PATH=/home/suxin/English_Path/test111/autonomous_navigation_environment_ego/install/quadrotor_msgs/lib:${LD_LIBRARY_PATH} PYTHONPATH=/home/suxin/English_Path/test111/autonomous_navigation_environment_ego/install/quadrotor_msgs/lib/python3.8/site-packages:${PYTHONPATH} /usr/bin/cmake --install /home/suxin/English_Path/test111/autonomous_navigation_environment_ego/build/poscmd_2_odom
