[0.052s] Invoking command in '/home/suxin/English_Path/test111/autonomous_navigation_environment_ego/build/turtlebot3_gazebo': AMENT_PREFIX_PATH=/home/suxin/English_Path/test111/autonomous_navigation_environment_ego/install/turtlebot3_description:${AMENT_PREFIX_PATH} CMAKE_PREFIX_PATH=/home/suxin/English_Path/test111/autonomous_navigation_environment_ego/install/turtlebot3_description:/opt/ros/foxy /usr/bin/cmake /home/suxin/English_Path/test111/autonomous_navigation_environment_ego/src/simulation_gazebo_model/launch_files/turtlebot3_gazebo -DAMENT_CMAKE_SYMLINK_INSTALL=1 -DCMAKE_INSTALL_PREFIX=/home/suxin/English_Path/test111/autonomous_navigation_environment_ego/install/turtlebot3_gazebo
[8.392s] -- The C compiler identification is GNU 9.4.0
[8.397s] -- The CXX compiler identification is GNU 9.4.0
[8.398s] -- Check for working C compiler: /usr/bin/cc
[8.398s] -- Check for working C compiler: /usr/bin/cc -- works
[8.398s] -- Detecting C compiler ABI info
[8.398s] -- Detecting C compiler ABI info - done
[8.398s] -- Detecting C compile features
[8.398s] -- Detecting C compile features - done
[8.398s] -- Check for working CXX compiler: /usr/bin/c++
[8.398s] -- Check for working CXX compiler: /usr/bin/c++ -- works
[8.398s] -- Detecting CXX compiler ABI info
[8.398s] -- Detecting CXX compiler ABI info - done
[8.398s] -- Detecting CXX compile features
[8.398s] -- Detecting CXX compile features - done
[8.398s] -- Found ament_cmake: 0.9.12 (/opt/ros/foxy/share/ament_cmake/cmake)
[8.398s] -- Found PythonInterp: /usr/bin/python3 (found suitable version "3.8.10", minimum required is "3") 
[8.398s] -- Using PYTHON_EXECUTABLE: /usr/bin/python3
[8.399s] -- Override CMake install command with custom implementation using symlinks instead of copying resources
[8.399s] -- Found PkgConfig: /usr/bin/pkg-config (found version "0.29.1") 
[8.399s] -- Checking for module 'bullet>=2.82'
[8.399s] --   Found bullet, version 2.88
[8.399s] -- Found ccd: /usr/include (found suitable version "2.0", minimum required is "2.0") 
[8.399s] -- Found fcl: /usr/include (found suitable version "0.5.0", minimum required is "0.3.2") 
[8.399s] -- Found assimp: /usr/include (found version "5.0.0") 
[8.399s] -- Found DART: /usr/include (Required is at least version "6.6") found components: dart 
[8.399s] -- Found Boost: /usr/lib/x86_64-linux-gnu/cmake/Boost-1.71.0/BoostConfig.cmake (found suitable version "1.71.0", minimum required is "1.40.0") found components: thread system filesystem program_options regex iostreams date_time 
[8.399s] -- Found Protobuf: /usr/lib/x86_64-linux-gnu/libprotobuf.so;-lpthread (found version "3.6.1") 
[8.399s] -- Looking for ignition-math6 -- found version 6.15.1
[8.399s] -- Searching for dependencies of ignition-math6
[8.399s] -- Looking for OGRE...
[8.399s] -- OGRE_PREFIX_WATCH changed.
[8.399s] -- Checking for module 'OGRE'
[8.399s] --   Found OGRE, version 1.9.0
[8.400s] -- Found Ogre Ghadamon (1.9.0)
[8.400s] -- Found OGRE: optimized;/usr/lib/x86_64-linux-gnu/libOgreMain.so;debug;/usr/lib/x86_64-linux-gnu/libOgreMain.so
[8.400s] -- Looking for OGRE_Paging...
[8.400s] -- Found OGRE_Paging: optimized;/usr/lib/x86_64-linux-gnu/libOgrePaging.so;debug;/usr/lib/x86_64-linux-gnu/libOgrePaging.so
[8.400s] -- Looking for OGRE_Terrain...
[8.400s] -- Found OGRE_Terrain: optimized;/usr/lib/x86_64-linux-gnu/libOgreTerrain.so;debug;/usr/lib/x86_64-linux-gnu/libOgreTerrain.so
[8.400s] -- Looking for OGRE_Property...
[8.401s] -- Found OGRE_Property: optimized;/usr/lib/x86_64-linux-gnu/libOgreProperty.so;debug;/usr/lib/x86_64-linux-gnu/libOgreProperty.so
[8.401s] -- Looking for OGRE_RTShaderSystem...
[8.401s] -- Found OGRE_RTShaderSystem: optimized;/usr/lib/x86_64-linux-gnu/libOgreRTShaderSystem.so;debug;/usr/lib/x86_64-linux-gnu/libOgreRTShaderSystem.so
[8.401s] -- Looking for OGRE_Volume...
[8.401s] -- Found OGRE_Volume: optimized;/usr/lib/x86_64-linux-gnu/libOgreVolume.so;debug;/usr/lib/x86_64-linux-gnu/libOgreVolume.so
[8.401s] -- Looking for OGRE_Overlay...
[8.401s] -- Found OGRE_Overlay: optimized;/usr/lib/x86_64-linux-gnu/libOgreOverlay.so;debug;/usr/lib/x86_64-linux-gnu/libOgreOverlay.so
[8.402s] -- Looking for ignition-math6 -- found version 6.15.1
[8.402s] -- Looking for ignition-transport8 -- found version 8.3.0
[8.402s] -- Searching for dependencies of ignition-transport8
[8.402s] -- Found Protobuf: /usr/lib/x86_64-linux-gnu/libprotobuf.so;-lpthread (found suitable version "3.6.1", minimum required is "3") 
[8.402s] -- Config-file not installed for ZeroMQ -- checking for pkg-config
[8.402s] -- Checking for module 'libzmq >= 4'
[8.402s] --   Found libzmq , version 4.3.2
[8.402s] -- Found ZeroMQ: TRUE (Required is at least version "4") 
[8.402s] -- Checking for module 'uuid'
[8.402s] --   Found uuid, version 2.34.0
[8.402s] -- Found UUID: TRUE  
[8.402s] -- Looking for ignition-msgs5 -- found version 5.10.0
[8.402s] -- Searching for dependencies of ignition-msgs5
[8.402s] -- Looking for ignition-math6 -- found version 6.15.1
[8.402s] -- Checking for module 'tinyxml2'
[8.402s] --   Found tinyxml2, version 6.2.0
[8.403s] -- Looking for ignition-msgs5 -- found version 5.10.0
[8.403s] -- Looking for ignition-common3 -- found version 3.14.2
[8.403s] -- Searching for dependencies of ignition-common3
[8.403s] -- Looking for dlfcn.h - found
[8.403s] -- Looking for libdl - found
[8.403s] -- Found DL: TRUE  
[8.403s] -- Searching for <ignition-common3> component [graphics]
[8.403s] -- Looking for ignition-common3-graphics -- found version 3.14.2
[8.403s] -- Searching for dependencies of ignition-common3-graphics
[8.403s] -- Looking for ignition-math6 -- found version 6.15.1
[8.403s] -- Looking for ignition-fuel_tools4 -- found version 4.6.0
[8.403s] -- Searching for dependencies of ignition-fuel_tools4
[8.403s] -- Found CURL: /usr/lib/x86_64-linux-gnu/libcurl.so (found version "7.68.0")  
[8.403s] -- Checking for module 'jsoncpp'
[8.403s] --   Found jsoncpp, version 1.7.4
[8.403s] -- Found JSONCPP: TRUE  
[8.403s] -- Checking for module 'libzip'
[8.404s] --   Found libzip, version 1.5.1
[8.404s] -- Found ZIP: TRUE  
[8.404s] -- Looking for ignition-common3 -- found version 3.14.2
[8.404s] -- Looking for ignition-math6 -- found version 6.15.1
[8.404s] -- Looking for ignition-msgs5 -- found version 5.10.0
[8.404s] -- Found gazebo_ros_pkgs: 3.5.3 (/opt/ros/foxy/share/gazebo_ros_pkgs/cmake)
[8.404s] -- Found geometry_msgs: 2.0.5 (/opt/ros/foxy/share/geometry_msgs/cmake)
[8.404s] -- Using all available rosidl_typesupport_c: rosidl_typesupport_fastrtps_c;rosidl_typesupport_introspection_c
[8.404s] -- Found rosidl_adapter: 1.3.1 (/opt/ros/foxy/share/rosidl_adapter/cmake)
[8.404s] -- Found OpenSSL: /usr/lib/x86_64-linux-gnu/libcrypto.so (found version "1.1.1f")  
[8.404s] -- Found FastRTPS: /opt/ros/foxy/include  
[8.404s] -- Using all available rosidl_typesupport_cpp: rosidl_typesupport_fastrtps_cpp;rosidl_typesupport_introspection_cpp
[8.404s] -- Found nav_msgs: 2.0.5 (/opt/ros/foxy/share/nav_msgs/cmake)
[8.404s] -- Found rclcpp: 2.4.3 (/opt/ros/foxy/share/rclcpp/cmake)
[8.404s] -- Found rmw_implementation_cmake: 1.0.4 (/opt/ros/foxy/share/rmw_implementation_cmake/cmake)
[8.404s] -- Using RMW implementation 'rmw_fastrtps_cpp' as default
[8.404s] -- Found Threads: TRUE  
[8.404s] -- Found sensor_msgs: 2.0.5 (/opt/ros/foxy/share/sensor_msgs/cmake)
[8.404s] -- Found tf2: 0.13.14 (/opt/ros/foxy/share/tf2/cmake)
[8.893s] -- Configuring done
[9.079s] -- Generating done
[9.103s] -- Build files have been written to: /home/suxin/English_Path/test111/autonomous_navigation_environment_ego/build/turtlebot3_gazebo
[9.130s] Invoked command in '/home/suxin/English_Path/test111/autonomous_navigation_environment_ego/build/turtlebot3_gazebo' returned '0': AMENT_PREFIX_PATH=/home/suxin/English_Path/test111/autonomous_navigation_environment_ego/install/turtlebot3_description:${AMENT_PREFIX_PATH} CMAKE_PREFIX_PATH=/home/suxin/English_Path/test111/autonomous_navigation_environment_ego/install/turtlebot3_description:/opt/ros/foxy /usr/bin/cmake /home/suxin/English_Path/test111/autonomous_navigation_environment_ego/src/simulation_gazebo_model/launch_files/turtlebot3_gazebo -DAMENT_CMAKE_SYMLINK_INSTALL=1 -DCMAKE_INSTALL_PREFIX=/home/suxin/English_Path/test111/autonomous_navigation_environment_ego/install/turtlebot3_gazebo
[9.131s] Invoking command in '/home/suxin/English_Path/test111/autonomous_navigation_environment_ego/build/turtlebot3_gazebo': AMENT_PREFIX_PATH=/home/suxin/English_Path/test111/autonomous_navigation_environment_ego/install/turtlebot3_description:${AMENT_PREFIX_PATH} CMAKE_PREFIX_PATH=/home/suxin/English_Path/test111/autonomous_navigation_environment_ego/install/turtlebot3_description:/opt/ros/foxy /usr/bin/cmake --build /home/suxin/English_Path/test111/autonomous_navigation_environment_ego/build/turtlebot3_gazebo -- -j20 -l20
[28.767s] [35m[1mScanning dependencies of target obstacles[0m
[28.768s] [35m[1mScanning dependencies of target obstacle2[0m
[28.768s] [35m[1mScanning dependencies of target obstacle1[0m
[28.768s] [35m[1mScanning dependencies of target turtlebot3_drive[0m
[28.768s] [ 12%] [32mBuilding CXX object CMakeFiles/turtlebot3_drive.dir/src/turtlebot3_drive.cpp.o[0m
[28.768s] [ 37%] [32mBuilding CXX object CMakeFiles/obstacle2.dir/models/turtlebot3_dqn_world/obstacle_plugin/obstacle2.cc.o[0m
[28.768s] [ 37%] [32mBuilding CXX object CMakeFiles/obstacle1.dir/models/turtlebot3_dqn_world/obstacle_plugin/obstacle1.cc.o[0m
[28.768s] [ 50%] [32mBuilding CXX object CMakeFiles/obstacles.dir/models/turtlebot3_dqn_world/obstacle_plugin/obstacles.cc.o[0m
[28.768s] [ 62%] [32m[1mLinking CXX executable turtlebot3_drive[0m
[28.768s] [ 62%] Built target turtlebot3_drive
[28.768s] [ 75%] [32m[1mLinking CXX shared library libobstacle1.so[0m
[28.768s] [ 75%] Built target obstacle1
[28.768s] [ 87%] [32m[1mLinking CXX shared library libobstacles.so[0m
[28.769s] [100%] [32m[1mLinking CXX shared library libobstacle2.so[0m
[28.769s] [100%] Built target obstacles
[28.769s] [100%] Built target obstacle2
[28.830s] Invoked command in '/home/suxin/English_Path/test111/autonomous_navigation_environment_ego/build/turtlebot3_gazebo' returned '0': AMENT_PREFIX_PATH=/home/suxin/English_Path/test111/autonomous_navigation_environment_ego/install/turtlebot3_description:${AMENT_PREFIX_PATH} CMAKE_PREFIX_PATH=/home/suxin/English_Path/test111/autonomous_navigation_environment_ego/install/turtlebot3_description:/opt/ros/foxy /usr/bin/cmake --build /home/suxin/English_Path/test111/autonomous_navigation_environment_ego/build/turtlebot3_gazebo -- -j20 -l20
[28.904s] Invoking command in '/home/suxin/English_Path/test111/autonomous_navigation_environment_ego/build/turtlebot3_gazebo': AMENT_PREFIX_PATH=/home/suxin/English_Path/test111/autonomous_navigation_environment_ego/install/turtlebot3_description:${AMENT_PREFIX_PATH} CMAKE_PREFIX_PATH=/home/suxin/English_Path/test111/autonomous_navigation_environment_ego/install/turtlebot3_description:/opt/ros/foxy /usr/bin/cmake --install /home/suxin/English_Path/test111/autonomous_navigation_environment_ego/build/turtlebot3_gazebo
[29.035s] -- Install configuration: ""
[29.035s] -- Execute custom install script
[29.035s] -- Symlinking: /home/suxin/English_Path/test111/autonomous_navigation_environment_ego/install/turtlebot3_gazebo/lib/turtlebot3_gazebo/turtlebot3_drive
[29.035s] -- Symlinking: /home/suxin/English_Path/test111/autonomous_navigation_environment_ego/install/turtlebot3_gazebo/share/turtlebot3_gazebo//launch/empty_world.launch.py
[29.035s] -- Symlinking: /home/suxin/English_Path/test111/autonomous_navigation_environment_ego/install/turtlebot3_gazebo/share/turtlebot3_gazebo//launch/robot_state_publisher.launch.py
[29.035s] -- Symlinking: /home/suxin/English_Path/test111/autonomous_navigation_environment_ego/install/turtlebot3_gazebo/share/turtlebot3_gazebo//launch/turtlebot3_autorace.launch.py
[29.035s] -- Symlinking: /home/suxin/English_Path/test111/autonomous_navigation_environment_ego/install/turtlebot3_gazebo/share/turtlebot3_gazebo//launch/turtlebot3_dqn_stage1.launch.py
[29.035s] -- Symlinking: /home/suxin/English_Path/test111/autonomous_navigation_environment_ego/install/turtlebot3_gazebo/share/turtlebot3_gazebo//launch/turtlebot3_dqn_stage2.launch.py
[29.035s] -- Symlinking: /home/suxin/English_Path/test111/autonomous_navigation_environment_ego/install/turtlebot3_gazebo/share/turtlebot3_gazebo//launch/turtlebot3_dqn_stage3.launch.py
[29.035s] -- Symlinking: /home/suxin/English_Path/test111/autonomous_navigation_environment_ego/install/turtlebot3_gazebo/share/turtlebot3_gazebo//launch/turtlebot3_dqn_stage4.launch.py
[29.035s] -- Symlinking: /home/suxin/English_Path/test111/autonomous_navigation_environment_ego/install/turtlebot3_gazebo/share/turtlebot3_gazebo//launch/turtlebot3_house.launch.py
[29.035s] -- Symlinking: /home/suxin/English_Path/test111/autonomous_navigation_environment_ego/install/turtlebot3_gazebo/share/turtlebot3_gazebo//launch/turtlebot3_world.launch.py
[29.035s] -- Symlinking: /home/suxin/English_Path/test111/autonomous_navigation_environment_ego/install/turtlebot3_gazebo/share/turtlebot3_gazebo//launch/uav_and_env.launch.py
[29.035s] -- Symlinking: /home/suxin/English_Path/test111/autonomous_navigation_environment_ego/install/turtlebot3_gazebo/share/turtlebot3_gazebo//launch/uav_and_env_new_garage.launch.py
[29.035s] -- Symlinking: /home/suxin/English_Path/test111/autonomous_navigation_environment_ego/install/turtlebot3_gazebo/share/turtlebot3_gazebo//launch/uav_and_env_tunnel.launch.py
[29.045s] -- Symlinking: /home/suxin/English_Path/test111/autonomous_navigation_environment_ego/install/turtlebot3_gazebo/share/turtlebot3_gazebo//launch/uav_model_test.launch.py
[29.054s] -- Symlinking: /home/suxin/English_Path/test111/autonomous_navigation_environment_ego/install/turtlebot3_gazebo/share/turtlebot3_gazebo//launch/uav_robot_state_publisher.launch.py
[29.072s] -- Symlinking: /home/suxin/English_Path/test111/autonomous_navigation_environment_ego/install/turtlebot3_gazebo/share/turtlebot3_gazebo//models/Dcamera/meshes/burger_base.dae
[29.082s] -- Symlinking: /home/suxin/English_Path/test111/autonomous_navigation_environment_ego/install/turtlebot3_gazebo/share/turtlebot3_gazebo//models/Dcamera/meshes/lds.dae
[29.091s] -- Symlinking: /home/suxin/English_Path/test111/autonomous_navigation_environment_ego/install/turtlebot3_gazebo/share/turtlebot3_gazebo//models/Dcamera/meshes/tire.dae
[29.102s] -- Symlinking: /home/suxin/English_Path/test111/autonomous_navigation_environment_ego/install/turtlebot3_gazebo/share/turtlebot3_gazebo//models/Dcamera/model-1_4.sdf
[29.110s] -- Symlinking: /home/suxin/English_Path/test111/autonomous_navigation_environment_ego/install/turtlebot3_gazebo/share/turtlebot3_gazebo//models/Dcamera/model.config
[29.122s] -- Symlinking: /home/suxin/English_Path/test111/autonomous_navigation_environment_ego/install/turtlebot3_gazebo/share/turtlebot3_gazebo//models/Dcamera/model.sdf
[29.133s] -- Symlinking: /home/suxin/English_Path/test111/autonomous_navigation_environment_ego/install/turtlebot3_gazebo/share/turtlebot3_gazebo//models/VLP16_lidar/meshes/burger_base.dae
[29.144s] -- Symlinking: /home/suxin/English_Path/test111/autonomous_navigation_environment_ego/install/turtlebot3_gazebo/share/turtlebot3_gazebo//models/VLP16_lidar/meshes/lds.dae
[29.155s] -- Symlinking: /home/suxin/English_Path/test111/autonomous_navigation_environment_ego/install/turtlebot3_gazebo/share/turtlebot3_gazebo//models/VLP16_lidar/meshes/tire.dae
[29.166s] -- Symlinking: /home/suxin/English_Path/test111/autonomous_navigation_environment_ego/install/turtlebot3_gazebo/share/turtlebot3_gazebo//models/VLP16_lidar/model-1_4.sdf
[29.176s] -- Symlinking: /home/suxin/English_Path/test111/autonomous_navigation_environment_ego/install/turtlebot3_gazebo/share/turtlebot3_gazebo//models/VLP16_lidar/model.config
[29.188s] -- Symlinking: /home/suxin/English_Path/test111/autonomous_navigation_environment_ego/install/turtlebot3_gazebo/share/turtlebot3_gazebo//models/VLP16_lidar/model.sdf
[29.199s] -- Symlinking: /home/suxin/English_Path/test111/autonomous_navigation_environment_ego/install/turtlebot3_gazebo/share/turtlebot3_gazebo//models/garage/meshes/blue-concrete-texture-3.jpg
[29.209s] -- Symlinking: /home/suxin/English_Path/test111/autonomous_navigation_environment_ego/install/turtlebot3_gazebo/share/turtlebot3_gazebo//models/garage/meshes/garage.dae
[29.221s] -- Symlinking: /home/suxin/English_Path/test111/autonomous_navigation_environment_ego/install/turtlebot3_gazebo/share/turtlebot3_gazebo//models/garage/meshes/imgonline-com-ua-tile-RySXiqZBriXUB4J.jpg
[29.233s] -- Symlinking: /home/suxin/English_Path/test111/autonomous_navigation_environment_ego/install/turtlebot3_gazebo/share/turtlebot3_gazebo//models/garage/meshes/imgonline-com-ua-tile-pLFAF53NCY1Spr.jpg
[29.244s] -- Symlinking: /home/suxin/English_Path/test111/autonomous_navigation_environment_ego/install/turtlebot3_gazebo/share/turtlebot3_gazebo//models/garage/meshes/imgonline-com-ua-tile-turvdQ7ZY0r.jpg
[29.256s] -- Symlinking: /home/suxin/English_Path/test111/autonomous_navigation_environment_ego/install/turtlebot3_gazebo/share/turtlebot3_gazebo//models/garage/model.config
[29.268s] -- Symlinking: /home/suxin/English_Path/test111/autonomous_navigation_environment_ego/install/turtlebot3_gazebo/share/turtlebot3_gazebo//models/garage/model.sdf
[29.279s] -- Symlinking: /home/suxin/English_Path/test111/autonomous_navigation_environment_ego/install/turtlebot3_gazebo/share/turtlebot3_gazebo//models/garage/preview/overview.png
[29.290s] -- Symlinking: /home/suxin/English_Path/test111/autonomous_navigation_environment_ego/install/turtlebot3_gazebo/share/turtlebot3_gazebo//models/garage/preview/pointcloud.ply
[29.300s] -- Symlinking: /home/suxin/English_Path/test111/autonomous_navigation_environment_ego/install/turtlebot3_gazebo/share/turtlebot3_gazebo//models/ground_plane/model-1_2.sdf
[29.308s] -- Symlinking: /home/suxin/English_Path/test111/autonomous_navigation_environment_ego/install/turtlebot3_gazebo/share/turtlebot3_gazebo//models/ground_plane/model-1_3.sdf
[29.319s] -- Symlinking: /home/suxin/English_Path/test111/autonomous_navigation_environment_ego/install/turtlebot3_gazebo/share/turtlebot3_gazebo//models/ground_plane/model-1_4.sdf
[29.331s] -- Symlinking: /home/suxin/English_Path/test111/autonomous_navigation_environment_ego/install/turtlebot3_gazebo/share/turtlebot3_gazebo//models/ground_plane/model.config
[29.379s] -- Symlinking: /home/suxin/English_Path/test111/autonomous_navigation_environment_ego/install/turtlebot3_gazebo/share/turtlebot3_gazebo//models/ground_plane/model.sdf
[29.390s] -- Symlinking: /home/suxin/English_Path/test111/autonomous_navigation_environment_ego/install/turtlebot3_gazebo/share/turtlebot3_gazebo//models/sun/model-1_2.sdf
[29.402s] -- Symlinking: /home/suxin/English_Path/test111/autonomous_navigation_environment_ego/install/turtlebot3_gazebo/share/turtlebot3_gazebo//models/sun/model-1_3.sdf
[29.413s] -- Symlinking: /home/suxin/English_Path/test111/autonomous_navigation_environment_ego/install/turtlebot3_gazebo/share/turtlebot3_gazebo//models/sun/model-1_4.sdf
[29.425s] -- Symlinking: /home/suxin/English_Path/test111/autonomous_navigation_environment_ego/install/turtlebot3_gazebo/share/turtlebot3_gazebo//models/sun/model.config
[29.437s] -- Symlinking: /home/suxin/English_Path/test111/autonomous_navigation_environment_ego/install/turtlebot3_gazebo/share/turtlebot3_gazebo//models/sun/model.sdf
[29.452s] -- Symlinking: /home/suxin/English_Path/test111/autonomous_navigation_environment_ego/install/turtlebot3_gazebo/share/turtlebot3_gazebo//models/tunnel/meshes/tunnel.dae
[29.462s] -- Symlinking: /home/suxin/English_Path/test111/autonomous_navigation_environment_ego/install/turtlebot3_gazebo/share/turtlebot3_gazebo//models/tunnel/meshes/wall_texture.jpg
[29.470s] -- Symlinking: /home/suxin/English_Path/test111/autonomous_navigation_environment_ego/install/turtlebot3_gazebo/share/turtlebot3_gazebo//models/tunnel/model.config
[29.481s] -- Symlinking: /home/suxin/English_Path/test111/autonomous_navigation_environment_ego/install/turtlebot3_gazebo/share/turtlebot3_gazebo//models/tunnel/model.sdf
[29.491s] -- Symlinking: /home/suxin/English_Path/test111/autonomous_navigation_environment_ego/install/turtlebot3_gazebo/share/turtlebot3_gazebo//models/tunnel/preview/overview.png
[29.498s] -- Symlinking: /home/suxin/English_Path/test111/autonomous_navigation_environment_ego/install/turtlebot3_gazebo/share/turtlebot3_gazebo//models/tunnel/preview/pointcloud.ply
[29.508s] -- Symlinking: /home/suxin/English_Path/test111/autonomous_navigation_environment_ego/install/turtlebot3_gazebo/share/turtlebot3_gazebo//models/turtlebot3_autorace/course/materials/scripts/course.material
[29.520s] -- Symlinking: /home/suxin/English_Path/test111/autonomous_navigation_environment_ego/install/turtlebot3_gazebo/share/turtlebot3_gazebo//models/turtlebot3_autorace/course/materials/textures/course.png
[29.530s] -- Symlinking: /home/suxin/English_Path/test111/autonomous_navigation_environment_ego/install/turtlebot3_gazebo/share/turtlebot3_gazebo//models/turtlebot3_autorace/course/model.config
[29.542s] -- Symlinking: /home/suxin/English_Path/test111/autonomous_navigation_environment_ego/install/turtlebot3_gazebo/share/turtlebot3_gazebo//models/turtlebot3_autorace/course/model.sdf
[29.552s] -- Symlinking: /home/suxin/English_Path/test111/autonomous_navigation_environment_ego/install/turtlebot3_gazebo/share/turtlebot3_gazebo//models/turtlebot3_autorace/ground/model.config
[29.561s] -- Symlinking: /home/suxin/English_Path/test111/autonomous_navigation_environment_ego/install/turtlebot3_gazebo/share/turtlebot3_gazebo//models/turtlebot3_autorace/ground/model.sdf
[29.572s] -- Symlinking: /home/suxin/English_Path/test111/autonomous_navigation_environment_ego/install/turtlebot3_gazebo/share/turtlebot3_gazebo//models/turtlebot3_autorace/lights/model.config
[29.584s] -- Symlinking: /home/suxin/English_Path/test111/autonomous_navigation_environment_ego/install/turtlebot3_gazebo/share/turtlebot3_gazebo//models/turtlebot3_autorace/lights/model.sdf
[29.596s] -- Symlinking: /home/suxin/English_Path/test111/autonomous_navigation_environment_ego/install/turtlebot3_gazebo/share/turtlebot3_gazebo//models/turtlebot3_autorace/model.config
[29.607s] -- Symlinking: /home/suxin/English_Path/test111/autonomous_navigation_environment_ego/install/turtlebot3_gazebo/share/turtlebot3_gazebo//models/turtlebot3_autorace/traffic_bar_down/materials/scripts/traffic_bar.material
[29.620s] -- Symlinking: /home/suxin/English_Path/test111/autonomous_navigation_environment_ego/install/turtlebot3_gazebo/share/turtlebot3_gazebo//models/turtlebot3_autorace/traffic_bar_down/materials/textures/traffic_bar.png
[29.631s] -- Symlinking: /home/suxin/English_Path/test111/autonomous_navigation_environment_ego/install/turtlebot3_gazebo/share/turtlebot3_gazebo//models/turtlebot3_autorace/traffic_bar_down/model.config
[29.641s] -- Symlinking: /home/suxin/English_Path/test111/autonomous_navigation_environment_ego/install/turtlebot3_gazebo/share/turtlebot3_gazebo//models/turtlebot3_autorace/traffic_bar_down/model.sdf
[29.652s] -- Symlinking: /home/suxin/English_Path/test111/autonomous_navigation_environment_ego/install/turtlebot3_gazebo/share/turtlebot3_gazebo//models/turtlebot3_autorace/traffic_bar_up/materials/scripts/traffic_bar.material
[29.660s] -- Symlinking: /home/suxin/English_Path/test111/autonomous_navigation_environment_ego/install/turtlebot3_gazebo/share/turtlebot3_gazebo//models/turtlebot3_autorace/traffic_bar_up/materials/textures/traffic_bar.png
[29.669s] -- Symlinking: /home/suxin/English_Path/test111/autonomous_navigation_environment_ego/install/turtlebot3_gazebo/share/turtlebot3_gazebo//models/turtlebot3_autorace/traffic_bar_up/model.config
[29.679s] -- Symlinking: /home/suxin/English_Path/test111/autonomous_navigation_environment_ego/install/turtlebot3_gazebo/share/turtlebot3_gazebo//models/turtlebot3_autorace/traffic_bar_up/model.sdf
[29.688s] -- Symlinking: /home/suxin/English_Path/test111/autonomous_navigation_environment_ego/install/turtlebot3_gazebo/share/turtlebot3_gazebo//models/turtlebot3_autorace/traffic_light_green/model.config
[29.699s] -- Symlinking: /home/suxin/English_Path/test111/autonomous_navigation_environment_ego/install/turtlebot3_gazebo/share/turtlebot3_gazebo//models/turtlebot3_autorace/traffic_light_green/model.sdf
[29.707s] -- Symlinking: /home/suxin/English_Path/test111/autonomous_navigation_environment_ego/install/turtlebot3_gazebo/share/turtlebot3_gazebo//models/turtlebot3_autorace/traffic_light_red/model.config
[29.715s] -- Symlinking: /home/suxin/English_Path/test111/autonomous_navigation_environment_ego/install/turtlebot3_gazebo/share/turtlebot3_gazebo//models/turtlebot3_autorace/traffic_light_red/model.sdf
[29.723s] -- Symlinking: /home/suxin/English_Path/test111/autonomous_navigation_environment_ego/install/turtlebot3_gazebo/share/turtlebot3_gazebo//models/turtlebot3_autorace/traffic_light_yellow/model.config
[29.734s] -- Symlinking: /home/suxin/English_Path/test111/autonomous_navigation_environment_ego/install/turtlebot3_gazebo/share/turtlebot3_gazebo//models/turtlebot3_autorace/traffic_light_yellow/model.sdf
[29.742s] -- Symlinking: /home/suxin/English_Path/test111/autonomous_navigation_environment_ego/install/turtlebot3_gazebo/share/turtlebot3_gazebo//models/turtlebot3_autorace/traffic_parking/materials/scripts/traffic_parking.material
[29.751s] -- Symlinking: /home/suxin/English_Path/test111/autonomous_navigation_environment_ego/install/turtlebot3_gazebo/share/turtlebot3_gazebo//models/turtlebot3_autorace/traffic_parking/materials/textures/traffic_parking.png
[29.760s] -- Symlinking: /home/suxin/English_Path/test111/autonomous_navigation_environment_ego/install/turtlebot3_gazebo/share/turtlebot3_gazebo//models/turtlebot3_autorace/traffic_parking/model.config
[29.767s] -- Symlinking: /home/suxin/English_Path/test111/autonomous_navigation_environment_ego/install/turtlebot3_gazebo/share/turtlebot3_gazebo//models/turtlebot3_autorace/traffic_parking/model.sdf
[29.777s] -- Symlinking: /home/suxin/English_Path/test111/autonomous_navigation_environment_ego/install/turtlebot3_gazebo/share/turtlebot3_gazebo//models/turtlebot3_autorace/traffic_stop/materials/scripts/traffic_stop.material
[29.786s] -- Symlinking: /home/suxin/English_Path/test111/autonomous_navigation_environment_ego/install/turtlebot3_gazebo/share/turtlebot3_gazebo//models/turtlebot3_autorace/traffic_stop/materials/textures/traffic_stop.png
[29.798s] -- Symlinking: /home/suxin/English_Path/test111/autonomous_navigation_environment_ego/install/turtlebot3_gazebo/share/turtlebot3_gazebo//models/turtlebot3_autorace/traffic_stop/model.config
[29.810s] -- Symlinking: /home/suxin/English_Path/test111/autonomous_navigation_environment_ego/install/turtlebot3_gazebo/share/turtlebot3_gazebo//models/turtlebot3_autorace/traffic_stop/model.sdf
[29.840s] -- Symlinking: /home/suxin/English_Path/test111/autonomous_navigation_environment_ego/install/turtlebot3_gazebo/share/turtlebot3_gazebo//models/turtlebot3_autorace/traffic_tunnel/materials/scripts/tunnel.material
[29.852s] -- Symlinking: /home/suxin/English_Path/test111/autonomous_navigation_environment_ego/install/turtlebot3_gazebo/share/turtlebot3_gazebo//models/turtlebot3_autorace/traffic_tunnel/materials/textures/tunnel.png
[29.860s] -- Symlinking: /home/suxin/English_Path/test111/autonomous_navigation_environment_ego/install/turtlebot3_gazebo/share/turtlebot3_gazebo//models/turtlebot3_autorace/traffic_tunnel/model.config
[29.872s] -- Symlinking: /home/suxin/English_Path/test111/autonomous_navigation_environment_ego/install/turtlebot3_gazebo/share/turtlebot3_gazebo//models/turtlebot3_autorace/traffic_tunnel/model.sdf
[29.883s] -- Symlinking: /home/suxin/English_Path/test111/autonomous_navigation_environment_ego/install/turtlebot3_gazebo/share/turtlebot3_gazebo//models/turtlebot3_autorace/tunnel_obstacles/model.config
[29.894s] -- Symlinking: /home/suxin/English_Path/test111/autonomous_navigation_environment_ego/install/turtlebot3_gazebo/share/turtlebot3_gazebo//models/turtlebot3_autorace/tunnel_obstacles/model.sdf
[29.906s] -- Symlinking: /home/suxin/English_Path/test111/autonomous_navigation_environment_ego/install/turtlebot3_gazebo/share/turtlebot3_gazebo//models/turtlebot3_autorace/tunnel_wall/model.config
[29.916s] -- Symlinking: /home/suxin/English_Path/test111/autonomous_navigation_environment_ego/install/turtlebot3_gazebo/share/turtlebot3_gazebo//models/turtlebot3_autorace/tunnel_wall/model.sdf
[29.929s] -- Symlinking: /home/suxin/English_Path/test111/autonomous_navigation_environment_ego/install/turtlebot3_gazebo/share/turtlebot3_gazebo//models/turtlebot3_burger/meshes/burger_base.dae
[29.939s] -- Symlinking: /home/suxin/English_Path/test111/autonomous_navigation_environment_ego/install/turtlebot3_gazebo/share/turtlebot3_gazebo//models/turtlebot3_burger/meshes/lds.dae
[29.956s] -- Symlinking: /home/suxin/English_Path/test111/autonomous_navigation_environment_ego/install/turtlebot3_gazebo/share/turtlebot3_gazebo//models/turtlebot3_burger/meshes/tire.dae
[29.969s] -- Symlinking: /home/suxin/English_Path/test111/autonomous_navigation_environment_ego/install/turtlebot3_gazebo/share/turtlebot3_gazebo//models/turtlebot3_burger/model-1_4.sdf
[29.978s] -- Symlinking: /home/suxin/English_Path/test111/autonomous_navigation_environment_ego/install/turtlebot3_gazebo/share/turtlebot3_gazebo//models/turtlebot3_burger/model.config
[29.985s] -- Symlinking: /home/suxin/English_Path/test111/autonomous_navigation_environment_ego/install/turtlebot3_gazebo/share/turtlebot3_gazebo//models/turtlebot3_burger/model.sdf
[29.993s] -- Symlinking: /home/suxin/English_Path/test111/autonomous_navigation_environment_ego/install/turtlebot3_gazebo/share/turtlebot3_gazebo//models/turtlebot3_dqn_world/goal_box/model.config
[30.002s] -- Symlinking: /home/suxin/English_Path/test111/autonomous_navigation_environment_ego/install/turtlebot3_gazebo/share/turtlebot3_gazebo//models/turtlebot3_dqn_world/goal_box/model.sdf
[30.012s] -- Symlinking: /home/suxin/English_Path/test111/autonomous_navigation_environment_ego/install/turtlebot3_gazebo/share/turtlebot3_gazebo//models/turtlebot3_dqn_world/inner_walls/model.config
[30.022s] -- Symlinking: /home/suxin/English_Path/test111/autonomous_navigation_environment_ego/install/turtlebot3_gazebo/share/turtlebot3_gazebo//models/turtlebot3_dqn_world/inner_walls/model.sdf
[30.034s] -- Symlinking: /home/suxin/English_Path/test111/autonomous_navigation_environment_ego/install/turtlebot3_gazebo/share/turtlebot3_gazebo//models/turtlebot3_dqn_world/model.config
[30.043s] -- Symlinking: /home/suxin/English_Path/test111/autonomous_navigation_environment_ego/install/turtlebot3_gazebo/share/turtlebot3_gazebo//models/turtlebot3_dqn_world/model.sdf
[30.052s] -- Symlinking: /home/suxin/English_Path/test111/autonomous_navigation_environment_ego/install/turtlebot3_gazebo/share/turtlebot3_gazebo//models/turtlebot3_dqn_world/obstacle1/model.config
[30.062s] -- Symlinking: /home/suxin/English_Path/test111/autonomous_navigation_environment_ego/install/turtlebot3_gazebo/share/turtlebot3_gazebo//models/turtlebot3_dqn_world/obstacle1/model.sdf
[30.072s] -- Symlinking: /home/suxin/English_Path/test111/autonomous_navigation_environment_ego/install/turtlebot3_gazebo/share/turtlebot3_gazebo//models/turtlebot3_dqn_world/obstacle2/model.config
[30.081s] -- Symlinking: /home/suxin/English_Path/test111/autonomous_navigation_environment_ego/install/turtlebot3_gazebo/share/turtlebot3_gazebo//models/turtlebot3_dqn_world/obstacle2/model.sdf
[30.093s] -- Symlinking: /home/suxin/English_Path/test111/autonomous_navigation_environment_ego/install/turtlebot3_gazebo/share/turtlebot3_gazebo//models/turtlebot3_dqn_world/obstacle_plugin/CMakeLists.txt
[30.105s] -- Symlinking: /home/suxin/English_Path/test111/autonomous_navigation_environment_ego/install/turtlebot3_gazebo/share/turtlebot3_gazebo//models/turtlebot3_dqn_world/obstacle_plugin/obstacle1.cc
[30.113s] -- Symlinking: /home/suxin/English_Path/test111/autonomous_navigation_environment_ego/install/turtlebot3_gazebo/share/turtlebot3_gazebo//models/turtlebot3_dqn_world/obstacle_plugin/obstacle2.cc
[30.125s] -- Symlinking: /home/suxin/English_Path/test111/autonomous_navigation_environment_ego/install/turtlebot3_gazebo/share/turtlebot3_gazebo//models/turtlebot3_dqn_world/obstacle_plugin/obstacles.cc
[30.136s] -- Symlinking: /home/suxin/English_Path/test111/autonomous_navigation_environment_ego/install/turtlebot3_gazebo/share/turtlebot3_gazebo//models/turtlebot3_dqn_world/obstacles/model.config
[30.146s] -- Symlinking: /home/suxin/English_Path/test111/autonomous_navigation_environment_ego/install/turtlebot3_gazebo/share/turtlebot3_gazebo//models/turtlebot3_dqn_world/obstacles/model.sdf
[30.157s] -- Symlinking: /home/suxin/English_Path/test111/autonomous_navigation_environment_ego/install/turtlebot3_gazebo/share/turtlebot3_gazebo//models/turtlebot3_house/model.config
[30.166s] -- Symlinking: /home/suxin/English_Path/test111/autonomous_navigation_environment_ego/install/turtlebot3_gazebo/share/turtlebot3_gazebo//models/turtlebot3_house/model.sdf
[30.176s] -- Symlinking: /home/suxin/English_Path/test111/autonomous_navigation_environment_ego/install/turtlebot3_gazebo/share/turtlebot3_gazebo//models/turtlebot3_waffle/meshes/lds.dae
[30.185s] -- Symlinking: /home/suxin/English_Path/test111/autonomous_navigation_environment_ego/install/turtlebot3_gazebo/share/turtlebot3_gazebo//models/turtlebot3_waffle/meshes/r200.dae
[30.196s] -- Symlinking: /home/suxin/English_Path/test111/autonomous_navigation_environment_ego/install/turtlebot3_gazebo/share/turtlebot3_gazebo//models/turtlebot3_waffle/meshes/tire.dae
[30.206s] -- Symlinking: /home/suxin/English_Path/test111/autonomous_navigation_environment_ego/install/turtlebot3_gazebo/share/turtlebot3_gazebo//models/turtlebot3_waffle/meshes/waffle_base.dae
[30.218s] -- Symlinking: /home/suxin/English_Path/test111/autonomous_navigation_environment_ego/install/turtlebot3_gazebo/share/turtlebot3_gazebo//models/turtlebot3_waffle/model-1_4.sdf
[30.229s] -- Symlinking: /home/suxin/English_Path/test111/autonomous_navigation_environment_ego/install/turtlebot3_gazebo/share/turtlebot3_gazebo//models/turtlebot3_waffle/model.config
[30.240s] -- Symlinking: /home/suxin/English_Path/test111/autonomous_navigation_environment_ego/install/turtlebot3_gazebo/share/turtlebot3_gazebo//models/turtlebot3_waffle/model.sdf
[30.252s] -- Symlinking: /home/suxin/English_Path/test111/autonomous_navigation_environment_ego/install/turtlebot3_gazebo/share/turtlebot3_gazebo//models/turtlebot3_waffle_pi/meshes/lds.dae
[30.263s] -- Symlinking: /home/suxin/English_Path/test111/autonomous_navigation_environment_ego/install/turtlebot3_gazebo/share/turtlebot3_gazebo//models/turtlebot3_waffle_pi/meshes/tire.dae
[30.274s] -- Symlinking: /home/suxin/English_Path/test111/autonomous_navigation_environment_ego/install/turtlebot3_gazebo/share/turtlebot3_gazebo//models/turtlebot3_waffle_pi/meshes/waffle_pi_base.dae
[30.285s] -- Symlinking: /home/suxin/English_Path/test111/autonomous_navigation_environment_ego/install/turtlebot3_gazebo/share/turtlebot3_gazebo//models/turtlebot3_waffle_pi/model-1_4_.sdf
[30.298s] -- Symlinking: /home/suxin/English_Path/test111/autonomous_navigation_environment_ego/install/turtlebot3_gazebo/share/turtlebot3_gazebo//models/turtlebot3_waffle_pi/model.config
[30.307s] -- Symlinking: /home/suxin/English_Path/test111/autonomous_navigation_environment_ego/install/turtlebot3_gazebo/share/turtlebot3_gazebo//models/turtlebot3_waffle_pi/model.sdf
[30.319s] -- Symlinking: /home/suxin/English_Path/test111/autonomous_navigation_environment_ego/install/turtlebot3_gazebo/share/turtlebot3_gazebo//models/turtlebot3_world/meshes/hexagon.dae
[30.328s] -- Symlinking: /home/suxin/English_Path/test111/autonomous_navigation_environment_ego/install/turtlebot3_gazebo/share/turtlebot3_gazebo//models/turtlebot3_world/meshes/wall.dae
[30.338s] -- Symlinking: /home/suxin/English_Path/test111/autonomous_navigation_environment_ego/install/turtlebot3_gazebo/share/turtlebot3_gazebo//models/turtlebot3_world/model-1_4.sdf
[30.350s] -- Symlinking: /home/suxin/English_Path/test111/autonomous_navigation_environment_ego/install/turtlebot3_gazebo/share/turtlebot3_gazebo//models/turtlebot3_world/model.config
[30.361s] -- Symlinking: /home/suxin/English_Path/test111/autonomous_navigation_environment_ego/install/turtlebot3_gazebo/share/turtlebot3_gazebo//models/turtlebot3_world/model.sdf
[30.370s] -- Symlinking: /home/suxin/English_Path/test111/autonomous_navigation_environment_ego/install/turtlebot3_gazebo/share/turtlebot3_gazebo//models/uav_model/meshes/burger_base.dae
[30.380s] -- Symlinking: /home/suxin/English_Path/test111/autonomous_navigation_environment_ego/install/turtlebot3_gazebo/share/turtlebot3_gazebo//models/uav_model/meshes/lds.dae
[30.390s] -- Symlinking: /home/suxin/English_Path/test111/autonomous_navigation_environment_ego/install/turtlebot3_gazebo/share/turtlebot3_gazebo//models/uav_model/meshes/tire.dae
[30.402s] -- Symlinking: /home/suxin/English_Path/test111/autonomous_navigation_environment_ego/install/turtlebot3_gazebo/share/turtlebot3_gazebo//models/uav_model/model-1_4.sdf
[30.413s] -- Symlinking: /home/suxin/English_Path/test111/autonomous_navigation_environment_ego/install/turtlebot3_gazebo/share/turtlebot3_gazebo//models/uav_model/model.config
[30.423s] -- Symlinking: /home/suxin/English_Path/test111/autonomous_navigation_environment_ego/install/turtlebot3_gazebo/share/turtlebot3_gazebo//models/uav_model/model.sdf
[30.435s] -- Symlinking: /home/suxin/English_Path/test111/autonomous_navigation_environment_ego/install/turtlebot3_gazebo/share/turtlebot3_gazebo//models/urdf_m100/ardrone.xacro
[30.442s] -- Symlinking: /home/suxin/English_Path/test111/autonomous_navigation_environment_ego/install/turtlebot3_gazebo/share/turtlebot3_gazebo//models/urdf_m100/ardrone_base.xacro
[30.452s] -- Symlinking: /home/suxin/English_Path/test111/autonomous_navigation_environment_ego/install/turtlebot3_gazebo/share/turtlebot3_gazebo//models/urdf_m100/asymmetric_quadrotor.xacro
[30.462s] -- Symlinking: /home/suxin/English_Path/test111/autonomous_navigation_environment_ego/install/turtlebot3_gazebo/share/turtlebot3_gazebo//models/urdf_m100/asymmetric_quadrotor_base.xacro
[30.471s] -- Symlinking: /home/suxin/English_Path/test111/autonomous_navigation_environment_ego/install/turtlebot3_gazebo/share/turtlebot3_gazebo//models/urdf_m100/asymmetric_quadrotor_two_cameras.gazebo
[30.482s] -- Symlinking: /home/suxin/English_Path/test111/autonomous_navigation_environment_ego/install/turtlebot3_gazebo/share/turtlebot3_gazebo//models/urdf_m100/component_snippets.xacro
[30.492s] -- Symlinking: /home/suxin/English_Path/test111/autonomous_navigation_environment_ego/install/turtlebot3_gazebo/share/turtlebot3_gazebo//models/urdf_m100/firefly.xacro
[30.504s] -- Symlinking: /home/suxin/English_Path/test111/autonomous_navigation_environment_ego/install/turtlebot3_gazebo/share/turtlebot3_gazebo//models/urdf_m100/firefly_base.xacro
[30.514s] -- Symlinking: /home/suxin/English_Path/test111/autonomous_navigation_environment_ego/install/turtlebot3_gazebo/share/turtlebot3_gazebo//models/urdf_m100/firefly_generic_pose_sensor.gazebo
[30.524s] -- Symlinking: /home/suxin/English_Path/test111/autonomous_navigation_environment_ego/install/turtlebot3_gazebo/share/turtlebot3_gazebo//models/urdf_m100/firefly_two_generic_pose_sensors.gazebo
[30.533s] -- Symlinking: /home/suxin/English_Path/test111/autonomous_navigation_environment_ego/install/turtlebot3_gazebo/share/turtlebot3_gazebo//models/urdf_m100/fixed_wing_base.xacro
[30.542s] -- Symlinking: /home/suxin/English_Path/test111/autonomous_navigation_environment_ego/install/turtlebot3_gazebo/share/turtlebot3_gazebo//models/urdf_m100/hummingbird.xacro
[30.554s] -- Symlinking: /home/suxin/English_Path/test111/autonomous_navigation_environment_ego/install/turtlebot3_gazebo/share/turtlebot3_gazebo//models/urdf_m100/hummingbird_base.xacro
[30.564s] -- Symlinking: /home/suxin/English_Path/test111/autonomous_navigation_environment_ego/install/turtlebot3_gazebo/share/turtlebot3_gazebo//models/urdf_m100/iris.xacro
[30.575s] -- Symlinking: /home/suxin/English_Path/test111/autonomous_navigation_environment_ego/install/turtlebot3_gazebo/share/turtlebot3_gazebo//models/urdf_m100/iris_base.xacro
[30.584s] -- Symlinking: /home/suxin/English_Path/test111/autonomous_navigation_environment_ego/install/turtlebot3_gazebo/share/turtlebot3_gazebo//models/urdf_m100/m100.gazebo
[30.597s] -- Symlinking: /home/suxin/English_Path/test111/autonomous_navigation_environment_ego/install/turtlebot3_gazebo/share/turtlebot3_gazebo//models/urdf_m100/m100.xacro
[30.606s] -- Symlinking: /home/suxin/English_Path/test111/autonomous_navigation_environment_ego/install/turtlebot3_gazebo/share/turtlebot3_gazebo//models/urdf_m100/m100_base.xacro
[30.617s] -- Symlinking: /home/suxin/English_Path/test111/autonomous_navigation_environment_ego/install/turtlebot3_gazebo/share/turtlebot3_gazebo//models/urdf_m100/m100_odometry_sensor.gazebo
[30.627s] -- Symlinking: /home/suxin/English_Path/test111/autonomous_navigation_environment_ego/install/turtlebot3_gazebo/share/turtlebot3_gazebo//models/urdf_m100/m100_pccase.xacro
[30.636s] -- Symlinking: /home/suxin/English_Path/test111/autonomous_navigation_environment_ego/install/turtlebot3_gazebo/share/turtlebot3_gazebo//models/urdf_m100/mav_generic_odometry_sensor.gazebo
[30.647s] -- Symlinking: /home/suxin/English_Path/test111/autonomous_navigation_environment_ego/install/turtlebot3_gazebo/share/turtlebot3_gazebo//models/urdf_m100/mav_with_picoflexx.gazebo
[30.656s] -- Symlinking: /home/suxin/English_Path/test111/autonomous_navigation_environment_ego/install/turtlebot3_gazebo/share/turtlebot3_gazebo//models/urdf_m100/mav_with_vi_sensor.gazebo
[30.667s] -- Symlinking: /home/suxin/English_Path/test111/autonomous_navigation_environment_ego/install/turtlebot3_gazebo/share/turtlebot3_gazebo//models/urdf_m100/mav_with_wind_gust.gazebo
[30.676s] -- Symlinking: /home/suxin/English_Path/test111/autonomous_navigation_environment_ego/install/turtlebot3_gazebo/share/turtlebot3_gazebo//models/urdf_m100/meshes/m100_pccase.dae
[30.686s] -- Symlinking: /home/suxin/English_Path/test111/autonomous_navigation_environment_ego/install/turtlebot3_gazebo/share/turtlebot3_gazebo//models/urdf_m100/model.config
[30.695s] -- Symlinking: /home/suxin/English_Path/test111/autonomous_navigation_environment_ego/install/turtlebot3_gazebo/share/turtlebot3_gazebo//models/urdf_m100/model.sdf
[30.704s] -- Symlinking: /home/suxin/English_Path/test111/autonomous_navigation_environment_ego/install/turtlebot3_gazebo/share/turtlebot3_gazebo//models/urdf_m100/multirotor_base.xacro
[30.716s] -- Symlinking: /home/suxin/English_Path/test111/autonomous_navigation_environment_ego/install/turtlebot3_gazebo/share/turtlebot3_gazebo//models/urdf_m100/neo11.xacro
[30.726s] -- Symlinking: /home/suxin/English_Path/test111/autonomous_navigation_environment_ego/install/turtlebot3_gazebo/share/turtlebot3_gazebo//models/urdf_m100/neo11_base.xacro
[30.741s] -- Symlinking: /home/suxin/English_Path/test111/autonomous_navigation_environment_ego/install/turtlebot3_gazebo/share/turtlebot3_gazebo//models/urdf_m100/neo11_vi_sensor.gazebo
[30.752s] -- Symlinking: /home/suxin/English_Path/test111/autonomous_navigation_environment_ego/install/turtlebot3_gazebo/share/turtlebot3_gazebo//models/urdf_m100/neo9.xacro
[30.764s] -- Symlinking: /home/suxin/English_Path/test111/autonomous_navigation_environment_ego/install/turtlebot3_gazebo/share/turtlebot3_gazebo//models/urdf_m100/neo9_base.xacro
[30.776s] -- Symlinking: /home/suxin/English_Path/test111/autonomous_navigation_environment_ego/install/turtlebot3_gazebo/share/turtlebot3_gazebo//models/urdf_m100/neo9_vi_sensor.gazebo
[30.792s] -- Symlinking: /home/suxin/English_Path/test111/autonomous_navigation_environment_ego/install/turtlebot3_gazebo/share/turtlebot3_gazebo//models/urdf_m100/pelican.xacro
[30.805s] -- Symlinking: /home/suxin/English_Path/test111/autonomous_navigation_environment_ego/install/turtlebot3_gazebo/share/turtlebot3_gazebo//models/urdf_m100/pelican_base.xacro
[30.821s] -- Symlinking: /home/suxin/English_Path/test111/autonomous_navigation_environment_ego/install/turtlebot3_gazebo/share/turtlebot3_gazebo//models/urdf_m100/techpod.xacro
[30.831s] -- Symlinking: /home/suxin/English_Path/test111/autonomous_navigation_environment_ego/install/turtlebot3_gazebo/share/turtlebot3_gazebo//models/urdf_m100/techpod_base.xacro
[30.843s] -- Symlinking: /home/suxin/English_Path/test111/autonomous_navigation_environment_ego/install/turtlebot3_gazebo/share/turtlebot3_gazebo//models/urdf_m100/vi_sensor_base.xacro
[30.855s] -- Symlinking: /home/suxin/English_Path/test111/autonomous_navigation_environment_ego/install/turtlebot3_gazebo/share/turtlebot3_gazebo//models/wall/model.config
[30.865s] -- Symlinking: /home/suxin/English_Path/test111/autonomous_navigation_environment_ego/install/turtlebot3_gazebo/share/turtlebot3_gazebo//models/wall/model.sdf
[30.875s] -- Symlinking: /home/suxin/English_Path/test111/autonomous_navigation_environment_ego/install/turtlebot3_gazebo/share/turtlebot3_gazebo//models/wall2/model.config
[30.887s] -- Symlinking: /home/suxin/English_Path/test111/autonomous_navigation_environment_ego/install/turtlebot3_gazebo/share/turtlebot3_gazebo//models/wall2/model.sdf
[30.898s] -- Symlinking: /home/suxin/English_Path/test111/autonomous_navigation_environment_ego/install/turtlebot3_gazebo/share/turtlebot3_gazebo//models/wall_tunnel/model.config
[30.906s] -- Symlinking: /home/suxin/English_Path/test111/autonomous_navigation_environment_ego/install/turtlebot3_gazebo/share/turtlebot3_gazebo//models/wall_tunnel/model.sdf
[30.915s] -- Symlinking: /home/suxin/English_Path/test111/autonomous_navigation_environment_ego/install/turtlebot3_gazebo/share/turtlebot3_gazebo//rviz/tb3_gazebo.rviz
[30.928s] -- Symlinking: /home/suxin/English_Path/test111/autonomous_navigation_environment_ego/install/turtlebot3_gazebo/share/turtlebot3_gazebo//worlds/empty_worlds/burger.model
[30.940s] -- Symlinking: /home/suxin/English_Path/test111/autonomous_navigation_environment_ego/install/turtlebot3_gazebo/share/turtlebot3_gazebo//worlds/empty_worlds/waffle.model
[30.950s] -- Symlinking: /home/suxin/English_Path/test111/autonomous_navigation_environment_ego/install/turtlebot3_gazebo/share/turtlebot3_gazebo//worlds/empty_worlds/waffle_pi.model
[30.961s] -- Symlinking: /home/suxin/English_Path/test111/autonomous_navigation_environment_ego/install/turtlebot3_gazebo/share/turtlebot3_gazebo//worlds/turtlebot3_autoraces/burger.model
[30.970s] -- Symlinking: /home/suxin/English_Path/test111/autonomous_navigation_environment_ego/install/turtlebot3_gazebo/share/turtlebot3_gazebo//worlds/turtlebot3_autoraces/waffle.model
[30.981s] -- Symlinking: /home/suxin/English_Path/test111/autonomous_navigation_environment_ego/install/turtlebot3_gazebo/share/turtlebot3_gazebo//worlds/turtlebot3_autoraces/waffle_pi.model
[30.993s] -- Symlinking: /home/suxin/English_Path/test111/autonomous_navigation_environment_ego/install/turtlebot3_gazebo/share/turtlebot3_gazebo//worlds/turtlebot3_dqn_stage1/burger.model
[31.006s] -- Symlinking: /home/suxin/English_Path/test111/autonomous_navigation_environment_ego/install/turtlebot3_gazebo/share/turtlebot3_gazebo//worlds/turtlebot3_dqn_stage1/waffle.model
[31.020s] -- Symlinking: /home/suxin/English_Path/test111/autonomous_navigation_environment_ego/install/turtlebot3_gazebo/share/turtlebot3_gazebo//worlds/turtlebot3_dqn_stage1/waffle_pi.model
[31.032s] -- Symlinking: /home/suxin/English_Path/test111/autonomous_navigation_environment_ego/install/turtlebot3_gazebo/share/turtlebot3_gazebo//worlds/turtlebot3_dqn_stage2/burger.model
[31.042s] -- Symlinking: /home/suxin/English_Path/test111/autonomous_navigation_environment_ego/install/turtlebot3_gazebo/share/turtlebot3_gazebo//worlds/turtlebot3_dqn_stage2/waffle.model
[31.051s] -- Symlinking: /home/suxin/English_Path/test111/autonomous_navigation_environment_ego/install/turtlebot3_gazebo/share/turtlebot3_gazebo//worlds/turtlebot3_dqn_stage2/waffle_pi.model
[31.062s] -- Symlinking: /home/suxin/English_Path/test111/autonomous_navigation_environment_ego/install/turtlebot3_gazebo/share/turtlebot3_gazebo//worlds/turtlebot3_dqn_stage3/burger.model
[31.071s] -- Symlinking: /home/suxin/English_Path/test111/autonomous_navigation_environment_ego/install/turtlebot3_gazebo/share/turtlebot3_gazebo//worlds/turtlebot3_dqn_stage3/waffle.model
[31.082s] -- Symlinking: /home/suxin/English_Path/test111/autonomous_navigation_environment_ego/install/turtlebot3_gazebo/share/turtlebot3_gazebo//worlds/turtlebot3_dqn_stage3/waffle_pi.model
[31.093s] -- Symlinking: /home/suxin/English_Path/test111/autonomous_navigation_environment_ego/install/turtlebot3_gazebo/share/turtlebot3_gazebo//worlds/turtlebot3_dqn_stage4/burger.model
[31.105s] -- Symlinking: /home/suxin/English_Path/test111/autonomous_navigation_environment_ego/install/turtlebot3_gazebo/share/turtlebot3_gazebo//worlds/turtlebot3_dqn_stage4/waffle.model
[31.115s] -- Symlinking: /home/suxin/English_Path/test111/autonomous_navigation_environment_ego/install/turtlebot3_gazebo/share/turtlebot3_gazebo//worlds/turtlebot3_dqn_stage4/waffle_pi.model
[31.124s] -- Symlinking: /home/suxin/English_Path/test111/autonomous_navigation_environment_ego/install/turtlebot3_gazebo/share/turtlebot3_gazebo//worlds/turtlebot3_houses/burger.model
[31.132s] -- Symlinking: /home/suxin/English_Path/test111/autonomous_navigation_environment_ego/install/turtlebot3_gazebo/share/turtlebot3_gazebo//worlds/turtlebot3_houses/waffle.model
[31.140s] -- Symlinking: /home/suxin/English_Path/test111/autonomous_navigation_environment_ego/install/turtlebot3_gazebo/share/turtlebot3_gazebo//worlds/turtlebot3_houses/waffle_pi.model
[31.148s] -- Symlinking: /home/suxin/English_Path/test111/autonomous_navigation_environment_ego/install/turtlebot3_gazebo/share/turtlebot3_gazebo//worlds/turtlebot3_worlds/burger.model
[31.157s] -- Symlinking: /home/suxin/English_Path/test111/autonomous_navigation_environment_ego/install/turtlebot3_gazebo/share/turtlebot3_gazebo//worlds/turtlebot3_worlds/waffle.model
[31.165s] -- Symlinking: /home/suxin/English_Path/test111/autonomous_navigation_environment_ego/install/turtlebot3_gazebo/share/turtlebot3_gazebo//worlds/turtlebot3_worlds/waffle_pi.model
[31.176s] -- Symlinking: /home/suxin/English_Path/test111/autonomous_navigation_environment_ego/install/turtlebot3_gazebo/share/turtlebot3_gazebo//worlds/uav/uav.model
[31.183s] -- Symlinking: /home/suxin/English_Path/test111/autonomous_navigation_environment_ego/install/turtlebot3_gazebo/share/turtlebot3_gazebo//worlds/uav/uav_new_garage.model
[31.194s] -- Symlinking: /home/suxin/English_Path/test111/autonomous_navigation_environment_ego/install/turtlebot3_gazebo/share/turtlebot3_gazebo//worlds/uav/uav_tunnel.model
[31.204s] -- Symlinking: /home/suxin/English_Path/test111/autonomous_navigation_environment_ego/install/turtlebot3_gazebo/share/turtlebot3_gazebo//worlds/uav/waffle.model
[31.213s] -- Symlinking: /home/suxin/English_Path/test111/autonomous_navigation_environment_ego/install/turtlebot3_gazebo/share/turtlebot3_gazebo//worlds/uav/waffle_pi.model
[31.222s] -- Symlinking: /home/suxin/English_Path/test111/autonomous_navigation_environment_ego/install/turtlebot3_gazebo/include//turtlebot3_gazebo/turtlebot3_drive.hpp
[31.231s] -- Symlinking: /home/suxin/English_Path/test111/autonomous_navigation_environment_ego/install/turtlebot3_gazebo/share/ament_index/resource_index/package_run_dependencies/turtlebot3_gazebo
[31.239s] -- Symlinking: /home/suxin/English_Path/test111/autonomous_navigation_environment_ego/install/turtlebot3_gazebo/share/ament_index/resource_index/parent_prefix_path/turtlebot3_gazebo
[31.247s] -- Symlinking: /home/suxin/English_Path/test111/autonomous_navigation_environment_ego/install/turtlebot3_gazebo/share/turtlebot3_gazebo/environment/ament_prefix_path.sh
[31.255s] -- Symlinking: /home/suxin/English_Path/test111/autonomous_navigation_environment_ego/install/turtlebot3_gazebo/share/turtlebot3_gazebo/environment/ament_prefix_path.dsv
[31.262s] -- Symlinking: /home/suxin/English_Path/test111/autonomous_navigation_environment_ego/install/turtlebot3_gazebo/share/turtlebot3_gazebo/environment/path.sh
[31.269s] -- Symlinking: /home/suxin/English_Path/test111/autonomous_navigation_environment_ego/install/turtlebot3_gazebo/share/turtlebot3_gazebo/environment/path.dsv
[31.277s] -- Symlinking: /home/suxin/English_Path/test111/autonomous_navigation_environment_ego/install/turtlebot3_gazebo/share/turtlebot3_gazebo/local_setup.bash
[31.285s] -- Symlinking: /home/suxin/English_Path/test111/autonomous_navigation_environment_ego/install/turtlebot3_gazebo/share/turtlebot3_gazebo/local_setup.sh
[31.292s] -- Symlinking: /home/suxin/English_Path/test111/autonomous_navigation_environment_ego/install/turtlebot3_gazebo/share/turtlebot3_gazebo/local_setup.zsh
[31.301s] -- Symlinking: /home/suxin/English_Path/test111/autonomous_navigation_environment_ego/install/turtlebot3_gazebo/share/turtlebot3_gazebo/local_setup.dsv
[31.310s] -- Symlinking: /home/suxin/English_Path/test111/autonomous_navigation_environment_ego/install/turtlebot3_gazebo/share/turtlebot3_gazebo/package.dsv
[31.319s] -- Symlinking: /home/suxin/English_Path/test111/autonomous_navigation_environment_ego/install/turtlebot3_gazebo/share/ament_index/resource_index/packages/turtlebot3_gazebo
[31.330s] -- Symlinking: /home/suxin/English_Path/test111/autonomous_navigation_environment_ego/install/turtlebot3_gazebo/share/turtlebot3_gazebo/cmake/ament_cmake_export_include_directories-extras.cmake
[31.339s] -- Symlinking: /home/suxin/English_Path/test111/autonomous_navigation_environment_ego/install/turtlebot3_gazebo/share/turtlebot3_gazebo/cmake/ament_cmake_export_dependencies-extras.cmake
[31.352s] -- Symlinking: /home/suxin/English_Path/test111/autonomous_navigation_environment_ego/install/turtlebot3_gazebo/share/turtlebot3_gazebo/cmake/turtlebot3_gazeboConfig.cmake
[31.356s] -- Symlinking: /home/suxin/English_Path/test111/autonomous_navigation_environment_ego/install/turtlebot3_gazebo/share/turtlebot3_gazebo/cmake/turtlebot3_gazeboConfig-version.cmake
[31.363s] -- Symlinking: /home/suxin/English_Path/test111/autonomous_navigation_environment_ego/install/turtlebot3_gazebo/share/turtlebot3_gazebo/package.xml
[31.374s] Invoked command in '/home/suxin/English_Path/test111/autonomous_navigation_environment_ego/build/turtlebot3_gazebo' returned '0': AMENT_PREFIX_PATH=/home/suxin/English_Path/test111/autonomous_navigation_environment_ego/install/turtlebot3_description:${AMENT_PREFIX_PATH} CMAKE_PREFIX_PATH=/home/suxin/English_Path/test111/autonomous_navigation_environment_ego/install/turtlebot3_description:/opt/ros/foxy /usr/bin/cmake --install /home/suxin/English_Path/test111/autonomous_navigation_environment_ego/build/turtlebot3_gazebo
