[0.077s] Invoking command in '/home/suxin/English_Path/test111/autonomous_navigation_environment_ego/build/terrain_analysis_ext': CMAKE_PREFIX_PATH=/opt/ros/foxy /usr/bin/cmake --build /home/suxin/English_Path/test111/autonomous_navigation_environment_ego/build/terrain_analysis_ext -- -j20 -l20
[0.227s] [100%] Built target terrainAnalysisExt
[0.259s] Invoked command in '/home/suxin/English_Path/test111/autonomous_navigation_environment_ego/build/terrain_analysis_ext' returned '0': CMAKE_PREFIX_PATH=/opt/ros/foxy /usr/bin/cmake --build /home/suxin/English_Path/test111/autonomous_navigation_environment_ego/build/terrain_analysis_ext -- -j20 -l20
[0.322s] Invoking command in '/home/suxin/English_Path/test111/autonomous_navigation_environment_ego/build/terrain_analysis_ext': CMAKE_PREFIX_PATH=/opt/ros/foxy /usr/bin/cmake --install /home/suxin/English_Path/test111/autonomous_navigation_environment_ego/build/terrain_analysis_ext
[0.361s] -- Install configuration: "Release"
[0.361s] -- Execute custom install script
[0.361s] -- Up-to-date symlink: /home/suxin/English_Path/test111/autonomous_navigation_environment_ego/install/terrain_analysis_ext/lib/terrain_analysis_ext/terrainAnalysisExt
[0.361s] -- Up-to-date symlink: /home/suxin/English_Path/test111/autonomous_navigation_environment_ego/install/terrain_analysis_ext/share/terrain_analysis_ext/launch/terrain_analysis_ext.launch
[0.361s] -- Up-to-date symlink: /home/suxin/English_Path/test111/autonomous_navigation_environment_ego/install/terrain_analysis_ext/share/terrain_analysis_ext/launch/terrain_analysis_ext.launch.py
[0.362s] -- Up-to-date symlink: /home/suxin/English_Path/test111/autonomous_navigation_environment_ego/install/terrain_analysis_ext/share/terrain_analysis_ext//config/terrain_analysis_ext.yaml
[0.362s] -- Up-to-date symlink: /home/suxin/English_Path/test111/autonomous_navigation_environment_ego/install/terrain_analysis_ext/share/ament_index/resource_index/package_run_dependencies/terrain_analysis_ext
[0.362s] -- Up-to-date symlink: /home/suxin/English_Path/test111/autonomous_navigation_environment_ego/install/terrain_analysis_ext/share/ament_index/resource_index/parent_prefix_path/terrain_analysis_ext
[0.362s] -- Up-to-date symlink: /home/suxin/English_Path/test111/autonomous_navigation_environment_ego/install/terrain_analysis_ext/share/terrain_analysis_ext/environment/ament_prefix_path.sh
[0.362s] -- Up-to-date symlink: /home/suxin/English_Path/test111/autonomous_navigation_environment_ego/install/terrain_analysis_ext/share/terrain_analysis_ext/environment/ament_prefix_path.dsv
[0.362s] -- Up-to-date symlink: /home/suxin/English_Path/test111/autonomous_navigation_environment_ego/install/terrain_analysis_ext/share/terrain_analysis_ext/environment/path.sh
[0.362s] -- Up-to-date symlink: /home/suxin/English_Path/test111/autonomous_navigation_environment_ego/install/terrain_analysis_ext/share/terrain_analysis_ext/environment/path.dsv
[0.362s] -- Up-to-date symlink: /home/suxin/English_Path/test111/autonomous_navigation_environment_ego/install/terrain_analysis_ext/share/terrain_analysis_ext/local_setup.bash
[0.362s] -- Up-to-date symlink: /home/suxin/English_Path/test111/autonomous_navigation_environment_ego/install/terrain_analysis_ext/share/terrain_analysis_ext/local_setup.sh
[0.362s] -- Up-to-date symlink: /home/suxin/English_Path/test111/autonomous_navigation_environment_ego/install/terrain_analysis_ext/share/terrain_analysis_ext/local_setup.zsh
[0.362s] -- Up-to-date symlink: /home/suxin/English_Path/test111/autonomous_navigation_environment_ego/install/terrain_analysis_ext/share/terrain_analysis_ext/local_setup.dsv
[0.362s] -- Symlinking: /home/suxin/English_Path/test111/autonomous_navigation_environment_ego/install/terrain_analysis_ext/share/terrain_analysis_ext/package.dsv
[0.365s] -- Up-to-date symlink: /home/suxin/English_Path/test111/autonomous_navigation_environment_ego/install/terrain_analysis_ext/share/ament_index/resource_index/packages/terrain_analysis_ext
[0.365s] -- Up-to-date symlink: /home/suxin/English_Path/test111/autonomous_navigation_environment_ego/install/terrain_analysis_ext/share/terrain_analysis_ext/cmake/terrain_analysis_extConfig.cmake
[0.365s] -- Up-to-date symlink: /home/suxin/English_Path/test111/autonomous_navigation_environment_ego/install/terrain_analysis_ext/share/terrain_analysis_ext/cmake/terrain_analysis_extConfig-version.cmake
[0.366s] -- Up-to-date symlink: /home/suxin/English_Path/test111/autonomous_navigation_environment_ego/install/terrain_analysis_ext/share/terrain_analysis_ext/package.xml
[0.453s] Invoked command in '/home/suxin/English_Path/test111/autonomous_navigation_environment_ego/build/terrain_analysis_ext' returned '0': CMAKE_PREFIX_PATH=/opt/ros/foxy /usr/bin/cmake --install /home/suxin/English_Path/test111/autonomous_navigation_environment_ego/build/terrain_analysis_ext
