[0.055s] Invoking command in '/home/suxin/English_Path/test111/autonomous_navigation_environment_ego/build/path_searching': /usr/bin/cmake --build /home/suxin/English_Path/test111/autonomous_navigation_environment_ego/build/path_searching -- -j20 -l20
[0.248s] [100%] Built target path_searching
[0.257s] Invoked command in '/home/suxin/English_Path/test111/autonomous_navigation_environment_ego/build/path_searching' returned '0': /usr/bin/cmake --build /home/suxin/English_Path/test111/autonomous_navigation_environment_ego/build/path_searching -- -j20 -l20
[0.467s] Invoking command in '/home/suxin/English_Path/test111/autonomous_navigation_environment_ego/build/path_searching': /usr/bin/cmake --install /home/suxin/English_Path/test111/autonomous_navigation_environment_ego/build/path_searching
[0.526s] -- Install configuration: "Release"
[0.527s] -- Up-to-date: /home/suxin/English_Path/test111/autonomous_navigation_environment_ego/install/path_searching/lib/path_searching/libpath_searching.so
[0.527s] -- Up-to-date: /home/suxin/English_Path/test111/autonomous_navigation_environment_ego/install/path_searching/share/ament_index/resource_index/package_run_dependencies/path_searching
[0.528s] -- Up-to-date: /home/suxin/English_Path/test111/autonomous_navigation_environment_ego/install/path_searching/share/ament_index/resource_index/parent_prefix_path/path_searching
[0.528s] -- Up-to-date: /home/suxin/English_Path/test111/autonomous_navigation_environment_ego/install/path_searching/share/path_searching/environment/ament_prefix_path.sh
[0.529s] -- Up-to-date: /home/suxin/English_Path/test111/autonomous_navigation_environment_ego/install/path_searching/share/path_searching/environment/ament_prefix_path.dsv
[0.529s] -- Up-to-date: /home/suxin/English_Path/test111/autonomous_navigation_environment_ego/install/path_searching/share/path_searching/environment/path.sh
[0.529s] -- Up-to-date: /home/suxin/English_Path/test111/autonomous_navigation_environment_ego/install/path_searching/share/path_searching/environment/path.dsv
[0.529s] -- Up-to-date: /home/suxin/English_Path/test111/autonomous_navigation_environment_ego/install/path_searching/share/path_searching/local_setup.bash
[0.529s] -- Up-to-date: /home/suxin/English_Path/test111/autonomous_navigation_environment_ego/install/path_searching/share/path_searching/local_setup.sh
[0.529s] -- Up-to-date: /home/suxin/English_Path/test111/autonomous_navigation_environment_ego/install/path_searching/share/path_searching/local_setup.zsh
[0.529s] -- Up-to-date: /home/suxin/English_Path/test111/autonomous_navigation_environment_ego/install/path_searching/share/path_searching/local_setup.dsv
[0.529s] -- Installing: /home/suxin/English_Path/test111/autonomous_navigation_environment_ego/install/path_searching/share/path_searching/package.dsv
[0.529s] -- Up-to-date: /home/suxin/English_Path/test111/autonomous_navigation_environment_ego/install/path_searching/share/ament_index/resource_index/packages/path_searching
[0.529s] -- Up-to-date: /home/suxin/English_Path/test111/autonomous_navigation_environment_ego/install/path_searching/share/path_searching/cmake/path_searchingConfig.cmake
[0.529s] -- Up-to-date: /home/suxin/English_Path/test111/autonomous_navigation_environment_ego/install/path_searching/share/path_searching/cmake/path_searchingConfig-version.cmake
[0.529s] -- Up-to-date: /home/suxin/English_Path/test111/autonomous_navigation_environment_ego/install/path_searching/share/path_searching/package.xml
[0.555s] Invoked command in '/home/suxin/English_Path/test111/autonomous_navigation_environment_ego/build/path_searching' returned '0': /usr/bin/cmake --install /home/suxin/English_Path/test111/autonomous_navigation_environment_ego/build/path_searching
